
[1m[46m RUN [49m[22m [36mv3.2.4 [39m[90mF:/mcp-brunella-core[39m

 [31mÔŁ»[39m test/cli-e2e.vitest.ts [2m([22m[2m24 tests[22m[2m | [22m[31m2 failed[39m[2m)[22m[33m 183649[2mms[22m[39m
   [32mÔťô[39m CLI E2E ÔÇö El┼Ĺfelt├ętelek[2m > [22mbuild/cli.js l├ętezik (npm run build lefutott)[32m 2[2mms[22m[39m
   [33m[2mÔťô[22m[39m CLI E2E ÔÇö Help & Version[2m > [22m--help 0-val t├ęr vissza [33m 7139[2mms[22m[39m
   [33m[2mÔťô[22m[39m CLI E2E ÔÇö Help & Version[2m > [22m--help kimenete tartalmaz Commands / Usage sort [33m 7164[2mms[22m[39m
   [33m[2mÔťô[22m[39m CLI E2E ÔÇö Help & Version[2m > [22m--help kimenete tartalmaz about parancsot [33m 5285[2mms[22m[39m
   [33m[2mÔťô[22m[39m CLI E2E ÔÇö Help & Version[2m > [22m--version 0-val t├ęr vissza [33m 4912[2mms[22m[39m
   [33m[2mÔťô[22m[39m CLI E2E ÔÇö Help & Version[2m > [22m--version kimenete tartalmazza a verzi├│sz├ímot [33m 4887[2mms[22m[39m
   [33m[2mÔťô[22m[39m CLI E2E ÔÇö Help & Version[2m > [22m--help nem timeout-ol [33m 4582[2mms[22m[39m
   [33m[2mÔťô[22m[39m CLI E2E ÔÇö About[2m > [22mabout 0-val t├ęr vissza [33m 4654[2mms[22m[39m
   [33m[2mÔťô[22m[39m CLI E2E ÔÇö About[2m > [22mabout nem timeout-ol [33m 4645[2mms[22m[39m
   [33m[2mÔťô[22m[39m CLI E2E ÔÇö About[2m > [22mabout valami kimenetet ad [33m 9653[2mms[22m[39m
   [33m[2mÔťô[22m[39m CLI E2E ÔÇö Doctor[2m > [22mdoctor nem crash-el (exitCode >= 0) [33m 9106[2mms[22m[39m
   [33m[2mÔťô[22m[39m CLI E2E ÔÇö Doctor[2m > [22mdoctor valami diagnosztikai kimenetet ad [33m 9983[2mms[22m[39m
   [33m[2mÔťô[22m[39m CLI E2E ÔÇö Harvest Status[2m > [22mharvest status nem crash-el [33m 6564[2mms[22m[39m
   [33m[2mÔťô[22m[39m CLI E2E ÔÇö Harvest Status[2m > [22mharvest status valami ├╝zenetet ad [33m 5606[2mms[22m[39m
   [33m[2mÔťô[22m[39m CLI E2E ÔÇö Harvest Status[2m > [22mharvest status ha nincs log: tartalmaz "No harvest summary" vagy ├Âsszegz├ęst [33m 6616[2mms[22m[39m
   [33m[2mÔťô[22m[39m CLI E2E ÔÇö Szerver-ig├ęnyes (graceful hiba)[2m > [22mtools futtathat├│, nem timeout-ol [33m 13169[2mms[22m[39m
   [33m[2mÔťô[22m[39m CLI E2E ÔÇö Szerver-ig├ęnyes (graceful hiba)[2m > [22mtools valami kimenetet ad (hiba vagy lista) [33m 11773[2mms[22m[39m
   [33m[2mÔťô[22m[39m CLI E2E ÔÇö Szerver-ig├ęnyes (graceful hiba)[2m > [22magents futtathat├│, nem timeout-ol [33m 11707[2mms[22m[39m
   [33m[2mÔťô[22m[39m CLI E2E ÔÇö Szerver-ig├ęnyes (graceful hiba)[2m > [22magents valami kimenetet ad (hiba vagy lista) [33m 12507[2mms[22m[39m
[31m   [31m├Ś[31m CLI E2E ÔÇö ├ërv├ęnytelen Input[2m > [22mismeretlen parancs non-zero exit code-dal t├ęr vissza[39m[33m 15064[2mms[22m[39m
[31m     Ôćĺ Test timed out in 15000ms.
If this is a long-running test, pass a timeout value as the last argument or configure it globally with "testTimeout".[39m
[31m   [31m├Ś[31m CLI E2E ÔÇö ├ërv├ęnytelen Input[2m > [22mismeretlen parancs tartalmaz hiba├╝zenetet[39m[33m 15005[2mms[22m[39m
[31m     Ôćĺ Test timed out in 15000ms.
If this is a long-running test, pass a timeout value as the last argument or configure it globally with "testTimeout".[39m
   [33m[2mÔťô[22m[39m CLI E2E ÔÇö ├ërv├ęnytelen Input[2m > [22mismeretlen parancs nem timeout-ol [33m 6531[2mms[22m[39m
   [33m[2mÔťô[22m[39m CLI E2E ÔÇö ENV Override[2m > [22mBRUNELLA_SERVER_URL env override elfogadva, not crash on about [33m 2753[2mms[22m[39m
   [33m[2mÔťô[22m[39m CLI E2E ÔÇö ENV Override[2m > [22mBRUNELLA_THEME env override elfogadva, not crash on about [33m 4332[2mms[22m[39m
[90mstdout[2m | test/lint_fixer.test.ts[2m > [22m[2mLintFixerAgent[2m > [22m[2mshould run lint check on "check" command
[22m[39m[STATUS] [LintFixer] working - check src/
[INFO] [LintFixer] ESLint check ind├şt├ísa...

[90mstdout[2m | test/lint_fixer.test.ts[2m > [22m[2mLintFixerAgent[2m > [22m[2mshould run lint check on "check" command
[22m[39m[STATUS] [LintFixer] idle

[90mstdout[2m | test/lint_fixer.test.ts[2m > [22m[2mLintFixerAgent[2m > [22m[2mshould run lint check on Hungarian command
[22m[39m[STATUS] [LintFixer] working - ellen┼Ĺrizd a k├│dot
[INFO] [LintFixer] ESLint check ind├şt├ísa...

[90mstdout[2m | test/lint_fixer.test.ts[2m > [22m[2mLintFixerAgent[2m > [22m[2mshould run lint check on Hungarian command
[22m[39m[STATUS] [LintFixer] idle

[90mstdout[2m | test/lint_fixer.test.ts[2m > [22m[2mLintFixerAgent[2m > [22m[2mshould detect file path in task
[22m[39m[STATUS] [LintFixer] working - check "src/cli.ts"
[INFO] [LintFixer] ESLint check ind├şt├ísa...

[90mstdout[2m | test/lint_fixer.test.ts[2m > [22m[2mLintFixerAgent[2m > [22m[2mshould detect file path in task
[22m[39m[STATUS] [LintFixer] idle

[90mstdout[2m | test/lint_fixer.test.ts[2m > [22m[2mLintFixerAgent[2m > [22m[2mshould run TypeScript check on "type" command
[22m[39m[STATUS] [LintFixer] working - type check
[INFO] [LintFixer] ESLint check ind├şt├ísa...

[90mstdout[2m | test/lint_fixer.test.ts[2m > [22m[2mLintFixerAgent[2m > [22m[2mshould run TypeScript check on "type" command
[22m[39m[STATUS] [LintFixer] idle

[90mstdout[2m | test/lint_fixer.test.ts[2m > [22m[2mLintFixerAgent[2m > [22m[2mshould generate fix suggestions
[22m[39m[STATUS] [LintFixer] working - suggest fix for src/cli.ts
[INFO] [LintFixer] F├íjl jav├şt├ísa: src/cli.ts

[90mstdout[2m | test/lint_fixer.test.ts[2m > [22m[2mLintFixerAgent[2m > [22m[2mshould generate fix suggestions
[22m[39m[INFO] [LintFixer] ESLint check ind├şt├ísa...

[90mstdout[2m | test/lint_fixer.test.ts[2m > [22m[2mLintFixerAgent[2m > [22m[2mshould generate fix suggestions
[22m[39m[STATUS] [LintFixer] idle

[90mstdout[2m | test/lint_fixer.test.ts[2m > [22m[2mLintFixerAgent[2m > [22m[2mshould handle non-existent file gracefully
[22m[39m[STATUS] [LintFixer] working - fix "nonexistent-file-12345.ts"
[INFO] [LintFixer] F├íjl jav├şt├ísa: nonexistent-file-12345.ts

[90mstdout[2m | test/lint_fixer.test.ts[2m > [22m[2mLintFixerAgent[2m > [22m[2mshould handle non-existent file gracefully
[22m[39m[STATUS] [LintFixer] idle

 [32mÔťô[39m test/lint_fixer.test.ts [2m([22m[2m7 tests[22m[2m)[22m[33m 44101[2mms[22m[39m
   [33m[2mÔťô[22m[39m LintFixerAgent[2m > [22mshould run lint check on "check" command [33m 17010[2mms[22m[39m
   [33m[2mÔťô[22m[39m LintFixerAgent[2m > [22mshould run lint check on Hungarian command [33m 11116[2mms[22m[39m
   [33m[2mÔťô[22m[39m LintFixerAgent[2m > [22mshould detect file path in task [33m 2272[2mms[22m[39m
   [33m[2mÔťô[22m[39m LintFixerAgent[2m > [22mshould run TypeScript check on "type" command [33m 9348[2mms[22m[39m
   [33m[2mÔťô[22m[39m LintFixerAgent[2m > [22mshould generate fix suggestions [33m 4348[2mms[22m[39m
 [32mÔťô[39m test/cli-phase3-e2e.vitest.ts [2m([22m[2m10 tests[22m[2m)[22m[33m 35300[2mms[22m[39m
   [33m[2mÔťô[22m[39m CLI E2E ÔÇö Crawl4AI[2m > [22mcrawl4ai --help megjelenik [33m 3361[2mms[22m[39m
   [33m[2mÔťô[22m[39m CLI E2E ÔÇö Crawl4AI[2m > [22mcrawl4ai status alparancs l├ętezik [33m 3322[2mms[22m[39m
   [33m[2mÔťô[22m[39m CLI E2E ÔÇö Crawl4AI[2m > [22mcrawl4ai crawl alparancs l├ętezik [33m 3243[2mms[22m[39m
   [33m[2mÔťô[22m[39m CLI E2E ÔÇö Crawl4AI[2m > [22mcrawl4ai batch alparancs l├ętezik [33m 3294[2mms[22m[39m
   [33m[2mÔťô[22m[39m CLI E2E ÔÇö Crawl4AI[2m > [22mcrawl4ai status graceful failure szerver n├ęlk├╝l [33m 3446[2mms[22m[39m
   [33m[2mÔťô[22m[39m CLI E2E ÔÇö Mem├│ria[2m > [22mmemoria --help megjelenik [33m 4162[2mms[22m[39m
   [33m[2mÔťô[22m[39m CLI E2E ÔÇö Mem├│ria[2m > [22mmemoria lista alparancs l├ętezik [33m 4367[2mms[22m[39m
   [33m[2mÔťô[22m[39m CLI E2E ÔÇö Mem├│ria[2m > [22mmemoria kontextus alparancs l├ętezik [33m 3838[2mms[22m[39m
   [33m[2mÔťô[22m[39m CLI E2E ÔÇö Mem├│ria[2m > [22mmemoria t├Ârl├ęs alparancs l├ętezik [33m 3335[2mms[22m[39m
   [33m[2mÔťô[22m[39m CLI E2E ÔÇö Mem├│ria[2m > [22mmemoria takar├şt├ís alparancs l├ętezik [33m 2926[2mms[22m[39m
[90mstdout[2m | test/robotkez_integration.test.ts[2m > [22m[2mRobotk├ęz (Browser-Use) CLI Integration[2m > [22m[2mshould run a simple browser task via CLI
[22m[39m­čôő Robotk├ęz CLI Output: {"success":true,"status":"success","final_answer":"None","extracted_data":{"len":7},"screenshot_path":null,"error":null}
Ôťů Robotk├ęz task sikeres!
­čôŁ Final answer: None
­čôŐ Metadata: {"len":7}

 [32mÔťô[39m test/robotkez_integration.test.ts [2m([22m[2m1 test[22m[2m)[22m[33m 14958[2mms[22m[39m
   [33m[2mÔťô[22m[39m Robotk├ęz (Browser-Use) CLI Integration[2m > [22mshould run a simple browser task via CLI [33m 14957[2mms[22m[39m
[90mstdout[2m | test/swarm_smoke.test.ts[2m > [22m[2mREST E2E ÔÇö POST /api/v1/swarm/dispatch[2m > [22m[2m200 ├ęs success: true a valid k├ęr├ęsre
[22m[39m[INFO] [SwarmRoute] Task dispatched to colony triad-default

[90mstdout[2m | test/swarm_smoke.test.ts[2m > [22m[2mREST E2E ÔÇö POST /api/v1/swarm/dispatch[2m > [22m[2mcolonyId megad├ís├íval is siker├╝l
[22m[39m[INFO] [SwarmRoute] Task dispatched to colony triad-default

[90mstdout[2m | test/swarm_smoke.test.ts[2m > [22m[2mREST E2E ÔÇö POST /api/v1/harvest/sync[2m > [22m[2m200 ├ęs success: true valid k├ęr├ęsre
[22m[39m[INFO] [HarvestSync] Received 1 items from github-trending

[90mstdout[2m | test/swarm_smoke.test.ts[2m > [22m[2mREST E2E ÔÇö POST /api/v1/harvest/sync[2m > [22m[2mreceived sz├íma egyezik a k├╝ld├Âtt items hossz├íval
[22m[39m[INFO] [HarvestSync] Received 3 items from test

[90mstdout[2m | test/swarm_smoke.test.ts[2m > [22m[2mREST E2E ÔÇö POST /api/v1/harvest/sync[2m > [22m[2m├╝res items t├Âmbbel is 200
[22m[39m[INFO] [HarvestSync] Received 0 items from empty-test

 [32mÔťô[39m test/swarm_smoke.test.ts [2m([22m[2m25 tests[22m[2m)[22m[33m 23201[2mms[22m[39m
   [33m[2mÔťô[22m[39m CLI E2E ÔÇö swarm status[2m > [22mnem timeout-ol [33m 3178[2mms[22m[39m
   [33m[2mÔťô[22m[39m CLI E2E ÔÇö swarm status[2m > [22mvalamit ├şr a stdout/stderr-re [33m 3475[2mms[22m[39m
   [33m[2mÔťô[22m[39m CLI E2E ÔÇö swarm status[2m > [22mhiba vagy sikeres v├ílasz eset├ęn sem crash-el [33m 3430[2mms[22m[39m
   [33m[2mÔťô[22m[39m CLI E2E ÔÇö swarm dispatch[2m > [22mdispatch <task> nem timeout-ol [33m 3250[2mms[22m[39m
   [33m[2mÔťô[22m[39m CLI E2E ÔÇö swarm dispatch[2m > [22mdispatch valami kimenetet ad [33m 3295[2mms[22m[39m
   [33m[2mÔťô[22m[39m CLI E2E ÔÇö swarm dispatch[2m > [22mdispatch server n├ęlk├╝l gracefully failt (nem crash) [33m 3232[2mms[22m[39m
   [33m[2mÔťô[22m[39m CLI E2E ÔÇö swarm dispatch[2m > [22mdispatch --colony flag elfogadva, nem crash [33m 3166[2mms[22m[39m
[90mstdout[2m | test/e2b_sandbox_manager.test.ts[2m > [22m[2mE2B Sandbox Manager[2m > [22m[2mBasic Code Execution[2m > [22m[2mshould execute simple Python code
[22m[39m[INFO] [SafeZoneValidator] Loaded config with 5 safe zones

[90mstdout[2m | test/e2b_sandbox_manager.test.ts[2m > [22m[2mE2B Sandbox Manager[2m > [22m[2mBasic Code Execution[2m > [22m[2mshould execute simple Python code
[22m[39m[INFO] [E2BSandboxManager] Creating python sandbox...

[90mstdout[2m | test/e2b_sandbox_manager.test.ts[2m > [22m[2mE2B Sandbox Manager[2m > [22m[2mBasic Code Execution[2m > [22m[2mshould execute simple Python code
[22m[39m[INFO] [E2BSandboxManager] Sandbox if8p50iuivokcooo75xgs created
[INFO] [E2BSandboxManager] Executing code (32 chars)...

[90mstdout[2m | test/e2b_sandbox_manager.test.ts[2m > [22m[2mE2B Sandbox Manager[2m > [22m[2mBasic Code Execution[2m > [22m[2mshould execute simple Python code
[22m[39m[INFO] [E2BSandboxManager] Execution complete: Hello from E2B sandbox!
...

[90mstdout[2m | test/e2b_sandbox_manager.test.ts[2m > [22m[2mE2B Sandbox Manager[2m > [22m[2mBasic Code Execution[2m > [22m[2mshould execute simple Python code
[22m[39m[INFO] [E2BSandboxManager] Sandbox if8p50iuivokcooo75xgs terminated

[90mstdout[2m | test/e2b_sandbox_manager.test.ts[2m > [22m[2mE2B Sandbox Manager[2m > [22m[2mBasic Code Execution[2m > [22m[2mshould execute simple Python code
[22m[39m[INFO] [E2BSandboxManager] Cleaning up 0 sandboxes...

[90mstdout[2m | test/e2b_sandbox_manager.test.ts[2m > [22m[2mE2B Sandbox Manager[2m > [22m[2mBasic Code Execution[2m > [22m[2mshould execute math calculations
[22m[39m[INFO] [E2BSandboxManager] Creating python sandbox...

[90mstdout[2m | test/e2b_sandbox_manager.test.ts[2m > [22m[2mE2B Sandbox Manager[2m > [22m[2mBasic Code Execution[2m > [22m[2mshould execute math calculations
[22m[39m[INFO] [E2BSandboxManager] Sandbox itswb6q7m2h2zfeybgzr6 created
[INFO] [E2BSandboxManager] Executing code (77 chars)...

[90mstdout[2m | test/e2b_sandbox_manager.test.ts[2m > [22m[2mE2B Sandbox Manager[2m > [22m[2mBasic Code Execution[2m > [22m[2mshould execute math calculations
[22m[39m[INFO] [E2BSandboxManager] Execution complete: Result: 7.14
...

[90mstdout[2m | test/e2b_sandbox_manager.test.ts[2m > [22m[2mE2B Sandbox Manager[2m > [22m[2mBasic Code Execution[2m > [22m[2mshould execute math calculations
[22m[39m[INFO] [E2BSandboxManager] Sandbox itswb6q7m2h2zfeybgzr6 terminated

[90mstdout[2m | test/e2b_sandbox_manager.test.ts[2m > [22m[2mE2B Sandbox Manager[2m > [22m[2mBasic Code Execution[2m > [22m[2mshould execute math calculations
[22m[39m[INFO] [E2BSandboxManager] Cleaning up 0 sandboxes...

[90mstdout[2m | test/e2b_sandbox_manager.test.ts[2m > [22m[2mE2B Sandbox Manager[2m > [22m[2mBasic Code Execution[2m > [22m[2mshould handle syntax errors
[22m[39m[INFO] [E2BSandboxManager] Creating python sandbox...

[90mstdout[2m | test/e2b_sandbox_manager.test.ts[2m > [22m[2mE2B Sandbox Manager[2m > [22m[2mBasic Code Execution[2m > [22m[2mshould handle syntax errors
[22m[39m[INFO] [E2BSandboxManager] Sandbox iknvnxxzaiu9r1jprl3ga created
[INFO] [E2BSandboxManager] Executing code (28 chars)...

stderr | test/e2b_sandbox_manager.test.ts > E2B Sandbox Manager > Basic Code Execution > should handle syntax errors
[WARN] [E2BSandboxManager] Execution error: SyntaxError

[90mstdout[2m | test/e2b_sandbox_manager.test.ts[2m > [22m[2mE2B Sandbox Manager[2m > [22m[2mBasic Code Execution[2m > [22m[2mshould handle syntax errors
[22m[39m[INFO] [E2BSandboxManager] Sandbox iknvnxxzaiu9r1jprl3ga terminated

[90mstdout[2m | test/e2b_sandbox_manager.test.ts[2m > [22m[2mE2B Sandbox Manager[2m > [22m[2mBasic Code Execution[2m > [22m[2mshould handle syntax errors
[22m[39m[INFO] [E2BSandboxManager] Cleaning up 0 sandboxes...

[90mstdout[2m | test/e2b_sandbox_manager.test.ts[2m > [22m[2mE2B Sandbox Manager[2m > [22m[2mBasic Code Execution[2m > [22m[2mshould handle runtime errors
[22m[39m[INFO] [E2BSandboxManager] Creating python sandbox...

[90mstdout[2m | test/e2b_sandbox_manager.test.ts[2m > [22m[2mE2B Sandbox Manager[2m > [22m[2mBasic Code Execution[2m > [22m[2mshould handle runtime errors
[22m[39m[INFO] [E2BSandboxManager] Sandbox igglwnl99swt9s7upqt7h created
[INFO] [E2BSandboxManager] Executing code (49 chars)...

stderr | test/e2b_sandbox_manager.test.ts > E2B Sandbox Manager > Basic Code Execution > should handle runtime errors
[WARN] [E2BSandboxManager] Execution error: ZeroDivisionError

[90mstdout[2m | test/e2b_sandbox_manager.test.ts[2m > [22m[2mE2B Sandbox Manager[2m > [22m[2mBasic Code Execution[2m > [22m[2mshould handle runtime errors
[22m[39m[INFO] [E2BSandboxManager] Sandbox igglwnl99swt9s7upqt7h terminated

[90mstdout[2m | test/e2b_sandbox_manager.test.ts[2m > [22m[2mE2B Sandbox Manager[2m > [22m[2mBasic Code Execution[2m > [22m[2mshould handle runtime errors
[22m[39m[INFO] [E2BSandboxManager] Cleaning up 0 sandboxes...

stderr | test/e2b_sandbox_manager.test.ts > E2B Sandbox Manager > Basic Code Execution > should return error if E2B_API_KEY not configured
[ERROR] [E2BSandboxManager] E2B_API_KEY not configured in .env

[90mstdout[2m | test/e2b_sandbox_manager.test.ts[2m > [22m[2mE2B Sandbox Manager[2m > [22m[2mBasic Code Execution[2m > [22m[2mshould return error if E2B_API_KEY not configured
[22m[39m[INFO] [E2BSandboxManager] Cleaning up 0 sandboxes...

[90mstdout[2m | test/e2b_sandbox_manager.test.ts[2m > [22m[2mE2B Sandbox Manager[2m > [22m[2mPackage Installation[2m > [22m[2mshould install and use numpy
[22m[39m[INFO] [E2BSandboxManager] Creating python sandbox...

[90mstdout[2m | test/e2b_sandbox_manager.test.ts[2m > [22m[2mE2B Sandbox Manager[2m > [22m[2mPackage Installation[2m > [22m[2mshould install and use numpy
[22m[39m[INFO] [E2BSandboxManager] Sandbox iy8ecn8p5vpa2sx3ti2zm created
[INFO] [E2BSandboxManager] Installing packages: numpy

[90mstdout[2m | test/e2b_sandbox_manager.test.ts[2m > [22m[2mE2B Sandbox Manager[2m > [22m[2mPackage Installation[2m > [22m[2mshould install and use numpy
[22m[39m[INFO] [E2BSandboxManager] Executing code (108 chars)...

[90mstdout[2m | test/e2b_sandbox_manager.test.ts[2m > [22m[2mE2B Sandbox Manager[2m > [22m[2mPackage Installation[2m > [22m[2mshould install and use numpy
[22m[39m[INFO] [E2BSandboxManager] Execution complete: Sum: 15
Mean: 3.0
...

[90mstdout[2m | test/e2b_sandbox_manager.test.ts[2m > [22m[2mE2B Sandbox Manager[2m > [22m[2mPackage Installation[2m > [22m[2mshould install and use numpy
[22m[39m[INFO] [E2BSandboxManager] Sandbox iy8ecn8p5vpa2sx3ti2zm terminated

[90mstdout[2m | test/e2b_sandbox_manager.test.ts[2m > [22m[2mE2B Sandbox Manager[2m > [22m[2mPackage Installation[2m > [22m[2mshould install and use numpy
[22m[39m[INFO] [E2BSandboxManager] Cleaning up 0 sandboxes...

[90mstdout[2m | test/e2b_sandbox_manager.test.ts[2m > [22m[2mE2B Sandbox Manager[2m > [22m[2mPackage Installation[2m > [22m[2mshould handle invalid package names
[22m[39m[INFO] [E2BSandboxManager] Creating python sandbox...

[90mstdout[2m | test/e2b_sandbox_manager.test.ts[2m > [22m[2mE2B Sandbox Manager[2m > [22m[2mPackage Installation[2m > [22m[2mshould handle invalid package names
[22m[39m[INFO] [E2BSandboxManager] Sandbox it005cqqbvhrcb5vjo6ba created
[INFO] [E2BSandboxManager] Installing packages: this-package-does-not-exist-12345

stderr | test/e2b_sandbox_manager.test.ts > E2B Sandbox Manager > Package Installation > should handle invalid package names
[ERROR] [E2BSandboxManager] Execution failed: Package installation failed: Command '['/usr/local/bin/python3.13', '-m', 'pip', 'install', '-q', 'this-package-does-not-exist-12345']' returned non-zero exit status 1.

[90mstdout[2m | test/e2b_sandbox_manager.test.ts[2m > [22m[2mE2B Sandbox Manager[2m > [22m[2mPackage Installation[2m > [22m[2mshould handle invalid package names
[22m[39m[INFO] [E2BSandboxManager] Sandbox it005cqqbvhrcb5vjo6ba terminated

[90mstdout[2m | test/e2b_sandbox_manager.test.ts[2m > [22m[2mE2B Sandbox Manager[2m > [22m[2mPackage Installation[2m > [22m[2mshould handle invalid package names
[22m[39m[INFO] [E2BSandboxManager] Cleaning up 0 sandboxes...

[90mstdout[2m | test/e2b_sandbox_manager.test.ts[2m > [22m[2mE2B Sandbox Manager[2m > [22m[2mTimeout Handling[2m > [22m[2mshould timeout on infinite loop
[22m[39m[INFO] [E2BSandboxManager] Creating python sandbox...

[90mstdout[2m | test/e2b_sandbox_manager.test.ts[2m > [22m[2mE2B Sandbox Manager[2m > [22m[2mTimeout Handling[2m > [22m[2mshould timeout on infinite loop
[22m[39m[INFO] [E2BSandboxManager] Sandbox ikdg03r7r6si7huh8np4m created
[INFO] [E2BSandboxManager] Executing code (45 chars)...

stderr | test/e2b_sandbox_manager.test.ts > E2B Sandbox Manager > Timeout Handling > should timeout on infinite loop
[ERROR] [E2BSandboxManager] Execution failed: Execution timeout (3000ms)

[90mstdout[2m | test/e2b_sandbox_manager.test.ts[2m > [22m[2mE2B Sandbox Manager[2m > [22m[2mTimeout Handling[2m > [22m[2mshould timeout on infinite loop
[22m[39m[INFO] [E2BSandboxManager] Sandbox ikdg03r7r6si7huh8np4m terminated

[90mstdout[2m | test/e2b_sandbox_manager.test.ts[2m > [22m[2mE2B Sandbox Manager[2m > [22m[2mTimeout Handling[2m > [22m[2mshould timeout on infinite loop
[22m[39m[INFO] [E2BSandboxManager] Cleaning up 0 sandboxes...

[90mstdout[2m | test/e2b_sandbox_manager.test.ts[2m > [22m[2mE2B Sandbox Manager[2m > [22m[2mArtifact Export[2m > [22m[2mshould export JSON artifacts
[22m[39m[INFO] [E2BSandboxManager] Creating python sandbox...

[90mstdout[2m | test/e2b_sandbox_manager.test.ts[2m > [22m[2mE2B Sandbox Manager[2m > [22m[2mArtifact Export[2m > [22m[2mshould export JSON artifacts
[22m[39m[INFO] [E2BSandboxManager] Sandbox i457xuvtieiphuvfuk314 created
[INFO] [E2BSandboxManager] Executing code (111 chars)...

[90mstdout[2m | test/e2b_sandbox_manager.test.ts[2m > [22m[2mE2B Sandbox Manager[2m > [22m[2mArtifact Export[2m > [22m[2mshould export JSON artifacts
[22m[39m[INFO] [E2BSandboxManager] Execution complete: {
  "name": "test",
  "value": 42,
  "tags": [
    "ai",
    "sandbox"
  ]
}
...

[90mstdout[2m | test/e2b_sandbox_manager.test.ts[2m > [22m[2mE2B Sandbox Manager[2m > [22m[2mArtifact Export[2m > [22m[2mshould export JSON artifacts
[22m[39m[INFO] [SafeZoneValidator] ALLOWED - write on F:\mcp-brunella-core\data\test_e2b_sandbox\artifact_1774421339581_stdout.json

[90mstdout[2m | test/e2b_sandbox_manager.test.ts[2m > [22m[2mE2B Sandbox Manager[2m > [22m[2mArtifact Export[2m > [22m[2mshould export JSON artifacts
[22m[39m[INFO] [E2BSandboxManager] Exported JSON: F:\mcp-brunella-core\data\test_e2b_sandbox\artifact_1774421339581_stdout.json

[90mstdout[2m | test/e2b_sandbox_manager.test.ts[2m > [22m[2mE2B Sandbox Manager[2m > [22m[2mArtifact Export[2m > [22m[2mshould export JSON artifacts
[22m[39m[INFO] [E2BSandboxManager] Sandbox i457xuvtieiphuvfuk314 terminated

[90mstdout[2m | test/e2b_sandbox_manager.test.ts[2m > [22m[2mE2B Sandbox Manager[2m > [22m[2mArtifact Export[2m > [22m[2mshould export JSON artifacts
[22m[39m[INFO] [E2BSandboxManager] Cleaning up 0 sandboxes...

[90mstdout[2m | test/e2b_sandbox_manager.test.ts[2m > [22m[2mE2B Sandbox Manager[2m > [22m[2mArtifact Export[2m > [22m[2mshould not export when export_artifacts is false
[22m[39m[INFO] [E2BSandboxManager] Creating python sandbox...

[90mstdout[2m | test/e2b_sandbox_manager.test.ts[2m > [22m[2mE2B Sandbox Manager[2m > [22m[2mArtifact Export[2m > [22m[2mshould not export when export_artifacts is false
[22m[39m[INFO] [E2BSandboxManager] Sandbox i8sv0yb99ax2fyxga15ne created
[INFO] [E2BSandboxManager] Executing code (49 chars)...

[90mstdout[2m | test/e2b_sandbox_manager.test.ts[2m > [22m[2mE2B Sandbox Manager[2m > [22m[2mArtifact Export[2m > [22m[2mshould not export when export_artifacts is false
[22m[39m[INFO] [E2BSandboxManager] Execution complete: {"test": "data"}
...

[90mstdout[2m | test/e2b_sandbox_manager.test.ts[2m > [22m[2mE2B Sandbox Manager[2m > [22m[2mArtifact Export[2m > [22m[2mshould not export when export_artifacts is false
[22m[39m[INFO] [E2BSandboxManager] Sandbox i8sv0yb99ax2fyxga15ne terminated

[90mstdout[2m | test/e2b_sandbox_manager.test.ts[2m > [22m[2mE2B Sandbox Manager[2m > [22m[2mArtifact Export[2m > [22m[2mshould not export when export_artifacts is false
[22m[39m[INFO] [E2BSandboxManager] Cleaning up 0 sandboxes...

[90mstdout[2m | test/e2b_sandbox_manager.test.ts[2m > [22m[2mE2B Sandbox Manager[2m > [22m[2mStatistics[2m > [22m[2mshould track execution statistics
[22m[39m[INFO] [E2BSandboxManager] Creating python sandbox...

[90mstdout[2m | test/e2b_sandbox_manager.test.ts[2m > [22m[2mE2B Sandbox Manager[2m > [22m[2mStatistics[2m > [22m[2mshould track execution statistics
[22m[39m[INFO] [E2BSandboxManager] Sandbox imxde2rqhfsralv5nee35 created
[INFO] [E2BSandboxManager] Executing code (13 chars)...

[90mstdout[2m | test/e2b_sandbox_manager.test.ts[2m > [22m[2mE2B Sandbox Manager[2m > [22m[2mStatistics[2m > [22m[2mshould track execution statistics
[22m[39m[INFO] [E2BSandboxManager] Execution complete: test
...

[90mstdout[2m | test/e2b_sandbox_manager.test.ts[2m > [22m[2mE2B Sandbox Manager[2m > [22m[2mStatistics[2m > [22m[2mshould track execution statistics
[22m[39m[INFO] [E2BSandboxManager] Sandbox imxde2rqhfsralv5nee35 terminated

[90mstdout[2m | test/e2b_sandbox_manager.test.ts[2m > [22m[2mE2B Sandbox Manager[2m > [22m[2mStatistics[2m > [22m[2mshould track execution statistics
[22m[39m[INFO] [E2BSandboxManager] Creating python sandbox...

[90mstdout[2m | test/e2b_sandbox_manager.test.ts[2m > [22m[2mE2B Sandbox Manager[2m > [22m[2mStatistics[2m > [22m[2mshould track execution statistics
[22m[39m[INFO] [E2BSandboxManager] Sandbox in6qto5i8yfifcudy7o0h created
[INFO] [E2BSandboxManager] Executing code (14 chars)...

[90mstdout[2m | test/e2b_sandbox_manager.test.ts[2m > [22m[2mE2B Sandbox Manager[2m > [22m[2mStatistics[2m > [22m[2mshould track execution statistics
[22m[39m[INFO] [E2BSandboxManager] Execution complete: test2
...

[90mstdout[2m | test/e2b_sandbox_manager.test.ts[2m > [22m[2mE2B Sandbox Manager[2m > [22m[2mStatistics[2m > [22m[2mshould track execution statistics
[22m[39m[INFO] [E2BSandboxManager] Sandbox in6qto5i8yfifcudy7o0h terminated

[90mstdout[2m | test/e2b_sandbox_manager.test.ts[2m > [22m[2mE2B Sandbox Manager[2m > [22m[2mStatistics[2m > [22m[2mshould track execution statistics
[22m[39m[INFO] [E2BSandboxManager] Cleaning up 0 sandboxes...

[90mstdout[2m | test/e2b_sandbox_manager.test.ts[2m > [22m[2mE2B Sandbox Manager[2m > [22m[2mCleanup[2m > [22m[2mshould cleanup sandbox after execution
[22m[39m[INFO] [E2BSandboxManager] Creating python sandbox...

[90mstdout[2m | test/e2b_sandbox_manager.test.ts[2m > [22m[2mE2B Sandbox Manager[2m > [22m[2mCleanup[2m > [22m[2mshould cleanup sandbox after execution
[22m[39m[INFO] [E2BSandboxManager] Sandbox i6feztt8lfwe8wdmgj857 created
[INFO] [E2BSandboxManager] Executing code (13 chars)...

[90mstdout[2m | test/e2b_sandbox_manager.test.ts[2m > [22m[2mE2B Sandbox Manager[2m > [22m[2mCleanup[2m > [22m[2mshould cleanup sandbox after execution
[22m[39m[INFO] [E2BSandboxManager] Execution complete: test
...

[90mstdout[2m | test/e2b_sandbox_manager.test.ts[2m > [22m[2mE2B Sandbox Manager[2m > [22m[2mCleanup[2m > [22m[2mshould cleanup sandbox after execution
[22m[39m[INFO] [E2BSandboxManager] Sandbox i6feztt8lfwe8wdmgj857 terminated

[90mstdout[2m | test/e2b_sandbox_manager.test.ts[2m > [22m[2mE2B Sandbox Manager[2m > [22m[2mCleanup[2m > [22m[2mshould cleanup sandbox after execution
[22m[39m[INFO] [E2BSandboxManager] Cleaning up 0 sandboxes...

[90mstdout[2m | test/e2b_sandbox_manager.test.ts[2m > [22m[2mE2B Sandbox Manager[2m > [22m[2mCleanup[2m > [22m[2mshould cleanup all sandboxes on cleanupAll()
[22m[39m[INFO] [E2BSandboxManager] Creating python sandbox...
[INFO] [E2BSandboxManager] Creating python sandbox...

[90mstdout[2m | test/e2b_sandbox_manager.test.ts[2m > [22m[2mE2B Sandbox Manager[2m > [22m[2mCleanup[2m > [22m[2mshould cleanup all sandboxes on cleanupAll()
[22m[39m[INFO] [E2BSandboxManager] Sandbox iw1flx8nzb88jfqonxyr2 created
[INFO] [E2BSandboxManager] Executing code (10 chars)...

[90mstdout[2m | test/e2b_sandbox_manager.test.ts[2m > [22m[2mE2B Sandbox Manager[2m > [22m[2mCleanup[2m > [22m[2mshould cleanup all sandboxes on cleanupAll()
[22m[39m[INFO] [E2BSandboxManager] Sandbox icaz1mi71jdead826lyl7 created
[INFO] [E2BSandboxManager] Executing code (10 chars)...

[90mstdout[2m | test/e2b_sandbox_manager.test.ts[2m > [22m[2mE2B Sandbox Manager[2m > [22m[2mCleanup[2m > [22m[2mshould cleanup all sandboxes on cleanupAll()
[22m[39m[INFO] [E2BSandboxManager] Execution complete: 2
...

[90mstdout[2m | test/e2b_sandbox_manager.test.ts[2m > [22m[2mE2B Sandbox Manager[2m > [22m[2mCleanup[2m > [22m[2mshould cleanup all sandboxes on cleanupAll()
[22m[39m[INFO] [E2BSandboxManager] Execution complete: 1
...

[90mstdout[2m | test/e2b_sandbox_manager.test.ts[2m > [22m[2mE2B Sandbox Manager[2m > [22m[2mCleanup[2m > [22m[2mshould cleanup all sandboxes on cleanupAll()
[22m[39m[INFO] [E2BSandboxManager] Sandbox iw1flx8nzb88jfqonxyr2 terminated

[90mstdout[2m | test/e2b_sandbox_manager.test.ts[2m > [22m[2mE2B Sandbox Manager[2m > [22m[2mCleanup[2m > [22m[2mshould cleanup all sandboxes on cleanupAll()
[22m[39m[INFO] [E2BSandboxManager] Sandbox icaz1mi71jdead826lyl7 terminated

[90mstdout[2m | test/e2b_sandbox_manager.test.ts[2m > [22m[2mE2B Sandbox Manager[2m > [22m[2mCleanup[2m > [22m[2mshould cleanup all sandboxes on cleanupAll()
[22m[39m[INFO] [E2BSandboxManager] Cleaning up 0 sandboxes...

 [32mÔťô[39m test/e2b_sandbox_manager.test.ts [2m([22m[2m15 tests[22m[2m | [22m[33m2 skipped[39m[2m)[22m[33m 17653[2mms[22m[39m
   [33m[2mÔťô[22m[39m E2B Sandbox Manager[2m > [22mBasic Code Execution[2m > [22mshould execute simple Python code [33m 1715[2mms[22m[39m
   [33m[2mÔťô[22m[39m E2B Sandbox Manager[2m > [22mBasic Code Execution[2m > [22mshould execute math calculations [33m 1068[2mms[22m[39m
   [33m[2mÔťô[22m[39m E2B Sandbox Manager[2m > [22mBasic Code Execution[2m > [22mshould handle syntax errors [33m 837[2mms[22m[39m
   [33m[2mÔťô[22m[39m E2B Sandbox Manager[2m > [22mBasic Code Execution[2m > [22mshould handle runtime errors [33m 942[2mms[22m[39m
   [33m[2mÔťô[22m[39m E2B Sandbox Manager[2m > [22mPackage Installation[2m > [22mshould install and use numpy [33m 2686[2mms[22m[39m
   [33m[2mÔťô[22m[39m E2B Sandbox Manager[2m > [22mPackage Installation[2m > [22mshould handle invalid package names [33m 1834[2mms[22m[39m
   [33m[2mÔťô[22m[39m E2B Sandbox Manager[2m > [22mTimeout Handling[2m > [22mshould timeout on infinite loop [33m 3520[2mms[22m[39m
   [33m[2mÔťô[22m[39m E2B Sandbox Manager[2m > [22mArtifact Export[2m > [22mshould export JSON artifacts [33m 873[2mms[22m[39m
   [33m[2mÔťô[22m[39m E2B Sandbox Manager[2m > [22mArtifact Export[2m > [22mshould not export when export_artifacts is false [33m 839[2mms[22m[39m
   [33m[2mÔťô[22m[39m E2B Sandbox Manager[2m > [22mStatistics[2m > [22mshould track execution statistics [33m 1717[2mms[22m[39m
   [33m[2mÔťô[22m[39m E2B Sandbox Manager[2m > [22mCleanup[2m > [22mshould cleanup sandbox after execution [33m 793[2mms[22m[39m
   [33m[2mÔťô[22m[39m E2B Sandbox Manager[2m > [22mCleanup[2m > [22mshould cleanup all sandboxes on cleanupAll() [33m 826[2mms[22m[39m
[WARN] [GitHubWebhook] GITHUB_WEBHOOK_SECRET environment variable not set; webhook endpoint will remain unavailable until configured
[WARN] [AgentManager] Registry validation warnings: Agent 'CampaignGenerator' has no capabilities and no triggers; routing quality may degrade. | Agent 'MarketingDirector' has no capabilities and no triggers; routing quality may degrade. | Agent 'PropertyVisionary' has no capabilities and no triggers; routing quality may degrade.
MCP Brunella Core Server running on stdio
 [32mÔťô[39m test/core_tools.test.ts [2m([22m[2m3 tests[22m[2m)[22m[33m 7520[2mms[22m[39m
[90mstdout[2m | test/phoenixRecoveryLogic.test.ts
[22m[39m[INFO] [EventBus] Singleton connected to F:\mcp-brunella-core\data\brunella.db

[90mstdout[2m | test/phoenixRecoveryLogic.test.ts
[22m[39m[INFO] [SwarmManager] Colony created: Triad (triad-default)
[INFO] [System] Triad colony initialized: researcher, DataScientist, Developer

[90mstdout[2m | test/phoenixRecoveryLogic.test.ts[2m > [22m[2mPhoenix Protocol v2 - AgentManager Recovery Logic
[22m[39m[INFO] [AgentManager] Inicializ├íl├ís...

stderr | test/phoenixRecoveryLogic.test.ts > Phoenix Protocol v2 - AgentManager Recovery Logic
[WARN] [AgentManager] Registry validation warnings: Agent 'CampaignGenerator' has no capabilities and no triggers; routing quality may degrade. | Agent 'MarketingDirector' has no capabilities and no triggers; routing quality may degrade. | Agent 'PropertyVisionary' has no capabilities and no triggers; routing quality may degrade.

[90mstdout[2m | test/phoenixRecoveryLogic.test.ts[2m > [22m[2mPhoenix Protocol v2 - AgentManager Recovery Logic
[22m[39m[INFO] [AgentManager] ├ťgyn├Âk bet├Âltve: Architect. Jelenlegi kulcsok: Architect
[INFO] [AgentManager] ├ťgyn├Âk bet├Âltve: ConflictMediator. Jelenlegi kulcsok: Architect, ConflictMediator
[INFO] [AgentManager] ├ťgyn├Âk bet├Âltve: DevOps. Jelenlegi kulcsok: Architect, ConflictMediator, DevOps
[INFO] [GitHubModels] Initialized (model=gpt-4.1, tools=0)
[INFO] [AgentManager] ├ťgyn├Âk bet├Âltve: github_models. Jelenlegi kulcsok: Architect, ConflictMediator, DevOps, github_models
[INFO] [AgentManager] ├ťgyn├Âk bet├Âltve: PricingAgent. Jelenlegi kulcsok: Architect, ConflictMediator, DevOps, github_models, PricingAgent
[INFO] [AgentManager] ├ťgyn├Âk bet├Âltve: ProactiveClaimsAgent. Jelenlegi kulcsok: Architect, ConflictMediator, DevOps, github_models, PricingAgent, ProactiveClaimsAgent
[INFO] [AgentManager] ├ťgyn├Âk bet├Âltve: sales. Jelenlegi kulcsok: Architect, ConflictMediator, DevOps, github_models, PricingAgent, ProactiveClaimsAgent, sales
[INFO] [AgentManager] ├ťgyn├Âk bet├Âltve: UXDesigner. Jelenlegi kulcsok: Architect, ConflictMediator, DevOps, github_models, PricingAgent, ProactiveClaimsAgent, sales, UXDesigner

[90mstdout[2m | test/phoenixRecoveryLogic.test.ts[2m > [22m[2mPhoenix Protocol v2 - AgentManager Recovery Logic
[22m[39m[INFO] [AgentManager] ├ťgyn├Âk bet├Âltve: lint_fixer. Jelenlegi kulcsok: Architect, ConflictMediator, DevOps, github_models, PricingAgent, ProactiveClaimsAgent, sales, UXDesigner, lint_fixer

[90mstdout[2m | test/phoenixRecoveryLogic.test.ts[2m > [22m[2mPhoenix Protocol v2 - AgentManager Recovery Logic
[22m[39m[INFO] [AgentManager] ├ťgyn├Âk bet├Âltve: ApifyScraping. Jelenlegi kulcsok: Architect, ConflictMediator, DevOps, github_models, PricingAgent, ProactiveClaimsAgent, sales, UXDesigner, lint_fixer, ApifyScraping

[90mstdout[2m | test/phoenixRecoveryLogic.test.ts[2m > [22m[2mPhoenix Protocol v2 - AgentManager Recovery Logic
[22m[39m[INFO] [AgentManager] ├ťgyn├Âk bet├Âltve: ChromeDevTools. Jelenlegi kulcsok: Architect, ConflictMediator, DevOps, github_models, PricingAgent, ProactiveClaimsAgent, sales, UXDesigner, lint_fixer, ApifyScraping, ChromeDevTools

[90mstdout[2m | test/phoenixRecoveryLogic.test.ts[2m > [22m[2mPhoenix Protocol v2 - AgentManager Recovery Logic
[22m[39m[INFO] [AgentManager] ├ťgyn├Âk bet├Âltve: DependencyGraph. Jelenlegi kulcsok: Architect, ConflictMediator, DevOps, github_models, PricingAgent, ProactiveClaimsAgent, sales, UXDesigner, lint_fixer, ApifyScraping, ChromeDevTools, DependencyGraph
[INFO] [AgentManager] ├ťgyn├Âk bet├Âltve: documenter. Jelenlegi kulcsok: Architect, ConflictMediator, DevOps, github_models, PricingAgent, ProactiveClaimsAgent, sales, UXDesigner, lint_fixer, ApifyScraping, ChromeDevTools, DependencyGraph, documenter

[90mstdout[2m | test/phoenixRecoveryLogic.test.ts[2m > [22m[2mPhoenix Protocol v2 - AgentManager Recovery Logic
[22m[39m[INFO] [AgentManager] ├ťgyn├Âk bet├Âltve: logistics_dispatcher. Jelenlegi kulcsok: Architect, ConflictMediator, DevOps, github_models, PricingAgent, ProactiveClaimsAgent, sales, UXDesigner, lint_fixer, ApifyScraping, ChromeDevTools, DependencyGraph, documenter, logistics_dispatcher

[90mstdout[2m | test/phoenixRecoveryLogic.test.ts[2m > [22m[2mPhoenix Protocol v2 - AgentManager Recovery Logic
[22m[39m[INFO] [AIGateway] Ôťů AI Gateway v3.0 initialized: CF Workers AI (@cf/meta/llama-3.1-8b-instruct)

[90mstdout[2m | test/phoenixRecoveryLogic.test.ts[2m > [22m[2mPhoenix Protocol v2 - AgentManager Recovery Logic
[22m[39m[INFO] [DataScientist] E2B sandbox mode enabled (secure isolation)
[INFO] [AgentManager] ├ťgyn├Âk bet├Âltve: DataScientist. Jelenlegi kulcsok: Architect, ConflictMediator, DevOps, github_models, PricingAgent, ProactiveClaimsAgent, sales, UXDesigner, lint_fixer, ApifyScraping, ChromeDevTools, DependencyGraph, documenter, logistics_dispatcher, DataScientist

[90mstdout[2m | test/phoenixRecoveryLogic.test.ts[2m > [22m[2mPhoenix Protocol v2 - AgentManager Recovery Logic
[22m[39m[INFO] [AgentManager] ├ťgyn├Âk bet├Âltve: law_detective. Jelenlegi kulcsok: Architect, ConflictMediator, DevOps, github_models, PricingAgent, ProactiveClaimsAgent, sales, UXDesigner, lint_fixer, ApifyScraping, ChromeDevTools, DependencyGraph, documenter, logistics_dispatcher, DataScientist, law_detective

[90mstdout[2m | test/phoenixRecoveryLogic.test.ts[2m > [22m[2mPhoenix Protocol v2 - AgentManager Recovery Logic
[22m[39m[INFO] [AgentManager] ├ťgyn├Âk bet├Âltve: agent_architect. Jelenlegi kulcsok: Architect, ConflictMediator, DevOps, github_models, PricingAgent, ProactiveClaimsAgent, sales, UXDesigner, lint_fixer, ApifyScraping, ChromeDevTools, DependencyGraph, documenter, logistics_dispatcher, DataScientist, law_detective, agent_architect
[INFO] [AgentManager] ├ťgyn├Âk bet├Âltve: copywriter. Jelenlegi kulcsok: Architect, ConflictMediator, DevOps, github_models, PricingAgent, ProactiveClaimsAgent, sales, UXDesigner, lint_fixer, ApifyScraping, ChromeDevTools, DependencyGraph, documenter, logistics_dispatcher, DataScientist, law_detective, agent_architect, copywriter
[INFO] [AgentManager] ├ťgyn├Âk bet├Âltve: marketing_director. Jelenlegi kulcsok: Architect, ConflictMediator, DevOps, github_models, PricingAgent, ProactiveClaimsAgent, sales, UXDesigner, lint_fixer, ApifyScraping, ChromeDevTools, DependencyGraph, documenter, logistics_dispatcher, DataScientist, law_detective, agent_architect, copywriter, marketing_director
[INFO] [AgentManager] ├ťgyn├Âk bet├Âltve: project_organizer. Jelenlegi kulcsok: Architect, ConflictMediator, DevOps, github_models, PricingAgent, ProactiveClaimsAgent, sales, UXDesigner, lint_fixer, ApifyScraping, ChromeDevTools, DependencyGraph, documenter, logistics_dispatcher, DataScientist, law_detective, agent_architect, copywriter, marketing_director, project_organizer

[90mstdout[2m | test/phoenixRecoveryLogic.test.ts[2m > [22m[2mPhoenix Protocol v2 - AgentManager Recovery Logic
[22m[39m[INFO] [AgentManager] ├ťgyn├Âk bet├Âltve: Python. Jelenlegi kulcsok: Architect, ConflictMediator, DevOps, github_models, PricingAgent, ProactiveClaimsAgent, sales, UXDesigner, lint_fixer, ApifyScraping, ChromeDevTools, DependencyGraph, documenter, logistics_dispatcher, DataScientist, law_detective, agent_architect, copywriter, marketing_director, project_organizer, Python

[90mstdout[2m | test/phoenixRecoveryLogic.test.ts[2m > [22m[2mPhoenix Protocol v2 - AgentManager Recovery Logic
[22m[39m[INFO] [BifrostGateway] Enabled providers: ollama, gemini, github, anthropic, cloudflare
[INFO] [BifrostGateway] Initialized with 5 provider adapters (Ollama, Gemini, GitHub, Anthropic, Cloudflare)

[90mstdout[2m | test/phoenixRecoveryLogic.test.ts[2m > [22m[2mPhoenix Protocol v2 - AgentManager Recovery Logic
[22m[39m[INFO] [GlobalDb] Database opened: F:\mcp-brunella-core\data\brunella.db
[INFO] [GlobalDb] Schema initialized
[INFO] [StructuredMemory] Structured memory DB initialized

[90mstdout[2m | test/phoenixRecoveryLogic.test.ts[2m > [22m[2mPhoenix Protocol v2 - AgentManager Recovery Logic
[22m[39m[INFO] [AgentManager] ├ťgyn├Âk bet├Âltve: DigitalHeadhunter. Jelenlegi kulcsok: Architect, ConflictMediator, DevOps, github_models, PricingAgent, ProactiveClaimsAgent, sales, UXDesigner, lint_fixer, ApifyScraping, ChromeDevTools, DependencyGraph, documenter, logistics_dispatcher, DataScientist, law_detective, agent_architect, copywriter, marketing_director, project_organizer, Python, DigitalHeadhunter
[INFO] [AgentManager] ├ťgyn├Âk bet├Âltve: LocalCSR. Jelenlegi kulcsok: Architect, ConflictMediator, DevOps, github_models, PricingAgent, ProactiveClaimsAgent, sales, UXDesigner, lint_fixer, ApifyScraping, ChromeDevTools, DependencyGraph, documenter, logistics_dispatcher, DataScientist, law_detective, agent_architect, copywriter, marketing_director, project_organizer, Python, DigitalHeadhunter, LocalCSR
[INFO] [AgentManager] ├ťgyn├Âk bet├Âltve: LogisticsDispatcher. Jelenlegi kulcsok: Architect, ConflictMediator, DevOps, github_models, PricingAgent, ProactiveClaimsAgent, sales, UXDesigner, lint_fixer, ApifyScraping, ChromeDevTools, DependencyGraph, documenter, logistics_dispatcher, DataScientist, law_detective, agent_architect, copywriter, marketing_director, project_organizer, Python, DigitalHeadhunter, LocalCSR, LogisticsDispatcher
[INFO] [AgentManager] ├ťgyn├Âk bet├Âltve: NurturerAgent. Jelenlegi kulcsok: Architect, ConflictMediator, DevOps, github_models, PricingAgent, ProactiveClaimsAgent, sales, UXDesigner, lint_fixer, ApifyScraping, ChromeDevTools, DependencyGraph, documenter, logistics_dispatcher, DataScientist, law_detective, agent_architect, copywriter, marketing_director, project_organizer, Python, DigitalHeadhunter, LocalCSR, LogisticsDispatcher, NurturerAgent
[INFO] [AgentManager] ├ťgyn├Âk bet├Âltve: procurement. Jelenlegi kulcsok: Architect, ConflictMediator, DevOps, github_models, PricingAgent, ProactiveClaimsAgent, sales, UXDesigner, lint_fixer, ApifyScraping, ChromeDevTools, DependencyGraph, documenter, logistics_dispatcher, DataScientist, law_detective, agent_architect, copywriter, marketing_director, project_organizer, Python, DigitalHeadhunter, LocalCSR, LogisticsDispatcher, NurturerAgent, procurement
[INFO] [AgentManager] ├ťgyn├Âk bet├Âltve: researcher. Jelenlegi kulcsok: Architect, ConflictMediator, DevOps, github_models, PricingAgent, ProactiveClaimsAgent, sales, UXDesigner, lint_fixer, ApifyScraping, ChromeDevTools, DependencyGraph, documenter, logistics_dispatcher, DataScientist, law_detective, agent_architect, copywriter, marketing_director, project_organizer, Python, DigitalHeadhunter, LocalCSR, LogisticsDispatcher, NurturerAgent, procurement, researcher
[INFO] [AgentManager] ├ťgyn├Âk bet├Âltve: voice. Jelenlegi kulcsok: Architect, ConflictMediator, DevOps, github_models, PricingAgent, ProactiveClaimsAgent, sales, UXDesigner, lint_fixer, ApifyScraping, ChromeDevTools, DependencyGraph, documenter, logistics_dispatcher, DataScientist, law_detective, agent_architect, copywriter, marketing_director, project_organizer, Python, DigitalHeadhunter, LocalCSR, LogisticsDispatcher, NurturerAgent, procurement, researcher, voice
[INFO] [AgentManager] ├ťgyn├Âk bet├Âltve: critic_agent. Jelenlegi kulcsok: Architect, ConflictMediator, DevOps, github_models, PricingAgent, ProactiveClaimsAgent, sales, UXDesigner, lint_fixer, ApifyScraping, ChromeDevTools, DependencyGraph, documenter, logistics_dispatcher, DataScientist, law_detective, agent_architect, copywriter, marketing_director, project_organizer, Python, DigitalHeadhunter, LocalCSR, LogisticsDispatcher, NurturerAgent, procurement, researcher, voice, critic_agent

[90mstdout[2m | test/phoenixRecoveryLogic.test.ts[2m > [22m[2mPhoenix Protocol v2 - AgentManager Recovery Logic
[22m[39m[INFO] [AgentManager] ├ťgyn├Âk bet├Âltve: EdgeProxy. Jelenlegi kulcsok: Architect, ConflictMediator, DevOps, github_models, PricingAgent, ProactiveClaimsAgent, sales, UXDesigner, lint_fixer, ApifyScraping, ChromeDevTools, DependencyGraph, documenter, logistics_dispatcher, DataScientist, law_detective, agent_architect, copywriter, marketing_director, project_organizer, Python, DigitalHeadhunter, LocalCSR, LogisticsDispatcher, NurturerAgent, procurement, researcher, voice, critic_agent, EdgeProxy
[INFO] [AgentManager] ├ťgyn├Âk bet├Âltve: robotkezv2. Jelenlegi kulcsok: Architect, ConflictMediator, DevOps, github_models, PricingAgent, ProactiveClaimsAgent, sales, UXDesigner, lint_fixer, ApifyScraping, ChromeDevTools, DependencyGraph, documenter, logistics_dispatcher, DataScientist, law_detective, agent_architect, copywriter, marketing_director, project_organizer, Python, DigitalHeadhunter, LocalCSR, LogisticsDispatcher, NurturerAgent, procurement, researcher, voice, critic_agent, EdgeProxy, robotkezv2

[90mstdout[2m | test/phoenixRecoveryLogic.test.ts[2m > [22m[2mPhoenix Protocol v2 - AgentManager Recovery Logic
[22m[39m[INFO] [AgentManager] ├ťgyn├Âk bet├Âltve: email_triage. Jelenlegi kulcsok: Architect, ConflictMediator, DevOps, github_models, PricingAgent, ProactiveClaimsAgent, sales, UXDesigner, lint_fixer, ApifyScraping, ChromeDevTools, DependencyGraph, documenter, logistics_dispatcher, DataScientist, law_detective, agent_architect, copywriter, marketing_director, project_organizer, Python, DigitalHeadhunter, LocalCSR, LogisticsDispatcher, NurturerAgent, procurement, researcher, voice, critic_agent, EdgeProxy, robotkezv2, email_triage

[90mstdout[2m | test/phoenixRecoveryLogic.test.ts[2m > [22m[2mPhoenix Protocol v2 - AgentManager Recovery Logic
[22m[39m[INFO] [AgentManager] ├ťgyn├Âk bet├Âltve: PropertyAnalyst. Jelenlegi kulcsok: Architect, ConflictMediator, DevOps, github_models, PricingAgent, ProactiveClaimsAgent, sales, UXDesigner, lint_fixer, ApifyScraping, ChromeDevTools, DependencyGraph, documenter, logistics_dispatcher, DataScientist, law_detective, agent_architect, copywriter, marketing_director, project_organizer, Python, DigitalHeadhunter, LocalCSR, LogisticsDispatcher, NurturerAgent, procurement, researcher, voice, critic_agent, EdgeProxy, robotkezv2, email_triage, PropertyAnalyst
[INFO] [AgentManager] ├ťgyn├Âk bet├Âltve: SpecWriter. Jelenlegi kulcsok: Architect, ConflictMediator, DevOps, github_models, PricingAgent, ProactiveClaimsAgent, sales, UXDesigner, lint_fixer, ApifyScraping, ChromeDevTools, DependencyGraph, documenter, logistics_dispatcher, DataScientist, law_detective, agent_architect, copywriter, marketing_director, project_organizer, Python, DigitalHeadhunter, LocalCSR, LogisticsDispatcher, NurturerAgent, procurement, researcher, voice, critic_agent, EdgeProxy, robotkezv2, email_triage, PropertyAnalyst, SpecWriter

[90mstdout[2m | test/phoenixRecoveryLogic.test.ts[2m > [22m[2mPhoenix Protocol v2 - AgentManager Recovery Logic
[22m[39m[INFO] [AgentManager] ├ťgyn├Âk bet├Âltve: ProjectConductor. Jelenlegi kulcsok: Architect, ConflictMediator, DevOps, github_models, PricingAgent, ProactiveClaimsAgent, sales, UXDesigner, lint_fixer, ApifyScraping, ChromeDevTools, DependencyGraph, documenter, logistics_dispatcher, DataScientist, law_detective, agent_architect, copywriter, marketing_director, project_organizer, Python, DigitalHeadhunter, LocalCSR, LogisticsDispatcher, NurturerAgent, procurement, researcher, voice, critic_agent, EdgeProxy, robotkezv2, email_triage, PropertyAnalyst, SpecWriter, ProjectConductor

[90mstdout[2m | test/phoenixRecoveryLogic.test.ts[2m > [22m[2mPhoenix Protocol v2 - AgentManager Recovery Logic
[22m[39m[INFO] [AgentManager] ├ťgyn├Âk bet├Âltve: lead_mining. Jelenlegi kulcsok: Architect, ConflictMediator, DevOps, github_models, PricingAgent, ProactiveClaimsAgent, sales, UXDesigner, lint_fixer, ApifyScraping, ChromeDevTools, DependencyGraph, documenter, logistics_dispatcher, DataScientist, law_detective, agent_architect, copywriter, marketing_director, project_organizer, Python, DigitalHeadhunter, LocalCSR, LogisticsDispatcher, NurturerAgent, procurement, researcher, voice, critic_agent, EdgeProxy, robotkezv2, email_triage, PropertyAnalyst, SpecWriter, ProjectConductor, lead_mining

[90mstdout[2m | test/phoenixRecoveryLogic.test.ts[2m > [22m[2mPhoenix Protocol v2 - AgentManager Recovery Logic
[22m[39m[INFO] [AgentManager] ├ťgyn├Âk bet├Âltve: task_decomposer. Jelenlegi kulcsok: Architect, ConflictMediator, DevOps, github_models, PricingAgent, ProactiveClaimsAgent, sales, UXDesigner, lint_fixer, ApifyScraping, ChromeDevTools, DependencyGraph, documenter, logistics_dispatcher, DataScientist, law_detective, agent_architect, copywriter, marketing_director, project_organizer, Python, DigitalHeadhunter, LocalCSR, LogisticsDispatcher, NurturerAgent, procurement, researcher, voice, critic_agent, EdgeProxy, robotkezv2, email_triage, PropertyAnalyst, SpecWriter, ProjectConductor, lead_mining, task_decomposer

[90mstdout[2m | test/phoenixRecoveryLogic.test.ts[2m > [22m[2mPhoenix Protocol v2 - AgentManager Recovery Logic
[22m[39m[INFO] [EventBus] Singleton connected to F:\mcp-brunella-core\data\brunella.db

[90mstdout[2m | test/phoenixRecoveryLogic.test.ts[2m > [22m[2mPhoenix Protocol v2 - AgentManager Recovery Logic
[22m[39m[INFO] [AgentManager] ├ťgyn├Âk bet├Âltve: evaluator. Jelenlegi kulcsok: Architect, ConflictMediator, DevOps, github_models, PricingAgent, ProactiveClaimsAgent, sales, UXDesigner, lint_fixer, ApifyScraping, ChromeDevTools, DependencyGraph, documenter, logistics_dispatcher, DataScientist, law_detective, agent_architect, copywriter, marketing_director, project_organizer, Python, DigitalHeadhunter, LocalCSR, LogisticsDispatcher, NurturerAgent, procurement, researcher, voice, critic_agent, EdgeProxy, robotkezv2, email_triage, PropertyAnalyst, SpecWriter, ProjectConductor, lead_mining, task_decomposer, evaluator
[INFO] [AgentManager] ├ťgyn├Âk bet├Âltve: ops. Jelenlegi kulcsok: Architect, ConflictMediator, DevOps, github_models, PricingAgent, ProactiveClaimsAgent, sales, UXDesigner, lint_fixer, ApifyScraping, ChromeDevTools, DependencyGraph, documenter, logistics_dispatcher, DataScientist, law_detective, agent_architect, copywriter, marketing_director, project_organizer, Python, DigitalHeadhunter, LocalCSR, LogisticsDispatcher, NurturerAgent, procurement, researcher, voice, critic_agent, EdgeProxy, robotkezv2, email_triage, PropertyAnalyst, SpecWriter, ProjectConductor, lead_mining, task_decomposer, evaluator, ops
[INFO] [AgentManager] ├ťgyn├Âk bet├Âltve: qa. Jelenlegi kulcsok: Architect, ConflictMediator, DevOps, github_models, PricingAgent, ProactiveClaimsAgent, sales, UXDesigner, lint_fixer, ApifyScraping, ChromeDevTools, DependencyGraph, documenter, logistics_dispatcher, DataScientist, law_detective, agent_architect, copywriter, marketing_director, project_organizer, Python, DigitalHeadhunter, LocalCSR, LogisticsDispatcher, NurturerAgent, procurement, researcher, voice, critic_agent, EdgeProxy, robotkezv2, email_triage, PropertyAnalyst, SpecWriter, ProjectConductor, lead_mining, task_decomposer, evaluator, ops, qa

[90mstdout[2m | test/phoenixRecoveryLogic.test.ts[2m > [22m[2mPhoenix Protocol v2 - AgentManager Recovery Logic
[22m[39m[INFO] [AgentManager] ├ťgyn├Âk bet├Âltve: Developer. Jelenlegi kulcsok: Architect, ConflictMediator, DevOps, github_models, PricingAgent, ProactiveClaimsAgent, sales, UXDesigner, lint_fixer, ApifyScraping, ChromeDevTools, DependencyGraph, documenter, logistics_dispatcher, DataScientist, law_detective, agent_architect, copywriter, marketing_director, project_organizer, Python, DigitalHeadhunter, LocalCSR, LogisticsDispatcher, NurturerAgent, procurement, researcher, voice, critic_agent, EdgeProxy, robotkezv2, email_triage, PropertyAnalyst, SpecWriter, ProjectConductor, lead_mining, task_decomposer, evaluator, ops, qa, Developer

[90mstdout[2m | test/phoenixRecoveryLogic.test.ts[2m > [22m[2mPhoenix Protocol v2 - AgentManager Recovery Logic
[22m[39m[INFO] [AgentManager] ├ťgyn├Âk bet├Âltve: grant_watcher. Jelenlegi kulcsok: Architect, ConflictMediator, DevOps, github_models, PricingAgent, ProactiveClaimsAgent, sales, UXDesigner, lint_fixer, ApifyScraping, ChromeDevTools, DependencyGraph, documenter, logistics_dispatcher, DataScientist, law_detective, agent_architect, copywriter, marketing_director, project_organizer, Python, DigitalHeadhunter, LocalCSR, LogisticsDispatcher, NurturerAgent, procurement, researcher, voice, critic_agent, EdgeProxy, robotkezv2, email_triage, PropertyAnalyst, SpecWriter, ProjectConductor, lead_mining, task_decomposer, evaluator, ops, qa, Developer, grant_watcher

[90mstdout[2m | test/phoenixRecoveryLogic.test.ts[2m > [22m[2mPhoenix Protocol v2 - AgentManager Recovery Logic
[22m[39m[INFO] [AgentManager] ├ťgyn├Âk bet├Âltve: FinancialGuard. Jelenlegi kulcsok: Architect, ConflictMediator, DevOps, github_models, PricingAgent, ProactiveClaimsAgent, sales, UXDesigner, lint_fixer, ApifyScraping, ChromeDevTools, DependencyGraph, documenter, logistics_dispatcher, DataScientist, law_detective, agent_architect, copywriter, marketing_director, project_organizer, Python, DigitalHeadhunter, LocalCSR, LogisticsDispatcher, NurturerAgent, procurement, researcher, voice, critic_agent, EdgeProxy, robotkezv2, email_triage, PropertyAnalyst, SpecWriter, ProjectConductor, lead_mining, task_decomposer, evaluator, ops, qa, Developer, grant_watcher, FinancialGuard

[90mstdout[2m | test/phoenixRecoveryLogic.test.ts[2m > [22m[2mPhoenix Protocol v2 - AgentManager Recovery Logic
[22m[39m[INFO] [AgentManager] ├ťgyn├Âk bet├Âltve: knowledge_base_builder. Jelenlegi kulcsok: Architect, ConflictMediator, DevOps, github_models, PricingAgent, ProactiveClaimsAgent, sales, UXDesigner, lint_fixer, ApifyScraping, ChromeDevTools, DependencyGraph, documenter, logistics_dispatcher, DataScientist, law_detective, agent_architect, copywriter, marketing_director, project_organizer, Python, DigitalHeadhunter, LocalCSR, LogisticsDispatcher, NurturerAgent, procurement, researcher, voice, critic_agent, EdgeProxy, robotkezv2, email_triage, PropertyAnalyst, SpecWriter, ProjectConductor, lead_mining, task_decomposer, evaluator, ops, qa, Developer, grant_watcher, FinancialGuard, knowledge_base_builder

[90mstdout[2m | test/phoenixRecoveryLogic.test.ts[2m > [22m[2mPhoenix Protocol v2 - AgentManager Recovery Logic
[22m[39m[INFO] [AgentManager] ├ťgyn├Âk bet├Âltve: finance_guardian. Jelenlegi kulcsok: Architect, ConflictMediator, DevOps, github_models, PricingAgent, ProactiveClaimsAgent, sales, UXDesigner, lint_fixer, ApifyScraping, ChromeDevTools, DependencyGraph, documenter, logistics_dispatcher, DataScientist, law_detective, agent_architect, copywriter, marketing_director, project_organizer, Python, DigitalHeadhunter, LocalCSR, LogisticsDispatcher, NurturerAgent, procurement, researcher, voice, critic_agent, EdgeProxy, robotkezv2, email_triage, PropertyAnalyst, SpecWriter, ProjectConductor, lead_mining, task_decomposer, evaluator, ops, qa, Developer, grant_watcher, FinancialGuard, knowledge_base_builder, finance_guardian

[90mstdout[2m | test/phoenixRecoveryLogic.test.ts[2m > [22m[2mPhoenix Protocol v2 - AgentManager Recovery Logic
[22m[39m[INFO] [AgentManager] ├ťgyn├Âk bet├Âltve: RobotkezV2. Jelenlegi kulcsok: Architect, ConflictMediator, DevOps, github_models, PricingAgent, ProactiveClaimsAgent, sales, UXDesigner, lint_fixer, ApifyScraping, ChromeDevTools, DependencyGraph, documenter, logistics_dispatcher, DataScientist, law_detective, agent_architect, copywriter, marketing_director, project_organizer, Python, DigitalHeadhunter, LocalCSR, LogisticsDispatcher, NurturerAgent, procurement, researcher, voice, critic_agent, EdgeProxy, robotkezv2, email_triage, PropertyAnalyst, SpecWriter, ProjectConductor, lead_mining, task_decomposer, evaluator, ops, qa, Developer, grant_watcher, FinancialGuard, knowledge_base_builder, finance_guardian, RobotkezV2

[90mstdout[2m | test/phoenixRecoveryLogic.test.ts[2m > [22m[2mPhoenix Protocol v2 - AgentManager Recovery Logic
[22m[39m[INFO] [SwarmManager] Colony created: Triad (triad-default)
[INFO] [System] Triad colony initialized: researcher, DataScientist, Developer

[90mstdout[2m | test/phoenixRecoveryLogic.test.ts[2m > [22m[2mPhoenix Protocol v2 - AgentManager Recovery Logic
[22m[39m[INFO] [AgentManager] ├ťgyn├Âk bet├Âltve: sales_hunter. Jelenlegi kulcsok: Architect, ConflictMediator, DevOps, github_models, PricingAgent, ProactiveClaimsAgent, sales, UXDesigner, lint_fixer, ApifyScraping, ChromeDevTools, DependencyGraph, documenter, logistics_dispatcher, DataScientist, law_detective, agent_architect, copywriter, marketing_director, project_organizer, Python, DigitalHeadhunter, LocalCSR, LogisticsDispatcher, NurturerAgent, procurement, researcher, voice, critic_agent, EdgeProxy, robotkezv2, email_triage, PropertyAnalyst, SpecWriter, ProjectConductor, lead_mining, task_decomposer, evaluator, ops, qa, Developer, grant_watcher, FinancialGuard, knowledge_base_builder, finance_guardian, RobotkezV2, sales_hunter

[90mstdout[2m | test/phoenixRecoveryLogic.test.ts[2m > [22m[2mPhoenix Protocol v2 - AgentManager Recovery Logic
[22m[39m[INFO] [AgentManager] ├ťgyn├Âk bet├Âltve: CampaignGenerator. Jelenlegi kulcsok: Architect, ConflictMediator, DevOps, github_models, PricingAgent, ProactiveClaimsAgent, sales, UXDesigner, lint_fixer, ApifyScraping, ChromeDevTools, DependencyGraph, documenter, logistics_dispatcher, DataScientist, law_detective, agent_architect, copywriter, marketing_director, project_organizer, Python, DigitalHeadhunter, LocalCSR, LogisticsDispatcher, NurturerAgent, procurement, researcher, voice, critic_agent, EdgeProxy, robotkezv2, email_triage, PropertyAnalyst, SpecWriter, ProjectConductor, lead_mining, task_decomposer, evaluator, ops, qa, Developer, grant_watcher, FinancialGuard, knowledge_base_builder, finance_guardian, RobotkezV2, sales_hunter, CampaignGenerator
[INFO] [AgentManager] ├ťgyn├Âk bet├Âltve: innovation_bridge. Jelenlegi kulcsok: Architect, ConflictMediator, DevOps, github_models, PricingAgent, ProactiveClaimsAgent, sales, UXDesigner, lint_fixer, ApifyScraping, ChromeDevTools, DependencyGraph, documenter, logistics_dispatcher, DataScientist, law_detective, agent_architect, copywriter, marketing_director, project_organizer, Python, DigitalHeadhunter, LocalCSR, LogisticsDispatcher, NurturerAgent, procurement, researcher, voice, critic_agent, EdgeProxy, robotkezv2, email_triage, PropertyAnalyst, SpecWriter, ProjectConductor, lead_mining, task_decomposer, evaluator, ops, qa, Developer, grant_watcher, FinancialGuard, knowledge_base_builder, finance_guardian, RobotkezV2, sales_hunter, CampaignGenerator, innovation_bridge

[90mstdout[2m | test/phoenixRecoveryLogic.test.ts[2m > [22m[2mPhoenix Protocol v2 - AgentManager Recovery Logic
[22m[39m[INFO] [AgentManager] ├ťgyn├Âk bet├Âltve: market_intel. Jelenlegi kulcsok: Architect, ConflictMediator, DevOps, github_models, PricingAgent, ProactiveClaimsAgent, sales, UXDesigner, lint_fixer, ApifyScraping, ChromeDevTools, DependencyGraph, documenter, logistics_dispatcher, DataScientist, law_detective, agent_architect, copywriter, marketing_director, project_organizer, Python, DigitalHeadhunter, LocalCSR, LogisticsDispatcher, NurturerAgent, procurement, researcher, voice, critic_agent, EdgeProxy, robotkezv2, email_triage, PropertyAnalyst, SpecWriter, ProjectConductor, lead_mining, task_decomposer, evaluator, ops, qa, Developer, grant_watcher, FinancialGuard, knowledge_base_builder, finance_guardian, RobotkezV2, sales_hunter, CampaignGenerator, innovation_bridge, market_intel

[90mstdout[2m | test/phoenixRecoveryLogic.test.ts[2m > [22m[2mPhoenix Protocol v2 - AgentManager Recovery Logic
[22m[39m[INFO] [AgentManager] ├ťgyn├Âk bet├Âltve: PropertyVisionary. Jelenlegi kulcsok: Architect, ConflictMediator, DevOps, github_models, PricingAgent, ProactiveClaimsAgent, sales, UXDesigner, lint_fixer, ApifyScraping, ChromeDevTools, DependencyGraph, documenter, logistics_dispatcher, DataScientist, law_detective, agent_architect, copywriter, marketing_director, project_organizer, Python, DigitalHeadhunter, LocalCSR, LogisticsDispatcher, NurturerAgent, procurement, researcher, voice, critic_agent, EdgeProxy, robotkezv2, email_triage, PropertyAnalyst, SpecWriter, ProjectConductor, lead_mining, task_decomposer, evaluator, ops, qa, Developer, grant_watcher, FinancialGuard, knowledge_base_builder, finance_guardian, RobotkezV2, sales_hunter, CampaignGenerator, innovation_bridge, market_intel, PropertyVisionary

[90mstdout[2m | test/phoenixRecoveryLogic.test.ts[2m > [22m[2mPhoenix Protocol v2 - AgentManager Recovery Logic
[22m[39m[INFO] [AgentManager] ├ťgyn├Âk bet├Âltve: MarketingDirector. Jelenlegi kulcsok: Architect, ConflictMediator, DevOps, github_models, PricingAgent, ProactiveClaimsAgent, sales, UXDesigner, lint_fixer, ApifyScraping, ChromeDevTools, DependencyGraph, documenter, logistics_dispatcher, DataScientist, law_detective, agent_architect, copywriter, marketing_director, project_organizer, Python, DigitalHeadhunter, LocalCSR, LogisticsDispatcher, NurturerAgent, procurement, researcher, voice, critic_agent, EdgeProxy, robotkezv2, email_triage, PropertyAnalyst, SpecWriter, ProjectConductor, lead_mining, task_decomposer, evaluator, ops, qa, Developer, grant_watcher, FinancialGuard, knowledge_base_builder, finance_guardian, RobotkezV2, sales_hunter, CampaignGenerator, innovation_bridge, market_intel, PropertyVisionary, MarketingDirector

[90mstdout[2m | test/phoenixRecoveryLogic.test.ts[2m > [22m[2mPhoenix Protocol v2 - AgentManager Recovery Logic
[22m[39m[INFO] [AgentManager] ├ťgyn├Âk bet├Âltve: orchestrator. Jelenlegi kulcsok: Architect, ConflictMediator, DevOps, github_models, PricingAgent, ProactiveClaimsAgent, sales, UXDesigner, lint_fixer, ApifyScraping, ChromeDevTools, DependencyGraph, documenter, logistics_dispatcher, DataScientist, law_detective, agent_architect, copywriter, marketing_director, project_organizer, Python, DigitalHeadhunter, LocalCSR, LogisticsDispatcher, NurturerAgent, procurement, researcher, voice, critic_agent, EdgeProxy, robotkezv2, email_triage, PropertyAnalyst, SpecWriter, ProjectConductor, lead_mining, task_decomposer, evaluator, ops, qa, Developer, grant_watcher, FinancialGuard, knowledge_base_builder, finance_guardian, RobotkezV2, sales_hunter, CampaignGenerator, innovation_bridge, market_intel, PropertyVisionary, MarketingDirector, orchestrator

[90mstdout[2m | test/phoenixRecoveryLogic.test.ts[2m > [22m[2mPhoenix Protocol v2 - AgentManager Recovery Logic
[22m[39m[INFO] [AgentManager] ├ťgyn├Âk bet├Âltve: enterprise_orchestrator. Jelenlegi kulcsok: Architect, ConflictMediator, DevOps, github_models, PricingAgent, ProactiveClaimsAgent, sales, UXDesigner, lint_fixer, ApifyScraping, ChromeDevTools, DependencyGraph, documenter, logistics_dispatcher, DataScientist, law_detective, agent_architect, copywriter, marketing_director, project_organizer, Python, DigitalHeadhunter, LocalCSR, LogisticsDispatcher, NurturerAgent, procurement, researcher, voice, critic_agent, EdgeProxy, robotkezv2, email_triage, PropertyAnalyst, SpecWriter, ProjectConductor, lead_mining, task_decomposer, evaluator, ops, qa, Developer, grant_watcher, FinancialGuard, knowledge_base_builder, finance_guardian, RobotkezV2, sales_hunter, CampaignGenerator, innovation_bridge, market_intel, PropertyVisionary, MarketingDirector, orchestrator, enterprise_orchestrator

[90mstdout[2m | test/phoenixRecoveryLogic.test.ts[2m > [22m[2mPhoenix Protocol v2 - AgentManager Recovery Logic
[22m[39m[INFO] [AgentManager] 54 ├╝gyn├Âk bet├Âltve

[90mstdout[2m | test/phoenixRecoveryLogic.test.ts[2m > [22m[2mPhoenix Protocol v2 - AgentManager Recovery Logic
[22m[39m[INFO] [AgentManager] ├ťgyn├Âk regisztr├ílva: TestRecoveryAgent

[90mstdout[2m | test/phoenixRecoveryLogic.test.ts[2m > [22m[2mPhoenix Protocol v2 - AgentManager Recovery Logic
[22m[39m[INFO] [Checkpoint] Database initialized (WAL mode)

[90mstdout[2m | test/phoenixRecoveryLogic.test.ts[2m > [22m[2mPhoenix Protocol v2 - AgentManager Recovery Logic
[22m[39m[INFO] [Checkpoint] Cleared 0 checkpoints for task=TestRecoveryAgent:test_task

[90mstdout[2m | test/phoenixRecoveryLogic.test.ts[2m > [22m[2mPhoenix Protocol v2 - AgentManager Recovery Logic[2m > [22m[2mexecuteWithRecovery()[2m > [22m[2mshould succeed on first attempt if agent executes successfully
[22m[39m[INFO] [AgentManager] [Phoenix Recovery] Starting execution: TestRecoveryAgent - test_task...
[INFO] [AgentTracer] [SPAN START] TestRecoveryAgent::execute (trace=904b7c7b, span=43278e43)

stderr | test/phoenixRecoveryLogic.test.ts > Phoenix Protocol v2 - AgentManager Recovery Logic > executeWithRecovery() > should succeed on first attempt if agent executes successfully
[WARN] [ToolPermissions] Tool agent_delegate not in permission map - allowing by default

[90mstdout[2m | test/phoenixRecoveryLogic.test.ts[2m > [22m[2mPhoenix Protocol v2 - AgentManager Recovery Logic[2m > [22m[2mexecuteWithRecovery()[2m > [22m[2mshould succeed on first attempt if agent executes successfully
[22m[39m[INFO] [AuditLog] Database initialized (in-memory test mode)

[90mstdout[2m | test/phoenixRecoveryLogic.test.ts[2m > [22m[2mPhoenix Protocol v2 - AgentManager Recovery Logic[2m > [22m[2mexecuteWithRecovery()[2m > [22m[2mshould succeed on first attempt if agent executes successfully
[22m[39m[STATUS] [TestRecoveryAgent] working - test_task

[90mstdout[2m | test/phoenixRecoveryLogic.test.ts[2m > [22m[2mPhoenix Protocol v2 - AgentManager Recovery Logic[2m > [22m[2mexecuteWithRecovery()[2m > [22m[2mshould succeed on first attempt if agent executes successfully
[22m[39m[STATUS] [TestRecoveryAgent] idle - test_task

[90mstdout[2m | test/phoenixRecoveryLogic.test.ts[2m > [22m[2mPhoenix Protocol v2 - AgentManager Recovery Logic[2m > [22m[2mexecuteWithRecovery()[2m > [22m[2mshould succeed on first attempt if agent executes successfully
[22m[39m[INFO] [Checkpoint] Saved: task=test_task step=0 (TestRecoveryAgent:success)

[90mstdout[2m | test/phoenixRecoveryLogic.test.ts[2m > [22m[2mPhoenix Protocol v2 - AgentManager Recovery Logic[2m > [22m[2mexecuteWithRecovery()[2m > [22m[2mshould succeed on first attempt if agent executes successfully
[22m[39m[INFO] [AgentTracer] [SPAN END] TestRecoveryAgent::execute success (31ms)

[90mstdout[2m | test/phoenixRecoveryLogic.test.ts[2m > [22m[2mPhoenix Protocol v2 - AgentManager Recovery Logic[2m > [22m[2mexecuteWithRecovery()[2m > [22m[2mshould succeed on first attempt if agent executes successfully
[22m[39m[INFO] [AgentManager] [Phoenix Recovery] Success on attempt 1
[INFO] [PhoenixEventBus] Event: phoenix:recovery

[90mstdout[2m | test/phoenixRecoveryLogic.test.ts[2m > [22m[2mPhoenix Protocol v2 - AgentManager Recovery Logic[2m > [22m[2mState Restoration[2m > [22m[2mshould restore state from checkpoint if available
[22m[39m[INFO] [Checkpoint] Saved: task=TestRecoveryAgent:checkpoint_test step=1 (data_processing)

stderr | test/phoenixRecoveryLogic.test.ts > Phoenix Protocol v2 - AgentManager Recovery Logic > State Restoration > should restore state from checkpoint if available
[WARN] [ToolPermissions] Tool agent_delegate not in permission map - allowing by default

[90mstdout[2m | test/phoenixRecoveryLogic.test.ts[2m > [22m[2mPhoenix Protocol v2 - AgentManager Recovery Logic[2m > [22m[2mState Restoration[2m > [22m[2mshould restore state from checkpoint if available
[22m[39m[INFO] [AgentManager] [Phoenix Recovery] Starting execution: TestRecoveryAgent - checkpoint_test...
[INFO] [AgentTracer] [SPAN START] TestRecoveryAgent::execute (trace=73483130, span=f68ee2c9)

[90mstdout[2m | test/phoenixRecoveryLogic.test.ts[2m > [22m[2mPhoenix Protocol v2 - AgentManager Recovery Logic[2m > [22m[2mState Restoration[2m > [22m[2mshould restore state from checkpoint if available
[22m[39m[STATUS] [TestRecoveryAgent] working - checkpoint_test

stderr | test/phoenixRecoveryLogic.test.ts > Phoenix Protocol v2 - AgentManager Recovery Logic > State Restoration > should restore state from checkpoint if available
[WARN] [RetryStrategy] Attempt 1 failed [TestRecoveryAgent:execute]: Checkpoint test failure

[90mstdout[2m | test/phoenixRecoveryLogic.test.ts[2m > [22m[2mPhoenix Protocol v2 - AgentManager Recovery Logic[2m > [22m[2mState Restoration[2m > [22m[2mshould restore state from checkpoint if available
[22m[39m[INFO] [RetryStrategy] Retry 1/2 [TestRecoveryAgent:execute] ÔÇö waiting 1000ms
[INFO] [AgentManager] ├Üjrapr├│b├ílkoz├ís (TestRecoveryAgent)... 1/2 ÔÇö 1000ms v├írakoz├ís

[90mstdout[2m | test/phoenixRecoveryLogic.test.ts[2m > [22m[2mPhoenix Protocol v2 - AgentManager Recovery Logic[2m > [22m[2mState Restoration[2m > [22m[2mshould restore state from checkpoint if available
[22m[39m[STATUS] [TestRecoveryAgent] working - checkpoint_test

[90mstdout[2m | test/phoenixRecoveryLogic.test.ts[2m > [22m[2mPhoenix Protocol v2 - AgentManager Recovery Logic[2m > [22m[2mState Restoration[2m > [22m[2mshould restore state from checkpoint if available
[22m[39m[STATUS] [TestRecoveryAgent] idle - checkpoint_test

[90mstdout[2m | test/phoenixRecoveryLogic.test.ts[2m > [22m[2mPhoenix Protocol v2 - AgentManager Recovery Logic[2m > [22m[2mState Restoration[2m > [22m[2mshould restore state from checkpoint if available
[22m[39m[INFO] [Checkpoint] Saved: task=checkpoint_test step=0 (TestRecoveryAgent:success)

[90mstdout[2m | test/phoenixRecoveryLogic.test.ts[2m > [22m[2mPhoenix Protocol v2 - AgentManager Recovery Logic[2m > [22m[2mState Restoration[2m > [22m[2mshould restore state from checkpoint if available
[22m[39m[INFO] [GlobalDb] Database opened: F:\mcp-brunella-core\data\brunella.db
[INFO] [GlobalDb] Schema initialized
[INFO] [GlobalDb] D1 Adapter initialized (cloud mode)

[90mstdout[2m | test/phoenixRecoveryLogic.test.ts[2m > [22m[2mPhoenix Protocol v2 - AgentManager Recovery Logic[2m > [22m[2mState Restoration[2m > [22m[2mshould restore state from checkpoint if available
[22m[39m[INFO] [AgentTracer] [SPAN END] TestRecoveryAgent::execute success (1.0s)

[90mstdout[2m | test/phoenixRecoveryLogic.test.ts[2m > [22m[2mPhoenix Protocol v2 - AgentManager Recovery Logic[2m > [22m[2mState Restoration[2m > [22m[2mshould restore state from checkpoint if available
[22m[39m[INFO] [AgentManager] [Phoenix Recovery] Success on attempt 1
[INFO] [PhoenixEventBus] Event: phoenix:recovery

[90mstdout[2m | test/phoenixRecoveryLogic.test.ts[2m > [22m[2mPhoenix Protocol v2 - AgentManager Recovery Logic[2m > [22m[2mState Restoration[2m > [22m[2mshould restore state from checkpoint if available
[22m[39m[INFO] [Checkpoint] Cleared 1 checkpoints for task=TestRecoveryAgent:checkpoint_test

[90mstdout[2m | test/phoenixRecoveryLogic.test.ts[2m > [22m[2mPhoenix Protocol v2 - AgentManager Recovery Logic[2m > [22m[2mService Restart[2m > [22m[2mshould not restart external services (ollama, fastapi)
[22m[39m[INFO] [AgentManager] [Phoenix Recovery] Starting execution: TestRecoveryAgent - external_service_test...
[INFO] [AgentTracer] [SPAN START] TestRecoveryAgent::execute (trace=7b7ef992, span=eec7a71c)

stderr | test/phoenixRecoveryLogic.test.ts > Phoenix Protocol v2 - AgentManager Recovery Logic > Service Restart > should not restart external services (ollama, fastapi)
[WARN] [ToolPermissions] Tool agent_delegate not in permission map - allowing by default

[90mstdout[2m | test/phoenixRecoveryLogic.test.ts[2m > [22m[2mPhoenix Protocol v2 - AgentManager Recovery Logic[2m > [22m[2mService Restart[2m > [22m[2mshould not restart external services (ollama, fastapi)
[22m[39m[STATUS] [TestRecoveryAgent] working - external_service_test

[90mstdout[2m | test/phoenixRecoveryLogic.test.ts[2m > [22m[2mPhoenix Protocol v2 - AgentManager Recovery Logic[2m > [22m[2mService Restart[2m > [22m[2mshould not restart external services (ollama, fastapi)
[22m[39m[STATUS] [TestRecoveryAgent] idle - external_service_test

[90mstdout[2m | test/phoenixRecoveryLogic.test.ts[2m > [22m[2mPhoenix Protocol v2 - AgentManager Recovery Logic[2m > [22m[2mService Restart[2m > [22m[2mshould not restart external services (ollama, fastapi)
[22m[39m[INFO] [Checkpoint] Saved: task=external_service_test step=0 (TestRecoveryAgent:success)

[90mstdout[2m | test/phoenixRecoveryLogic.test.ts[2m > [22m[2mPhoenix Protocol v2 - AgentManager Recovery Logic[2m > [22m[2mService Restart[2m > [22m[2mshould not restart external services (ollama, fastapi)
[22m[39m[INFO] [AgentTracer] [SPAN END] TestRecoveryAgent::execute success (4ms)

[90mstdout[2m | test/phoenixRecoveryLogic.test.ts[2m > [22m[2mPhoenix Protocol v2 - AgentManager Recovery Logic[2m > [22m[2mService Restart[2m > [22m[2mshould not restart external services (ollama, fastapi)
[22m[39m[INFO] [AgentManager] [Phoenix Recovery] Success on attempt 1
[INFO] [PhoenixEventBus] Event: phoenix:recovery

[90mstdout[2m | test/phoenixRecoveryLogic.test.ts[2m > [22m[2mPhoenix Protocol v2 - AgentManager Recovery Logic[2m > [22m[2mPhoenix Event Bus Integration[2m > [22m[2mshould publish recovery events during execution
[22m[39m[INFO] [AgentManager] [Phoenix Recovery] Starting execution: TestRecoveryAgent - event_test...
[INFO] [AgentTracer] [SPAN START] TestRecoveryAgent::execute (trace=631d17ed, span=afb4e3d3)

stderr | test/phoenixRecoveryLogic.test.ts > Phoenix Protocol v2 - AgentManager Recovery Logic > Phoenix Event Bus Integration > should publish recovery events during execution
[WARN] [ToolPermissions] Tool agent_delegate not in permission map - allowing by default

[90mstdout[2m | test/phoenixRecoveryLogic.test.ts[2m > [22m[2mPhoenix Protocol v2 - AgentManager Recovery Logic[2m > [22m[2mPhoenix Event Bus Integration[2m > [22m[2mshould publish recovery events during execution
[22m[39m[STATUS] [TestRecoveryAgent] working - event_test

[90mstdout[2m | test/phoenixRecoveryLogic.test.ts[2m > [22m[2mPhoenix Protocol v2 - AgentManager Recovery Logic[2m > [22m[2mPhoenix Event Bus Integration[2m > [22m[2mshould publish recovery events during execution
[22m[39m[INFO] [RetryStrategy] Retry 1/2 [TestRecoveryAgent:execute] ÔÇö waiting 1000ms
[INFO] [AgentManager] ├Üjrapr├│b├ílkoz├ís (TestRecoveryAgent)... 1/2 ÔÇö 1000ms v├írakoz├ís

stderr | test/phoenixRecoveryLogic.test.ts > Phoenix Protocol v2 - AgentManager Recovery Logic > Phoenix Event Bus Integration > should publish recovery events during execution
[WARN] [RetryStrategy] Attempt 1 failed [TestRecoveryAgent:execute]: Event test failure

stderr | test/phoenixRecoveryLogic.test.ts > Phoenix Protocol v2 - AgentManager Recovery Logic > Phoenix Event Bus Integration > should publish recovery events during execution
[ERROR] [D1 Adapter] Query failed: Unexpected token '<', "<!DOCTYPE "... is not valid JSON

stderr | test/phoenixRecoveryLogic.test.ts > Phoenix Protocol v2 - AgentManager Recovery Logic > Phoenix Event Bus Integration > should publish recovery events during execution
[ERROR] [GoldenBridge] D1 save failed, falling back to Python: Unexpected token '<', "<!DOCTYPE "... is not valid JSON

stderr | test/phoenixRecoveryLogic.test.ts > Phoenix Protocol v2 - AgentManager Recovery Logic > Phoenix Event Bus Integration > should publish recovery events during execution
[ERROR] [D1 Adapter] Query failed: Unexpected token '<', "<!DOCTYPE "... is not valid JSON

stderr | test/phoenixRecoveryLogic.test.ts > Phoenix Protocol v2 - AgentManager Recovery Logic > Phoenix Event Bus Integration > should publish recovery events during execution
[ERROR] [GoldenBridge] D1 save failed, falling back to Python: Unexpected token '<', "<!DOCTYPE "... is not valid JSON

[90mstdout[2m | test/phoenixRecoveryLogic.test.ts[2m > [22m[2mPhoenix Protocol v2 - AgentManager Recovery Logic[2m > [22m[2mPhoenix Event Bus Integration[2m > [22m[2mshould publish recovery events during execution
[22m[39m[INFO] [GoldenBridge] Sample saved to Python backup from TestRecoveryAgent (quality: 0.70)

[90mstdout[2m | test/phoenixRecoveryLogic.test.ts[2m > [22m[2mPhoenix Protocol v2 - AgentManager Recovery Logic[2m > [22m[2mPhoenix Event Bus Integration[2m > [22m[2mshould publish recovery events during execution
[22m[39m[INFO] [GoldenBridge] Sample saved to Python backup from TestRecoveryAgent (quality: 0.70)

[90mstdout[2m | test/phoenixRecoveryLogic.test.ts[2m > [22m[2mPhoenix Protocol v2 - AgentManager Recovery Logic[2m > [22m[2mPhoenix Event Bus Integration[2m > [22m[2mshould publish recovery events during execution
[22m[39m[STATUS] [TestRecoveryAgent] working - event_test

[90mstdout[2m | test/phoenixRecoveryLogic.test.ts[2m > [22m[2mPhoenix Protocol v2 - AgentManager Recovery Logic[2m > [22m[2mPhoenix Event Bus Integration[2m > [22m[2mshould publish recovery events during execution
[22m[39m[STATUS] [TestRecoveryAgent] idle - event_test

[90mstdout[2m | test/phoenixRecoveryLogic.test.ts[2m > [22m[2mPhoenix Protocol v2 - AgentManager Recovery Logic[2m > [22m[2mPhoenix Event Bus Integration[2m > [22m[2mshould publish recovery events during execution
[22m[39m[INFO] [Checkpoint] Saved: task=event_test step=0 (TestRecoveryAgent:success)

[90mstdout[2m | test/phoenixRecoveryLogic.test.ts[2m > [22m[2mPhoenix Protocol v2 - AgentManager Recovery Logic[2m > [22m[2mPhoenix Event Bus Integration[2m > [22m[2mshould publish recovery events during execution
[22m[39m[INFO] [AgentTracer] [SPAN END] TestRecoveryAgent::execute success (1.0s)

[90mstdout[2m | test/phoenixRecoveryLogic.test.ts[2m > [22m[2mPhoenix Protocol v2 - AgentManager Recovery Logic[2m > [22m[2mPhoenix Event Bus Integration[2m > [22m[2mshould publish recovery events during execution
[22m[39m[INFO] [AgentManager] [Phoenix Recovery] Success on attempt 1
[INFO] [PhoenixEventBus] Event: phoenix:recovery

[90mstdout[2m | test/phoenixRecoveryLogic.test.ts[2m > [22m[2mPhoenix Protocol v2 - AgentManager Recovery Logic[2m > [22m[2mIntegration with Heartbeat Monitor[2m > [22m[2mshould work alongside heartbeat monitoring
[22m[39m[INFO] [AgentManager] [Phoenix Recovery] Starting execution: TestRecoveryAgent - heartbeat_integration...
[INFO] [AgentTracer] [SPAN START] TestRecoveryAgent::execute (trace=dc9f8d5a, span=8ab4de54)

stderr | test/phoenixRecoveryLogic.test.ts > Phoenix Protocol v2 - AgentManager Recovery Logic > Integration with Heartbeat Monitor > should work alongside heartbeat monitoring
[WARN] [ToolPermissions] Tool agent_delegate not in permission map - allowing by default

[90mstdout[2m | test/phoenixRecoveryLogic.test.ts[2m > [22m[2mPhoenix Protocol v2 - AgentManager Recovery Logic[2m > [22m[2mIntegration with Heartbeat Monitor[2m > [22m[2mshould work alongside heartbeat monitoring
[22m[39m[STATUS] [TestRecoveryAgent] working - heartbeat_integration

[90mstdout[2m | test/phoenixRecoveryLogic.test.ts[2m > [22m[2mPhoenix Protocol v2 - AgentManager Recovery Logic[2m > [22m[2mIntegration with Heartbeat Monitor[2m > [22m[2mshould work alongside heartbeat monitoring
[22m[39m[STATUS] [TestRecoveryAgent] idle - heartbeat_integration

[90mstdout[2m | test/phoenixRecoveryLogic.test.ts[2m > [22m[2mPhoenix Protocol v2 - AgentManager Recovery Logic[2m > [22m[2mIntegration with Heartbeat Monitor[2m > [22m[2mshould work alongside heartbeat monitoring
[22m[39m[INFO] [Checkpoint] Saved: task=heartbeat_integration step=0 (TestRecoveryAgent:success)

[90mstdout[2m | test/phoenixRecoveryLogic.test.ts[2m > [22m[2mPhoenix Protocol v2 - AgentManager Recovery Logic[2m > [22m[2mIntegration with Heartbeat Monitor[2m > [22m[2mshould work alongside heartbeat monitoring
[22m[39m[INFO] [AgentTracer] [SPAN END] TestRecoveryAgent::execute success (2ms)

[90mstdout[2m | test/phoenixRecoveryLogic.test.ts[2m > [22m[2mPhoenix Protocol v2 - AgentManager Recovery Logic[2m > [22m[2mIntegration with Heartbeat Monitor[2m > [22m[2mshould work alongside heartbeat monitoring
[22m[39m[INFO] [AgentManager] [Phoenix Recovery] Success on attempt 1
[INFO] [PhoenixEventBus] Event: phoenix:recovery

[90mstdout[2m | test/phoenixRecoveryLogic.test.ts[2m > [22m[2mPhoenix Protocol v2 - AgentManager Recovery Logic
[22m[39m[INFO] [Checkpoint] Cleared 0 checkpoints for task=TestRecoveryAgent:test_task

 [32mÔťô[39m test/phoenixRecoveryLogic.test.ts [2m([22m[2m9 tests[22m[2m | [22m[33m4 skipped[39m[2m)[22m[33m 5736[2mms[22m[39m
   [33m[2mÔťô[22m[39m Phoenix Protocol v2 - AgentManager Recovery Logic[2m > [22mState Restoration[2m > [22mshould restore state from checkpoint if available [33m 1018[2mms[22m[39m
   [33m[2mÔťô[22m[39m Phoenix Protocol v2 - AgentManager Recovery Logic[2m > [22mPhoenix Event Bus Integration[2m > [22mshould publish recovery events during execution [33m 1020[2mms[22m[39m
[90mstdout[2m | test/agent_health_matrix.test.ts[2m > [22m[2mAgent Health Matrix[2m > [22m[2mAgent: 'agent_architect'[2m > [22m[2mshould be importable and have correct export
[22m[39m[INFO] [AIGateway] Ôťů AI Gateway v3.0 initialized: CF Workers AI (@cf/meta/llama-3.1-8b-instruct)

[90mstdout[2m | test/agent_health_matrix.test.ts[2m > [22m[2mAgent Health Matrix[2m > [22m[2mAgent: 'CampaignGenerator'[2m > [22m[2mshould be importable and have correct export
[22m[39m[INFO] [GlobalDb] Database opened: F:\mcp-brunella-core\data\brunella.db
[INFO] [GlobalDb] Schema initialized
[INFO] [StructuredMemory] Structured memory DB initialized

[90mstdout[2m | test/agent_health_matrix.test.ts[2m > [22m[2mAgent Health Matrix[2m > [22m[2mAgent: 'CampaignGenerator'[2m > [22m[2mshould be importable and have correct export
[22m[39m[INFO] [EventBus] Singleton connected to F:\mcp-brunella-core\data\brunella.db

[90mstdout[2m | test/agent_health_matrix.test.ts[2m > [22m[2mAgent Health Matrix[2m > [22m[2mAgent: 'CampaignGenerator'[2m > [22m[2mshould be importable and have correct export
[22m[39m[INFO] [SwarmManager] Colony created: Triad (triad-default)
[INFO] [System] Triad colony initialized: researcher, DataScientist, Developer

[90mstdout[2m | test/agent_health_matrix.test.ts[2m > [22m[2mAgent Health Matrix[2m > [22m[2mAgent: 'DataScientist'[2m > [22m[2mshould be instantiable
[22m[39m[INFO] [DataScientist] E2B sandbox mode enabled (secure isolation)

[90mstdout[2m | test/agent_health_matrix.test.ts[2m > [22m[2mAgent Health Matrix[2m > [22m[2mAgent: 'Developer'[2m > [22m[2mshould be importable and have correct export
[22m[39m[INFO] [BifrostGateway] Enabled providers: ollama, gemini, github, anthropic, cloudflare
[INFO] [BifrostGateway] Initialized with 5 provider adapters (Ollama, Gemini, GitHub, Anthropic, Cloudflare)

[90mstdout[2m | test/agent_health_matrix.test.ts[2m > [22m[2mAgent Health Matrix[2m > [22m[2mAgent: 'github_models'[2m > [22m[2mshould be instantiable
[22m[39m[INFO] [GitHubModels] Initialized (model=gpt-4.1, tools=0)

 [32mÔťô[39m test/agent_health_matrix.test.ts [2m([22m[2m164 tests[22m[2m)[22m[33m 3681[2mms[22m[39m
   [33m[2mÔťô[22m[39m Agent Health Matrix[2m > [22mAgent: 'agent_architect'[2m > [22mshould be importable and have correct export [33m 324[2mms[22m[39m
   [33m[2mÔťô[22m[39m Agent Health Matrix[2m > [22mAgent: 'ChromeDevTools'[2m > [22mshould be importable and have correct export [33m 492[2mms[22m[39m
   [33m[2mÔťô[22m[39m Agent Health Matrix[2m > [22mAgent: 'CampaignGenerator'[2m > [22mshould be importable and have correct export [33m 750[2mms[22m[39m
   [33m[2mÔťô[22m[39m Agent Health Matrix[2m > [22mAgent: 'finance_guardian'[2m > [22mshould be importable and have correct export [33m 1302[2mms[22m[39m
[90mstdout[2m | test/persistentBrowser.test.ts[2m > [22m[2mPersistent Browser (RobotkezV2 - Phase 1)
[22m[39m[INFO] [PersistentBrowser] Starting browser process: .venv/Scripts/python.exe F:\mcp-brunella-core\myai\interactive_browser.py

stderr | test/persistentBrowser.test.ts > Persistent Browser (RobotkezV2 - Phase 1)
[ERROR] [PersistentBrowser] Python stderr: [Robotk´┐Żz] B´┐Żng´┐Ższ´┐Ż ind´┐Żt´┐Żs: headless=True, viewport=1280x720


 [32mÔťô[39m test/persistentBrowser.test.ts [2m([22m[2m9 tests[22m[2m)[22m[33m 9643[2mms[22m[39m
   [33m[2mÔťô[22m[39m Persistent Browser (RobotkezV2 - Phase 1)[2m > [22mshould navigate to a URL [33m 3200[2mms[22m[39m
   [33m[2mÔťô[22m[39m Persistent Browser (RobotkezV2 - Phase 1)[2m > [22mshould handle timeout on wait for non-existent element [33m 2096[2mms[22m[39m
[90mstdout[2m | test/rag.test.ts
[22m[39m[INFO] [AIGateway] Ôťů AI Gateway v3.0 initialized: CF Workers AI (@cf/meta/llama-3.1-8b-instruct)

[90mstdout[2m | test/rag.test.ts[2m > [22m[2mRAG Vector Search[2m > [22m[2mshould index and retrieve documents using vector similarity
[22m[39m[INFO] [RAG] Document indexed: unknown

[90mstdout[2m | test/rag.test.ts[2m > [22m[2mRAG Vector Search[2m > [22m[2mshould index and retrieve documents using vector similarity
[22m[39m[INFO] [RAG] Document indexed: unknown

[90mstdout[2m | test/rag.test.ts[2m > [22m[2mRAG Vector Search[2m > [22m[2mshould index and retrieve documents using vector similarity
[22m[39m[INFO] [RAG] Document indexed: unknown

 [32mÔťô[39m test/rag.test.ts [2m([22m[2m1 test[22m[2m)[22m[33m 3127[2mms[22m[39m
   [33m[2mÔťô[22m[39m RAG Vector Search[2m > [22mshould index and retrieve documents using vector similarity [33m 3118[2mms[22m[39m
 [32mÔťô[39m test/backgroundTaskManager.test.ts [2m([22m[2m25 tests[22m[2m)[22m[33m 3553[2mms[22m[39m
   [33m[2mÔťô[22m[39m BackgroundTaskManager (Phase 4)[2m > [22mCheckpoint System (Phoenix Protocol)[2m > [22mshould create checkpoint every 3 steps [33m 306[2mms[22m[39m
   [33m[2mÔťô[22m[39m BackgroundTaskManager (Phase 4)[2m > [22mCheckpoint System (Phoenix Protocol)[2m > [22mshould replay steps from last checkpoint [33m 474[2mms[22m[39m
[90mstdout[2m | test/metricsArchiveService.test.ts[2m > [22m[2mMetricsArchiveService[2m > [22m[2mshould archive a metric with timestamp and labels
[22m[39m[INFO] [metricsArchive] Archived metric: fleet_requests_total = 1000

[90mstdout[2m | test/metricsArchiveService.test.ts[2m > [22m[2mMetricsArchiveService[2m > [22m[2mshould retrieve metrics history by fleet and time range
[22m[39m[INFO] [metricsArchive] Archived metric: fleet_requests_total = 100

[90mstdout[2m | test/metricsArchiveService.test.ts[2m > [22m[2mMetricsArchiveService[2m > [22m[2mshould retrieve metrics history by fleet and time range
[22m[39m[INFO] [metricsArchive] Archived metric: fleet_errors_total = 5

[90mstdout[2m | test/metricsArchiveService.test.ts[2m > [22m[2mMetricsArchiveService[2m > [22m[2mshould retrieve metrics history by fleet and time range
[22m[39m[INFO] [metricsArchive] Retrieved 2 metric records

[90mstdout[2m | test/metricsArchiveService.test.ts[2m > [22m[2mMetricsArchiveService[2m > [22m[2mshould delete metrics older than retention period
[22m[39m[INFO] [metricsArchive] Archived metric: fleet_requests_total = 100

[90mstdout[2m | test/metricsArchiveService.test.ts[2m > [22m[2mMetricsArchiveService[2m > [22m[2mshould delete metrics older than retention period
[22m[39m[INFO] [metricsArchive] Archived metric: fleet_requests_total = 200

[90mstdout[2m | test/metricsArchiveService.test.ts[2m > [22m[2mMetricsArchiveService[2m > [22m[2mshould delete metrics older than retention period
[22m[39m[INFO] [metricsArchive] Cleanup: deleted 1 metrics older than 30 days

[90mstdout[2m | test/metricsArchiveService.test.ts[2m > [22m[2mMetricsArchiveService[2m > [22m[2mshould aggregate metrics (avg, min, max)
[22m[39m[INFO] [metricsArchive] Archived metric: worker_latency_ms = 50

[90mstdout[2m | test/metricsArchiveService.test.ts[2m > [22m[2mMetricsArchiveService[2m > [22m[2mshould aggregate metrics (avg, min, max)
[22m[39m[INFO] [metricsArchive] Archived metric: worker_latency_ms = 100

[90mstdout[2m | test/metricsArchiveService.test.ts[2m > [22m[2mMetricsArchiveService[2m > [22m[2mshould aggregate metrics (avg, min, max)
[22m[39m[INFO] [metricsArchive] Archived metric: worker_latency_ms = 150

[90mstdout[2m | test/metricsArchiveService.test.ts[2m > [22m[2mMetricsArchiveService[2m > [22m[2mshould aggregate metrics (avg, min, max)
[22m[39m[INFO] [metricsArchive] Aggregated 1 metric groups for fleet fleet-1

[90mstdout[2m | test/metricsArchiveService.test.ts[2m > [22m[2mMetricsArchiveService[2m > [22m[2mshould get latest metrics snapshot per worker
[22m[39m[INFO] [metricsArchive] Archived metric: latency_p95 = 100

[90mstdout[2m | test/metricsArchiveService.test.ts[2m > [22m[2mMetricsArchiveService[2m > [22m[2mshould get latest metrics snapshot per worker
[22m[39m[INFO] [metricsArchive] Archived metric: latency_p95 = 120

[90mstdout[2m | test/metricsArchiveService.test.ts[2m > [22m[2mMetricsArchiveService[2m > [22m[2mshould get latest metrics snapshot per worker
[22m[39m[INFO] [metricsArchive] Got latest snapshot for 1 workers

[90mstdout[2m | test/metricsArchiveService.test.ts[2m > [22m[2mMetricsArchiveService[2m > [22m[2mshould initialize archive on startup with cleanup
[22m[39m[INFO] [metricsArchive] Archived metric: fleet_requests_total = 100

[90mstdout[2m | test/metricsArchiveService.test.ts[2m > [22m[2mMetricsArchiveService[2m > [22m[2mshould initialize archive on startup with cleanup
[22m[39m[INFO] [metricsArchive] Cleanup: deleted 0 metrics older than 30 days

[90mstdout[2m | test/metricsArchiveService.test.ts[2m > [22m[2mMetricsArchiveService[2m > [22m[2mshould initialize archive on startup with cleanup
[22m[39m[INFO] [metricsArchive] Initialized - current archive size: 1 records

[90mstdout[2m | test/metricsArchiveService.test.ts[2m > [22m[2mMetricsArchiveService[2m > [22m[2mshould handle concurrent archiving
[22m[39m[INFO] [metricsArchive] Archived metric: metric_0 = 0
[INFO] [metricsArchive] Archived metric: metric_1 = 10
[INFO] [metricsArchive] Archived metric: metric_2 = 20
[INFO] [metricsArchive] Archived metric: metric_3 = 30
[INFO] [metricsArchive] Archived metric: metric_4 = 40
[INFO] [metricsArchive] Archived metric: metric_5 = 50
[INFO] [metricsArchive] Archived metric: metric_6 = 60
[INFO] [metricsArchive] Archived metric: metric_7 = 70
[INFO] [metricsArchive] Archived metric: metric_8 = 80
[INFO] [metricsArchive] Archived metric: metric_9 = 90

 [32mÔťô[39m test/metricsArchiveService.test.ts [2m([22m[2m7 tests[22m[2m)[22m[33m 2585[2mms[22m[39m
   [33m[2mÔťô[22m[39m MetricsArchiveService[2m > [22mshould archive a metric with timestamp and labels [33m 374[2mms[22m[39m
   [33m[2mÔťô[22m[39m MetricsArchiveService[2m > [22mshould retrieve metrics history by fleet and time range [33m 363[2mms[22m[39m
   [33m[2mÔťô[22m[39m MetricsArchiveService[2m > [22mshould delete metrics older than retention period [33m 365[2mms[22m[39m
   [33m[2mÔťô[22m[39m MetricsArchiveService[2m > [22mshould aggregate metrics (avg, min, max) [33m 371[2mms[22m[39m
   [33m[2mÔťô[22m[39m MetricsArchiveService[2m > [22mshould get latest metrics snapshot per worker [33m 351[2mms[22m[39m
   [33m[2mÔťô[22m[39m MetricsArchiveService[2m > [22mshould initialize archive on startup with cleanup [33m 351[2mms[22m[39m
   [33m[2mÔťô[22m[39m MetricsArchiveService[2m > [22mshould handle concurrent archiving [33m 408[2mms[22m[39m
[90mstdout[2m | test/workerThreadPool.test.ts[2m > [22m[2mWorkerThreadPool[2m > [22m[2mPool Initialization[2m > [22m[2mshould create minimum number of workers on init
[22m[39m[INFO] [WorkerPool] Initializing pool: min=2, max=5
[INFO] [WorkerPool] Worker thread started: 425

[90mstdout[2m | test/workerThreadPool.test.ts[2m > [22m[2mWorkerThreadPool[2m > [22m[2mPool Initialization[2m > [22m[2mshould create minimum number of workers on init
[22m[39m[INFO] [WorkerPool] Worker thread started: 719

[90mstdout[2m | test/workerThreadPool.test.ts[2m > [22m[2mWorkerThreadPool[2m > [22m[2mPool Initialization[2m > [22m[2mshould create minimum number of workers on init
[22m[39m[INFO] [WorkerPool] Pool initialized with 2 workers

[90mstdout[2m | test/workerThreadPool.test.ts[2m > [22m[2mWorkerThreadPool[2m > [22m[2mPool Initialization[2m > [22m[2mshould create minimum number of workers on init
[22m[39m[INFO] [WorkerPool] Shutting down pool...
[INFO] [WorkerPool] Worker thread started: 801
[INFO] [WorkerPool] Worker thread started: 302

[90mstdout[2m | test/workerThreadPool.test.ts[2m > [22m[2mWorkerThreadPool[2m > [22m[2mPool Initialization[2m > [22m[2mshould create minimum number of workers on init
[22m[39m[INFO] [WorkerPool] Pool shutdown complete

[90mstdout[2m | test/workerThreadPool.test.ts[2m > [22m[2mWorkerThreadPool[2m > [22m[2mPool Initialization[2m > [22m[2mshould report correct initial stats
[22m[39m[INFO] [WorkerPool] Initializing pool: min=2, max=5
[INFO] [WorkerPool] Worker thread started: 83

[90mstdout[2m | test/workerThreadPool.test.ts[2m > [22m[2mWorkerThreadPool[2m > [22m[2mPool Initialization[2m > [22m[2mshould report correct initial stats
[22m[39m[INFO] [WorkerPool] Worker thread started: 591

[90mstdout[2m | test/workerThreadPool.test.ts[2m > [22m[2mWorkerThreadPool[2m > [22m[2mPool Initialization[2m > [22m[2mshould report correct initial stats
[22m[39m[INFO] [WorkerPool] Pool initialized with 2 workers

[90mstdout[2m | test/workerThreadPool.test.ts[2m > [22m[2mWorkerThreadPool[2m > [22m[2mPool Initialization[2m > [22m[2mshould report correct initial stats
[22m[39m[INFO] [WorkerPool] Shutting down pool...
[INFO] [WorkerPool] Worker thread started: 57
[INFO] [WorkerPool] Worker thread started: 73

[90mstdout[2m | test/workerThreadPool.test.ts[2m > [22m[2mWorkerThreadPool[2m > [22m[2mPool Initialization[2m > [22m[2mshould report correct initial stats
[22m[39m[INFO] [WorkerPool] Pool shutdown complete

[90mstdout[2m | test/workerThreadPool.test.ts[2m > [22m[2mWorkerThreadPool[2m > [22m[2mTask Execution[2m > [22m[2mshould execute simple Python code
[22m[39m[INFO] [WorkerPool] Initializing pool: min=2, max=5
[INFO] [WorkerPool] Worker thread started: 587

[90mstdout[2m | test/workerThreadPool.test.ts[2m > [22m[2mWorkerThreadPool[2m > [22m[2mTask Execution[2m > [22m[2mshould execute simple Python code
[22m[39m[INFO] [WorkerPool] Worker thread started: 420

[90mstdout[2m | test/workerThreadPool.test.ts[2m > [22m[2mWorkerThreadPool[2m > [22m[2mTask Execution[2m > [22m[2mshould execute simple Python code
[22m[39m[INFO] [WorkerPool] Pool initialized with 2 workers

[90mstdout[2m | test/workerThreadPool.test.ts[2m > [22m[2mWorkerThreadPool[2m > [22m[2mTask Execution[2m > [22m[2mshould execute simple Python code
[22m[39m[INFO] [WorkerPool] Shutting down pool...
[INFO] [WorkerPool] Worker thread started: 390
[INFO] [WorkerPool] Worker thread started: 716

[90mstdout[2m | test/workerThreadPool.test.ts[2m > [22m[2mWorkerThreadPool[2m > [22m[2mTask Execution[2m > [22m[2mshould execute simple Python code
[22m[39m[INFO] [WorkerPool] Pool shutdown complete

[90mstdout[2m | test/workerThreadPool.test.ts[2m > [22m[2mWorkerThreadPool[2m > [22m[2mTask Execution[2m > [22m[2mshould execute simple JavaScript code
[22m[39m[INFO] [WorkerPool] Initializing pool: min=2, max=5
[INFO] [WorkerPool] Worker thread started: 456

[90mstdout[2m | test/workerThreadPool.test.ts[2m > [22m[2mWorkerThreadPool[2m > [22m[2mTask Execution[2m > [22m[2mshould execute simple JavaScript code
[22m[39m[INFO] [WorkerPool] Worker thread started: 560

[90mstdout[2m | test/workerThreadPool.test.ts[2m > [22m[2mWorkerThreadPool[2m > [22m[2mTask Execution[2m > [22m[2mshould execute simple JavaScript code
[22m[39m[INFO] [WorkerPool] Pool initialized with 2 workers

[90mstdout[2m | test/workerThreadPool.test.ts[2m > [22m[2mWorkerThreadPool[2m > [22m[2mTask Execution[2m > [22m[2mshould execute simple JavaScript code
[22m[39m[INFO] [WorkerPool] Shutting down pool...
[INFO] [WorkerPool] Worker thread started: 246
[INFO] [WorkerPool] Worker thread started: 234

[90mstdout[2m | test/workerThreadPool.test.ts[2m > [22m[2mWorkerThreadPool[2m > [22m[2mTask Execution[2m > [22m[2mshould execute simple JavaScript code
[22m[39m[INFO] [WorkerPool] Pool shutdown complete

[90mstdout[2m | test/workerThreadPool.test.ts[2m > [22m[2mWorkerThreadPool[2m > [22m[2mTask Execution[2m > [22m[2mshould handle code execution errors
[22m[39m[INFO] [WorkerPool] Initializing pool: min=2, max=5
[INFO] [WorkerPool] Worker thread started: 52

[90mstdout[2m | test/workerThreadPool.test.ts[2m > [22m[2mWorkerThreadPool[2m > [22m[2mTask Execution[2m > [22m[2mshould handle code execution errors
[22m[39m[INFO] [WorkerPool] Worker thread started: 179

[90mstdout[2m | test/workerThreadPool.test.ts[2m > [22m[2mWorkerThreadPool[2m > [22m[2mTask Execution[2m > [22m[2mshould handle code execution errors
[22m[39m[INFO] [WorkerPool] Pool initialized with 2 workers

[90mstdout[2m | test/workerThreadPool.test.ts[2m > [22m[2mWorkerThreadPool[2m > [22m[2mTask Execution[2m > [22m[2mshould handle code execution errors
[22m[39m[INFO] [WorkerPool] Shutting down pool...
[INFO] [WorkerPool] Worker thread started: 143
[INFO] [WorkerPool] Worker thread started: 215

[90mstdout[2m | test/workerThreadPool.test.ts[2m > [22m[2mWorkerThreadPool[2m > [22m[2mTask Execution[2m > [22m[2mshould handle code execution errors
[22m[39m[INFO] [WorkerPool] Pool shutdown complete

[90mstdout[2m | test/workerThreadPool.test.ts[2m > [22m[2mWorkerThreadPool[2m > [22m[2mTask Execution[2m > [22m[2mshould timeout long-running tasks
[22m[39m[INFO] [WorkerPool] Initializing pool: min=2, max=5
[INFO] [WorkerPool] Worker thread started: 127

[90mstdout[2m | test/workerThreadPool.test.ts[2m > [22m[2mWorkerThreadPool[2m > [22m[2mTask Execution[2m > [22m[2mshould timeout long-running tasks
[22m[39m[INFO] [WorkerPool] Worker thread started: 627

[90mstdout[2m | test/workerThreadPool.test.ts[2m > [22m[2mWorkerThreadPool[2m > [22m[2mTask Execution[2m > [22m[2mshould timeout long-running tasks
[22m[39m[INFO] [WorkerPool] Pool initialized with 2 workers

[90mstdout[2m | test/workerThreadPool.test.ts[2m > [22m[2mWorkerThreadPool[2m > [22m[2mTask Execution[2m > [22m[2mshould timeout long-running tasks
[22m[39m[INFO] [WorkerPool] Worker thread started: 487

stderr | test/workerThreadPool.test.ts > WorkerThreadPool > Task Execution > should timeout long-running tasks
[ERROR] [WorkerPool] Task test-timeout-1 failed: Task test-timeout-1 timed out

[90mstdout[2m | test/workerThreadPool.test.ts[2m > [22m[2mWorkerThreadPool[2m > [22m[2mTask Execution[2m > [22m[2mshould timeout long-running tasks
[22m[39m[INFO] [WorkerPool] Shutting down pool...
[INFO] [WorkerPool] Worker thread started: 470
[INFO] [WorkerPool] Worker thread started: 758

[90mstdout[2m | test/workerThreadPool.test.ts[2m > [22m[2mWorkerThreadPool[2m > [22m[2mTask Execution[2m > [22m[2mshould timeout long-running tasks
[22m[39m[INFO] [WorkerPool] Pool shutdown complete

[90mstdout[2m | test/workerThreadPool.test.ts[2m > [22m[2mWorkerThreadPool[2m > [22m[2mQueue Management[2m > [22m[2mshould queue tasks when all workers are busy
[22m[39m[INFO] [WorkerPool] Initializing pool: min=2, max=5
[INFO] [WorkerPool] Worker thread started: 226

[90mstdout[2m | test/workerThreadPool.test.ts[2m > [22m[2mWorkerThreadPool[2m > [22m[2mQueue Management[2m > [22m[2mshould queue tasks when all workers are busy
[22m[39m[INFO] [WorkerPool] Worker thread started: 352

[90mstdout[2m | test/workerThreadPool.test.ts[2m > [22m[2mWorkerThreadPool[2m > [22m[2mQueue Management[2m > [22m[2mshould queue tasks when all workers are busy
[22m[39m[INFO] [WorkerPool] Pool initialized with 2 workers

[90mstdout[2m | test/workerThreadPool.test.ts[2m > [22m[2mWorkerThreadPool[2m > [22m[2mQueue Management[2m > [22m[2mshould queue tasks when all workers are busy
[22m[39m[INFO] [WorkerPool] Worker thread started: 449
[INFO] [WorkerPool] Worker thread started: 153
[INFO] [WorkerPool] Worker thread started: 167
[INFO] [WorkerPool] Worker thread started: 990
[INFO] [WorkerPool] Worker thread started: 810
[INFO] [WorkerPool] Worker thread started: 831

[90mstdout[2m | test/workerThreadPool.test.ts[2m > [22m[2mWorkerThreadPool[2m > [22m[2mQueue Management[2m > [22m[2mshould queue tasks when all workers are busy
[22m[39m[INFO] [WorkerPool] Shutting down pool...
[INFO] [WorkerPool] Worker thread started: 793
[INFO] [WorkerPool] Worker thread started: 821

[90mstdout[2m | test/workerThreadPool.test.ts[2m > [22m[2mWorkerThreadPool[2m > [22m[2mQueue Management[2m > [22m[2mshould queue tasks when all workers are busy
[22m[39m[INFO] [WorkerPool] Pool shutdown complete

[90mstdout[2m | test/workerThreadPool.test.ts[2m > [22m[2mWorkerThreadPool[2m > [22m[2mPool Scaling[2m > [22m[2mshould update stats correctly after task completion
[22m[39m[INFO] [WorkerPool] Initializing pool: min=2, max=5
[INFO] [WorkerPool] Worker thread started: 892

[90mstdout[2m | test/workerThreadPool.test.ts[2m > [22m[2mWorkerThreadPool[2m > [22m[2mPool Scaling[2m > [22m[2mshould update stats correctly after task completion
[22m[39m[INFO] [WorkerPool] Worker thread started: 490

[90mstdout[2m | test/workerThreadPool.test.ts[2m > [22m[2mWorkerThreadPool[2m > [22m[2mPool Scaling[2m > [22m[2mshould update stats correctly after task completion
[22m[39m[INFO] [WorkerPool] Pool initialized with 2 workers

[90mstdout[2m | test/workerThreadPool.test.ts[2m > [22m[2mWorkerThreadPool[2m > [22m[2mPool Scaling[2m > [22m[2mshould update stats correctly after task completion
[22m[39m[INFO] [WorkerPool] Shutting down pool...
[INFO] [WorkerPool] Worker thread started: 822
[INFO] [WorkerPool] Worker thread started: 142

[90mstdout[2m | test/workerThreadPool.test.ts[2m > [22m[2mWorkerThreadPool[2m > [22m[2mPool Scaling[2m > [22m[2mshould update stats correctly after task completion
[22m[39m[INFO] [WorkerPool] Pool shutdown complete

[90mstdout[2m | test/workerThreadPool.test.ts[2m > [22m[2mWorkerThreadPool[2m > [22m[2mPool Shutdown[2m > [22m[2mshould shutdown gracefully
[22m[39m[INFO] [WorkerPool] Initializing pool: min=2, max=5
[INFO] [WorkerPool] Worker thread started: 828

[90mstdout[2m | test/workerThreadPool.test.ts[2m > [22m[2mWorkerThreadPool[2m > [22m[2mPool Shutdown[2m > [22m[2mshould shutdown gracefully
[22m[39m[INFO] [WorkerPool] Worker thread started: 81

[90mstdout[2m | test/workerThreadPool.test.ts[2m > [22m[2mWorkerThreadPool[2m > [22m[2mPool Shutdown[2m > [22m[2mshould shutdown gracefully
[22m[39m[INFO] [WorkerPool] Pool initialized with 2 workers

[90mstdout[2m | test/workerThreadPool.test.ts[2m > [22m[2mWorkerThreadPool[2m > [22m[2mPool Shutdown[2m > [22m[2mshould shutdown gracefully
[22m[39m[INFO] [WorkerPool] Shutting down pool...
[INFO] [WorkerPool] Worker thread started: 404
[INFO] [WorkerPool] Worker thread started: 276

[90mstdout[2m | test/workerThreadPool.test.ts[2m > [22m[2mWorkerThreadPool[2m > [22m[2mPool Shutdown[2m > [22m[2mshould shutdown gracefully
[22m[39m[INFO] [WorkerPool] Pool shutdown complete

[90mstdout[2m | test/workerThreadPool.test.ts[2m > [22m[2mWorkerThreadPool[2m > [22m[2mPool Shutdown[2m > [22m[2mshould shutdown gracefully
[22m[39m[INFO] [WorkerPool] Shutting down pool...

[90mstdout[2m | test/workerThreadPool.test.ts[2m > [22m[2mWorkerThreadPool[2m > [22m[2mPool Shutdown[2m > [22m[2mshould shutdown gracefully
[22m[39m[INFO] [WorkerPool] Pool shutdown complete

 [32mÔťô[39m test/workerThreadPool.test.ts [2m([22m[2m13 tests[22m[2m | [22m[33m4 skipped[39m[2m)[22m[33m 2446[2mms[22m[39m
   [33m[2mÔťô[22m[39m WorkerThreadPool[2m > [22mTask Execution[2m > [22mshould timeout long-running tasks [33m 2008[2mms[22m[39m
 [32mÔťô[39m test/project_conductor_living_docs.test.ts [2m([22m[2m3 tests[22m[2m | [22m[33m1 skipped[39m[2m)[22m[33m 1279[2mms[22m[39m
   [33m[2mÔťô[22m[39m ProjectConductor Living Documentation[2m > [22mdoes not recreate docs that already exist [33m 1223[2mms[22m[39m
[90mstdout[2m | test/smoke-phase4.vitest.ts[2m > [22m[2mPhase 4 ÔÇö userId threading[2m > [22m[2mUniversalRequest interf├ęsz tartalmazza a userId mez┼Ĺt
[22m[39m[INFO] [AIGateway] Ôťů AI Gateway v3.0 initialized: CF Workers AI (@cf/meta/llama-3.1-8b-instruct)

[90mstdout[2m | test/smoke-phase4.vitest.ts[2m > [22m[2mPhase 4 ÔÇö userId threading[2m > [22m[2mUniversalRequest interf├ęsz tartalmazza a userId mez┼Ĺt
[22m[39m[INFO] [BifrostGateway] Enabled providers: ollama, gemini, github, anthropic, cloudflare
[INFO] [BifrostGateway] Initialized with 5 provider adapters (Ollama, Gemini, GitHub, Anthropic, Cloudflare)

[90mstdout[2m | test/smoke-phase4.vitest.ts[2m > [22m[2mPhase 4 ÔÇö userId threading[2m > [22m[2mUniversalRequest interf├ęsz tartalmazza a userId mez┼Ĺt
[22m[39m[INFO] [EventBus] Singleton connected to F:\mcp-brunella-core\data\brunella.db

[90mstdout[2m | test/smoke-phase4.vitest.ts[2m > [22m[2mPhase 4 ÔÇö userId threading[2m > [22m[2mUniversalRequest interf├ęsz tartalmazza a userId mez┼Ĺt
[22m[39m[INFO] [SwarmManager] Colony created: Triad (triad-default)
[INFO] [System] Triad colony initialized: researcher, DataScientist, Developer

[90mstdout[2m | test/smoke-phase4.vitest.ts[2m > [22m[2mPhase 4 ÔÇö userId threading[2m > [22m[2mBifrostGateway GenerateOptions fogadja a userId mez┼Ĺt
[22m[39m[INFO] [BifrostGateway] Enabled providers: ollama, gemini, github, anthropic, cloudflare
[INFO] [BifrostGateway] Initialized with 5 provider adapters (Ollama, Gemini, GitHub, Anthropic, Cloudflare)

[90mstdout[2m | test/smoke-phase4.vitest.ts[2m > [22m[2mPhase 4 ÔÇö LLM Observability DB[2m > [22m[2mrecordLlmCall ├şr az adatb├ízisba
[22m[39m[INFO] [GlobalDb] Database opened: F:\mcp-brunella-core\data\brunella.db
[INFO] [GlobalDb] Schema initialized

 [32mÔťô[39m test/smoke-phase4.vitest.ts [2m([22m[2m13 tests[22m[2m)[22m[33m 1066[2mms[22m[39m
   [33m[2mÔťô[22m[39m Phase 4 ÔÇö userId threading[2m > [22mUniversalRequest interf├ęsz tartalmazza a userId mez┼Ĺt [33m 903[2mms[22m[39m
[90mstdout[2m | test/approval_manager.test.ts[2m > [22m[2mApprovalManager[2m > [22m[2mshould create a request and return an ID
[22m[39m[INFO] [ApprovalManager] New approval request [51302038-533a-4229-8cf7-063c9251e102]: command_exec - Run rm -rf

[90mstdout[2m | test/approval_manager.test.ts[2m > [22m[2mApprovalManager[2m > [22m[2mshould resolve waitForResult true when approved
[22m[39m[INFO] [ApprovalManager] New approval request [0261034b-6eab-4d69-84fe-287aa5d67dac]: file_edit - Edit config

[90mstdout[2m | test/approval_manager.test.ts[2m > [22m[2mApprovalManager[2m > [22m[2mshould resolve waitForResult true when approved
[22m[39m[INFO] [ApprovalManager] Request [0261034b-6eab-4d69-84fe-287aa5d67dac] approved

[90mstdout[2m | test/approval_manager.test.ts[2m > [22m[2mApprovalManager[2m > [22m[2mshould resolve waitForResult false when rejected
[22m[39m[INFO] [ApprovalManager] New approval request [f04b335c-4ae9-4f9c-a2fc-2766a46523c9]: critical_action - Delete DB

[90mstdout[2m | test/approval_manager.test.ts[2m > [22m[2mApprovalManager[2m > [22m[2mshould resolve waitForResult false when rejected
[22m[39m[INFO] [ApprovalManager] Request [f04b335c-4ae9-4f9c-a2fc-2766a46523c9] rejected

[90mstdout[2m | test/approval_manager.test.ts[2m > [22m[2mApprovalManager[2m > [22m[2mshould time out and expire
[22m[39m[INFO] [ApprovalManager] New approval request [e31d32c4-7146-43c0-9bc9-1e05ed1664c8]: command_exec - Sleep

stderr | test/approval_manager.test.ts > ApprovalManager > should time out and expire
[WARN] [ApprovalManager] Request [e31d32c4-7146-43c0-9bc9-1e05ed1664c8] expired

[90mstdout[2m | test/approval_manager.test.ts[2m > [22m[2mApprovalManager[2m > [22m[2mshould prevent responding to expired requests
[22m[39m[INFO] [ApprovalManager] New approval request [2ff8214d-b643-45d7-8da5-14747e68c562]: command_exec - Quick

stderr | test/approval_manager.test.ts > ApprovalManager > should prevent responding to expired requests
[WARN] [ApprovalManager] Attempted to respond to expired request [2ff8214d-b643-45d7-8da5-14747e68c562]

[90mstdout[2m | test/approval_manager.test.ts[2m > [22m[2mApprovalManager[2m > [22m[2mshould list requests by status
[22m[39m[INFO] [ApprovalManager] New approval request [d061abf3-b723-4afd-8dca-9efdc74fcfc0]: file_edit - One

[90mstdout[2m | test/approval_manager.test.ts[2m > [22m[2mApprovalManager[2m > [22m[2mshould list requests by status
[22m[39m[INFO] [ApprovalManager] New approval request [080c235c-4258-47c5-8d70-bbc0a55b1e52]: file_edit - Two

[90mstdout[2m | test/approval_manager.test.ts[2m > [22m[2mApprovalManager[2m > [22m[2mshould list requests by status
[22m[39m[INFO] [ApprovalManager] Request [d061abf3-b723-4afd-8dca-9efdc74fcfc0] approved

 [32mÔťô[39m test/approval_manager.test.ts [2m([22m[2m6 tests[22m[2m)[22m[33m 1597[2mms[22m[39m
   [33m[2mÔťô[22m[39m ApprovalManager[2m > [22mshould resolve waitForResult true when approved [33m 506[2mms[22m[39m
   [33m[2mÔťô[22m[39m ApprovalManager[2m > [22mshould resolve waitForResult false when rejected [33m 507[2mms[22m[39m
   [33m[2mÔťô[22m[39m ApprovalManager[2m > [22mshould time out and expire [33m 516[2mms[22m[39m
 [32mÔťô[39m test/smoke-phase3.vitest.ts [2m([22m[2m16 tests[22m[2m)[22m[33m 564[2mms[22m[39m
   [33m[2mÔťô[22m[39m CLI Command Registration ÔÇö Smoke[2m > [22mcrawl4aiCommands regisztr├ílhat├│ [33m 332[2mms[22m[39m
[90mstdout[2m | test/phase4_real_estate.test.ts[2m > [22m[2mMarketingAgent - Real Estate Phase 4 Outreach[2m > [22m[2mmegh├şvja a corporate_hunter.py-t ├ęs c├ęges leadeket tal├íl
[22m[39m[STATUS] [MarketingAgent] working - find companies
[INFO] [MarketingAgent] Feladat ind├şt├ísa: find companies...
[INFO] [MarketingAgent] ­čöŹ C├ęges leadek keres├ęse...

[90mstdout[2m | test/phase4_real_estate.test.ts[2m > [22m[2mMarketingAgent - Real Estate Phase 4 Outreach[2m > [22m[2mmegh├şvja a corporate_hunter.py-t ├ęs c├ęges leadeket tal├íl
[22m[39m[INFO] [MarketingAgent] Ôťů 3 c├ęg tal├ílva
[STATUS] [MarketingAgent] idle

[90mstdout[2m | test/phase4_real_estate.test.ts[2m > [22m[2mMarketingAgent - Real Estate Phase 4 Outreach[2m > [22m[2mgener├íl teaser email-t magyar nyelven
[22m[39m[STATUS] [MarketingAgent] working - generate teaser emails
[INFO] [MarketingAgent] Feladat ind├şt├ísa: generate teaser emails...
[INFO] [MarketingAgent] ­čôž 1 teaser email gener├íl├ísa (hu)...
[INFO] [UnifiedGoogleWorkspaceTool] Ôťů Google Workspace Tool initialized
[INFO] [GmailClient] ­čôŁ Creating draft for 1 recipients
[INFO] [GmailClient] ­čôŁ Mock: Draft created draft_mock_1774421393556

stderr | test/phase4_real_estate.test.ts > MarketingAgent - Real Estate Phase 4 Outreach > gener├íl teaser email-t magyar nyelven
[WARN] [GoogleSheetsClient] ÔÜá´ŞĆ No API key provided. Using mock mode.
[WARN] [GmailClient] ÔÜá´ŞĆ No API key provided. Using mock mode.
[WARN] [GoogleDriveClient] ÔÜá´ŞĆ No API key provided. Using mock mode.

[90mstdout[2m | test/phase4_real_estate.test.ts[2m > [22m[2mMarketingAgent - Real Estate Phase 4 Outreach[2m > [22m[2mgener├íl teaser email-t magyar nyelven
[22m[39m[INFO] [MarketingAgent] Ôťů 1/1 email draft l├ętrehozva
[STATUS] [MarketingAgent] idle

[90mstdout[2m | test/phase4_real_estate.test.ts[2m > [22m[2mMarketingAgent - Real Estate Phase 4 Outreach[2m > [22m[2mgener├íl teaser email-t angol nyelven
[22m[39m[STATUS] [MarketingAgent] working - generate teaser emails
[INFO] [MarketingAgent] Feladat ind├şt├ísa: generate teaser emails...
[INFO] [MarketingAgent] ­čôž 1 teaser email gener├íl├ísa (en)...
[INFO] [UnifiedGoogleWorkspaceTool] Ôťů Google Workspace Tool initialized
[INFO] [GmailClient] ­čôŁ Creating draft for 1 recipients
[INFO] [GmailClient] ­čôŁ Mock: Draft created draft_mock_1774421393558

stderr | test/phase4_real_estate.test.ts > MarketingAgent - Real Estate Phase 4 Outreach > gener├íl teaser email-t angol nyelven
[WARN] [GoogleSheetsClient] ÔÜá´ŞĆ No API key provided. Using mock mode.
[WARN] [GmailClient] ÔÜá´ŞĆ No API key provided. Using mock mode.
[WARN] [GoogleDriveClient] ÔÜá´ŞĆ No API key provided. Using mock mode.

[90mstdout[2m | test/phase4_real_estate.test.ts[2m > [22m[2mMarketingAgent - Real Estate Phase 4 Outreach[2m > [22m[2mgener├íl teaser email-t angol nyelven
[22m[39m[INFO] [MarketingAgent] Ôťů 1/1 email draft l├ętrehozva
[STATUS] [MarketingAgent] idle

[90mstdout[2m | test/phase4_real_estate.test.ts[2m > [22m[2mMarketingAgent - Real Estate Phase 4 Outreach[2m > [22m[2mt├Âbb c├ęges lead keres├ęs ├ęs email gener├íl├ís teljes flow
[22m[39m[STATUS] [MarketingAgent] working - hunt companies
[INFO] [MarketingAgent] Feladat ind├şt├ísa: hunt companies...
[INFO] [MarketingAgent] ­čöŹ C├ęges leadek keres├ęse...

[90mstdout[2m | test/phase4_real_estate.test.ts[2m > [22m[2mMarketingAgent - Real Estate Phase 4 Outreach[2m > [22m[2mt├Âbb c├ęges lead keres├ęs ├ęs email gener├íl├ís teljes flow
[22m[39m[INFO] [MarketingAgent] Ôťů 5 c├ęg tal├ílva
[STATUS] [MarketingAgent] idle

stderr | test/phase4_real_estate.test.ts > MarketingAgent - Real Estate Phase 4 Outreach > t├Âbb c├ęges lead keres├ęs ├ęs email gener├íl├ís teljes flow
[WARN] [GoogleSheetsClient] ÔÜá´ŞĆ No API key provided. Using mock mode.
[WARN] [GmailClient] ÔÜá´ŞĆ No API key provided. Using mock mode.
[WARN] [GoogleDriveClient] ÔÜá´ŞĆ No API key provided. Using mock mode.
[WARN] [GoogleSheetsClient] ÔÜá´ŞĆ No API key provided. Using mock mode.
[WARN] [GmailClient] ÔÜá´ŞĆ No API key provided. Using mock mode.
[WARN] [GoogleDriveClient] ÔÜá´ŞĆ No API key provided. Using mock mode.
[WARN] [GoogleSheetsClient] ÔÜá´ŞĆ No API key provided. Using mock mode.
[WARN] [GmailClient] ÔÜá´ŞĆ No API key provided. Using mock mode.
[WARN] [GoogleDriveClient] ÔÜá´ŞĆ No API key provided. Using mock mode.
[WARN] [GoogleSheetsClient] ÔÜá´ŞĆ No API key provided. Using mock mode.
[WARN] [GmailClient] ÔÜá´ŞĆ No API key provided. Using mock mode.
[WARN] [GoogleDriveClient] ÔÜá´ŞĆ No API key provided. Using mock mode.
[WARN] [GoogleSheetsClient] ÔÜá´ŞĆ No API key provided. Using mock mode.
[WARN] [GmailClient] ÔÜá´ŞĆ No API key provided. Using mock mode.
[WARN] [GoogleDriveClient] ÔÜá´ŞĆ No API key provided. Using mock mode.

[90mstdout[2m | test/phase4_real_estate.test.ts[2m > [22m[2mMarketingAgent - Real Estate Phase 4 Outreach[2m > [22m[2mt├Âbb c├ęges lead keres├ęs ├ęs email gener├íl├ís teljes flow
[22m[39m[STATUS] [MarketingAgent] working - generate teaser emails
[INFO] [MarketingAgent] Feladat ind├şt├ísa: generate teaser emails...
[INFO] [MarketingAgent] ­čôž 5 teaser email gener├íl├ísa (hu)...
[INFO] [UnifiedGoogleWorkspaceTool] Ôťů Google Workspace Tool initialized
[INFO] [GmailClient] ­čôŁ Creating draft for 2 recipients
[INFO] [GmailClient] ­čôŁ Mock: Draft created draft_mock_1774421393893
[INFO] [UnifiedGoogleWorkspaceTool] Ôťů Google Workspace Tool initialized
[INFO] [GmailClient] ­čôŁ Creating draft for 1 recipients
[INFO] [GmailClient] ­čôŁ Mock: Draft created draft_mock_1774421393893
[INFO] [UnifiedGoogleWorkspaceTool] Ôťů Google Workspace Tool initialized
[INFO] [GmailClient] ­čôŁ Creating draft for 2 recipients
[INFO] [GmailClient] ­čôŁ Mock: Draft created draft_mock_1774421393893
[INFO] [UnifiedGoogleWorkspaceTool] Ôťů Google Workspace Tool initialized
[INFO] [GmailClient] ­čôŁ Creating draft for 1 recipients
[INFO] [GmailClient] ­čôŁ Mock: Draft created draft_mock_1774421393893
[INFO] [UnifiedGoogleWorkspaceTool] Ôťů Google Workspace Tool initialized
[INFO] [GmailClient] ­čôŁ Creating draft for 1 recipients
[INFO] [GmailClient] ­čôŁ Mock: Draft created draft_mock_1774421393893

[90mstdout[2m | test/phase4_real_estate.test.ts[2m > [22m[2mMarketingAgent - Real Estate Phase 4 Outreach[2m > [22m[2mt├Âbb c├ęges lead keres├ęs ├ęs email gener├íl├ís teljes flow
[22m[39m[INFO] [MarketingAgent] Ôťů 5/5 email draft l├ętrehozva
[STATUS] [MarketingAgent] idle

[90mstdout[2m | test/phase4_real_estate.test.ts[2m > [22m[2mMarketingAgent - Real Estate Phase 4 Outreach[2m > [22m[2mt├Âbb c├ęges lead keres├ęs ├ęs email gener├íl├ís teljes flow
[22m[39mÔťů 5 c├ęg lead Ôćĺ 5 teaser email draft

[90mstdout[2m | test/phase4_real_estate.test.ts[2m > [22m[2mMarketingAgent - Real Estate Phase 4 Outreach[2m > [22m[2mCRM integr├íci├│: leadek ment├ęse Google Sheets-be
[22m[39m[STATUS] [MarketingAgent] working - generate teaser emails
[INFO] [MarketingAgent] Feladat ind├şt├ísa: generate teaser emails...
[INFO] [MarketingAgent] ­čôž 1 teaser email gener├íl├ísa (hu)...
[INFO] [UnifiedGoogleWorkspaceTool] Ôťů Google Workspace Tool initialized
[INFO] [GmailClient] ­čôŁ Creating draft for 1 recipients
[INFO] [GmailClient] ­čôŁ Mock: Draft created draft_mock_1774421393895

stderr | test/phase4_real_estate.test.ts > MarketingAgent - Real Estate Phase 4 Outreach > CRM integr├íci├│: leadek ment├ęse Google Sheets-be
[WARN] [GoogleSheetsClient] ÔÜá´ŞĆ No API key provided. Using mock mode.
[WARN] [GmailClient] ÔÜá´ŞĆ No API key provided. Using mock mode.
[WARN] [GoogleDriveClient] ÔÜá´ŞĆ No API key provided. Using mock mode.

[90mstdout[2m | test/phase4_real_estate.test.ts[2m > [22m[2mMarketingAgent - Real Estate Phase 4 Outreach[2m > [22m[2mCRM integr├íci├│: leadek ment├ęse Google Sheets-be
[22m[39m[INFO] [UnifiedGoogleWorkspaceTool] Ôťů Google Workspace Tool initialized
[INFO] [GoogleSheetsClient] ÔťŹ´ŞĆ Appending 1 rows
[INFO] [GoogleSheetsClient] ÔťŹ´ŞĆ Mock: Appended 1 rows

stderr | test/phase4_real_estate.test.ts > MarketingAgent - Real Estate Phase 4 Outreach > CRM integr├íci├│: leadek ment├ęse Google Sheets-be
[WARN] [GoogleSheetsClient] ÔÜá´ŞĆ No API key provided. Using mock mode.
[WARN] [GmailClient] ÔÜá´ŞĆ No API key provided. Using mock mode.
[WARN] [GoogleDriveClient] ÔÜá´ŞĆ No API key provided. Using mock mode.

[90mstdout[2m | test/phase4_real_estate.test.ts[2m > [22m[2mMarketingAgent - Real Estate Phase 4 Outreach[2m > [22m[2mCRM integr├íci├│: leadek ment├ęse Google Sheets-be
[22m[39m[INFO] [MarketingAgent] Ôťů 1 lead mentve CRM-be
[INFO] [MarketingAgent] Ôťů 1/1 email draft l├ętrehozva
[STATUS] [MarketingAgent] idle

[90mstdout[2m | test/phase4_real_estate.test.ts[2m > [22m[2mMarketingAgent - Real Estate Phase 4 Outreach[2m > [22m[2mn├ęmet nyelv┼▒ teaser email gener├íl├ís
[22m[39m[STATUS] [MarketingAgent] working - generate teaser emails
[INFO] [MarketingAgent] Feladat ind├şt├ísa: generate teaser emails...
[INFO] [MarketingAgent] ­čôž 1 teaser email gener├íl├ísa (de)...
[INFO] [UnifiedGoogleWorkspaceTool] Ôťů Google Workspace Tool initialized
[INFO] [GmailClient] ­čôŁ Creating draft for 1 recipients
[INFO] [GmailClient] ­čôŁ Mock: Draft created draft_mock_1774421393896

stderr | test/phase4_real_estate.test.ts > MarketingAgent - Real Estate Phase 4 Outreach > n├ęmet nyelv┼▒ teaser email gener├íl├ís
[WARN] [GoogleSheetsClient] ÔÜá´ŞĆ No API key provided. Using mock mode.
[WARN] [GmailClient] ÔÜá´ŞĆ No API key provided. Using mock mode.
[WARN] [GoogleDriveClient] ÔÜá´ŞĆ No API key provided. Using mock mode.

[90mstdout[2m | test/phase4_real_estate.test.ts[2m > [22m[2mMarketingAgent - Real Estate Phase 4 Outreach[2m > [22m[2mn├ęmet nyelv┼▒ teaser email gener├íl├ís
[22m[39m[INFO] [MarketingAgent] Ôťů 1/1 email draft l├ętrehozva
[STATUS] [MarketingAgent] idle

 [32mÔťô[39m test/phase4_real_estate.test.ts [2m([22m[2m6 tests[22m[2m)[22m[33m 647[2mms[22m[39m
   [33m[2mÔťô[22m[39m MarketingAgent - Real Estate Phase 4 Outreach[2m > [22mmegh├şvja a corporate_hunter.py-t ├ęs c├ęges leadeket tal├íl [33m 303[2mms[22m[39m
   [33m[2mÔťô[22m[39m MarketingAgent - Real Estate Phase 4 Outreach[2m > [22mt├Âbb c├ęges lead keres├ęs ├ęs email gener├íl├ís teljes flow [33m 336[2mms[22m[39m
 [32mÔťô[39m test/swarmTools.test.ts [2m([22m[2m3 tests[22m[2m)[22m[33m 517[2mms[22m[39m
   [33m[2mÔťô[22m[39m swarmTools MCP registration[2m > [22mregisterSwarmTools registers swarm_dispatch, swarm_status, and swarm_ingest [33m 514[2mms[22m[39m
[90mstdout[2m | test/phase4_supply_chain.test.ts[2m > [22m[2mPhase 4: Supply Chain - Draft & Approval Workflow[2m > [22m[2mshould create outreach draft email
[22m[39m[STATUS] [LogisticsDispatcher] working - create outreach draft
[INFO] [LogisticsDispatcher] Feladat ind├şt├ísa: create outreach draft...
[INFO] [LogisticsDispatcher] ­čôŁ Draft email l├ętrehoz├ísa freight partnereknek...
[INFO] [UnifiedGoogleWorkspaceTool] Ôťů Google Workspace Tool initialized
[INFO] [GmailClient] ­čôŁ Creating draft for 2 recipients
[INFO] [GmailClient] ­čôŁ Mock: Draft created draft_mock_1774421395243

stderr | test/phase4_supply_chain.test.ts > Phase 4: Supply Chain - Draft & Approval Workflow > should create outreach draft email
[WARN] [GoogleSheetsClient] ÔÜá´ŞĆ No API key provided. Using mock mode.
[WARN] [GmailClient] ÔÜá´ŞĆ No API key provided. Using mock mode.
[WARN] [GoogleDriveClient] ÔÜá´ŞĆ No API key provided. Using mock mode.

[90mstdout[2m | test/phase4_supply_chain.test.ts[2m > [22m[2mPhase 4: Supply Chain - Draft & Approval Workflow[2m > [22m[2mshould create outreach draft email
[22m[39m[INFO] [LogisticsDispatcher] Ôťů Draft l├ętrehozva: draft_mock_1774421395243 (2 c├şmzett)

[90mstdout[2m | test/phase4_supply_chain.test.ts[2m > [22m[2mPhase 4: Supply Chain - Draft & Approval Workflow[2m > [22m[2mshould create outreach draft email
[22m[39m[STATUS] [LogisticsDispatcher] idle

[90mstdout[2m | test/phase4_supply_chain.test.ts[2m > [22m[2mPhase 4: Supply Chain - Draft & Approval Workflow[2m > [22m[2mshould require approval before sending draft
[22m[39m[STATUS] [LogisticsDispatcher] working - create draft
[INFO] [LogisticsDispatcher] Feladat ind├şt├ísa: create draft...
[INFO] [LogisticsDispatcher] ­čôŁ Draft email l├ętrehoz├ísa freight partnereknek...
[INFO] [UnifiedGoogleWorkspaceTool] Ôťů Google Workspace Tool initialized
[INFO] [GmailClient] ­čôŁ Creating draft for 1 recipients
[INFO] [GmailClient] ­čôŁ Mock: Draft created draft_mock_1774421395246

stderr | test/phase4_supply_chain.test.ts > Phase 4: Supply Chain - Draft & Approval Workflow > should require approval before sending draft
[WARN] [GoogleSheetsClient] ÔÜá´ŞĆ No API key provided. Using mock mode.
[WARN] [GmailClient] ÔÜá´ŞĆ No API key provided. Using mock mode.
[WARN] [GoogleDriveClient] ÔÜá´ŞĆ No API key provided. Using mock mode.

[90mstdout[2m | test/phase4_supply_chain.test.ts[2m > [22m[2mPhase 4: Supply Chain - Draft & Approval Workflow[2m > [22m[2mshould require approval before sending draft
[22m[39m[INFO] [LogisticsDispatcher] Ôťů Draft l├ętrehozva: draft_mock_1774421395246 (1 c├şmzett)

[90mstdout[2m | test/phase4_supply_chain.test.ts[2m > [22m[2mPhase 4: Supply Chain - Draft & Approval Workflow[2m > [22m[2mshould require approval before sending draft
[22m[39m[STATUS] [LogisticsDispatcher] idle

[90mstdout[2m | test/phase4_supply_chain.test.ts[2m > [22m[2mPhase 4: Supply Chain - Draft & Approval Workflow[2m > [22m[2mshould require approval before sending draft
[22m[39m[STATUS] [LogisticsDispatcher] working - send email
[INFO] [LogisticsDispatcher] Feladat ind├şt├ísa: send email...

[90mstdout[2m | test/phase4_supply_chain.test.ts[2m > [22m[2mPhase 4: Supply Chain - Draft & Approval Workflow[2m > [22m[2mshould require approval before sending draft
[22m[39m[STATUS] [LogisticsDispatcher] idle

[90mstdout[2m | test/phase4_supply_chain.test.ts[2m > [22m[2mPhase 4: Supply Chain - Draft & Approval Workflow[2m > [22m[2mshould allow sending only AFTER approval (Human-in-the-loop)
[22m[39m[STATUS] [LogisticsDispatcher] working - create draft
[INFO] [LogisticsDispatcher] Feladat ind├şt├ísa: create draft...
[INFO] [LogisticsDispatcher] ­čôŁ Draft email l├ętrehoz├ísa freight partnereknek...
[INFO] [UnifiedGoogleWorkspaceTool] Ôťů Google Workspace Tool initialized
[INFO] [GmailClient] ­čôŁ Creating draft for 1 recipients
[INFO] [GmailClient] ­čôŁ Mock: Draft created draft_mock_1774421395248

stderr | test/phase4_supply_chain.test.ts > Phase 4: Supply Chain - Draft & Approval Workflow > should allow sending only AFTER approval (Human-in-the-loop)
[WARN] [GoogleSheetsClient] ÔÜá´ŞĆ No API key provided. Using mock mode.
[WARN] [GmailClient] ÔÜá´ŞĆ No API key provided. Using mock mode.
[WARN] [GoogleDriveClient] ÔÜá´ŞĆ No API key provided. Using mock mode.

[90mstdout[2m | test/phase4_supply_chain.test.ts[2m > [22m[2mPhase 4: Supply Chain - Draft & Approval Workflow[2m > [22m[2mshould allow sending only AFTER approval (Human-in-the-loop)
[22m[39m[INFO] [LogisticsDispatcher] Ôťů Draft l├ętrehozva: draft_mock_1774421395248 (1 c├şmzett)

[90mstdout[2m | test/phase4_supply_chain.test.ts[2m > [22m[2mPhase 4: Supply Chain - Draft & Approval Workflow[2m > [22m[2mshould allow sending only AFTER approval (Human-in-the-loop)
[22m[39m[STATUS] [LogisticsDispatcher] idle

[90mstdout[2m | test/phase4_supply_chain.test.ts[2m > [22m[2mPhase 4: Supply Chain - Draft & Approval Workflow[2m > [22m[2mshould allow sending only AFTER approval (Human-in-the-loop)
[22m[39m[STATUS] [LogisticsDispatcher] working - approve draft
[INFO] [LogisticsDispatcher] Feladat ind├şt├ísa: approve draft...
[INFO] [LogisticsDispatcher] Ôťů Draft j├│v├íhagyva: draft_mock_1774421395248

[90mstdout[2m | test/phase4_supply_chain.test.ts[2m > [22m[2mPhase 4: Supply Chain - Draft & Approval Workflow[2m > [22m[2mshould allow sending only AFTER approval (Human-in-the-loop)
[22m[39m[STATUS] [LogisticsDispatcher] idle

[90mstdout[2m | test/phase4_supply_chain.test.ts[2m > [22m[2mPhase 4: Supply Chain - Draft & Approval Workflow[2m > [22m[2mshould allow sending only AFTER approval (Human-in-the-loop)
[22m[39m[STATUS] [LogisticsDispatcher] working - send email
[INFO] [LogisticsDispatcher] Feladat ind├şt├ísa: send email...
[INFO] [UnifiedGoogleWorkspaceTool] Ôťů Google Workspace Tool initialized
[INFO] [GmailClient] ­čôž Sending email to 1 recipients

stderr | test/phase4_supply_chain.test.ts > Phase 4: Supply Chain - Draft & Approval Workflow > should allow sending only AFTER approval (Human-in-the-loop)
[WARN] [GoogleSheetsClient] ÔÜá´ŞĆ No API key provided. Using mock mode.
[WARN] [GmailClient] ÔÜá´ŞĆ No API key provided. Using mock mode.
[WARN] [GoogleDriveClient] ÔÜá´ŞĆ No API key provided. Using mock mode.

[90mstdout[2m | test/phase4_supply_chain.test.ts[2m > [22m[2mPhase 4: Supply Chain - Draft & Approval Workflow[2m > [22m[2mshould allow sending only AFTER approval (Human-in-the-loop)
[22m[39m[INFO] [LogisticsDispatcher] ­čôž Email elk├╝ldve: draft_mock_1774421395248 (1 c├şmzett)

[90mstdout[2m | test/phase4_supply_chain.test.ts[2m > [22m[2mPhase 4: Supply Chain - Draft & Approval Workflow[2m > [22m[2mshould allow sending only AFTER approval (Human-in-the-loop)
[22m[39m[STATUS] [LogisticsDispatcher] idle

[90mstdout[2m | test/phase4_supply_chain.test.ts[2m > [22m[2mPhase 4: Supply Chain - Draft & Approval Workflow[2m > [22m[2mshould prevent double-sending of approved draft
[22m[39m[STATUS] [LogisticsDispatcher] working - create draft
[INFO] [LogisticsDispatcher] Feladat ind├şt├ísa: create draft...
[INFO] [LogisticsDispatcher] ­čôŁ Draft email l├ętrehoz├ísa freight partnereknek...
[INFO] [UnifiedGoogleWorkspaceTool] Ôťů Google Workspace Tool initialized
[INFO] [GmailClient] ­čôŁ Creating draft for 1 recipients
[INFO] [GmailClient] ­čôŁ Mock: Draft created draft_mock_1774421395250

stderr | test/phase4_supply_chain.test.ts > Phase 4: Supply Chain - Draft & Approval Workflow > should prevent double-sending of approved draft
[WARN] [GoogleSheetsClient] ÔÜá´ŞĆ No API key provided. Using mock mode.
[WARN] [GmailClient] ÔÜá´ŞĆ No API key provided. Using mock mode.
[WARN] [GoogleDriveClient] ÔÜá´ŞĆ No API key provided. Using mock mode.

[90mstdout[2m | test/phase4_supply_chain.test.ts[2m > [22m[2mPhase 4: Supply Chain - Draft & Approval Workflow[2m > [22m[2mshould prevent double-sending of approved draft
[22m[39m[INFO] [LogisticsDispatcher] Ôťů Draft l├ętrehozva: draft_mock_1774421395250 (1 c├şmzett)

[90mstdout[2m | test/phase4_supply_chain.test.ts[2m > [22m[2mPhase 4: Supply Chain - Draft & Approval Workflow[2m > [22m[2mshould prevent double-sending of approved draft
[22m[39m[STATUS] [LogisticsDispatcher] idle

[90mstdout[2m | test/phase4_supply_chain.test.ts[2m > [22m[2mPhase 4: Supply Chain - Draft & Approval Workflow[2m > [22m[2mshould prevent double-sending of approved draft
[22m[39m[STATUS] [LogisticsDispatcher] working - approve draft
[INFO] [LogisticsDispatcher] Feladat ind├şt├ísa: approve draft...
[INFO] [LogisticsDispatcher] Ôťů Draft j├│v├íhagyva: draft_mock_1774421395250

[90mstdout[2m | test/phase4_supply_chain.test.ts[2m > [22m[2mPhase 4: Supply Chain - Draft & Approval Workflow[2m > [22m[2mshould prevent double-sending of approved draft
[22m[39m[STATUS] [LogisticsDispatcher] idle

[90mstdout[2m | test/phase4_supply_chain.test.ts[2m > [22m[2mPhase 4: Supply Chain - Draft & Approval Workflow[2m > [22m[2mshould prevent double-sending of approved draft
[22m[39m[STATUS] [LogisticsDispatcher] working - send email
[INFO] [LogisticsDispatcher] Feladat ind├şt├ísa: send email...
[INFO] [UnifiedGoogleWorkspaceTool] Ôťů Google Workspace Tool initialized
[INFO] [GmailClient] ­čôž Sending email to 1 recipients

stderr | test/phase4_supply_chain.test.ts > Phase 4: Supply Chain - Draft & Approval Workflow > should prevent double-sending of approved draft
[WARN] [GoogleSheetsClient] ÔÜá´ŞĆ No API key provided. Using mock mode.
[WARN] [GmailClient] ÔÜá´ŞĆ No API key provided. Using mock mode.
[WARN] [GoogleDriveClient] ÔÜá´ŞĆ No API key provided. Using mock mode.

[90mstdout[2m | test/phase4_supply_chain.test.ts[2m > [22m[2mPhase 4: Supply Chain - Draft & Approval Workflow[2m > [22m[2mshould prevent double-sending of approved draft
[22m[39m[INFO] [LogisticsDispatcher] ­čôž Email elk├╝ldve: draft_mock_1774421395250 (1 c├şmzett)

[90mstdout[2m | test/phase4_supply_chain.test.ts[2m > [22m[2mPhase 4: Supply Chain - Draft & Approval Workflow[2m > [22m[2mshould prevent double-sending of approved draft
[22m[39m[STATUS] [LogisticsDispatcher] idle

[90mstdout[2m | test/phase4_supply_chain.test.ts[2m > [22m[2mPhase 4: Supply Chain - Draft & Approval Workflow[2m > [22m[2mshould prevent double-sending of approved draft
[22m[39m[STATUS] [LogisticsDispatcher] working - send email
[INFO] [LogisticsDispatcher] Feladat ind├şt├ísa: send email...

[90mstdout[2m | test/phase4_supply_chain.test.ts[2m > [22m[2mPhase 4: Supply Chain - Draft & Approval Workflow[2m > [22m[2mshould prevent double-sending of approved draft
[22m[39m[STATUS] [LogisticsDispatcher] idle

[90mstdout[2m | test/phase4_supply_chain.test.ts[2m > [22m[2mPhase 4: Supply Chain - Draft & Approval Workflow[2m > [22m[2mshould integrate with route optimization and matching
[22m[39m[STATUS] [LogisticsDispatcher] working - match capacity mock
[INFO] [LogisticsDispatcher] Feladat ind├şt├ísa: match capacity mock...
[INFO] [LogisticsDispatcher] P├ęld├íny p├íros├şt├ís ind├şt├ísa: Budapest

[90mstdout[2m | test/phase4_supply_chain.test.ts[2m > [22m[2mPhase 4: Supply Chain - Draft & Approval Workflow[2m > [22m[2mshould integrate with route optimization and matching
[22m[39m[STATUS] [LogisticsDispatcher] idle

[90mstdout[2m | test/phase4_supply_chain.test.ts[2m > [22m[2mPhase 4: Supply Chain - Draft & Approval Workflow[2m > [22m[2mshould integrate with route optimization and matching
[22m[39m[STATUS] [LogisticsDispatcher] working - optimize route mock
[INFO] [LogisticsDispatcher] Feladat ind├şt├ísa: optimize route mock...
[INFO] [LogisticsDispatcher] ├Ütvonalak optimiz├íl├ísa...

[90mstdout[2m | test/phase4_supply_chain.test.ts[2m > [22m[2mPhase 4: Supply Chain - Draft & Approval Workflow[2m > [22m[2mshould integrate with route optimization and matching
[22m[39m[INFO] [LogisticsDispatcher] ├Ütvonal optimiz├ílva: ROUTE-1774421395721 (92% hat├ękonys├íg)

[90mstdout[2m | test/phase4_supply_chain.test.ts[2m > [22m[2mPhase 4: Supply Chain - Draft & Approval Workflow[2m > [22m[2mshould integrate with route optimization and matching
[22m[39m[STATUS] [LogisticsDispatcher] idle

stderr | test/phase4_supply_chain.test.ts > Phase 4: Supply Chain - Draft & Approval Workflow > should integrate with route optimization and matching
[WARN] [GoogleSheetsClient] ÔÜá´ŞĆ No API key provided. Using mock mode.
[WARN] [GmailClient] ÔÜá´ŞĆ No API key provided. Using mock mode.
[WARN] [GoogleDriveClient] ÔÜá´ŞĆ No API key provided. Using mock mode.

[90mstdout[2m | test/phase4_supply_chain.test.ts[2m > [22m[2mPhase 4: Supply Chain - Draft & Approval Workflow[2m > [22m[2mshould integrate with route optimization and matching
[22m[39m[STATUS] [LogisticsDispatcher] working - create draft
[INFO] [LogisticsDispatcher] Feladat ind├şt├ísa: create draft...
[INFO] [LogisticsDispatcher] ­čôŁ Draft email l├ętrehoz├ísa freight partnereknek...
[INFO] [UnifiedGoogleWorkspaceTool] Ôťů Google Workspace Tool initialized
[INFO] [GmailClient] ­čôŁ Creating draft for 2 recipients
[INFO] [GmailClient] ­čôŁ Mock: Draft created draft_mock_1774421395721

[90mstdout[2m | test/phase4_supply_chain.test.ts[2m > [22m[2mPhase 4: Supply Chain - Draft & Approval Workflow[2m > [22m[2mshould integrate with route optimization and matching
[22m[39m[INFO] [LogisticsDispatcher] Ôťů Draft l├ętrehozva: draft_mock_1774421395721 (2 c├şmzett)

[90mstdout[2m | test/phase4_supply_chain.test.ts[2m > [22m[2mPhase 4: Supply Chain - Draft & Approval Workflow[2m > [22m[2mshould integrate with route optimization and matching
[22m[39m[STATUS] [LogisticsDispatcher] idle

 [32mÔťô[39m test/phase4_supply_chain.test.ts [2m([22m[2m5 tests[22m[2m)[22m[33m 483[2mms[22m[39m
   [33m[2mÔťô[22m[39m Phase 4: Supply Chain - Draft & Approval Workflow[2m > [22mshould integrate with route optimization and matching [33m 442[2mms[22m[39m
 [32mÔťô[39m test/python_shell.test.ts [2m([22m[2m3 tests[22m[2m)[22m[33m 347[2mms[22m[39m
[90mstdout[2m | test/phase2_integration.test.ts
[22m[39m[INFO] [AIGateway] Ôťů AI Gateway v3.0 initialized: CF Workers AI (@cf/meta/llama-3.1-8b-instruct)

[90mstdout[2m | test/phase2_integration.test.ts
[22m[39m[INFO] [GlobalDb] Database opened: F:\mcp-brunella-core\data\brunella.db
[INFO] [GlobalDb] Schema initialized
[INFO] [StructuredMemory] Structured memory DB initialized

[90mstdout[2m | test/phase2_integration.test.ts[2m > [22m[2mPhase 2 Integration Tests (Python Workers)[2m > [22m[2mLogisticsDispatcher should call Supply Matcher
[22m[39m[STATUS] [LogisticsDispatcher] working - match mock
[INFO] [LogisticsDispatcher] Feladat ind├şt├ísa: match mock...
[INFO] [LogisticsDispatcher] P├ęld├íny p├íros├şt├ís ind├şt├ísa: Budapest

[90mstdout[2m | test/phase2_integration.test.ts[2m > [22m[2mPhase 2 Integration Tests (Python Workers)[2m > [22m[2mLogisticsDispatcher should call Supply Matcher
[22m[39m[STATUS] [LogisticsDispatcher] idle

 [32mÔťô[39m test/phase2_integration.test.ts [2m([22m[2m2 tests[22m[2m | [22m[33m1 skipped[39m[2m)[22m[32m 288[2mms[22m[39m
stderr | test/smoke.vitest.ts > PAIOS Config ÔÇö Smoke > loadPaiosConfig() visszaad ├ęrv├ęnyes objektumot
[PAIOS Config] File not found: F:\mcp-brunella-core\paios.config.yaml - using .env fallback

stderr | test/smoke.vitest.ts > PAIOS Config ÔÇö Smoke > orchestrator.default_model alap├ęrt├ęke "github"
[PAIOS Config] File not found: F:\mcp-brunella-core\paios.config.yaml - using .env fallback

stderr | test/smoke.vitest.ts > PAIOS Config ÔÇö Smoke > orchestrator.max_tasks_per_request alap├ęrt├ęke 5
[PAIOS Config] File not found: F:\mcp-brunella-core\paios.config.yaml - using .env fallback

stderr | test/smoke.vitest.ts > PAIOS Config ÔÇö Smoke > providers mez┼Ĺ l├ętezik ├ęs objektum
[PAIOS Config] File not found: F:\mcp-brunella-core\paios.config.yaml - using .env fallback

stderr | test/smoke.vitest.ts > PAIOS Config ÔÇö Smoke > clearConfigCache() ut├ín ├║jrat├Âlthet┼Ĺ a konfig
[PAIOS Config] File not found: F:\mcp-brunella-core\paios.config.yaml - using .env fallback
[PAIOS Config] File not found: F:\mcp-brunella-core\paios.config.yaml - using .env fallback

 [32mÔťô[39m test/smoke.vitest.ts [2m([22m[2m19 tests[22m[2m)[22m[32m 216[2mms[22m[39m
[90mstdout[2m | test/smoke-websocket.vitest.ts[2m > [22m[2mWebSocket integration smoke tests[2m > [22m[2mModule exports[2m > [22m[2msocketService module exports correctly
[22m[39m[INFO] [EventBus] Singleton connected to F:\mcp-brunella-core\data\brunella.db

 [32mÔťô[39m test/smoke-websocket.vitest.ts [2m([22m[2m9 tests[22m[2m)[22m[32m 208[2mms[22m[39m
[90mstdout[2m | test/mcp_server.test.ts[2m > [22m[2mMCP Filesystem Server[2m > [22m[2mread_file tool[2m > [22m[2mshould read file content successfully
[22m[39m[INFO] [SafeZoneValidator] Loaded config with 5 safe zones
[INFO] [MCPFilesystemServer] MCP server initialized

[90mstdout[2m | test/mcp_server.test.ts[2m > [22m[2mMCP Filesystem Server[2m > [22m[2mread_file tool[2m > [22m[2mshould read file content successfully
[22m[39m[INFO] [SafeZoneValidator] ALLOWED - read on F:\mcp-brunella-core\data\test_mcp_server\test_file.txt

[90mstdout[2m | test/mcp_server.test.ts[2m > [22m[2mMCP Filesystem Server[2m > [22m[2mread_file tool[2m > [22m[2mshould return file metadata (size, modified)
[22m[39m[INFO] [MCPFilesystemServer] MCP server initialized

[90mstdout[2m | test/mcp_server.test.ts[2m > [22m[2mMCP Filesystem Server[2m > [22m[2mread_file tool[2m > [22m[2mshould return file metadata (size, modified)
[22m[39m[INFO] [SafeZoneValidator] ALLOWED - read on F:\mcp-brunella-core\data\test_mcp_server\test_file.txt

[90mstdout[2m | test/mcp_server.test.ts[2m > [22m[2mMCP Filesystem Server[2m > [22m[2mread_file tool[2m > [22m[2mshould throw error for non-existent file
[22m[39m[INFO] [MCPFilesystemServer] MCP server initialized

[90mstdout[2m | test/mcp_server.test.ts[2m > [22m[2mMCP Filesystem Server[2m > [22m[2mread_file tool[2m > [22m[2mshould throw error for non-existent file
[22m[39m[INFO] [SafeZoneValidator] ALLOWED - read on F:\mcp-brunella-core\data\test_mcp_server\does_not_exist.txt

[90mstdout[2m | test/mcp_server.test.ts[2m > [22m[2mMCP Filesystem Server[2m > [22m[2mread_file tool[2m > [22m[2mshould throw error for access outside Safe Zone
[22m[39m[INFO] [MCPFilesystemServer] MCP server initialized

stderr | test/mcp_server.test.ts > MCP Filesystem Server > read_file tool > should throw error for access outside Safe Zone
[WARN] [SafeZoneValidator] DENIED - read on F:\etc\passwd: Outside Safe Zone boundaries

[90mstdout[2m | test/mcp_server.test.ts[2m > [22m[2mMCP Filesystem Server[2m > [22m[2mread_file tool[2m > [22m[2mshould throw error for blacklisted files
[22m[39m[INFO] [MCPFilesystemServer] MCP server initialized

stderr | test/mcp_server.test.ts > MCP Filesystem Server > read_file tool > should throw error for blacklisted files
[WARN] [SafeZoneValidator] DENIED - read on F:\mcp-brunella-core\.env: Blacklisted file/pattern

[90mstdout[2m | test/mcp_server.test.ts[2m > [22m[2mMCP Filesystem Server[2m > [22m[2mwrite_file tool[2m > [22m[2mshould write file content successfully
[22m[39m[INFO] [MCPFilesystemServer] MCP server initialized

[90mstdout[2m | test/mcp_server.test.ts[2m > [22m[2mMCP Filesystem Server[2m > [22m[2mwrite_file tool[2m > [22m[2mshould write file content successfully
[22m[39m[INFO] [SafeZoneValidator] ALLOWED - write on F:\mcp-brunella-core\data\test_mcp_server\new_file.txt

[90mstdout[2m | test/mcp_server.test.ts[2m > [22m[2mMCP Filesystem Server[2m > [22m[2mwrite_file tool[2m > [22m[2mshould create parent directories if create_dirs is true
[22m[39m[INFO] [MCPFilesystemServer] MCP server initialized

[90mstdout[2m | test/mcp_server.test.ts[2m > [22m[2mMCP Filesystem Server[2m > [22m[2mwrite_file tool[2m > [22m[2mshould create parent directories if create_dirs is true
[22m[39m[INFO] [SafeZoneValidator] ALLOWED - write on F:\mcp-brunella-core\data\test_mcp_server\subdir\nested\file.txt

[90mstdout[2m | test/mcp_server.test.ts[2m > [22m[2mMCP Filesystem Server[2m > [22m[2mwrite_file tool[2m > [22m[2mshould overwrite existing file
[22m[39m[INFO] [MCPFilesystemServer] MCP server initialized

[90mstdout[2m | test/mcp_server.test.ts[2m > [22m[2mMCP Filesystem Server[2m > [22m[2mwrite_file tool[2m > [22m[2mshould overwrite existing file
[22m[39m[INFO] [SafeZoneValidator] ALLOWED - write on F:\mcp-brunella-core\data\test_mcp_server\test_file.txt

[90mstdout[2m | test/mcp_server.test.ts[2m > [22m[2mMCP Filesystem Server[2m > [22m[2mwrite_file tool[2m > [22m[2mshould throw error for access outside Safe Zone
[22m[39m[INFO] [MCPFilesystemServer] MCP server initialized

stderr | test/mcp_server.test.ts > MCP Filesystem Server > write_file tool > should throw error for access outside Safe Zone
[WARN] [SafeZoneValidator] DENIED - write on F:\tmp\malicious.txt: Outside Safe Zone boundaries

[90mstdout[2m | test/mcp_server.test.ts[2m > [22m[2mMCP Filesystem Server[2m > [22m[2mwrite_file tool[2m > [22m[2mshould throw error for blacklisted files
[22m[39m[INFO] [MCPFilesystemServer] MCP server initialized

stderr | test/mcp_server.test.ts > MCP Filesystem Server > write_file tool > should throw error for blacklisted files
[WARN] [SafeZoneValidator] DENIED - write on F:\mcp-brunella-core\.env: Blacklisted file/pattern

[90mstdout[2m | test/mcp_server.test.ts[2m > [22m[2mMCP Filesystem Server[2m > [22m[2mlist_directory tool[2m > [22m[2mshould list directory contents
[22m[39m[INFO] [MCPFilesystemServer] MCP server initialized

[90mstdout[2m | test/mcp_server.test.ts[2m > [22m[2mMCP Filesystem Server[2m > [22m[2mlist_directory tool[2m > [22m[2mshould list directory contents
[22m[39m[INFO] [SafeZoneValidator] ALLOWED - read on F:\mcp-brunella-core\data\test_mcp_server

[90mstdout[2m | test/mcp_server.test.ts[2m > [22m[2mMCP Filesystem Server[2m > [22m[2mlist_directory tool[2m > [22m[2mshould include file metadata (type, size, modified)
[22m[39m[INFO] [MCPFilesystemServer] MCP server initialized

[90mstdout[2m | test/mcp_server.test.ts[2m > [22m[2mMCP Filesystem Server[2m > [22m[2mlist_directory tool[2m > [22m[2mshould include file metadata (type, size, modified)
[22m[39m[INFO] [SafeZoneValidator] ALLOWED - read on F:\mcp-brunella-core\data\test_mcp_server

[90mstdout[2m | test/mcp_server.test.ts[2m > [22m[2mMCP Filesystem Server[2m > [22m[2mlist_directory tool[2m > [22m[2mshould exclude hidden files by default
[22m[39m[INFO] [MCPFilesystemServer] MCP server initialized

[90mstdout[2m | test/mcp_server.test.ts[2m > [22m[2mMCP Filesystem Server[2m > [22m[2mlist_directory tool[2m > [22m[2mshould exclude hidden files by default
[22m[39m[INFO] [SafeZoneValidator] ALLOWED - read on F:\mcp-brunella-core\data\test_mcp_server

[90mstdout[2m | test/mcp_server.test.ts[2m > [22m[2mMCP Filesystem Server[2m > [22m[2mlist_directory tool[2m > [22m[2mshould include hidden files when requested
[22m[39m[INFO] [MCPFilesystemServer] MCP server initialized

[90mstdout[2m | test/mcp_server.test.ts[2m > [22m[2mMCP Filesystem Server[2m > [22m[2mlist_directory tool[2m > [22m[2mshould include hidden files when requested
[22m[39m[INFO] [SafeZoneValidator] ALLOWED - read on F:\mcp-brunella-core\data\test_mcp_server

[90mstdout[2m | test/mcp_server.test.ts[2m > [22m[2mMCP Filesystem Server[2m > [22m[2mlist_directory tool[2m > [22m[2mshould throw error for non-existent directory
[22m[39m[INFO] [MCPFilesystemServer] MCP server initialized

[90mstdout[2m | test/mcp_server.test.ts[2m > [22m[2mMCP Filesystem Server[2m > [22m[2mlist_directory tool[2m > [22m[2mshould throw error for non-existent directory
[22m[39m[INFO] [SafeZoneValidator] ALLOWED - read on F:\mcp-brunella-core\data\test_mcp_server\does_not_exist

[90mstdout[2m | test/mcp_server.test.ts[2m > [22m[2mMCP Filesystem Server[2m > [22m[2mlist_directory tool[2m > [22m[2mshould throw error for access outside Safe Zone
[22m[39m[INFO] [MCPFilesystemServer] MCP server initialized

stderr | test/mcp_server.test.ts > MCP Filesystem Server > list_directory tool > should throw error for access outside Safe Zone
[WARN] [SafeZoneValidator] DENIED - read on F:\etc: Outside Safe Zone boundaries

[90mstdout[2m | test/mcp_server.test.ts[2m > [22m[2mMCP Filesystem Server[2m > [22m[2msearch_files tool[2m > [22m[2mshould find files matching glob pattern
[22m[39m[INFO] [MCPFilesystemServer] MCP server initialized

[90mstdout[2m | test/mcp_server.test.ts[2m > [22m[2mMCP Filesystem Server[2m > [22m[2msearch_files tool[2m > [22m[2mshould find files matching glob pattern
[22m[39m[INFO] [SafeZoneValidator] ALLOWED - read on F:\mcp-brunella-core\data\test_mcp_server

[90mstdout[2m | test/mcp_server.test.ts[2m > [22m[2mMCP Filesystem Server[2m > [22m[2msearch_files tool[2m > [22m[2mshould find files matching glob pattern
[22m[39m[INFO] [SafeZoneValidator] ALLOWED - read on F:\mcp-brunella-core\data\test_mcp_server\test_file.txt
[INFO] [SafeZoneValidator] ALLOWED - read on F:\mcp-brunella-core\data\test_mcp_server\file1.txt

[90mstdout[2m | test/mcp_server.test.ts[2m > [22m[2mMCP Filesystem Server[2m > [22m[2msearch_files tool[2m > [22m[2mshould support recursive glob patterns (**)
[22m[39m[INFO] [MCPFilesystemServer] MCP server initialized

[90mstdout[2m | test/mcp_server.test.ts[2m > [22m[2mMCP Filesystem Server[2m > [22m[2msearch_files tool[2m > [22m[2mshould support recursive glob patterns (**)
[22m[39m[INFO] [SafeZoneValidator] ALLOWED - read on F:\mcp-brunella-core\data\test_mcp_server

[90mstdout[2m | test/mcp_server.test.ts[2m > [22m[2mMCP Filesystem Server[2m > [22m[2msearch_files tool[2m > [22m[2mshould support recursive glob patterns (**)
[22m[39m[INFO] [SafeZoneValidator] ALLOWED - read on F:\mcp-brunella-core\data\test_mcp_server\test_file.txt
[INFO] [SafeZoneValidator] ALLOWED - read on F:\mcp-brunella-core\data\test_mcp_server\file1.txt
[INFO] [SafeZoneValidator] ALLOWED - read on F:\mcp-brunella-core\data\test_mcp_server\subdir\nested.txt

[90mstdout[2m | test/mcp_server.test.ts[2m > [22m[2mMCP Filesystem Server[2m > [22m[2msearch_files tool[2m > [22m[2mshould support multiple extension matching
[22m[39m[INFO] [MCPFilesystemServer] MCP server initialized

[90mstdout[2m | test/mcp_server.test.ts[2m > [22m[2mMCP Filesystem Server[2m > [22m[2msearch_files tool[2m > [22m[2mshould support multiple extension matching
[22m[39m[INFO] [SafeZoneValidator] ALLOWED - read on F:\mcp-brunella-core\data\test_mcp_server

[90mstdout[2m | test/mcp_server.test.ts[2m > [22m[2mMCP Filesystem Server[2m > [22m[2msearch_files tool[2m > [22m[2mshould support multiple extension matching
[22m[39m[INFO] [SafeZoneValidator] ALLOWED - read on F:\mcp-brunella-core\data\test_mcp_server\test_file.txt
[INFO] [SafeZoneValidator] ALLOWED - read on F:\mcp-brunella-core\data\test_mcp_server\file2.json
[INFO] [SafeZoneValidator] ALLOWED - read on F:\mcp-brunella-core\data\test_mcp_server\file1.txt
[INFO] [SafeZoneValidator] ALLOWED - read on F:\mcp-brunella-core\data\test_mcp_server\subdir\nested.txt

[90mstdout[2m | test/mcp_server.test.ts[2m > [22m[2mMCP Filesystem Server[2m > [22m[2msearch_files tool[2m > [22m[2mshould return empty array for non-matching pattern
[22m[39m[INFO] [MCPFilesystemServer] MCP server initialized

[90mstdout[2m | test/mcp_server.test.ts[2m > [22m[2mMCP Filesystem Server[2m > [22m[2msearch_files tool[2m > [22m[2mshould return empty array for non-matching pattern
[22m[39m[INFO] [SafeZoneValidator] ALLOWED - read on F:\mcp-brunella-core\data\test_mcp_server

[90mstdout[2m | test/mcp_server.test.ts[2m > [22m[2mMCP Filesystem Server[2m > [22m[2msearch_files tool[2m > [22m[2mshould throw error for directory outside Safe Zone
[22m[39m[INFO] [MCPFilesystemServer] MCP server initialized

stderr | test/mcp_server.test.ts > MCP Filesystem Server > search_files tool > should throw error for directory outside Safe Zone
[WARN] [SafeZoneValidator] DENIED - read on F:\etc: Outside Safe Zone boundaries

[90mstdout[2m | test/mcp_server.test.ts[2m > [22m[2mMCP Filesystem Server[2m > [22m[2mTool Listing[2m > [22m[2mshould return 4 filesystem tools
[22m[39m[INFO] [MCPFilesystemServer] MCP server initialized

[90mstdout[2m | test/mcp_server.test.ts[2m > [22m[2mMCP Filesystem Server[2m > [22m[2mTool Listing[2m > [22m[2mshould include input schemas for all tools
[22m[39m[INFO] [MCPFilesystemServer] MCP server initialized

 [32mÔťô[39m test/mcp_server.test.ts [2m([22m[2m23 tests[22m[2m)[22m[32m 185[2mms[22m[39m
[90mstdout[2m | test/phase3_integration.test.ts
[22m[39m[INFO] [AIGateway] Ôťů AI Gateway v3.0 initialized: CF Workers AI (@cf/meta/llama-3.1-8b-instruct)

[90mstdout[2m | test/phase3_integration.test.ts
[22m[39m[INFO] [GlobalDb] Database opened: F:\mcp-brunella-core\data\brunella.db
[INFO] [GlobalDb] Schema initialized
[INFO] [StructuredMemory] Structured memory DB initialized

[90mstdout[2m | test/phase3_integration.test.ts
[22m[39m[INFO] [EventBus] Singleton connected to F:\mcp-brunella-core\data\brunella.db

[90mstdout[2m | test/phase3_integration.test.ts
[22m[39m[INFO] [SwarmManager] Colony created: Triad (triad-default)
[INFO] [System] Triad colony initialized: researcher, DataScientist, Developer

[90mstdout[2m | test/phase3_integration.test.ts[2m > [22m[2mPhase 3 Integration Tests[2m > [22m[2mLogisticsDispatcher + RouteOptimizer[2m > [22m[2mshould calculate optimized route via python worker
[22m[39m[STATUS] [LogisticsDispatcher] working - optimiz├íld az ├║tvonalat
[INFO] [LogisticsDispatcher] Feladat ind├şt├ísa: optimiz├íld az ├║tvonalat...
[INFO] [LogisticsDispatcher] ├Ütvonalak optimiz├íl├ísa...

[90mstdout[2m | test/phase3_integration.test.ts[2m > [22m[2mPhase 3 Integration Tests[2m > [22m[2mLogisticsDispatcher + RouteOptimizer[2m > [22m[2mshould calculate optimized route via python worker
[22m[39m[INFO] [LogisticsDispatcher] ├Ütvonal optimiz├ílva: ROUTE-1774421401731 (90% hat├ękonys├íg)

[90mstdout[2m | test/phase3_integration.test.ts[2m > [22m[2mPhase 3 Integration Tests[2m > [22m[2mLogisticsDispatcher + RouteOptimizer[2m > [22m[2mshould calculate optimized route via python worker
[22m[39m[STATUS] [LogisticsDispatcher] idle

[90mstdout[2m | test/phase3_integration.test.ts[2m > [22m[2mPhase 3 Integration Tests[2m > [22m[2mNurturerAgent (Real Estate)[2m > [22m[2mshould generate marketing campaigns from property analysis
[22m[39m[STATUS] [NurturerAgent] working - Kamp├íny gener├íl├ís...
[INFO] [NurturerAgent] Kamp├íny gener├íl├ís: 1234/A/1

[90mstdout[2m | test/phase3_integration.test.ts[2m > [22m[2mPhase 3 Integration Tests[2m > [22m[2mNurturerAgent (Real Estate)[2m > [22m[2mshould generate marketing campaigns from property analysis
[22m[39m[STATUS] [NurturerAgent] idle

[90mstdout[2m | test/phase3_integration.test.ts[2m > [22m[2mPhase 3 Integration Tests[2m > [22m[2mGenesisOrchestrator (Software)[2m > [22m[2mshould orchestrate a genesis protocol from spec
[22m[39m[INFO] [AgentManager] ├ťgyn├Âk regisztr├ílva: Developer
[INFO] [AgentManager] ├ťgyn├Âk regisztr├ílva: Evaluator
[STATUS] [GenesisOrchestrator] working - Genesis orchestrating...
[INFO] [GenesisOrchestrator] ­čÜÇ Genesis ind├şt├ísa: TestApp
[INFO] [GenesisOrchestrator]    ├ľsszesen 2 task v├ír v├ęgrehajt├ísra.
[INFO] [GenesisOrchestrator] ÔÜí Task deleg├íl├ísa: TASK-1 [Developer]
[INFO] [GenesisOrchestrator]    -> Developer: Create index.ts...
[INFO] [GenesisOrchestrator]    Ôťů TASK-1 k├ęsz.
[INFO] [GenesisOrchestrator] ÔÜí Task deleg├íl├ísa: TASK-2 [Evaluator]
[INFO] [GenesisOrchestrator]    -> Evaluator: Test index.ts...
[INFO] [GenesisOrchestrator]    Ôťů TASK-2 k├ęsz.

[90mstdout[2m | test/phase3_integration.test.ts[2m > [22m[2mPhase 3 Integration Tests[2m > [22m[2mGenesisOrchestrator (Software)[2m > [22m[2mshould orchestrate a genesis protocol from spec
[22m[39m[STATUS] [GenesisOrchestrator] idle

 [32mÔťô[39m test/phase3_integration.test.ts [2m([22m[2m3 tests[22m[2m)[22m[32m 147[2mms[22m[39m
[90mstdout[2m | test/suggestedTasks.test.ts[2m > [22m[2mSuggestedTasksScanner API Routes[2m > [22m[2mGET /api/v1/suggested-tasks[2m > [22m[2mshould return all non-archived tasks
[22m[39m[INFO] [SuggestedTasksScanner] Database initialized at :memory:

[90mstdout[2m | test/suggestedTasks.test.ts[2m > [22m[2mSuggestedTasksScanner API Routes[2m > [22m[2mGET /api/v1/suggested-tasks[2m > [22m[2mshould return all non-archived tasks
[22m[39m[INFO] [suggestedTasksAPI] Retrieved 1 suggested tasks

[90mstdout[2m | test/suggestedTasks.test.ts[2m > [22m[2mSuggestedTasksScanner API Routes[2m > [22m[2mGET /api/v1/suggested-tasks/:status[2m > [22m[2mshould filter tasks by pending status
[22m[39m[INFO] [SuggestedTasksScanner] Database initialized at :memory:

[90mstdout[2m | test/suggestedTasks.test.ts[2m > [22m[2mSuggestedTasksScanner API Routes[2m > [22m[2mGET /api/v1/suggested-tasks/:status[2m > [22m[2mshould filter tasks by pending status
[22m[39m[INFO] [suggestedTasksAPI] Retrieved 0 tasks with status: pending

[90mstdout[2m | test/suggestedTasks.test.ts[2m > [22m[2mSuggestedTasksScanner API Routes[2m > [22m[2mGET /api/v1/suggested-tasks/:status[2m > [22m[2mshould filter tasks by in_progress status
[22m[39m[INFO] [SuggestedTasksScanner] Database initialized at :memory:

[90mstdout[2m | test/suggestedTasks.test.ts[2m > [22m[2mSuggestedTasksScanner API Routes[2m > [22m[2mGET /api/v1/suggested-tasks/:status[2m > [22m[2mshould filter tasks by in_progress status
[22m[39m[INFO] [suggestedTasksAPI] Retrieved 1 tasks with status: in_progress

[90mstdout[2m | test/suggestedTasks.test.ts[2m > [22m[2mSuggestedTasksScanner API Routes[2m > [22m[2mGET /api/v1/suggested-tasks/:status[2m > [22m[2mshould return 400 for invalid status
[22m[39m[INFO] [SuggestedTasksScanner] Database initialized at :memory:

[90mstdout[2m | test/suggestedTasks.test.ts[2m > [22m[2mSuggestedTasksScanner API Routes[2m > [22m[2mPOST /api/v1/suggested-tasks/scan[2m > [22m[2mshould scan codebase and return new tasks
[22m[39m[INFO] [SuggestedTasksScanner] Database initialized at :memory:

[90mstdout[2m | test/suggestedTasks.test.ts[2m > [22m[2mSuggestedTasksScanner API Routes[2m > [22m[2mPOST /api/v1/suggested-tasks/scan[2m > [22m[2mshould scan codebase and return new tasks
[22m[39m[INFO] [suggestedTasksAPI] Scanning codebase at: C:\Users\pohi9\AppData\Local\Temp\suggested-tasks-7K0kni

[90mstdout[2m | test/suggestedTasks.test.ts[2m > [22m[2mSuggestedTasksScanner API Routes[2m > [22m[2mPOST /api/v1/suggested-tasks/scan[2m > [22m[2mshould scan codebase and return new tasks
[22m[39m[INFO] [SuggestedTasksScanner] Scanned 1 TODOs, stored 1

[90mstdout[2m | test/suggestedTasks.test.ts[2m > [22m[2mSuggestedTasksScanner API Routes[2m > [22m[2mPOST /api/v1/suggested-tasks/scan[2m > [22m[2mshould scan codebase and return new tasks
[22m[39m[INFO] [suggestedTasksAPI] Scan complete: 1 new/updated tasks

[90mstdout[2m | test/suggestedTasks.test.ts[2m > [22m[2mSuggestedTasksScanner API Routes[2m > [22m[2mPATCH /api/v1/suggested-tasks/:taskId/status[2m > [22m[2mshould update task status successfully
[22m[39m[INFO] [SuggestedTasksScanner] Database initialized at :memory:

[90mstdout[2m | test/suggestedTasks.test.ts[2m > [22m[2mSuggestedTasksScanner API Routes[2m > [22m[2mPATCH /api/v1/suggested-tasks/:taskId/status[2m > [22m[2mshould update task status successfully
[22m[39m[INFO] [suggestedTasksAPI] Updated task todo_test_pending status to: in_progress

[90mstdout[2m | test/suggestedTasks.test.ts[2m > [22m[2mSuggestedTasksScanner API Routes[2m > [22m[2mPATCH /api/v1/suggested-tasks/:taskId/status[2m > [22m[2mshould return 400 for invalid status value
[22m[39m[INFO] [SuggestedTasksScanner] Database initialized at :memory:

[90mstdout[2m | test/suggestedTasks.test.ts[2m > [22m[2mSuggestedTasksScanner API Routes[2m > [22m[2mPATCH /api/v1/suggested-tasks/:taskId/status[2m > [22m[2mshould return 404 for non-existent task
[22m[39m[INFO] [SuggestedTasksScanner] Database initialized at :memory:

[90mstdout[2m | test/suggestedTasks.test.ts[2m > [22m[2mSuggestedTasksScanner API Routes[2m > [22m[2mDELETE /api/v1/suggested-tasks/:taskId[2m > [22m[2mshould archive a task successfully
[22m[39m[INFO] [SuggestedTasksScanner] Database initialized at :memory:

[90mstdout[2m | test/suggestedTasks.test.ts[2m > [22m[2mSuggestedTasksScanner API Routes[2m > [22m[2mDELETE /api/v1/suggested-tasks/:taskId[2m > [22m[2mshould archive a task successfully
[22m[39m[INFO] [suggestedTasksAPI] Archived task: todo_test_pending

[90mstdout[2m | test/suggestedTasks.test.ts[2m > [22m[2mSuggestedTasksScanner API Routes[2m > [22m[2mDELETE /api/v1/suggested-tasks/:taskId[2m > [22m[2mshould return 404 for non-existent task
[22m[39m[INFO] [SuggestedTasksScanner] Database initialized at :memory:

[90mstdout[2m | test/suggestedTasks.test.ts[2m > [22m[2mSuggestedTasksScanner API Routes[2m > [22m[2mScanner Confidence Scoring[2m > [22m[2mshould assign higher confidence to critical keywords
[22m[39m[INFO] [SuggestedTasksScanner] Database initialized at :memory:

[90mstdout[2m | test/suggestedTasks.test.ts[2m > [22m[2mSuggestedTasksScanner API Routes[2m > [22m[2mScanner Confidence Scoring[2m > [22m[2mshould assign higher confidence to critical keywords
[22m[39m[INFO] [suggestedTasksAPI] Scanning codebase at: C:\Users\pohi9\AppData\Local\Temp\suggested-tasks-v1vVyW

[90mstdout[2m | test/suggestedTasks.test.ts[2m > [22m[2mSuggestedTasksScanner API Routes[2m > [22m[2mScanner Confidence Scoring[2m > [22m[2mshould assign higher confidence to critical keywords
[22m[39m[INFO] [SuggestedTasksScanner] Scanned 1 TODOs, stored 1

[90mstdout[2m | test/suggestedTasks.test.ts[2m > [22m[2mSuggestedTasksScanner API Routes[2m > [22m[2mScanner Confidence Scoring[2m > [22m[2mshould assign higher confidence to critical keywords
[22m[39m[INFO] [suggestedTasksAPI] Scan complete: 1 new/updated tasks

 [32mÔťô[39m test/suggestedTasks.test.ts [2m([22m[2m11 tests[22m[2m)[22m[32m 156[2mms[22m[39m
 [32mÔťô[39m test/python_mcp_server.test.ts [2m([22m[2m6 tests[22m[2m | [22m[33m1 skipped[39m[2m)[22m[32m 132[2mms[22m[39m
[90mstdout[2m | test/sandbox/wasmSandbox.test.ts[2m > [22m[2mSandboxPool[2m > [22m[2mshould execute simple code
[22m[39m[INFO] [[SandboxPool]] Pool warmed: 2 instances ready

[90mstdout[2m | test/sandbox/wasmSandbox.test.ts[2m > [22m[2mSandboxPool[2m > [22m[2mshould execute simple code
[22m[39m[INFO] [[SandboxPool]] Pool destroyed

[90mstdout[2m | test/sandbox/wasmSandbox.test.ts[2m > [22m[2mSandboxPool[2m > [22m[2mshould capture multiple console.log calls
[22m[39m[INFO] [[SandboxPool]] Pool warmed: 2 instances ready

[90mstdout[2m | test/sandbox/wasmSandbox.test.ts[2m > [22m[2mSandboxPool[2m > [22m[2mshould capture multiple console.log calls
[22m[39m[INFO] [[SandboxPool]] Pool destroyed

[90mstdout[2m | test/sandbox/wasmSandbox.test.ts[2m > [22m[2mSandboxPool[2m > [22m[2mshould handle JSON output
[22m[39m[INFO] [[SandboxPool]] Pool warmed: 2 instances ready

[90mstdout[2m | test/sandbox/wasmSandbox.test.ts[2m > [22m[2mSandboxPool[2m > [22m[2mshould handle JSON output
[22m[39m[INFO] [[SandboxPool]] Pool destroyed

[90mstdout[2m | test/sandbox/wasmSandbox.test.ts[2m > [22m[2mSandboxPool[2m > [22m[2mshould catch runtime errors
[22m[39m[INFO] [[SandboxPool]] Pool warmed: 2 instances ready

[90mstdout[2m | test/sandbox/wasmSandbox.test.ts[2m > [22m[2mSandboxPool[2m > [22m[2mshould catch runtime errors
[22m[39m[INFO] [[SandboxPool]] Pool destroyed

[90mstdout[2m | test/sandbox/wasmSandbox.test.ts[2m > [22m[2mSandboxPool[2m > [22m[2mshould timeout on infinite loops
[22m[39m[INFO] [[SandboxPool]] Pool warmed: 2 instances ready

[90mstdout[2m | test/sandbox/wasmSandbox.test.ts[2m > [22m[2mSandboxPool[2m > [22m[2mshould timeout on infinite loops
[22m[39m[INFO] [[SandboxPool]] Pool destroyed

[90mstdout[2m | test/sandbox/wasmSandbox.test.ts[2m > [22m[2mSandboxPool[2m > [22m[2mshould block process access
[22m[39m[INFO] [[SandboxPool]] Pool warmed: 2 instances ready

[90mstdout[2m | test/sandbox/wasmSandbox.test.ts[2m > [22m[2mSandboxPool[2m > [22m[2mshould block process access
[22m[39m[INFO] [[SandboxPool]] Pool destroyed

[90mstdout[2m | test/sandbox/wasmSandbox.test.ts[2m > [22m[2mSandboxPool[2m > [22m[2mshould block require()
[22m[39m[INFO] [[SandboxPool]] Pool warmed: 2 instances ready

[90mstdout[2m | test/sandbox/wasmSandbox.test.ts[2m > [22m[2mSandboxPool[2m > [22m[2mshould block require()
[22m[39m[INFO] [[SandboxPool]] Pool destroyed

[90mstdout[2m | test/sandbox/wasmSandbox.test.ts[2m > [22m[2mSandboxPool[2m > [22m[2mshould block dynamic import()
[22m[39m[INFO] [[SandboxPool]] Pool warmed: 2 instances ready

[90mstdout[2m | test/sandbox/wasmSandbox.test.ts[2m > [22m[2mSandboxPool[2m > [22m[2mshould block dynamic import()
[22m[39m[INFO] [[SandboxPool]] Pool destroyed

[90mstdout[2m | test/sandbox/wasmSandbox.test.ts[2m > [22m[2mSandboxPool[2m > [22m[2mshould block Function() constructor
[22m[39m[INFO] [[SandboxPool]] Pool warmed: 2 instances ready

[90mstdout[2m | test/sandbox/wasmSandbox.test.ts[2m > [22m[2mSandboxPool[2m > [22m[2mshould block Function() constructor
[22m[39m[INFO] [[SandboxPool]] Pool destroyed

[90mstdout[2m | test/sandbox/wasmSandbox.test.ts[2m > [22m[2mSandboxPool[2m > [22m[2mshould allow Math operations
[22m[39m[INFO] [[SandboxPool]] Pool warmed: 2 instances ready

[90mstdout[2m | test/sandbox/wasmSandbox.test.ts[2m > [22m[2mSandboxPool[2m > [22m[2mshould allow Math operations
[22m[39m[INFO] [[SandboxPool]] Pool destroyed

[90mstdout[2m | test/sandbox/wasmSandbox.test.ts[2m > [22m[2mSandboxPool[2m > [22m[2mshould allow Date usage
[22m[39m[INFO] [[SandboxPool]] Pool warmed: 2 instances ready

[90mstdout[2m | test/sandbox/wasmSandbox.test.ts[2m > [22m[2mSandboxPool[2m > [22m[2mshould allow Date usage
[22m[39m[INFO] [[SandboxPool]] Pool destroyed

[90mstdout[2m | test/sandbox/wasmSandbox.test.ts[2m > [22m[2mSandboxPool[2m > [22m[2mshould handle output size limits
[22m[39m[INFO] [[SandboxPool]] Pool warmed: 2 instances ready

[90mstdout[2m | test/sandbox/wasmSandbox.test.ts[2m > [22m[2mSandboxPool[2m > [22m[2mshould handle output size limits
[22m[39m[INFO] [[SandboxPool]] Pool destroyed

[90mstdout[2m | test/sandbox/wasmSandbox.test.ts[2m > [22m[2mSandboxPool[2m > [22m[2mshould track pool statistics
[22m[39m[INFO] [[SandboxPool]] Pool warmed: 2 instances ready

[90mstdout[2m | test/sandbox/wasmSandbox.test.ts[2m > [22m[2mSandboxPool[2m > [22m[2mshould track pool statistics
[22m[39m[INFO] [[SandboxPool]] Pool destroyed

[90mstdout[2m | test/sandbox/wasmSandbox.test.ts[2m > [22m[2mSandboxPool[2m > [22m[2mshould reuse pool instances
[22m[39m[INFO] [[SandboxPool]] Pool warmed: 2 instances ready

[90mstdout[2m | test/sandbox/wasmSandbox.test.ts[2m > [22m[2mSandboxPool[2m > [22m[2mshould reuse pool instances
[22m[39m[INFO] [[SandboxPool]] Pool destroyed

[90mstdout[2m | test/sandbox/wasmSandbox.test.ts[2m > [22m[2mSandboxPool[2m > [22m[2mshould isolate between executions
[22m[39m[INFO] [[SandboxPool]] Pool warmed: 2 instances ready

[90mstdout[2m | test/sandbox/wasmSandbox.test.ts[2m > [22m[2mSandboxPool[2m > [22m[2mshould isolate between executions
[22m[39m[INFO] [[SandboxPool]] Pool destroyed

 [32mÔťô[39m test/sandbox/wasmSandbox.test.ts [2m([22m[2m15 tests[22m[2m)[22m[32m 160[2mms[22m[39m
 [32mÔťô[39m test/phoenix_recovery.test.ts [2m([22m[2m3 tests[22m[2m)[22m[32m 127[2mms[22m[39m
 [32mÔťô[39m test/paiosOrchestrator.integration.test.ts [2m([22m[2m15 tests[22m[2m)[22m[32m 110[2mms[22m[39m
[90mstdout[2m | test/safe_zone_validator.test.ts[2m > [22m[2mSafeZoneValidator[2m > [22m[2mSafe Zone Validation[2m > [22m[2mshould allow read access within Safe Zone (data directory)
[22m[39m[INFO] [SafeZoneValidator] Loaded config with 5 safe zones

[90mstdout[2m | test/safe_zone_validator.test.ts[2m > [22m[2mSafeZoneValidator[2m > [22m[2mSafe Zone Validation[2m > [22m[2mshould allow read access within Safe Zone (data directory)
[22m[39m[INFO] [SafeZoneValidator] ALLOWED - read on F:\mcp-brunella-core\data\test_safe_zone\test.txt

[90mstdout[2m | test/safe_zone_validator.test.ts[2m > [22m[2mSafeZoneValidator[2m > [22m[2mSafe Zone Validation[2m > [22m[2mshould allow write access within Safe Zone (data directory)
[22m[39m[INFO] [SafeZoneValidator] Loaded config with 5 safe zones

[90mstdout[2m | test/safe_zone_validator.test.ts[2m > [22m[2mSafeZoneValidator[2m > [22m[2mSafe Zone Validation[2m > [22m[2mshould allow write access within Safe Zone (data directory)
[22m[39m[INFO] [SafeZoneValidator] ALLOWED - write on F:\mcp-brunella-core\data\test_safe_zone\test.txt

[90mstdout[2m | test/safe_zone_validator.test.ts[2m > [22m[2mSafeZoneValidator[2m > [22m[2mSafe Zone Validation[2m > [22m[2mshould deny access outside Safe Zone
[22m[39m[INFO] [SafeZoneValidator] Loaded config with 5 safe zones

stderr | test/safe_zone_validator.test.ts > SafeZoneValidator > Safe Zone Validation > should deny access outside Safe Zone
[WARN] [SafeZoneValidator] DENIED - read on F:\etc\passwd: Outside Safe Zone boundaries

[90mstdout[2m | test/safe_zone_validator.test.ts[2m > [22m[2mSafeZoneValidator[2m > [22m[2mSafe Zone Validation[2m > [22m[2mshould deny access to system directories
[22m[39m[INFO] [SafeZoneValidator] Loaded config with 5 safe zones

stderr | test/safe_zone_validator.test.ts > SafeZoneValidator > Safe Zone Validation > should deny access to system directories
[WARN] [SafeZoneValidator] Suspicious pattern detected: C:\Windows\ in C:\Windows\System32\config\SAM
[WARN] [SafeZoneValidator] DENIED - read on C:\Windows\System32\config\SAM: Suspicious pattern: C:\Windows\

[90mstdout[2m | test/safe_zone_validator.test.ts[2m > [22m[2mSafeZoneValidator[2m > [22m[2mBlacklist Enforcement[2m > [22m[2mshould deny access to .env file
[22m[39m[INFO] [SafeZoneValidator] Loaded config with 5 safe zones

stderr | test/safe_zone_validator.test.ts > SafeZoneValidator > Blacklist Enforcement > should deny access to .env file
[WARN] [SafeZoneValidator] DENIED - read on F:\mcp-brunella-core\.env: Blacklisted file/pattern

[90mstdout[2m | test/safe_zone_validator.test.ts[2m > [22m[2mSafeZoneValidator[2m > [22m[2mBlacklist Enforcement[2m > [22m[2mshould deny access to .git directory
[22m[39m[INFO] [SafeZoneValidator] Loaded config with 5 safe zones

stderr | test/safe_zone_validator.test.ts > SafeZoneValidator > Blacklist Enforcement > should deny access to .git directory
[WARN] [SafeZoneValidator] DENIED - read on F:\mcp-brunella-core\.git\config: Blacklisted file/pattern

[90mstdout[2m | test/safe_zone_validator.test.ts[2m > [22m[2mSafeZoneValidator[2m > [22m[2mBlacklist Enforcement[2m > [22m[2mshould deny access to node_modules
[22m[39m[INFO] [SafeZoneValidator] Loaded config with 5 safe zones

stderr | test/safe_zone_validator.test.ts > SafeZoneValidator > Blacklist Enforcement > should deny access to node_modules
[WARN] [SafeZoneValidator] DENIED - read on F:\mcp-brunella-core\node_modules\package\index.js: Blacklisted file/pattern

[90mstdout[2m | test/safe_zone_validator.test.ts[2m > [22m[2mSafeZoneValidator[2m > [22m[2mBlacklist Enforcement[2m > [22m[2mshould deny access to credential files
[22m[39m[INFO] [SafeZoneValidator] Loaded config with 5 safe zones

stderr | test/safe_zone_validator.test.ts > SafeZoneValidator > Blacklist Enforcement > should deny access to credential files
[WARN] [SafeZoneValidator] DENIED - read on F:\mcp-brunella-core\config\google-service-account.json: Blacklisted file/pattern

[90mstdout[2m | test/safe_zone_validator.test.ts[2m > [22m[2mSafeZoneValidator[2m > [22m[2mSuspicious Pattern Detection[2m > [22m[2mshould deny path traversal attempts (../)
[22m[39m[INFO] [SafeZoneValidator] Loaded config with 5 safe zones

stderr | test/safe_zone_validator.test.ts > SafeZoneValidator > Suspicious Pattern Detection > should deny path traversal attempts (../)
[WARN] [SafeZoneValidator] DENIED - read on F:\etc\passwd: Outside Safe Zone boundaries

[90mstdout[2m | test/safe_zone_validator.test.ts[2m > [22m[2mSafeZoneValidator[2m > [22m[2mSuspicious Pattern Detection[2m > [22m[2mshould deny absolute system paths (/etc/)
[22m[39m[INFO] [SafeZoneValidator] Loaded config with 5 safe zones

stderr | test/safe_zone_validator.test.ts > SafeZoneValidator > Suspicious Pattern Detection > should deny absolute system paths (/etc/)
[WARN] [SafeZoneValidator] DENIED - read on /etc/shadow: Outside Safe Zone boundaries

[90mstdout[2m | test/safe_zone_validator.test.ts[2m > [22m[2mSafeZoneValidator[2m > [22m[2mSuspicious Pattern Detection[2m > [22m[2mshould allow legitimate relative paths within Safe Zone
[22m[39m[INFO] [SafeZoneValidator] Loaded config with 5 safe zones

[90mstdout[2m | test/safe_zone_validator.test.ts[2m > [22m[2mSafeZoneValidator[2m > [22m[2mSuspicious Pattern Detection[2m > [22m[2mshould allow legitimate relative paths within Safe Zone
[22m[39m[INFO] [SafeZoneValidator] ALLOWED - write on F:\mcp-brunella-core\data\test_safe_zone\subdir\file.txt

[90mstdout[2m | test/safe_zone_validator.test.ts[2m > [22m[2mSafeZoneValidator[2m > [22m[2mPermission Validation[2m > [22m[2mshould deny delete operation in Tracks Safe Zone (read/write only)
[22m[39m[INFO] [SafeZoneValidator] Loaded config with 5 safe zones

stderr | test/safe_zone_validator.test.ts > SafeZoneValidator > Permission Validation > should deny delete operation in Tracks Safe Zone (read/write only)
[WARN] [SafeZoneValidator] DENIED - delete on F:\mcp-brunella-core\conductor\tracks\test_track\meta.json: Permission denied in zone: Track Workspace

[90mstdout[2m | test/safe_zone_validator.test.ts[2m > [22m[2mSafeZoneValidator[2m > [22m[2mPermission Validation[2m > [22m[2mshould allow write operation in Data Safe Zone
[22m[39m[INFO] [SafeZoneValidator] Loaded config with 5 safe zones

[90mstdout[2m | test/safe_zone_validator.test.ts[2m > [22m[2mSafeZoneValidator[2m > [22m[2mPermission Validation[2m > [22m[2mshould allow write operation in Data Safe Zone
[22m[39m[INFO] [SafeZoneValidator] ALLOWED - write on F:\mcp-brunella-core\data\test_safe_zone\output.csv

[90mstdout[2m | test/safe_zone_validator.test.ts[2m > [22m[2mSafeZoneValidator[2m > [22m[2mPermission Validation[2m > [22m[2mshould allow execute operation in Incubator Safe Zone
[22m[39m[INFO] [SafeZoneValidator] Loaded config with 5 safe zones

[90mstdout[2m | test/safe_zone_validator.test.ts[2m > [22m[2mSafeZoneValidator[2m > [22m[2mPermission Validation[2m > [22m[2mshould allow execute operation in Incubator Safe Zone
[22m[39m[INFO] [SafeZoneValidator] ALLOWED - execute on F:\mcp-brunella-core\myai\incubator\test_script.py

[90mstdout[2m | test/safe_zone_validator.test.ts[2m > [22m[2mSafeZoneValidator[2m > [22m[2mAudit Logging[2m > [22m[2mshould log denied operations to audit log
[22m[39m[INFO] [SafeZoneValidator] Loaded config with 5 safe zones

stderr | test/safe_zone_validator.test.ts > SafeZoneValidator > Audit Logging > should log denied operations to audit log
[WARN] [SafeZoneValidator] DENIED - read on F:\mcp-brunella-core\.env: Blacklisted file/pattern

[90mstdout[2m | test/safe_zone_validator.test.ts[2m > [22m[2mSafeZoneValidator[2m > [22m[2mAudit Logging[2m > [22m[2mshould include zone information in audit entries
[22m[39m[INFO] [SafeZoneValidator] Loaded config with 5 safe zones

[90mstdout[2m | test/safe_zone_validator.test.ts[2m > [22m[2mSafeZoneValidator[2m > [22m[2mAudit Logging[2m > [22m[2mshould include zone information in audit entries
[22m[39m[INFO] [SafeZoneValidator] ALLOWED - read on F:\mcp-brunella-core\data\test_safe_zone\test.txt

[90mstdout[2m | test/safe_zone_validator.test.ts[2m > [22m[2mSafeZoneValidator[2m > [22m[2mAudit Logging[2m > [22m[2mshould include timestamp in ISO format
[22m[39m[INFO] [SafeZoneValidator] Loaded config with 5 safe zones

[90mstdout[2m | test/safe_zone_validator.test.ts[2m > [22m[2mSafeZoneValidator[2m > [22m[2mAudit Logging[2m > [22m[2mshould include timestamp in ISO format
[22m[39m[INFO] [SafeZoneValidator] ALLOWED - read on F:\mcp-brunella-core\data\test_safe_zone\test.txt

[90mstdout[2m | test/safe_zone_validator.test.ts[2m > [22m[2mSafeZoneValidator[2m > [22m[2mRate Limiting[2m > [22m[2mshould allow operations under rate limit
[22m[39m[INFO] [SafeZoneValidator] Loaded config with 5 safe zones

[90mstdout[2m | test/safe_zone_validator.test.ts[2m > [22m[2mSafeZoneValidator[2m > [22m[2mRate Limiting[2m > [22m[2mshould allow operations under rate limit
[22m[39m[INFO] [SafeZoneValidator] ALLOWED - read on F:\mcp-brunella-core\data\test_safe_zone\test.txt
[INFO] [SafeZoneValidator] ALLOWED - read on F:\mcp-brunella-core\data\test_safe_zone\test.txt
[INFO] [SafeZoneValidator] ALLOWED - read on F:\mcp-brunella-core\data\test_safe_zone\test.txt
[INFO] [SafeZoneValidator] ALLOWED - read on F:\mcp-brunella-core\data\test_safe_zone\test.txt
[INFO] [SafeZoneValidator] ALLOWED - read on F:\mcp-brunella-core\data\test_safe_zone\test.txt
[INFO] [SafeZoneValidator] ALLOWED - read on F:\mcp-brunella-core\data\test_safe_zone\test.txt
[INFO] [SafeZoneValidator] ALLOWED - read on F:\mcp-brunella-core\data\test_safe_zone\test.txt
[INFO] [SafeZoneValidator] ALLOWED - read on F:\mcp-brunella-core\data\test_safe_zone\test.txt
[INFO] [SafeZoneValidator] ALLOWED - read on F:\mcp-brunella-core\data\test_safe_zone\test.txt
[INFO] [SafeZoneValidator] ALLOWED - read on F:\mcp-brunella-core\data\test_safe_zone\test.txt

[90mstdout[2m | test/safe_zone_validator.test.ts[2m > [22m[2mSafeZoneValidator[2m > [22m[2mRate Limiting[2m > [22m[2mshould eventually deny operations if rate limit exceeded
[22m[39m[INFO] [SafeZoneValidator] Loaded config with 5 safe zones

[90mstdout[2m | test/safe_zone_validator.test.ts[2m > [22m[2mSafeZoneValidator[2m > [22m[2mFile Extension Validation[2m > [22m[2mshould allow write operation for allowed extensions
[22m[39m[INFO] [SafeZoneValidator] Loaded config with 5 safe zones

[90mstdout[2m | test/safe_zone_validator.test.ts[2m > [22m[2mSafeZoneValidator[2m > [22m[2mFile Extension Validation[2m > [22m[2mshould allow write operation for allowed extensions
[22m[39m[INFO] [SafeZoneValidator] ALLOWED - write on F:\mcp-brunella-core\data\test_safe_zone\data.json

[90mstdout[2m | test/safe_zone_validator.test.ts[2m > [22m[2mSafeZoneValidator[2m > [22m[2mFile Extension Validation[2m > [22m[2mshould deny write operation for disallowed extensions
[22m[39m[INFO] [SafeZoneValidator] Loaded config with 5 safe zones

stderr | test/safe_zone_validator.test.ts > SafeZoneValidator > File Extension Validation > should deny write operation for disallowed extensions
[WARN] [SafeZoneValidator] DENIED - write on F:\mcp-brunella-core\data\test_safe_zone\malware.exe: Extension .exe not allowed in zone

[90mstdout[2m | test/safe_zone_validator.test.ts[2m > [22m[2mSafeZoneValidator[2m > [22m[2mUtility Methods[2m > [22m[2mshould return list of configured safe zones
[22m[39m[INFO] [SafeZoneValidator] Loaded config with 5 safe zones

[90mstdout[2m | test/safe_zone_validator.test.ts[2m > [22m[2mSafeZoneValidator[2m > [22m[2mUtility Methods[2m > [22m[2mshould retrieve recent audit log entries
[22m[39m[INFO] [SafeZoneValidator] Loaded config with 5 safe zones

[90mstdout[2m | test/safe_zone_validator.test.ts[2m > [22m[2mSafeZoneValidator[2m > [22m[2mUtility Methods[2m > [22m[2mshould retrieve recent audit log entries
[22m[39m[INFO] [SafeZoneValidator] ALLOWED - read on F:\mcp-brunella-core\data\test_safe_zone\test.txt
[INFO] [SafeZoneValidator] ALLOWED - write on F:\mcp-brunella-core\data\test_safe_zone\test.txt

 [32mÔťô[39m test/safe_zone_validator.test.ts [2m([22m[2m24 tests[22m[2m | [22m[33m1 skipped[39m[2m)[22m[32m 117[2mms[22m[39m
 [32mÔťô[39m test/task_queue.test.ts [2m([22m[2m25 tests[22m[2m)[22m[32m 83[2mms[22m[39m
[90mstdout[2m | test/heartbeatMonitor.test.ts[2m > [22m[2mPhoenix Protocol v2 - Heartbeat Monitor[2m > [22m[2mStart/Stop[2m > [22m[2mshould start monitoring services
[22m[39m[INFO] [HeartbeatMonitor] Stopped

[90mstdout[2m | test/heartbeatMonitor.test.ts[2m > [22m[2mPhoenix Protocol v2 - Heartbeat Monitor[2m > [22m[2mStart/Stop[2m > [22m[2mshould start monitoring services
[22m[39m[INFO] [HeartbeatMonitor] Started (interval: 30000ms, timeout: 10000ms)

[90mstdout[2m | test/heartbeatMonitor.test.ts[2m > [22m[2mPhoenix Protocol v2 - Heartbeat Monitor[2m > [22m[2mStart/Stop[2m > [22m[2mshould start monitoring services
[22m[39m[INFO] [HeartbeatMonitor] Stopped

[90mstdout[2m | test/heartbeatMonitor.test.ts[2m > [22m[2mPhoenix Protocol v2 - Heartbeat Monitor[2m > [22m[2mStart/Stop[2m > [22m[2mshould stop monitoring services
[22m[39m[INFO] [HeartbeatMonitor] Stopped

[90mstdout[2m | test/heartbeatMonitor.test.ts[2m > [22m[2mPhoenix Protocol v2 - Heartbeat Monitor[2m > [22m[2mStart/Stop[2m > [22m[2mshould stop monitoring services
[22m[39m[INFO] [HeartbeatMonitor] Started (interval: 30000ms, timeout: 10000ms)
[INFO] [HeartbeatMonitor] Stopped

[90mstdout[2m | test/heartbeatMonitor.test.ts[2m > [22m[2mPhoenix Protocol v2 - Heartbeat Monitor[2m > [22m[2mStart/Stop[2m > [22m[2mshould stop monitoring services
[22m[39m[INFO] [HeartbeatMonitor] Stopped

[90mstdout[2m | test/heartbeatMonitor.test.ts[2m > [22m[2mPhoenix Protocol v2 - Heartbeat Monitor[2m > [22m[2mStart/Stop[2m > [22m[2mshould not start if disabled via config
[22m[39m[INFO] [HeartbeatMonitor] Stopped

[90mstdout[2m | test/heartbeatMonitor.test.ts[2m > [22m[2mPhoenix Protocol v2 - Heartbeat Monitor[2m > [22m[2mStart/Stop[2m > [22m[2mshould not start if disabled via config
[22m[39m[INFO] [HeartbeatMonitor] Disabled via config

[90mstdout[2m | test/heartbeatMonitor.test.ts[2m > [22m[2mPhoenix Protocol v2 - Heartbeat Monitor[2m > [22m[2mStart/Stop[2m > [22m[2mshould not start if disabled via config
[22m[39m[INFO] [HeartbeatMonitor] Stopped

[90mstdout[2m | test/heartbeatMonitor.test.ts[2m > [22m[2mPhoenix Protocol v2 - Heartbeat Monitor[2m > [22m[2mService Status[2m > [22m[2mshould get overall health status
[22m[39m[INFO] [HeartbeatMonitor] Stopped

[90mstdout[2m | test/heartbeatMonitor.test.ts[2m > [22m[2mPhoenix Protocol v2 - Heartbeat Monitor[2m > [22m[2mService Status[2m > [22m[2mshould get overall health status
[22m[39m[INFO] [HeartbeatMonitor] Stopped

[90mstdout[2m | test/heartbeatMonitor.test.ts[2m > [22m[2mPhoenix Protocol v2 - Heartbeat Monitor[2m > [22m[2mService Status[2m > [22m[2mshould get all service statuses
[22m[39m[INFO] [HeartbeatMonitor] Stopped

[90mstdout[2m | test/heartbeatMonitor.test.ts[2m > [22m[2mPhoenix Protocol v2 - Heartbeat Monitor[2m > [22m[2mService Status[2m > [22m[2mshould get all service statuses
[22m[39m[INFO] [HeartbeatMonitor] Stopped

[90mstdout[2m | test/heartbeatMonitor.test.ts[2m > [22m[2mPhoenix Protocol v2 - Heartbeat Monitor[2m > [22m[2mService Status[2m > [22m[2mshould get individual service status
[22m[39m[INFO] [HeartbeatMonitor] Stopped

[90mstdout[2m | test/heartbeatMonitor.test.ts[2m > [22m[2mPhoenix Protocol v2 - Heartbeat Monitor[2m > [22m[2mService Status[2m > [22m[2mshould get individual service status
[22m[39m[INFO] [HeartbeatMonitor] Stopped

[90mstdout[2m | test/heartbeatMonitor.test.ts[2m > [22m[2mPhoenix Protocol v2 - Heartbeat Monitor[2m > [22m[2mFailure Handling[2m > [22m[2mshould register failure handlers
[22m[39m[INFO] [HeartbeatMonitor] Stopped

[90mstdout[2m | test/heartbeatMonitor.test.ts[2m > [22m[2mPhoenix Protocol v2 - Heartbeat Monitor[2m > [22m[2mFailure Handling[2m > [22m[2mshould register failure handlers
[22m[39m[INFO] [HeartbeatMonitor] Registered failure handler for ollama

[90mstdout[2m | test/heartbeatMonitor.test.ts[2m > [22m[2mPhoenix Protocol v2 - Heartbeat Monitor[2m > [22m[2mFailure Handling[2m > [22m[2mshould register failure handlers
[22m[39m[INFO] [HeartbeatMonitor] Stopped

[90mstdout[2m | test/heartbeatMonitor.test.ts[2m > [22m[2mPhoenix Protocol v2 - Heartbeat Monitor[2m > [22m[2mFailure Handling[2m > [22m[2mshould reset failures for a service
[22m[39m[INFO] [HeartbeatMonitor] Stopped

[90mstdout[2m | test/heartbeatMonitor.test.ts[2m > [22m[2mPhoenix Protocol v2 - Heartbeat Monitor[2m > [22m[2mFailure Handling[2m > [22m[2mshould reset failures for a service
[22m[39m[INFO] [HeartbeatMonitor] Reset failures for ollama

[90mstdout[2m | test/heartbeatMonitor.test.ts[2m > [22m[2mPhoenix Protocol v2 - Heartbeat Monitor[2m > [22m[2mFailure Handling[2m > [22m[2mshould reset failures for a service
[22m[39m[INFO] [HeartbeatMonitor] Stopped

[90mstdout[2m | test/heartbeatMonitor.test.ts[2m > [22m[2mPhoenix Protocol v2 - Heartbeat Monitor[2m > [22m[2mManual Health Checks[2m > [22m[2mshould trigger manual health check for a service
[22m[39m[INFO] [HeartbeatMonitor] Stopped

[90mstdout[2m | test/heartbeatMonitor.test.ts[2m > [22m[2mPhoenix Protocol v2 - Heartbeat Monitor[2m > [22m[2mManual Health Checks[2m > [22m[2mshould trigger manual health check for a service
[22m[39m[INFO] [HeartbeatMonitor] Stopped

[90mstdout[2m | test/heartbeatMonitor.test.ts[2m > [22m[2mPhoenix Protocol v2 - Heartbeat Monitor[2m > [22m[2mManual Health Checks[2m > [22m[2mshould handle manual check for non-existent service
[22m[39m[INFO] [HeartbeatMonitor] Stopped

stderr | test/heartbeatMonitor.test.ts > Phoenix Protocol v2 - Heartbeat Monitor > Manual Health Checks > should handle manual check for non-existent service
[ERROR] [HeartbeatMonitor] Service non-existent-service not found

[90mstdout[2m | test/heartbeatMonitor.test.ts[2m > [22m[2mPhoenix Protocol v2 - Heartbeat Monitor[2m > [22m[2mManual Health Checks[2m > [22m[2mshould handle manual check for non-existent service
[22m[39m[INFO] [HeartbeatMonitor] Stopped

[90mstdout[2m | test/heartbeatMonitor.test.ts[2m > [22m[2mPhoenix Protocol v2 - Heartbeat Monitor[2m > [22m[2mConfiguration[2m > [22m[2mshould accept custom configuration
[22m[39m[INFO] [HeartbeatMonitor] Stopped

[90mstdout[2m | test/heartbeatMonitor.test.ts[2m > [22m[2mPhoenix Protocol v2 - Heartbeat Monitor[2m > [22m[2mConfiguration[2m > [22m[2mshould accept custom configuration
[22m[39m[INFO] [HeartbeatMonitor] Started (interval: 10000ms, timeout: 5000ms)

[90mstdout[2m | test/heartbeatMonitor.test.ts[2m > [22m[2mPhoenix Protocol v2 - Heartbeat Monitor[2m > [22m[2mConfiguration[2m > [22m[2mshould accept custom configuration
[22m[39m[INFO] [HeartbeatMonitor] Stopped

[90mstdout[2m | test/heartbeatMonitor.test.ts[2m > [22m[2mPhoenix Protocol v2 - Heartbeat Monitor[2m > [22m[2mConfiguration[2m > [22m[2mshould use default config if not provided
[22m[39m[INFO] [HeartbeatMonitor] Stopped

[90mstdout[2m | test/heartbeatMonitor.test.ts[2m > [22m[2mPhoenix Protocol v2 - Heartbeat Monitor[2m > [22m[2mConfiguration[2m > [22m[2mshould use default config if not provided
[22m[39m[INFO] [HeartbeatMonitor] Started (interval: 10000ms, timeout: 5000ms)

[90mstdout[2m | test/heartbeatMonitor.test.ts[2m > [22m[2mPhoenix Protocol v2 - Heartbeat Monitor[2m > [22m[2mConfiguration[2m > [22m[2mshould use default config if not provided
[22m[39m[INFO] [HeartbeatMonitor] Stopped

[90mstdout[2m | test/heartbeatMonitor.test.ts[2m > [22m[2mPhoenix Protocol v2 - Heartbeat Monitor[2m > [22m[2mIntegration[2m > [22m[2mshould have valid service health structure
[22m[39m[INFO] [HeartbeatMonitor] Stopped

[90mstdout[2m | test/heartbeatMonitor.test.ts[2m > [22m[2mPhoenix Protocol v2 - Heartbeat Monitor[2m > [22m[2mIntegration[2m > [22m[2mshould have valid service health structure
[22m[39m[INFO] [HeartbeatMonitor] Stopped

[90mstdout[2m | test/heartbeatMonitor.test.ts[2m > [22m[2mPhoenix Protocol v2 - Heartbeat Monitor[2m > [22m[2mIntegration[2m > [22m[2mshould track service health over time
[22m[39m[INFO] [HeartbeatMonitor] Stopped

[90mstdout[2m | test/heartbeatMonitor.test.ts[2m > [22m[2mPhoenix Protocol v2 - Heartbeat Monitor[2m > [22m[2mIntegration[2m > [22m[2mshould track service health over time
[22m[39m[INFO] [HeartbeatMonitor] Stopped

 [32mÔťô[39m test/heartbeatMonitor.test.ts [2m([22m[2m14 tests[22m[2m)[22m[32m 68[2mms[22m[39m
[90mstdout[2m | test/tracks_todos_routes.test.ts
[22m[39m[INFO] [EventBus] Singleton connected to F:\mcp-brunella-core\data\brunella.db

[90mstdout[2m | test/tracks_todos_routes.test.ts
[22m[39m[INFO] [SwarmManager] Colony created: Triad (triad-default)
[INFO] [System] Triad colony initialized: researcher, DataScientist, Developer

 [32mÔťô[39m test/tracks_todos_routes.test.ts [2m([22m[2m3 tests[22m[2m)[22m[32m 76[2mms[22m[39m
[90mstdout[2m | test/jules_workflow_routes.test.ts[2m > [22m[2mJules workflow routes[2m > [22m[2mPOST /api/jules/dispatch returns 503 when GITHUB_TOKEN missing
[22m[39m[INFO] [JulesRoutes] Dispatch workflow: jules-async-tests.yml ref=main

[90mstdout[2m | test/jules_workflow_routes.test.ts[2m > [22m[2mJules workflow routes[2m > [22m[2mPOST /api/jules/automations/import imports rules from .jules.yml
[22m[39m[INFO] [GlobalDb] Database opened: F:\mcp-brunella-core\data\brunella.db
[INFO] [GlobalDb] Schema initialized
[INFO] [JulesParser] Loading config from F:\mcp-brunella-core\.jules.yml
[INFO] [JulesParser] Loaded 2 workflows
[INFO] [JulesAutomation] Found 5 automation rules to import
[INFO] [JulesAutomation] Task already exists: Daily Codebase Scan
[INFO] [JulesAutomation] Skipped existing rule: Daily Codebase Scan
[INFO] [JulesAutomation] Task already exists: Weekly Dependency Security Check
[INFO] [JulesAutomation] Skipped existing rule: Weekly Dependency Security Check
[INFO] [JulesAutomation] Task already exists: Daily Test Suite Validation
[INFO] [JulesAutomation] Skipped existing rule: Daily Test Suite Validation
[INFO] [JulesAutomation] Task already exists: Daily Render Deployment Check
[INFO] [JulesAutomation] Skipped existing rule: Daily Render Deployment Check
[INFO] [JulesAutomation] Task already exists: Git Sync Schedule
[INFO] [JulesAutomation] Skipped existing rule: Git Sync Schedule

 [32mÔťô[39m test/jules_workflow_routes.test.ts [2m([22m[2m5 tests[22m[2m)[22m[32m 80[2mms[22m[39m
 [32mÔťô[39m test/scheduledTasks.test.ts [2m([22m[2m4 tests[22m[2m | [22m[33m1 skipped[39m[2m)[22m[32m 99[2mms[22m[39m
[90mstdout[2m | test/jules_e2e_pipeline.test.ts[2m > [22m[2mJules Continuous AI E2E flow[2m > [22m[2mScheduler E2E: create + trigger updates last_status
[22m[39m[INFO] [SuggestedTasksScanner] Database initialized at :memory:

[90mstdout[2m | test/jules_e2e_pipeline.test.ts[2m > [22m[2mJules Continuous AI E2E flow[2m > [22m[2mScheduler E2E: create + trigger updates last_status
[22m[39m[INFO] [ScheduledTasksRoute] Task created: Nightly scan

[90mstdout[2m | test/jules_e2e_pipeline.test.ts[2m > [22m[2mJules Continuous AI E2E flow[2m > [22m[2mScheduler E2E: create + trigger updates last_status
[22m[39m[INFO] [ScheduledTasksRoute] Task triggered: ae92d966-ac42-473b-9dbb-ac308c7408d3

[90mstdout[2m | test/jules_e2e_pipeline.test.ts[2m > [22m[2mJules Continuous AI E2E flow[2m > [22m[2mWebhook Ôćĺ scheduler: GitHub push triggers auto-scan hook
[22m[39m[INFO] [SuggestedTasksScanner] Database initialized at :memory:

[90mstdout[2m | test/jules_e2e_pipeline.test.ts[2m > [22m[2mJules Continuous AI E2E flow[2m > [22m[2mWebhook Ôćĺ scheduler: GitHub push triggers auto-scan hook
[22m[39m[INFO] [Webhooks] GitHub push detected: mcp-brunella-core (refs/heads/main)

[90mstdout[2m | test/jules_e2e_pipeline.test.ts[2m > [22m[2mJules Continuous AI E2E flow[2m > [22m[2mWebhook Ôćĺ scheduler: GitHub push triggers auto-scan hook
[22m[39m[INFO] [Webhooks] Auto-scan triggered for mcp-brunella-core

[90mstdout[2m | test/jules_e2e_pipeline.test.ts[2m > [22m[2mJules Continuous AI E2E flow[2m > [22m[2mFull flow: webhook Ôćĺ scheduler trigger Ôćĺ dashboard data
[22m[39m[INFO] [SuggestedTasksScanner] Database initialized at :memory:

[90mstdout[2m | test/jules_e2e_pipeline.test.ts[2m > [22m[2mJules Continuous AI E2E flow[2m > [22m[2mFull flow: webhook Ôćĺ scheduler trigger Ôćĺ dashboard data
[22m[39m[INFO] [ScheduledTasksRoute] Task created: Webhook scan

[90mstdout[2m | test/jules_e2e_pipeline.test.ts[2m > [22m[2mJules Continuous AI E2E flow[2m > [22m[2mFull flow: webhook Ôćĺ scheduler trigger Ôćĺ dashboard data
[22m[39m[INFO] [ScheduledTasksRoute] Task triggered: 48966c0d-44d2-4661-8998-e933428a66b5

[90mstdout[2m | test/jules_e2e_pipeline.test.ts[2m > [22m[2mJules Continuous AI E2E flow[2m > [22m[2mFull flow: webhook Ôćĺ scheduler trigger Ôćĺ dashboard data
[22m[39m[INFO] [suggestedTasksAPI] Retrieved 1 suggested tasks

 [32mÔťô[39m test/jules_e2e_pipeline.test.ts [2m([22m[2m4 tests[22m[2m | [22m[33m1 skipped[39m[2m)[22m[32m 70[2mms[22m[39m
 [32mÔťô[39m test/cloudflare_routes.test.ts [2m([22m[2m9 tests[22m[2m)[22m[32m 77[2mms[22m[39m
[90mstdout[2m | test/salesHunterAgent.test.ts
[22m[39m[INFO] [AIGateway] Ôťů AI Gateway v3.0 initialized: CF Workers AI (@cf/meta/llama-3.1-8b-instruct)

[90mstdout[2m | test/salesHunterAgent.test.ts
[22m[39m[INFO] [GlobalDb] Database opened: F:\mcp-brunella-core\data\brunella.db
[INFO] [GlobalDb] Schema initialized
[INFO] [StructuredMemory] Structured memory DB initialized

[90mstdout[2m | test/salesHunterAgent.test.ts
[22m[39m[INFO] [EventBus] Singleton connected to F:\mcp-brunella-core\data\brunella.db

[90mstdout[2m | test/salesHunterAgent.test.ts
[22m[39m[INFO] [SwarmManager] Colony created: Triad (triad-default)
[INFO] [System] Triad colony initialized: researcher, DataScientist, Developer

[90mstdout[2m | test/salesHunterAgent.test.ts[2m > [22m[2mSalesHunterAgent[2m > [22m[2mTask Execution[2m > [22m[2mshould execute lead generation with valid JSON input
[22m[39m[STATUS] [SalesHunter] working - Lead gener├íl├ís: {"targetIndustry":"IT consulting","targetRole":"CT...
[INFO] [SalesHunter] Lead gener├íl├ísi folyamat ind├şt├ísa...
[INFO] [SalesHunter] C├ęl: consulting, Budapest, sme
[INFO] [SalesHunter] Test mode: using mock leads (skip RobotkezV2).

[90mstdout[2m | test/salesHunterAgent.test.ts[2m > [22m[2mSalesHunterAgent[2m > [22m[2mTask Execution[2m > [22m[2mshould execute lead generation with valid JSON input
[22m[39m[INFO] [SalesHunter] Generating email drafts for 20 leads...

[90mstdout[2m | test/salesHunterAgent.test.ts[2m > [22m[2mSalesHunterAgent[2m > [22m[2mTask Execution[2m > [22m[2mshould execute lead generation with valid JSON input
[22m[39m[INFO] [SalesHunter] Ôťů Lead gener├íl├ís k├ęsz: 20 lead tal├ílva
[STATUS] [SalesHunter] idle

stderr | test/salesHunterAgent.test.ts > SalesHunterAgent > Task Execution > should execute lead generation with valid JSON input
[WARN] [Redactor] [SalesHunter] PII/secret tal├ílat redakt├ílva: email(1), email(1), email(1), email(1), email(1), email(1), email(1), email(1), email(1), email(1), email(1), email(1), email(1), email(1), email(1), email(1), email(1), email(1), email(1), email(1), email(1), email(1), email(1), email(1), email(1), email(1), email(1), email(1), email(1), email(1), email(1), email(1), email(1), email(1), email(1), email(1), email(1), email(1), email(1), email(1), email(1), email(1), email(1), email(1), email(1), email(1), email(1), email(1), email(1), email(1), email(1), email(1), email(1), email(1), email(1), email(1), email(1), email(1), email(1), email(1), email(1), email(1), email(1), email(1), email(1), email(1), email(1), email(1), email(1), email(1), email(1), email(1), email(1), email(1), email(1), email(1), email(1), email(1), email(1), email(1)

[90mstdout[2m | test/salesHunterAgent.test.ts[2m > [22m[2mSalesHunterAgent[2m > [22m[2mTask Execution[2m > [22m[2mshould execute with default parameters when task is not JSON
[22m[39m[STATUS] [SalesHunter] working - Lead gener├íl├ís: find leads in IT industry...
[INFO] [SalesHunter] Lead gener├íl├ísi folyamat ind├şt├ísa...
[INFO] [SalesHunter] C├ęl: general, Hungary, sme
[INFO] [SalesHunter] Test mode: using mock leads (skip RobotkezV2).

[90mstdout[2m | test/salesHunterAgent.test.ts[2m > [22m[2mSalesHunterAgent[2m > [22m[2mTask Execution[2m > [22m[2mshould execute with default parameters when task is not JSON
[22m[39m[INFO] [SalesHunter] Generating email drafts for 20 leads...

[90mstdout[2m | test/salesHunterAgent.test.ts[2m > [22m[2mSalesHunterAgent[2m > [22m[2mTask Execution[2m > [22m[2mshould execute with default parameters when task is not JSON
[22m[39m[INFO] [SalesHunter] Ôťů Lead gener├íl├ís k├ęsz: 20 lead tal├ílva
[STATUS] [SalesHunter] idle

stderr | test/salesHunterAgent.test.ts > SalesHunterAgent > Task Execution > should execute with default parameters when task is not JSON
[WARN] [Redactor] [SalesHunter] PII/secret tal├ílat redakt├ílva: email(1), email(1), email(1), email(1), email(1), email(1), email(1), email(1), email(1), email(1), email(1), email(1), email(1), email(1), email(1), email(1), email(1), email(1), email(1), email(1), email(1), email(1), email(1), email(1), email(1), email(1), email(1), email(1), email(1), email(1), email(1), email(1), email(1), email(1), email(1), email(1), email(1), email(1), email(1), email(1), email(1), email(1), email(1), email(1), email(1), email(1), email(1), email(1), email(1), email(1), email(1), email(1), email(1), email(1), email(1), email(1), email(1), email(1), email(1), email(1), email(1), email(1), email(1), email(1), email(1), email(1), email(1), email(1), email(1), email(1), email(1), email(1), email(1), email(1), email(1), email(1), email(1), email(1), email(1), email(1)

[90mstdout[2m | test/salesHunterAgent.test.ts[2m > [22m[2mSalesHunterAgent[2m > [22m[2mTask Execution[2m > [22m[2mshould handle executeTask interface
[22m[39m[STATUS] [SalesHunter] working - Lead gener├íl├ís: {"targetIndustry":"Finance","targetRole":"CFO"}...
[INFO] [SalesHunter] Lead gener├íl├ísi folyamat ind├şt├ísa...
[INFO] [SalesHunter] C├ęl: general, Hungary, sme
[INFO] [SalesHunter] Test mode: using mock leads (skip RobotkezV2).

[90mstdout[2m | test/salesHunterAgent.test.ts[2m > [22m[2mSalesHunterAgent[2m > [22m[2mTask Execution[2m > [22m[2mshould handle executeTask interface
[22m[39m[INFO] [SalesHunter] Generating email drafts for 20 leads...

[90mstdout[2m | test/salesHunterAgent.test.ts[2m > [22m[2mSalesHunterAgent[2m > [22m[2mTask Execution[2m > [22m[2mshould handle executeTask interface
[22m[39m[INFO] [SalesHunter] Ôťů Lead gener├íl├ís k├ęsz: 20 lead tal├ílva
[STATUS] [SalesHunter] idle

[90mstdout[2m | test/salesHunterAgent.test.ts[2m > [22m[2mSalesHunterAgent[2m > [22m[2mTask Execution[2m > [22m[2mshould generate email drafts for leads
[22m[39m[STATUS] [SalesHunter] working - Lead gener├íl├ís: {"targetIndustry":"Technology","targetRole":"VP Sa...
[INFO] [SalesHunter] Lead gener├íl├ísi folyamat ind├şt├ísa...
[INFO] [SalesHunter] C├ęl: tech, Hungary, sme
[INFO] [SalesHunter] Test mode: using mock leads (skip RobotkezV2).

[90mstdout[2m | test/salesHunterAgent.test.ts[2m > [22m[2mSalesHunterAgent[2m > [22m[2mTask Execution[2m > [22m[2mshould generate email drafts for leads
[22m[39m[INFO] [SalesHunter] Generating email drafts for 20 leads...

[90mstdout[2m | test/salesHunterAgent.test.ts[2m > [22m[2mSalesHunterAgent[2m > [22m[2mTask Execution[2m > [22m[2mshould generate email drafts for leads
[22m[39m[INFO] [SalesHunter] Ôťů Lead gener├íl├ís k├ęsz: 20 lead tal├ílva
[STATUS] [SalesHunter] idle

stderr | test/salesHunterAgent.test.ts > SalesHunterAgent > Task Execution > should generate email drafts for leads
[WARN] [Redactor] [SalesHunter] PII/secret tal├ílat redakt├ílva: email(1), email(1), email(1), email(1), email(1), email(1), email(1), email(1), email(1), email(1), email(1), email(1), email(1), email(1), email(1), email(1), email(1), email(1), email(1), email(1), email(1), email(1), email(1), email(1), email(1), email(1), email(1), email(1), email(1), email(1), email(1), email(1), email(1), email(1), email(1), email(1), email(1), email(1), email(1), email(1), email(1), email(1), email(1), email(1), email(1), email(1), email(1), email(1), email(1), email(1), email(1), email(1), email(1), email(1), email(1), email(1), email(1), email(1), email(1), email(1), email(1), email(1), email(1), email(1), email(1), email(1), email(1), email(1), email(1), email(1), email(1), email(1), email(1), email(1), email(1), email(1), email(1), email(1), email(1), email(1)

[90mstdout[2m | test/salesHunterAgent.test.ts[2m > [22m[2mSalesHunterAgent[2m > [22m[2mTask Execution[2m > [22m[2mshould calculate lead scores
[22m[39m[STATUS] [SalesHunter] working - Lead gener├íl├ís: {"targetIndustry":"SaaS","targetRole":"Product Man...
[INFO] [SalesHunter] Lead gener├íl├ísi folyamat ind├şt├ísa...
[INFO] [SalesHunter] C├ęl: general, Hungary, sme
[INFO] [SalesHunter] Test mode: using mock leads (skip RobotkezV2).

[90mstdout[2m | test/salesHunterAgent.test.ts[2m > [22m[2mSalesHunterAgent[2m > [22m[2mTask Execution[2m > [22m[2mshould calculate lead scores
[22m[39m[INFO] [SalesHunter] Generating email drafts for 20 leads...

[90mstdout[2m | test/salesHunterAgent.test.ts[2m > [22m[2mSalesHunterAgent[2m > [22m[2mTask Execution[2m > [22m[2mshould calculate lead scores
[22m[39m[INFO] [SalesHunter] Ôťů Lead gener├íl├ís k├ęsz: 20 lead tal├ílva
[STATUS] [SalesHunter] idle

stderr | test/salesHunterAgent.test.ts > SalesHunterAgent > Task Execution > should calculate lead scores
[WARN] [Redactor] [SalesHunter] PII/secret tal├ílat redakt├ílva: email(1), email(1), email(1), email(1), email(1), email(1), email(1), email(1), email(1), email(1), email(1), email(1), email(1), email(1), email(1), email(1), email(1), email(1), email(1), email(1), email(1), email(1), email(1), email(1), email(1), email(1), email(1), email(1), email(1), email(1), email(1), email(1), email(1), email(1), email(1), email(1), email(1), email(1), email(1), email(1), email(1), email(1), email(1), email(1), email(1), email(1), email(1), email(1), email(1), email(1), email(1), email(1), email(1), email(1), email(1), email(1), email(1), email(1), email(1), email(1), email(1), email(1), email(1), email(1), email(1), email(1), email(1), email(1), email(1), email(1), email(1), email(1), email(1), email(1), email(1), email(1), email(1), email(1), email(1), email(1)

[90mstdout[2m | test/salesHunterAgent.test.ts[2m > [22m[2mSalesHunterAgent[2m > [22m[2mTask Execution[2m > [22m[2mshould provide CRM export URL
[22m[39m[STATUS] [SalesHunter] working - Lead gener├íl├ís: {"targetIndustry":"Manufacturing","targetRole":"Op...
[INFO] [SalesHunter] Lead gener├íl├ísi folyamat ind├şt├ísa...
[INFO] [SalesHunter] C├ęl: manufacturing, Hungary, sme
[INFO] [SalesHunter] Test mode: using mock leads (skip RobotkezV2).

[90mstdout[2m | test/salesHunterAgent.test.ts[2m > [22m[2mSalesHunterAgent[2m > [22m[2mTask Execution[2m > [22m[2mshould provide CRM export URL
[22m[39m[INFO] [SalesHunter] Generating email drafts for 20 leads...

[90mstdout[2m | test/salesHunterAgent.test.ts[2m > [22m[2mSalesHunterAgent[2m > [22m[2mTask Execution[2m > [22m[2mshould provide CRM export URL
[22m[39m[INFO] [SalesHunter] Ôťů Lead gener├íl├ís k├ęsz: 20 lead tal├ílva
[STATUS] [SalesHunter] idle

stderr | test/salesHunterAgent.test.ts > SalesHunterAgent > Task Execution > should provide CRM export URL
[WARN] [Redactor] [SalesHunter] PII/secret tal├ílat redakt├ílva: email(1), email(1), email(1), email(1), email(1), email(1), email(1), email(1), email(1), email(1), email(1), email(1), email(1), email(1), email(1), email(1), email(1), email(1), email(1), email(1), email(1), email(1), email(1), email(1), email(1), email(1), email(1), email(1), email(1), email(1), email(1), email(1), email(1), email(1), email(1), email(1), email(1), email(1), email(1), email(1), email(1), email(1), email(1), email(1), email(1), email(1), email(1), email(1), email(1), email(1), email(1), email(1), email(1), email(1), email(1), email(1), email(1), email(1), email(1), email(1), email(1), email(1), email(1), email(1), email(1), email(1), email(1), email(1), email(1), email(1), email(1), email(1), email(1), email(1), email(1), email(1), email(1), email(1), email(1), email(1)

[90mstdout[2m | test/salesHunterAgent.test.ts[2m > [22m[2mSalesHunterAgent[2m > [22m[2mTask Execution[2m > [22m[2mshould include statistics in result
[22m[39m[STATUS] [SalesHunter] working - Lead gener├íl├ís: {"targetIndustry":"Healthcare","targetRole":"Medic...
[INFO] [SalesHunter] Lead gener├íl├ísi folyamat ind├şt├ísa...
[INFO] [SalesHunter] C├ęl: general, Hungary, sme
[INFO] [SalesHunter] Test mode: using mock leads (skip RobotkezV2).

[90mstdout[2m | test/salesHunterAgent.test.ts[2m > [22m[2mSalesHunterAgent[2m > [22m[2mTask Execution[2m > [22m[2mshould include statistics in result
[22m[39m[INFO] [SalesHunter] Generating email drafts for 20 leads...

[90mstdout[2m | test/salesHunterAgent.test.ts[2m > [22m[2mSalesHunterAgent[2m > [22m[2mTask Execution[2m > [22m[2mshould include statistics in result
[22m[39m[INFO] [SalesHunter] Ôťů Lead gener├íl├ís k├ęsz: 20 lead tal├ílva
[STATUS] [SalesHunter] idle

stderr | test/salesHunterAgent.test.ts > SalesHunterAgent > Task Execution > should include statistics in result
[WARN] [Redactor] [SalesHunter] PII/secret tal├ílat redakt├ílva: email(1), email(1), email(1), email(1), email(1), email(1), email(1), email(1), email(1), email(1), email(1), email(1), email(1), email(1), email(1), email(1), email(1), email(1), email(1), email(1), email(1), email(1), email(1), email(1), email(1), email(1), email(1), email(1), email(1), email(1), email(1), email(1), email(1), email(1), email(1), email(1), email(1), email(1), email(1), email(1), email(1), email(1), email(1), email(1), email(1), email(1), email(1), email(1), email(1), email(1), email(1), email(1), email(1), email(1), email(1), email(1), email(1), email(1), email(1), email(1), email(1), email(1), email(1), email(1), email(1), email(1), email(1), email(1), email(1), email(1), email(1), email(1), email(1), email(1), email(1), email(1), email(1), email(1), email(1), email(1)

[90mstdout[2m | test/salesHunterAgent.test.ts[2m > [22m[2mSalesHunterAgent[2m > [22m[2mError Handling[2m > [22m[2mshould handle malformed JSON gracefully
[22m[39m[STATUS] [SalesHunter] working - Lead gener├íl├ís: { invalid json }...
[INFO] [SalesHunter] Lead gener├íl├ísi folyamat ind├şt├ísa...
[INFO] [SalesHunter] C├ęl: general, Hungary, sme
[INFO] [SalesHunter] Test mode: using mock leads (skip RobotkezV2).

[90mstdout[2m | test/salesHunterAgent.test.ts[2m > [22m[2mSalesHunterAgent[2m > [22m[2mError Handling[2m > [22m[2mshould handle malformed JSON gracefully
[22m[39m[INFO] [SalesHunter] Generating email drafts for 20 leads...

[90mstdout[2m | test/salesHunterAgent.test.ts[2m > [22m[2mSalesHunterAgent[2m > [22m[2mError Handling[2m > [22m[2mshould handle malformed JSON gracefully
[22m[39m[INFO] [SalesHunter] Ôťů Lead gener├íl├ís k├ęsz: 20 lead tal├ílva
[STATUS] [SalesHunter] idle

stderr | test/salesHunterAgent.test.ts > SalesHunterAgent > Error Handling > should handle malformed JSON gracefully
[WARN] [Redactor] [SalesHunter] PII/secret tal├ílat redakt├ílva: email(1), email(1), email(1), email(1), email(1), email(1), email(1), email(1), email(1), email(1), email(1), email(1), email(1), email(1), email(1), email(1), email(1), email(1), email(1), email(1), email(1), email(1), email(1), email(1), email(1), email(1), email(1), email(1), email(1), email(1), email(1), email(1), email(1), email(1), email(1), email(1), email(1), email(1), email(1), email(1), email(1), email(1), email(1), email(1), email(1), email(1), email(1), email(1), email(1), email(1), email(1), email(1), email(1), email(1), email(1), email(1), email(1), email(1), email(1), email(1), email(1), email(1), email(1), email(1), email(1), email(1), email(1), email(1), email(1), email(1), email(1), email(1), email(1), email(1), email(1), email(1), email(1), email(1), email(1), email(1)

[90mstdout[2m | test/salesHunterAgent.test.ts[2m > [22m[2mSalesHunterAgent[2m > [22m[2mLead Validation[2m > [22m[2mshould filter out invalid leads
[22m[39m[STATUS] [SalesHunter] working - Lead gener├íl├ís: {"targetIndustry":"Technology","targetRole":"Devel...
[INFO] [SalesHunter] Lead gener├íl├ísi folyamat ind├şt├ísa...
[INFO] [SalesHunter] C├ęl: tech, Hungary, sme
[INFO] [SalesHunter] Test mode: using mock leads (skip RobotkezV2).

[90mstdout[2m | test/salesHunterAgent.test.ts[2m > [22m[2mSalesHunterAgent[2m > [22m[2mLead Validation[2m > [22m[2mshould filter out invalid leads
[22m[39m[INFO] [SalesHunter] Generating email drafts for 20 leads...

[90mstdout[2m | test/salesHunterAgent.test.ts[2m > [22m[2mSalesHunterAgent[2m > [22m[2mLead Validation[2m > [22m[2mshould filter out invalid leads
[22m[39m[INFO] [SalesHunter] Ôťů Lead gener├íl├ís k├ęsz: 20 lead tal├ílva
[STATUS] [SalesHunter] idle

stderr | test/salesHunterAgent.test.ts > SalesHunterAgent > Lead Validation > should filter out invalid leads
[WARN] [Redactor] [SalesHunter] PII/secret tal├ílat redakt├ílva: email(1), email(1), email(1), email(1), email(1), email(1), email(1), email(1), email(1), email(1), email(1), email(1), email(1), email(1), email(1), email(1), email(1), email(1), email(1), email(1), email(1), email(1), email(1), email(1), email(1), email(1), email(1), email(1), email(1), email(1), email(1), email(1), email(1), email(1), email(1), email(1), email(1), email(1), email(1), email(1), email(1), email(1), email(1), email(1), email(1), email(1), email(1), email(1), email(1), email(1), email(1), email(1), email(1), email(1), email(1), email(1), email(1), email(1), email(1), email(1), email(1), email(1), email(1), email(1), email(1), email(1), email(1), email(1), email(1), email(1), email(1), email(1), email(1), email(1), email(1), email(1), email(1), email(1), email(1), email(1)

[90mstdout[2m | test/salesHunterAgent.test.ts[2m > [22m[2mSalesHunterAgent[2m > [22m[2mLead Validation[2m > [22m[2mshould prioritize high-score leads
[22m[39m[STATUS] [SalesHunter] working - Lead gener├íl├ís: {"targetIndustry":"Finance","targetRole":"CFO"}...
[INFO] [SalesHunter] Lead gener├íl├ísi folyamat ind├şt├ísa...
[INFO] [SalesHunter] C├ęl: general, Hungary, sme
[INFO] [SalesHunter] Test mode: using mock leads (skip RobotkezV2).

[90mstdout[2m | test/salesHunterAgent.test.ts[2m > [22m[2mSalesHunterAgent[2m > [22m[2mLead Validation[2m > [22m[2mshould prioritize high-score leads
[22m[39m[INFO] [SalesHunter] Generating email drafts for 20 leads...

[90mstdout[2m | test/salesHunterAgent.test.ts[2m > [22m[2mSalesHunterAgent[2m > [22m[2mLead Validation[2m > [22m[2mshould prioritize high-score leads
[22m[39m[INFO] [SalesHunter] Ôťů Lead gener├íl├ís k├ęsz: 20 lead tal├ílva
[STATUS] [SalesHunter] idle

stderr | test/salesHunterAgent.test.ts > SalesHunterAgent > Lead Validation > should prioritize high-score leads
[WARN] [Redactor] [SalesHunter] PII/secret tal├ílat redakt├ílva: email(1), email(1), email(1), email(1), email(1), email(1), email(1), email(1), email(1), email(1), email(1), email(1), email(1), email(1), email(1), email(1), email(1), email(1), email(1), email(1), email(1), email(1), email(1), email(1), email(1), email(1), email(1), email(1), email(1), email(1), email(1), email(1), email(1), email(1), email(1), email(1), email(1), email(1), email(1), email(1), email(1), email(1), email(1), email(1), email(1), email(1), email(1), email(1), email(1), email(1), email(1), email(1), email(1), email(1), email(1), email(1), email(1), email(1), email(1), email(1), email(1), email(1), email(1), email(1), email(1), email(1), email(1), email(1), email(1), email(1), email(1), email(1), email(1), email(1), email(1), email(1), email(1), email(1), email(1), email(1)

[90mstdout[2m | test/salesHunterAgent.test.ts[2m > [22m[2mSalesHunterAgent[2m > [22m[2mMessage Generation[2m > [22m[2mshould return a descriptive success message
[22m[39m[STATUS] [SalesHunter] working - Lead gener├íl├ís: {"targetIndustry":"Retail","targetRole":"Store Man...
[INFO] [SalesHunter] Lead gener├íl├ísi folyamat ind├şt├ísa...
[INFO] [SalesHunter] C├ęl: general, Hungary, sme
[INFO] [SalesHunter] Test mode: using mock leads (skip RobotkezV2).

[90mstdout[2m | test/salesHunterAgent.test.ts[2m > [22m[2mSalesHunterAgent[2m > [22m[2mMessage Generation[2m > [22m[2mshould return a descriptive success message
[22m[39m[INFO] [SalesHunter] Generating email drafts for 20 leads...

[90mstdout[2m | test/salesHunterAgent.test.ts[2m > [22m[2mSalesHunterAgent[2m > [22m[2mMessage Generation[2m > [22m[2mshould return a descriptive success message
[22m[39m[INFO] [SalesHunter] Ôťů Lead gener├íl├ís k├ęsz: 20 lead tal├ílva
[STATUS] [SalesHunter] idle

stderr | test/salesHunterAgent.test.ts > SalesHunterAgent > Message Generation > should return a descriptive success message
[WARN] [Redactor] [SalesHunter] PII/secret tal├ílat redakt├ílva: email(1), email(1), email(1), email(1), email(1), email(1), email(1), email(1), email(1), email(1), email(1), email(1), email(1), email(1), email(1), email(1), email(1), email(1), email(1), email(1), email(1), email(1), email(1), email(1), email(1), email(1), email(1), email(1), email(1), email(1), email(1), email(1), email(1), email(1), email(1), email(1), email(1), email(1), email(1), email(1), email(1), email(1), email(1), email(1), email(1), email(1), email(1), email(1), email(1), email(1), email(1), email(1), email(1), email(1), email(1), email(1), email(1), email(1), email(1), email(1), email(1), email(1), email(1), email(1), email(1), email(1), email(1), email(1), email(1), email(1), email(1), email(1), email(1), email(1), email(1), email(1), email(1), email(1), email(1), email(1)

 [32mÔťô[39m test/salesHunterAgent.test.ts [2m([22m[2m15 tests[22m[2m)[22m[32m 55[2mms[22m[39m
[90mstdout[2m | test/checkpointRetention.test.ts[2m > [22m[2mPhoenix Protocol v2 - Checkpoint Retention Policy[2m > [22m[2mCheckpoint Cleanup[2m > [22m[2mshould clean up checkpoints older than retention period
[22m[39m[INFO] [Checkpoint] Database initialized (WAL mode)

[90mstdout[2m | test/checkpointRetention.test.ts[2m > [22m[2mPhoenix Protocol v2 - Checkpoint Retention Policy[2m > [22m[2mCheckpoint Cleanup[2m > [22m[2mshould clean up checkpoints older than retention period
[22m[39m[INFO] [Checkpoint] Cleared ALL 20 checkpoints

[90mstdout[2m | test/checkpointRetention.test.ts[2m > [22m[2mPhoenix Protocol v2 - Checkpoint Retention Policy[2m > [22m[2mCheckpoint Cleanup[2m > [22m[2mshould clean up checkpoints older than retention period
[22m[39m[INFO] [Checkpoint] Saved: task=recent_task_123 step=1 (recent_step)

[90mstdout[2m | test/checkpointRetention.test.ts[2m > [22m[2mPhoenix Protocol v2 - Checkpoint Retention Policy[2m > [22m[2mCheckpoint Cleanup[2m > [22m[2mshould clean up checkpoints older than retention period
[22m[39m[INFO] [Checkpoint] Cleaned up 1 checkpoints older than 7 days

[90mstdout[2m | test/checkpointRetention.test.ts[2m > [22m[2mPhoenix Protocol v2 - Checkpoint Retention Policy[2m > [22m[2mCheckpoint Cleanup[2m > [22m[2mshould not delete checkpoints within retention period
[22m[39m[INFO] [Checkpoint] Database initialized (WAL mode)

[90mstdout[2m | test/checkpointRetention.test.ts[2m > [22m[2mPhoenix Protocol v2 - Checkpoint Retention Policy[2m > [22m[2mCheckpoint Cleanup[2m > [22m[2mshould not delete checkpoints within retention period
[22m[39m[INFO] [Checkpoint] Cleared ALL 1 checkpoints

[90mstdout[2m | test/checkpointRetention.test.ts[2m > [22m[2mPhoenix Protocol v2 - Checkpoint Retention Policy[2m > [22m[2mCheckpoint Cleanup[2m > [22m[2mshould not delete checkpoints within retention period
[22m[39m[INFO] [Checkpoint] Saved: task=task_1 step=1 (step_1)

[90mstdout[2m | test/checkpointRetention.test.ts[2m > [22m[2mPhoenix Protocol v2 - Checkpoint Retention Policy[2m > [22m[2mCheckpoint Cleanup[2m > [22m[2mshould not delete checkpoints within retention period
[22m[39m[INFO] [Checkpoint] Saved: task=task_2 step=1 (step_1)

[90mstdout[2m | test/checkpointRetention.test.ts[2m > [22m[2mPhoenix Protocol v2 - Checkpoint Retention Policy[2m > [22m[2mCheckpoint Cleanup[2m > [22m[2mshould not delete checkpoints within retention period
[22m[39m[INFO] [Checkpoint] Saved: task=task_3 step=1 (step_1)

[90mstdout[2m | test/checkpointRetention.test.ts[2m > [22m[2mPhoenix Protocol v2 - Checkpoint Retention Policy[2m > [22m[2mCheckpoint Cleanup[2m > [22m[2mshould handle cleanup when no old checkpoints exist
[22m[39m[INFO] [Checkpoint] Database initialized (WAL mode)

[90mstdout[2m | test/checkpointRetention.test.ts[2m > [22m[2mPhoenix Protocol v2 - Checkpoint Retention Policy[2m > [22m[2mCheckpoint Cleanup[2m > [22m[2mshould handle cleanup when no old checkpoints exist
[22m[39m[INFO] [Checkpoint] Cleared ALL 3 checkpoints

[90mstdout[2m | test/checkpointRetention.test.ts[2m > [22m[2mPhoenix Protocol v2 - Checkpoint Retention Policy[2m > [22m[2mCheckpoint Cleanup[2m > [22m[2mshould handle cleanup when no old checkpoints exist
[22m[39m[INFO] [Checkpoint] Saved: task=task_recent step=1 (step_1)

[90mstdout[2m | test/checkpointRetention.test.ts[2m > [22m[2mPhoenix Protocol v2 - Checkpoint Retention Policy[2m > [22m[2mCheckpoint Cleanup[2m > [22m[2mshould handle custom retention periods
[22m[39m[INFO] [Checkpoint] Database initialized (WAL mode)

[90mstdout[2m | test/checkpointRetention.test.ts[2m > [22m[2mPhoenix Protocol v2 - Checkpoint Retention Policy[2m > [22m[2mCheckpoint Cleanup[2m > [22m[2mshould handle custom retention periods
[22m[39m[INFO] [Checkpoint] Cleared ALL 1 checkpoints

[90mstdout[2m | test/checkpointRetention.test.ts[2m > [22m[2mPhoenix Protocol v2 - Checkpoint Retention Policy[2m > [22m[2mCheckpoint Cleanup[2m > [22m[2mshould handle custom retention periods
[22m[39m[INFO] [Checkpoint] Saved: task=task_test step=1 (step_1)

[90mstdout[2m | test/checkpointRetention.test.ts[2m > [22m[2mPhoenix Protocol v2 - Checkpoint Retention Policy[2m > [22m[2mCheckpoint Cleanup[2m > [22m[2mshould handle custom retention periods
[22m[39m[INFO] [Checkpoint] Cleaned up 1 checkpoints older than 1 days

[90mstdout[2m | test/checkpointRetention.test.ts[2m > [22m[2mPhoenix Protocol v2 - Checkpoint Retention Policy[2m > [22m[2mCheckpoint Cleanup[2m > [22m[2mshould handle cleanup with no checkpoints in database
[22m[39m[INFO] [Checkpoint] Database initialized (WAL mode)

[90mstdout[2m | test/checkpointRetention.test.ts[2m > [22m[2mPhoenix Protocol v2 - Checkpoint Retention Policy[2m > [22m[2mCheckpoint Cleanup[2m > [22m[2mshould handle cleanup with no checkpoints in database
[22m[39m[INFO] [Checkpoint] Cleared ALL 1 checkpoints

[90mstdout[2m | test/checkpointRetention.test.ts[2m > [22m[2mPhoenix Protocol v2 - Checkpoint Retention Policy[2m > [22m[2mCheckpoint Cleanup[2m > [22m[2mshould handle cleanup with no checkpoints in database
[22m[39m[INFO] [Checkpoint] Database initialized (WAL mode)

[90mstdout[2m | test/checkpointRetention.test.ts[2m > [22m[2mPhoenix Protocol v2 - Checkpoint Retention Policy[2m > [22m[2mCheckpoint Stats After Cleanup[2m > [22m[2mshould reflect correct stats after cleanup
[22m[39m[INFO] [Checkpoint] Database initialized (WAL mode)

[90mstdout[2m | test/checkpointRetention.test.ts[2m > [22m[2mPhoenix Protocol v2 - Checkpoint Retention Policy[2m > [22m[2mCheckpoint Stats After Cleanup[2m > [22m[2mshould reflect correct stats after cleanup
[22m[39m[INFO] [Checkpoint] Saved: task=task_1 step=1 (step_1)

[90mstdout[2m | test/checkpointRetention.test.ts[2m > [22m[2mPhoenix Protocol v2 - Checkpoint Retention Policy[2m > [22m[2mCheckpoint Stats After Cleanup[2m > [22m[2mshould reflect correct stats after cleanup
[22m[39m[INFO] [Checkpoint] Saved: task=task_2 step=1 (step_1)

[90mstdout[2m | test/checkpointRetention.test.ts[2m > [22m[2mPhoenix Protocol v2 - Checkpoint Retention Policy[2m > [22m[2mCheckpoint Stats After Cleanup[2m > [22m[2mshould reflect correct stats after cleanup
[22m[39m[INFO] [Checkpoint] Saved: task=task_3 step=1 (step_1)

[90mstdout[2m | test/checkpointRetention.test.ts[2m > [22m[2mPhoenix Protocol v2 - Checkpoint Retention Policy[2m > [22m[2mCheckpoint Stats After Cleanup[2m > [22m[2mshould reflect correct stats after cleanup
[22m[39m[INFO] [Checkpoint] Saved: task=task_4 step=1 (step_1)

[90mstdout[2m | test/checkpointRetention.test.ts[2m > [22m[2mPhoenix Protocol v2 - Checkpoint Retention Policy[2m > [22m[2mCheckpoint Stats After Cleanup[2m > [22m[2mshould reflect correct stats after cleanup
[22m[39m[INFO] [Checkpoint] Saved: task=task_5 step=1 (step_1)

[90mstdout[2m | test/checkpointRetention.test.ts[2m > [22m[2mPhoenix Protocol v2 - Checkpoint Retention Policy[2m > [22m[2mCheckpoint Stats After Cleanup[2m > [22m[2mshould reflect correct stats after cleanup
[22m[39m[INFO] [Checkpoint] Cleaned up 3 checkpoints older than 7 days

[90mstdout[2m | test/checkpointRetention.test.ts[2m > [22m[2mPhoenix Protocol v2 - Checkpoint Retention Policy[2m > [22m[2mCleanup Error Handling[2m > [22m[2mshould handle cleanup gracefully when database not initialized
[22m[39m[INFO] [Checkpoint] Database initialized (WAL mode)

[90mstdout[2m | test/checkpointRetention.test.ts[2m > [22m[2mPhoenix Protocol v2 - Checkpoint Retention Policy[2m > [22m[2mCleanup Error Handling[2m > [22m[2mshould handle cleanup gracefully when database not initialized
[22m[39m[INFO] [Checkpoint] Cleared ALL 5 checkpoints

stderr | test/checkpointRetention.test.ts > Phoenix Protocol v2 - Checkpoint Retention Policy > Cleanup Error Handling > should handle cleanup gracefully when database not initialized
Failed to delete test DB, might be locked by another process: Error: EBUSY: resource busy or locked, unlink 'F:\mcp-brunella-core\data\checkpoints.db'
    at Object.unlinkSync (node:fs:1945:11)
    at F:\mcp-brunella-core\test\checkpointRetention.test.ts:166:14
    at processTicksAndRejections (node:internal/process/task_queues:103:5)
    at file:///F:/mcp-brunella-core/node_modules/@vitest/runner/dist/chunk-hooks.js:752:20 {
  errno: -4082,
  code: 'EBUSY',
  syscall: 'unlink',
  path: 'F:\\mcp-brunella-core\\data\\checkpoints.db'
}

[90mstdout[2m | test/checkpointRetention.test.ts[2m > [22m[2mPhoenix Protocol v2 - Checkpoint Retention Policy[2m > [22m[2mCleanup Error Handling[2m > [22m[2mshould handle cleanup gracefully when database not initialized
[22m[39m[INFO] [Checkpoint] Database initialized (WAL mode)

[90mstdout[2m | test/checkpointRetention.test.ts[2m > [22m[2mPhoenix Protocol v2 - Checkpoint Retention Policy[2m > [22m[2mReal-World Scenarios[2m > [22m[2mshould handle mixed checkpoint ages
[22m[39m[INFO] [Checkpoint] Database initialized (WAL mode)

[90mstdout[2m | test/checkpointRetention.test.ts[2m > [22m[2mPhoenix Protocol v2 - Checkpoint Retention Policy[2m > [22m[2mReal-World Scenarios[2m > [22m[2mshould handle mixed checkpoint ages
[22m[39m[INFO] [Checkpoint] Cleaned up 3 checkpoints older than 7 days

 [32mÔťô[39m test/checkpointRetention.test.ts [2m([22m[2m8 tests[22m[2m)[22m[32m 84[2mms[22m[39m
 [32mÔťô[39m test/routes_developer.test.ts [2m([22m[2m6 tests[22m[2m)[22m[32m 78[2mms[22m[39m
[90mstdout[2m | test/phase4_mesh.test.ts[2m > [22m[2mMeshNode[2m > [22m[2mshould initialize with joining status
[22m[39m[INFO] [MeshNode] Node test-node-1 stopped

[90mstdout[2m | test/phase4_mesh.test.ts[2m > [22m[2mMeshNode[2m > [22m[2mshould go online when started
[22m[39m[INFO] [MeshNode] Node test-node-1 (Test Node) online at http://localhost:3001

[90mstdout[2m | test/phase4_mesh.test.ts[2m > [22m[2mMeshNode[2m > [22m[2mshould go online when started
[22m[39m[INFO] [MeshNode] Node test-node-1 stopped

[90mstdout[2m | test/phase4_mesh.test.ts[2m > [22m[2mMeshNode[2m > [22m[2mshould go offline when stopped
[22m[39m[INFO] [MeshNode] Node test-node-1 (Test Node) online at http://localhost:3001
[INFO] [MeshNode] Node test-node-1 stopped

[90mstdout[2m | test/phase4_mesh.test.ts[2m > [22m[2mMeshNode[2m > [22m[2mshould go offline when stopped
[22m[39m[INFO] [MeshNode] Node test-node-1 stopped

[90mstdout[2m | test/phase4_mesh.test.ts[2m > [22m[2mMeshNode[2m > [22m[2mshould update capabilities
[22m[39m[INFO] [MeshNode] Node test-node-1 (Test Node) online at http://localhost:3001

[90mstdout[2m | test/phase4_mesh.test.ts[2m > [22m[2mMeshNode[2m > [22m[2mshould update capabilities
[22m[39m[INFO] [MeshNode] Node test-node-1 stopped

[90mstdout[2m | test/phase4_mesh.test.ts[2m > [22m[2mMeshNode[2m > [22m[2mshould serialize to MeshNodeInfo
[22m[39m[INFO] [MeshNode] Node test-node-1 (Test Node) online at http://localhost:3001

[90mstdout[2m | test/phase4_mesh.test.ts[2m > [22m[2mMeshNode[2m > [22m[2mshould serialize to MeshNodeInfo
[22m[39m[INFO] [MeshNode] Node test-node-1 stopped

[90mstdout[2m | test/phase4_mesh.test.ts[2m > [22m[2mMeshNode[2m > [22m[2mshould emit heartbeat events
[22m[39m[INFO] [MeshNode] Node test-node-1 (Test Node) online at http://localhost:3001
[INFO] [MeshNode] Node test-node-1 stopped

[90mstdout[2m | test/phase4_mesh.test.ts[2m > [22m[2mMeshNode[2m > [22m[2mshould emit heartbeat events
[22m[39m[INFO] [MeshNode] Node test-node-1 stopped

[90mstdout[2m | test/phase4_mesh.test.ts[2m > [22m[2mMeshNode[2m > [22m[2mshould detect stale state
[22m[39m[INFO] [MeshNode] Node test-node-1 (Test Node) online at http://localhost:3001

[90mstdout[2m | test/phase4_mesh.test.ts[2m > [22m[2mMeshNode[2m > [22m[2mshould detect stale state
[22m[39m[INFO] [MeshNode] Node test-node-1 stopped

[90mstdout[2m | test/phase4_mesh.test.ts[2m > [22m[2mMeshManager[2m > [22m[2mshould register and list peers
[22m[39m[INFO] [MeshNode] Node local (Local) online at http://localhost:3000
[INFO] [MeshManager] Started with local node local

[90mstdout[2m | test/phase4_mesh.test.ts[2m > [22m[2mMeshManager[2m > [22m[2mshould register and list peers
[22m[39m[INFO] [MeshManager] New peer joined: peer-1 (Peer 1) at http://192.168.1.10:3000

[90mstdout[2m | test/phase4_mesh.test.ts[2m > [22m[2mMeshManager[2m > [22m[2mshould register and list peers
[22m[39m[INFO] [MeshManager] MeshManager stopped
[INFO] [MeshNode] Node local stopped

[90mstdout[2m | test/phase4_mesh.test.ts[2m > [22m[2mMeshManager[2m > [22m[2mshould remove peers
[22m[39m[INFO] [MeshNode] Node local (Local) online at http://localhost:3000
[INFO] [MeshManager] Started with local node local

[90mstdout[2m | test/phase4_mesh.test.ts[2m > [22m[2mMeshManager[2m > [22m[2mshould remove peers
[22m[39m[INFO] [MeshManager] New peer joined: peer-2 (Peer 2) at http://10.0.0.5:3000
[INFO] [MeshManager] Peer left: peer-2

[90mstdout[2m | test/phase4_mesh.test.ts[2m > [22m[2mMeshManager[2m > [22m[2mshould remove peers
[22m[39m[INFO] [MeshManager] MeshManager stopped
[INFO] [MeshNode] Node local stopped

[90mstdout[2m | test/phase4_mesh.test.ts[2m > [22m[2mMeshManager[2m > [22m[2mshould find peers with specific capability
[22m[39m[INFO] [MeshNode] Node local (Local) online at http://localhost:3000
[INFO] [MeshManager] Started with local node local

[90mstdout[2m | test/phase4_mesh.test.ts[2m > [22m[2mMeshManager[2m > [22m[2mshould find peers with specific capability
[22m[39m[INFO] [MeshManager] New peer joined: peer-a (A) at http://a:3000
[INFO] [MeshManager] New peer joined: peer-b (B) at http://b:3000

[90mstdout[2m | test/phase4_mesh.test.ts[2m > [22m[2mMeshManager[2m > [22m[2mshould find peers with specific capability
[22m[39m[INFO] [MeshManager] MeshManager stopped
[INFO] [MeshNode] Node local stopped

[90mstdout[2m | test/phase4_mesh.test.ts[2m > [22m[2mMeshManager[2m > [22m[2mshould return full topology
[22m[39m[INFO] [MeshNode] Node local (Local) online at http://localhost:3000
[INFO] [MeshManager] Started with local node local

[90mstdout[2m | test/phase4_mesh.test.ts[2m > [22m[2mMeshManager[2m > [22m[2mshould return full topology
[22m[39m[INFO] [MeshManager] MeshManager stopped
[INFO] [MeshNode] Node local stopped

[90mstdout[2m | test/phase4_mesh.test.ts[2m > [22m[2mMeshManager[2m > [22m[2mshould handle join message
[22m[39m[INFO] [MeshNode] Node local (Local) online at http://localhost:3000
[INFO] [MeshManager] Started with local node local

[90mstdout[2m | test/phase4_mesh.test.ts[2m > [22m[2mMeshManager[2m > [22m[2mshould handle join message
[22m[39m[INFO] [MeshManager] New peer joined: peer-x (Remote X) at http://x:3000

[90mstdout[2m | test/phase4_mesh.test.ts[2m > [22m[2mMeshManager[2m > [22m[2mshould handle join message
[22m[39m[INFO] [MeshManager] MeshManager stopped
[INFO] [MeshNode] Node local stopped

[90mstdout[2m | test/phase4_mesh.test.ts[2m > [22m[2mMeshManager[2m > [22m[2mshould handle leave message
[22m[39m[INFO] [MeshNode] Node local (Local) online at http://localhost:3000
[INFO] [MeshManager] Started with local node local

[90mstdout[2m | test/phase4_mesh.test.ts[2m > [22m[2mMeshManager[2m > [22m[2mshould handle leave message
[22m[39m[INFO] [MeshManager] New peer joined: peer-y (Y) at http://y:3000
[INFO] [MeshManager] Peer left: peer-y

[90mstdout[2m | test/phase4_mesh.test.ts[2m > [22m[2mMeshManager[2m > [22m[2mshould handle leave message
[22m[39m[INFO] [MeshManager] MeshManager stopped
[INFO] [MeshNode] Node local stopped

[90mstdout[2m | test/phase4_mesh.test.ts[2m > [22m[2mEdgeRouter[2m > [22m[2mshould resolve locally when capability exists
[22m[39m[INFO] [MeshNode] Node local (Local) online at http://localhost:3000

[90mstdout[2m | test/phase4_mesh.test.ts[2m > [22m[2mEdgeRouter[2m > [22m[2mshould resolve locally when capability exists
[22m[39m[INFO] [MeshNode] Node local stopped

[90mstdout[2m | test/phase4_mesh.test.ts[2m > [22m[2mEdgeRouter[2m > [22m[2mshould resolve to same-region peer
[22m[39m[INFO] [MeshNode] Node local (Local) online at http://localhost:3000

[90mstdout[2m | test/phase4_mesh.test.ts[2m > [22m[2mEdgeRouter[2m > [22m[2mshould resolve to same-region peer
[22m[39m[INFO] [MeshManager] New peer joined: peer-eu (EU Peer) at http://eu:3000

[90mstdout[2m | test/phase4_mesh.test.ts[2m > [22m[2mEdgeRouter[2m > [22m[2mshould resolve to same-region peer
[22m[39m[INFO] [MeshNode] Node local stopped

[90mstdout[2m | test/phase4_mesh.test.ts[2m > [22m[2mEdgeRouter[2m > [22m[2mshould fallback to CF edge when no peer has capability
[22m[39m[INFO] [MeshNode] Node local (Local) online at http://localhost:3000

stderr | test/phase4_mesh.test.ts > EdgeRouter > should fallback to CF edge when no peer has capability
[WARN] [EdgeRouter] No mesh peer for "rare-capability", falling back to CF edge

[90mstdout[2m | test/phase4_mesh.test.ts[2m > [22m[2mEdgeRouter[2m > [22m[2mshould fallback to CF edge when no peer has capability
[22m[39m[INFO] [MeshNode] Node local stopped

[90mstdout[2m | test/phase4_mesh.test.ts[2m > [22m[2mEdgeRouter[2m > [22m[2mshould throw when no route and no CF URL
[22m[39m[INFO] [MeshNode] Node local (Local) online at http://localhost:3000

[90mstdout[2m | test/phase4_mesh.test.ts[2m > [22m[2mEdgeRouter[2m > [22m[2mshould throw when no route and no CF URL
[22m[39m[INFO] [MeshNode] Node local stopped

[90mstdout[2m | test/phase4_mesh.test.ts[2m > [22m[2mEdgeRouter[2m > [22m[2mshould cache route decisions
[22m[39m[INFO] [MeshNode] Node local (Local) online at http://localhost:3000

[90mstdout[2m | test/phase4_mesh.test.ts[2m > [22m[2mEdgeRouter[2m > [22m[2mshould cache route decisions
[22m[39m[INFO] [MeshNode] Node local stopped

[90mstdout[2m | test/phase4_mesh.test.ts[2m > [22m[2mEdgeRouter[2m > [22m[2mshould invalidate cache
[22m[39m[INFO] [MeshNode] Node local (Local) online at http://localhost:3000

[90mstdout[2m | test/phase4_mesh.test.ts[2m > [22m[2mEdgeRouter[2m > [22m[2mshould invalidate cache
[22m[39m[INFO] [MeshNode] Node local stopped

[90mstdout[2m | test/phase4_mesh.test.ts[2m > [22m[2mDeviceOrchestrator[2m > [22m[2mshould link and list devices
[22m[39m[INFO] [DeviceOrchestrator] Device linked: dev-1 (web) for user user-a

[90mstdout[2m | test/phase4_mesh.test.ts[2m > [22m[2mDeviceOrchestrator[2m > [22m[2mshould unlink devices
[22m[39m[INFO] [DeviceOrchestrator] Device linked: dev-2 (mobile) for user user-b
[INFO] [DeviceOrchestrator] Device unlinked: dev-2

[90mstdout[2m | test/phase4_mesh.test.ts[2m > [22m[2mDeviceOrchestrator[2m > [22m[2mshould propagate state updates to other devices
[22m[39m[INFO] [DeviceOrchestrator] Device linked: dev-a (web) for user user-1
[INFO] [DeviceOrchestrator] Device linked: dev-b (mobile) for user user-1
[INFO] [DeviceOrchestrator] State update theme v1 propagated to 1 devices

[90mstdout[2m | test/phase4_mesh.test.ts[2m > [22m[2mDeviceOrchestrator[2m > [22m[2mshould ignore stale state updates
[22m[39m[INFO] [DeviceOrchestrator] Device linked: dev-x (web) for user user-x
[INFO] [DeviceOrchestrator] State update cursor v5 propagated to 1 devices

stderr | test/phase4_mesh.test.ts > DeviceOrchestrator > should ignore stale state updates
[WARN] [DeviceOrchestrator] Stale update ignored: user-x:cursor v5 <= v5

[90mstdout[2m | test/phase4_mesh.test.ts[2m > [22m[2mOfflineSync[2m > [22m[2mshould enqueue deltas
[22m[39m[INFO] [OfflineSync] Delta enqueued for node-b: update session/sess-1 v1

[90mstdout[2m | test/phase4_mesh.test.ts[2m > [22m[2mOfflineSync[2m > [22m[2mshould return pending deltas for a node
[22m[39m[INFO] [OfflineSync] Delta enqueued for b: create agent_state/ag-1 v1

[90mstdout[2m | test/phase4_mesh.test.ts[2m > [22m[2mOfflineSync[2m > [22m[2mshould replay deltas
[22m[39m[INFO] [OfflineSync] Delta enqueued for b: update config/c1 v1
[INFO] [OfflineSync] Delta enqueued for b: delete config/c2 v2
[INFO] [OfflineSync] Replay for b: 2 applied, 0 failed

[90mstdout[2m | test/phase4_mesh.test.ts[2m > [22m[2mOfflineSync[2m > [22m[2mshould handle failed replays
[22m[39m[INFO] [OfflineSync] Delta enqueued for c: command task/t1 v1
[INFO] [OfflineSync] Replay for c: 0 applied, 1 failed

stderr | test/phase4_mesh.test.ts > OfflineSync > should handle failed replays
[WARN] [OfflineSync] Delta delta-1-1774421416105 apply returned false

[90mstdout[2m | test/phase4_mesh.test.ts[2m > [22m[2mOfflineSync[2m > [22m[2mshould purge old applied deltas
[22m[39m[INFO] [OfflineSync] Delta enqueued for d: update x/x1 v1
[INFO] [OfflineSync] Marked 1 deltas as applied
[INFO] [OfflineSync] Purged 1 old deltas

[90mstdout[2m | test/phase4_mesh.test.ts[2m > [22m[2mFederatedAgentManager[2m > [22m[2mshould register and find agents
[22m[39m[INFO] [MeshNode] Node local (Local) online at http://localhost:3000

[90mstdout[2m | test/phase4_mesh.test.ts[2m > [22m[2mFederatedAgentManager[2m > [22m[2mshould register and find agents
[22m[39m[INFO] [FederatedAgentManager] Agent registered: agent-1 (SearchBot) on node local

[90mstdout[2m | test/phase4_mesh.test.ts[2m > [22m[2mFederatedAgentManager[2m > [22m[2mshould register and find agents
[22m[39m[INFO] [MeshNode] Node local stopped

[90mstdout[2m | test/phase4_mesh.test.ts[2m > [22m[2mFederatedAgentManager[2m > [22m[2mshould list agents by node
[22m[39m[INFO] [MeshNode] Node local (Local) online at http://localhost:3000

[90mstdout[2m | test/phase4_mesh.test.ts[2m > [22m[2mFederatedAgentManager[2m > [22m[2mshould list agents by node
[22m[39m[INFO] [FederatedAgentManager] Agent registered: a1 (A1) on node node-x
[INFO] [FederatedAgentManager] Agent registered: a2 (A2) on node node-y

[90mstdout[2m | test/phase4_mesh.test.ts[2m > [22m[2mFederatedAgentManager[2m > [22m[2mshould list agents by node
[22m[39m[INFO] [MeshNode] Node local stopped

[90mstdout[2m | test/phase4_mesh.test.ts[2m > [22m[2mFederatedAgentManager[2m > [22m[2mshould unregister agents
[22m[39m[INFO] [MeshNode] Node local (Local) online at http://localhost:3000

[90mstdout[2m | test/phase4_mesh.test.ts[2m > [22m[2mFederatedAgentManager[2m > [22m[2mshould unregister agents
[22m[39m[INFO] [FederatedAgentManager] Agent registered: rm-me (Remove) on node local
[INFO] [FederatedAgentManager] Agent unregistered: rm-me

[90mstdout[2m | test/phase4_mesh.test.ts[2m > [22m[2mFederatedAgentManager[2m > [22m[2mshould unregister agents
[22m[39m[INFO] [MeshNode] Node local stopped

[90mstdout[2m | test/phase4_mesh.test.ts[2m > [22m[2mFederatedAgentManager[2m > [22m[2mshould return error for unknown agent in executeRemote
[22m[39m[INFO] [MeshNode] Node local (Local) online at http://localhost:3000

[90mstdout[2m | test/phase4_mesh.test.ts[2m > [22m[2mFederatedAgentManager[2m > [22m[2mshould return error for unknown agent in executeRemote
[22m[39m[INFO] [MeshNode] Node local stopped

[90mstdout[2m | test/phase4_mesh.test.ts[2m > [22m[2mFederatedAgentManager[2m > [22m[2mshould return error for busy agent in executeRemote
[22m[39m[INFO] [MeshNode] Node local (Local) online at http://localhost:3000

[90mstdout[2m | test/phase4_mesh.test.ts[2m > [22m[2mFederatedAgentManager[2m > [22m[2mshould return error for busy agent in executeRemote
[22m[39m[INFO] [FederatedAgentManager] Agent registered: busy-agent (Busy) on node remote

[90mstdout[2m | test/phase4_mesh.test.ts[2m > [22m[2mFederatedAgentManager[2m > [22m[2mshould return error for busy agent in executeRemote
[22m[39m[INFO] [MeshNode] Node local stopped

[90mstdout[2m | test/phase4_mesh.test.ts[2m > [22m[2mAutoJoin[2m > [22m[2mshould create without errors
[22m[39m[INFO] [MeshNode] Node local (Local) online at http://localhost:3000

[90mstdout[2m | test/phase4_mesh.test.ts[2m > [22m[2mAutoJoin[2m > [22m[2mshould create without errors
[22m[39m[INFO] [MeshNode] Node local stopped

[90mstdout[2m | test/phase4_mesh.test.ts[2m > [22m[2mAutoJoin[2m > [22m[2mshould handle failed join gracefully
[22m[39m[INFO] [MeshNode] Node local (Local) online at http://localhost:3000

[90mstdout[2m | test/phase4_mesh.test.ts[2m > [22m[2mAutoJoin[2m > [22m[2mshould handle failed join gracefully
[22m[39m[INFO] [AutoJoin] Join attempt 1/1

stderr | test/phase4_mesh.test.ts > AutoJoin > should handle failed join gracefully
[ERROR] [AutoJoin] Failed to reach seed http://nonexistent:9999: Connection refused

stderr | test/phase4_mesh.test.ts > AutoJoin > should handle failed join gracefully
[WARN] [AutoJoin] Could not join mesh after 1 attempts. Running standalone.

[90mstdout[2m | test/phase4_mesh.test.ts[2m > [22m[2mAutoJoin[2m > [22m[2mshould handle failed join gracefully
[22m[39m[INFO] [MeshNode] Node local stopped

 [32mÔťô[39m test/phase4_mesh.test.ts [2m([22m[2m40 tests[22m[2m)[22m[32m 64[2mms[22m[39m
 [32mÔťô[39m test/delegation_chain.test.ts [2m([22m[2m3 tests[22m[2m)[22m[32m 56[2mms[22m[39m
[90mstdout[2m | test/orchestratorReact.test.ts[2m > [22m[2mOrchestratorAgent ReAct Loop[2m > [22m[2mshould handle a simple function call and return the final message
[22m[39m[STATUS] [OrchestratorAgent] working - K├ęrlek, csin├ílj valamit
[INFO] [StateMachine] IDLE --[taskReceived]--> ANALYZING

[90mstdout[2m | test/orchestratorReact.test.ts[2m > [22m[2mOrchestratorAgent ReAct Loop[2m > [22m[2mshould handle a simple function call and return the final message
[22m[39m[INFO] [Checkpoint] Database initialized (WAL mode)

[90mstdout[2m | test/orchestratorReact.test.ts[2m > [22m[2mOrchestratorAgent ReAct Loop[2m > [22m[2mshould handle a simple function call and return the final message
[22m[39m[INFO] [Checkpoint] Saved: task=orch-1774421417654 step=1 (ANALYZING)

[90mstdout[2m | test/orchestratorReact.test.ts[2m > [22m[2mOrchestratorAgent ReAct Loop[2m > [22m[2mshould handle a simple function call and return the final message
[22m[39m[INFO] [PhoenixEventBus] Event: phoenix:state_restored

[90mstdout[2m | test/orchestratorReact.test.ts[2m > [22m[2mOrchestratorAgent ReAct Loop[2m > [22m[2mshould handle a simple function call and return the final message
[22m[39m[INFO] [StateMachine] ANALYZING --[analysisComplete]--> ROUTING

[90mstdout[2m | test/orchestratorReact.test.ts[2m > [22m[2mOrchestratorAgent ReAct Loop[2m > [22m[2mshould handle a simple function call and return the final message
[22m[39m[INFO] [Checkpoint] Saved: task=orch-1774421417654 step=2 (ROUTING)

[90mstdout[2m | test/orchestratorReact.test.ts[2m > [22m[2mOrchestratorAgent ReAct Loop[2m > [22m[2mshould handle a simple function call and return the final message
[22m[39m[INFO] [PhoenixEventBus] Event: phoenix:state_restored

[90mstdout[2m | test/orchestratorReact.test.ts[2m > [22m[2mOrchestratorAgent ReAct Loop[2m > [22m[2mshould handle a simple function call and return the final message
[22m[39m[INFO] [StateMachine] ROUTING --[agentSelected]--> EXECUTING

[90mstdout[2m | test/orchestratorReact.test.ts[2m > [22m[2mOrchestratorAgent ReAct Loop[2m > [22m[2mshould handle a simple function call and return the final message
[22m[39m[INFO] [Checkpoint] Saved: task=orch-1774421417654 step=3 (EXECUTING)

[90mstdout[2m | test/orchestratorReact.test.ts[2m > [22m[2mOrchestratorAgent ReAct Loop[2m > [22m[2mshould handle a simple function call and return the final message
[22m[39m[INFO] [PhoenixEventBus] Event: phoenix:state_restored

[90mstdout[2m | test/orchestratorReact.test.ts[2m > [22m[2mOrchestratorAgent ReAct Loop[2m > [22m[2mshould handle a simple function call and return the final message
[22m[39m[INFO] [StateMachine] EXECUTING --[executionComplete]--> DONE

[90mstdout[2m | test/orchestratorReact.test.ts[2m > [22m[2mOrchestratorAgent ReAct Loop[2m > [22m[2mshould handle a simple function call and return the final message
[22m[39m[INFO] [Checkpoint] Saved: task=orch-1774421417654 step=4 (DONE)

[90mstdout[2m | test/orchestratorReact.test.ts[2m > [22m[2mOrchestratorAgent ReAct Loop[2m > [22m[2mshould handle a simple function call and return the final message
[22m[39m[INFO] [PhoenixEventBus] Event: phoenix:state_restored

[90mstdout[2m | test/orchestratorReact.test.ts[2m > [22m[2mOrchestratorAgent ReAct Loop[2m > [22m[2mshould handle a simple function call and return the final message
[22m[39m[STATUS] [OrchestratorAgent] idle

[90mstdout[2m | test/orchestratorReact.test.ts[2m > [22m[2mOrchestratorAgent ReAct Loop[2m > [22m[2mshould handle a simple function call and return the final message
[22m[39m[INFO] [Checkpoint] Cleared 4 checkpoints for task=orch-1774421417654

[90mstdout[2m | test/orchestratorReact.test.ts[2m > [22m[2mOrchestratorAgent ReAct Loop[2m > [22m[2mshould handle send_message_to_user tool call
[22m[39m[STATUS] [OrchestratorAgent] working - ├ťzenj nekem
[INFO] [StateMachine] IDLE --[taskReceived]--> ANALYZING

[90mstdout[2m | test/orchestratorReact.test.ts[2m > [22m[2mOrchestratorAgent ReAct Loop[2m > [22m[2mshould handle send_message_to_user tool call
[22m[39m[INFO] [Checkpoint] Saved: task=orch-1774421417686 step=1 (ANALYZING)

[90mstdout[2m | test/orchestratorReact.test.ts[2m > [22m[2mOrchestratorAgent ReAct Loop[2m > [22m[2mshould handle send_message_to_user tool call
[22m[39m[INFO] [PhoenixEventBus] Event: phoenix:state_restored

[90mstdout[2m | test/orchestratorReact.test.ts[2m > [22m[2mOrchestratorAgent ReAct Loop[2m > [22m[2mshould handle send_message_to_user tool call
[22m[39m[INFO] [StateMachine] ANALYZING --[analysisComplete]--> ROUTING

[90mstdout[2m | test/orchestratorReact.test.ts[2m > [22m[2mOrchestratorAgent ReAct Loop[2m > [22m[2mshould handle send_message_to_user tool call
[22m[39m[INFO] [Checkpoint] Saved: task=orch-1774421417686 step=2 (ROUTING)

[90mstdout[2m | test/orchestratorReact.test.ts[2m > [22m[2mOrchestratorAgent ReAct Loop[2m > [22m[2mshould handle send_message_to_user tool call
[22m[39m[INFO] [PhoenixEventBus] Event: phoenix:state_restored

[90mstdout[2m | test/orchestratorReact.test.ts[2m > [22m[2mOrchestratorAgent ReAct Loop[2m > [22m[2mshould handle send_message_to_user tool call
[22m[39m[INFO] [StateMachine] ROUTING --[agentSelected]--> EXECUTING

[90mstdout[2m | test/orchestratorReact.test.ts[2m > [22m[2mOrchestratorAgent ReAct Loop[2m > [22m[2mshould handle send_message_to_user tool call
[22m[39m[INFO] [Checkpoint] Saved: task=orch-1774421417686 step=3 (EXECUTING)

[90mstdout[2m | test/orchestratorReact.test.ts[2m > [22m[2mOrchestratorAgent ReAct Loop[2m > [22m[2mshould handle send_message_to_user tool call
[22m[39m[INFO] [PhoenixEventBus] Event: phoenix:state_restored

[90mstdout[2m | test/orchestratorReact.test.ts[2m > [22m[2mOrchestratorAgent ReAct Loop[2m > [22m[2mshould handle send_message_to_user tool call
[22m[39m[INFO] [StateMachine] EXECUTING --[executionComplete]--> DONE

[90mstdout[2m | test/orchestratorReact.test.ts[2m > [22m[2mOrchestratorAgent ReAct Loop[2m > [22m[2mshould handle send_message_to_user tool call
[22m[39m[INFO] [Checkpoint] Saved: task=orch-1774421417686 step=4 (DONE)

[90mstdout[2m | test/orchestratorReact.test.ts[2m > [22m[2mOrchestratorAgent ReAct Loop[2m > [22m[2mshould handle send_message_to_user tool call
[22m[39m[INFO] [PhoenixEventBus] Event: phoenix:state_restored

[90mstdout[2m | test/orchestratorReact.test.ts[2m > [22m[2mOrchestratorAgent ReAct Loop[2m > [22m[2mshould handle send_message_to_user tool call
[22m[39m[STATUS] [OrchestratorAgent] idle

[90mstdout[2m | test/orchestratorReact.test.ts[2m > [22m[2mOrchestratorAgent ReAct Loop[2m > [22m[2mshould handle send_message_to_user tool call
[22m[39m[INFO] [Checkpoint] Cleared 4 checkpoints for task=orch-1774421417686

[90mstdout[2m | test/orchestratorReact.test.ts[2m > [22m[2mOrchestratorAgent ReAct Loop[2m > [22m[2mshould exit after MAX_ITERATIONS to prevent infinite loops
[22m[39m[STATUS] [OrchestratorAgent] working - V├ęgtelen hurok
[INFO] [StateMachine] IDLE --[taskReceived]--> ANALYZING

[90mstdout[2m | test/orchestratorReact.test.ts[2m > [22m[2mOrchestratorAgent ReAct Loop[2m > [22m[2mshould exit after MAX_ITERATIONS to prevent infinite loops
[22m[39m[INFO] [Checkpoint] Saved: task=orch-1774421417692 step=1 (ANALYZING)

[90mstdout[2m | test/orchestratorReact.test.ts[2m > [22m[2mOrchestratorAgent ReAct Loop[2m > [22m[2mshould exit after MAX_ITERATIONS to prevent infinite loops
[22m[39m[INFO] [PhoenixEventBus] Event: phoenix:state_restored

[90mstdout[2m | test/orchestratorReact.test.ts[2m > [22m[2mOrchestratorAgent ReAct Loop[2m > [22m[2mshould exit after MAX_ITERATIONS to prevent infinite loops
[22m[39m[INFO] [StateMachine] ANALYZING --[analysisComplete]--> ROUTING

[90mstdout[2m | test/orchestratorReact.test.ts[2m > [22m[2mOrchestratorAgent ReAct Loop[2m > [22m[2mshould exit after MAX_ITERATIONS to prevent infinite loops
[22m[39m[INFO] [Checkpoint] Saved: task=orch-1774421417692 step=2 (ROUTING)

[90mstdout[2m | test/orchestratorReact.test.ts[2m > [22m[2mOrchestratorAgent ReAct Loop[2m > [22m[2mshould exit after MAX_ITERATIONS to prevent infinite loops
[22m[39m[INFO] [PhoenixEventBus] Event: phoenix:state_restored

[90mstdout[2m | test/orchestratorReact.test.ts[2m > [22m[2mOrchestratorAgent ReAct Loop[2m > [22m[2mshould exit after MAX_ITERATIONS to prevent infinite loops
[22m[39m[INFO] [StateMachine] ROUTING --[agentSelected]--> EXECUTING

[90mstdout[2m | test/orchestratorReact.test.ts[2m > [22m[2mOrchestratorAgent ReAct Loop[2m > [22m[2mshould exit after MAX_ITERATIONS to prevent infinite loops
[22m[39m[INFO] [Checkpoint] Saved: task=orch-1774421417692 step=3 (EXECUTING)

[90mstdout[2m | test/orchestratorReact.test.ts[2m > [22m[2mOrchestratorAgent ReAct Loop[2m > [22m[2mshould exit after MAX_ITERATIONS to prevent infinite loops
[22m[39m[INFO] [PhoenixEventBus] Event: phoenix:state_restored

[90mstdout[2m | test/orchestratorReact.test.ts[2m > [22m[2mOrchestratorAgent ReAct Loop[2m > [22m[2mshould exit after MAX_ITERATIONS to prevent infinite loops
[22m[39m[INFO] [StateMachine] EXECUTING --[executionComplete]--> DONE

[90mstdout[2m | test/orchestratorReact.test.ts[2m > [22m[2mOrchestratorAgent ReAct Loop[2m > [22m[2mshould exit after MAX_ITERATIONS to prevent infinite loops
[22m[39m[INFO] [Checkpoint] Saved: task=orch-1774421417692 step=4 (DONE)

[90mstdout[2m | test/orchestratorReact.test.ts[2m > [22m[2mOrchestratorAgent ReAct Loop[2m > [22m[2mshould exit after MAX_ITERATIONS to prevent infinite loops
[22m[39m[INFO] [PhoenixEventBus] Event: phoenix:state_restored

[90mstdout[2m | test/orchestratorReact.test.ts[2m > [22m[2mOrchestratorAgent ReAct Loop[2m > [22m[2mshould exit after MAX_ITERATIONS to prevent infinite loops
[22m[39m[STATUS] [OrchestratorAgent] idle

[90mstdout[2m | test/orchestratorReact.test.ts[2m > [22m[2mOrchestratorAgent ReAct Loop[2m > [22m[2mshould exit after MAX_ITERATIONS to prevent infinite loops
[22m[39m[INFO] [Checkpoint] Cleared 4 checkpoints for task=orch-1774421417692

 [32mÔťô[39m test/orchestratorReact.test.ts [2m([22m[2m3 tests[22m[2m)[22m[32m 49[2mms[22m[39m
 [32mÔťô[39m test/webhooks.test.ts [2m([22m[2m2 tests[22m[2m)[22m[32m 51[2mms[22m[39m
[90mstdout[2m | test/grantWatcherAgent.test.ts
[22m[39m[INFO] [AIGateway] Ôťů AI Gateway v3.0 initialized: CF Workers AI (@cf/meta/llama-3.1-8b-instruct)

[90mstdout[2m | test/grantWatcherAgent.test.ts
[22m[39m[INFO] [GlobalDb] Database opened: F:\mcp-brunella-core\data\brunella.db
[INFO] [GlobalDb] Schema initialized
[INFO] [StructuredMemory] Structured memory DB initialized

[90mstdout[2m | test/grantWatcherAgent.test.ts[2m > [22m[2mGrantWatcherAgent[2m > [22m[2mGrant Tracking[2m > [22m[2mshould track available grants
[22m[39m[STATUS] [GrantWatcher] working - Grant monitoring: {"industry":"IT","location":"Hungary"}...
[INFO] [GrantWatcher] Starting grant opportunity scan...
[INFO] [GrantWatcher] Scanning for TE├üOR: 6201, 50 employees
[INFO] [GrantWatcher] Scraping grant opportunities...
[INFO] [GrantWatcher] ­čôŐ Found 3 grant opportunities

[90mstdout[2m | test/grantWatcherAgent.test.ts[2m > [22m[2mGrantWatcherAgent[2m > [22m[2mGrant Tracking[2m > [22m[2mshould track available grants
[22m[39m[INFO] [GrantWatcher] Generating grant summary document...

[90mstdout[2m | test/grantWatcherAgent.test.ts[2m > [22m[2mGrantWatcherAgent[2m > [22m[2mGrant Tracking[2m > [22m[2mshould track available grants
[22m[39m[INFO] [UnifiedWorkspace] Initializing Google Workspace authentication via utility...

stderr | test/grantWatcherAgent.test.ts > GrantWatcherAgent > Grant Tracking > should track available grants
Google Token not found. User needs to authenticate.

[90mstdout[2m | test/grantWatcherAgent.test.ts[2m > [22m[2mGrantWatcherAgent[2m > [22m[2mGrant Tracking[2m > [22m[2mshould track available grants
[22m[39m[INFO] [UnifiedWorkspace] Ôťů Google Workspace initialized successfully

[90mstdout[2m | test/grantWatcherAgent.test.ts[2m > [22m[2mGrantWatcherAgent[2m > [22m[2mGrant Tracking[2m > [22m[2mshould track available grants
[22m[39m[INFO] [UnifiedWorkspace] Creating Google Doc: Grant Summary - 2026-03-25

stderr | test/grantWatcherAgent.test.ts > GrantWatcherAgent > Grant Tracking > should track available grants
[ERROR] [UnifiedWorkspace] Failed to create Google Doc: No access, refresh token, API key or refresh handler callback is set.

stderr | test/grantWatcherAgent.test.ts > GrantWatcherAgent > Grant Tracking > should track available grants
[ERROR] [GrantWatcher] Failed to generate summary doc: No access, refresh token, API key or refresh handler callback is set.

[90mstdout[2m | test/grantWatcherAgent.test.ts[2m > [22m[2mGrantWatcherAgent[2m > [22m[2mGrant Tracking[2m > [22m[2mshould track available grants
[22m[39m[INFO] [GrantWatcher] Ôťů Grant scan complete: 1/3 eligible
[STATUS] [GrantWatcher] idle

[90mstdout[2m | test/grantWatcherAgent.test.ts[2m > [22m[2mGrantWatcherAgent[2m > [22m[2mGrant Tracking[2m > [22m[2mshould filter grants by industry
[22m[39m[STATUS] [GrantWatcher] working - Grant monitoring: {"industry":"Agriculture","location":"EU"}...
[INFO] [GrantWatcher] Starting grant opportunity scan...
[INFO] [GrantWatcher] Scanning for TE├üOR: 6201, 50 employees
[INFO] [GrantWatcher] Scraping grant opportunities...
[INFO] [GrantWatcher] ­čôŐ Found 3 grant opportunities

[90mstdout[2m | test/grantWatcherAgent.test.ts[2m > [22m[2mGrantWatcherAgent[2m > [22m[2mGrant Tracking[2m > [22m[2mshould filter grants by industry
[22m[39m[INFO] [GrantWatcher] Generating grant summary document...

[90mstdout[2m | test/grantWatcherAgent.test.ts[2m > [22m[2mGrantWatcherAgent[2m > [22m[2mGrant Tracking[2m > [22m[2mshould filter grants by industry
[22m[39m[INFO] [UnifiedWorkspace] Creating Google Doc: Grant Summary - 2026-03-25

stderr | test/grantWatcherAgent.test.ts > GrantWatcherAgent > Grant Tracking > should filter grants by industry
[ERROR] [UnifiedWorkspace] Failed to create Google Doc: No access, refresh token, API key or refresh handler callback is set.

stderr | test/grantWatcherAgent.test.ts > GrantWatcherAgent > Grant Tracking > should filter grants by industry
[ERROR] [GrantWatcher] Failed to generate summary doc: No access, refresh token, API key or refresh handler callback is set.

[90mstdout[2m | test/grantWatcherAgent.test.ts[2m > [22m[2mGrantWatcherAgent[2m > [22m[2mGrant Tracking[2m > [22m[2mshould filter grants by industry
[22m[39m[INFO] [GrantWatcher] Ôťů Grant scan complete: 1/3 eligible
[STATUS] [GrantWatcher] idle

[90mstdout[2m | test/grantWatcherAgent.test.ts[2m > [22m[2mGrantWatcherAgent[2m > [22m[2mDeadline Monitoring[2m > [22m[2mshould identify approaching deadlines
[22m[39m[STATUS] [GrantWatcher] working - Grant monitoring: {"industry":"Healthcare","location":"Hungary"}...
[INFO] [GrantWatcher] Starting grant opportunity scan...
[INFO] [GrantWatcher] Scanning for TE├üOR: 6201, 50 employees
[INFO] [GrantWatcher] Scraping grant opportunities...
[INFO] [GrantWatcher] ­čôŐ Found 3 grant opportunities

[90mstdout[2m | test/grantWatcherAgent.test.ts[2m > [22m[2mGrantWatcherAgent[2m > [22m[2mDeadline Monitoring[2m > [22m[2mshould identify approaching deadlines
[22m[39m[INFO] [GrantWatcher] Generating grant summary document...

[90mstdout[2m | test/grantWatcherAgent.test.ts[2m > [22m[2mGrantWatcherAgent[2m > [22m[2mDeadline Monitoring[2m > [22m[2mshould identify approaching deadlines
[22m[39m[INFO] [UnifiedWorkspace] Creating Google Doc: Grant Summary - 2026-03-25

stderr | test/grantWatcherAgent.test.ts > GrantWatcherAgent > Deadline Monitoring > should identify approaching deadlines
[ERROR] [UnifiedWorkspace] Failed to create Google Doc: No access, refresh token, API key or refresh handler callback is set.

stderr | test/grantWatcherAgent.test.ts > GrantWatcherAgent > Deadline Monitoring > should identify approaching deadlines
[ERROR] [GrantWatcher] Failed to generate summary doc: No access, refresh token, API key or refresh handler callback is set.

[90mstdout[2m | test/grantWatcherAgent.test.ts[2m > [22m[2mGrantWatcherAgent[2m > [22m[2mDeadline Monitoring[2m > [22m[2mshould identify approaching deadlines
[22m[39m[INFO] [GrantWatcher] Ôťů Grant scan complete: 1/3 eligible
[STATUS] [GrantWatcher] idle

[90mstdout[2m | test/grantWatcherAgent.test.ts[2m > [22m[2mGrantWatcherAgent[2m > [22m[2mApplication Drafting[2m > [22m[2mshould generate application draft
[22m[39m[STATUS] [GrantWatcher] working - Grant monitoring: {"grantId":"EU-INNOVATION-2026","companyName":"Tec...
[INFO] [GrantWatcher] Starting grant opportunity scan...
[INFO] [GrantWatcher] Scanning for TE├üOR: 6201, 25 employees
[INFO] [GrantWatcher] Scraping grant opportunities...
[INFO] [GrantWatcher] ­čôŐ Found 3 grant opportunities

[90mstdout[2m | test/grantWatcherAgent.test.ts[2m > [22m[2mGrantWatcherAgent[2m > [22m[2mApplication Drafting[2m > [22m[2mshould generate application draft
[22m[39m[INFO] [GrantWatcher] Generating grant summary document...

[90mstdout[2m | test/grantWatcherAgent.test.ts[2m > [22m[2mGrantWatcherAgent[2m > [22m[2mApplication Drafting[2m > [22m[2mshould generate application draft
[22m[39m[INFO] [UnifiedWorkspace] Creating Google Doc: Grant Summary - 2026-03-25

stderr | test/grantWatcherAgent.test.ts > GrantWatcherAgent > Application Drafting > should generate application draft
[ERROR] [UnifiedWorkspace] Failed to create Google Doc: No access, refresh token, API key or refresh handler callback is set.

stderr | test/grantWatcherAgent.test.ts > GrantWatcherAgent > Application Drafting > should generate application draft
[ERROR] [GrantWatcher] Failed to generate summary doc: No access, refresh token, API key or refresh handler callback is set.

[90mstdout[2m | test/grantWatcherAgent.test.ts[2m > [22m[2mGrantWatcherAgent[2m > [22m[2mApplication Drafting[2m > [22m[2mshould generate application draft
[22m[39m[INFO] [GrantWatcher] Ôťů Grant scan complete: 1/3 eligible
[STATUS] [GrantWatcher] idle

[90mstdout[2m | test/grantWatcherAgent.test.ts[2m > [22m[2mGrantWatcherAgent[2m > [22m[2mEligibility Check[2m > [22m[2mshould check grant eligibility
[22m[39m[STATUS] [GrantWatcher] working - Grant monitoring: {"industry":"Technology","companySize":"SME","reve...
[INFO] [GrantWatcher] Starting grant opportunity scan...
[INFO] [GrantWatcher] Scanning for TE├üOR: 6201, 25 employees
[INFO] [GrantWatcher] Scraping grant opportunities...
[INFO] [GrantWatcher] ­čôŐ Found 3 grant opportunities

[90mstdout[2m | test/grantWatcherAgent.test.ts[2m > [22m[2mGrantWatcherAgent[2m > [22m[2mEligibility Check[2m > [22m[2mshould check grant eligibility
[22m[39m[INFO] [GrantWatcher] Generating grant summary document...

[90mstdout[2m | test/grantWatcherAgent.test.ts[2m > [22m[2mGrantWatcherAgent[2m > [22m[2mEligibility Check[2m > [22m[2mshould check grant eligibility
[22m[39m[INFO] [UnifiedWorkspace] Creating Google Doc: Grant Summary - 2026-03-25

stderr | test/grantWatcherAgent.test.ts > GrantWatcherAgent > Eligibility Check > should check grant eligibility
[ERROR] [UnifiedWorkspace] Failed to create Google Doc: No access, refresh token, API key or refresh handler callback is set.

stderr | test/grantWatcherAgent.test.ts > GrantWatcherAgent > Eligibility Check > should check grant eligibility
[ERROR] [GrantWatcher] Failed to generate summary doc: No access, refresh token, API key or refresh handler callback is set.

[90mstdout[2m | test/grantWatcherAgent.test.ts[2m > [22m[2mGrantWatcherAgent[2m > [22m[2mEligibility Check[2m > [22m[2mshould check grant eligibility
[22m[39m[INFO] [GrantWatcher] Ôťů Grant scan complete: 1/3 eligible
[STATUS] [GrantWatcher] idle

[90mstdout[2m | test/grantWatcherAgent.test.ts[2m > [22m[2mGrantWatcherAgent[2m > [22m[2mError Handling[2m > [22m[2mshould handle missing parameters
[22m[39m[STATUS] [GrantWatcher] working - Grant monitoring: {}...
[INFO] [GrantWatcher] Starting grant opportunity scan...
[INFO] [GrantWatcher] Scanning for TE├üOR: 6201, 25 employees
[INFO] [GrantWatcher] Scraping grant opportunities...
[INFO] [GrantWatcher] ­čôŐ Found 3 grant opportunities

[90mstdout[2m | test/grantWatcherAgent.test.ts[2m > [22m[2mGrantWatcherAgent[2m > [22m[2mError Handling[2m > [22m[2mshould handle missing parameters
[22m[39m[INFO] [GrantWatcher] Generating grant summary document...

[90mstdout[2m | test/grantWatcherAgent.test.ts[2m > [22m[2mGrantWatcherAgent[2m > [22m[2mError Handling[2m > [22m[2mshould handle missing parameters
[22m[39m[INFO] [UnifiedWorkspace] Creating Google Doc: Grant Summary - 2026-03-25

stderr | test/grantWatcherAgent.test.ts > GrantWatcherAgent > Error Handling > should handle missing parameters
[ERROR] [UnifiedWorkspace] Failed to create Google Doc: No access, refresh token, API key or refresh handler callback is set.

stderr | test/grantWatcherAgent.test.ts > GrantWatcherAgent > Error Handling > should handle missing parameters
[ERROR] [GrantWatcher] Failed to generate summary doc: No access, refresh token, API key or refresh handler callback is set.

[90mstdout[2m | test/grantWatcherAgent.test.ts[2m > [22m[2mGrantWatcherAgent[2m > [22m[2mError Handling[2m > [22m[2mshould handle missing parameters
[22m[39m[INFO] [GrantWatcher] Ôťů Grant scan complete: 1/3 eligible
[STATUS] [GrantWatcher] idle

 [32mÔťô[39m test/grantWatcherAgent.test.ts [2m([22m[2m8 tests[22m[2m)[22m[32m 45[2mms[22m[39m
[90mstdout[2m | test/memoryRoutes.golden.test.ts
[22m[39m[INFO] [AIGateway] Ôťů AI Gateway v3.0 initialized: CF Workers AI (@cf/meta/llama-3.1-8b-instruct)

[90mstdout[2m | test/memoryRoutes.golden.test.ts
[22m[39m[INFO] [GlobalDb] Database opened: F:\mcp-brunella-core\data\brunella.db
[INFO] [GlobalDb] Schema initialized
[INFO] [StructuredMemory] Structured memory DB initialized

 [32mÔťô[39m test/memoryRoutes.golden.test.ts [2m([22m[2m3 tests[22m[2m)[22m[32m 41[2mms[22m[39m
[90mstdout[2m | test/swarmRoutes.test.ts[2m > [22m[2mSwarm REST Routes[2m > [22m[2mPOST /api/v1/swarm/dispatch dispatches task to colony
[22m[39m[INFO] [SwarmRoute] Task dispatched to colony triad-default

 [32mÔťô[39m test/swarmRoutes.test.ts [2m([22m[2m4 tests[22m[2m)[22m[32m 44[2mms[22m[39m
[90mstdout[2m | test/unifiedWorkspace.test.ts[2m > [22m[2mUnifiedWorkspaceClient[2m > [22m[2mInitialization[2m > [22m[2mshould initialize with default scopes
[22m[39m[INFO] [UnifiedWorkspace] Initializing Google Workspace authentication via utility...

[90mstdout[2m | test/unifiedWorkspace.test.ts[2m > [22m[2mUnifiedWorkspaceClient[2m > [22m[2mInitialization[2m > [22m[2mshould initialize with default scopes
[22m[39m[INFO] [UnifiedWorkspace] Ôťů Google Workspace initialized successfully

[90mstdout[2m | test/unifiedWorkspace.test.ts[2m > [22m[2mUnifiedWorkspaceClient[2m > [22m[2mGmail - Email Draft Creation[2m > [22m[2mshould create an email draft with required fields
[22m[39m[INFO] [UnifiedWorkspace] Initializing Google Workspace authentication via utility...

[90mstdout[2m | test/unifiedWorkspace.test.ts[2m > [22m[2mUnifiedWorkspaceClient[2m > [22m[2mGmail - Email Draft Creation[2m > [22m[2mshould create an email draft with required fields
[22m[39m[INFO] [UnifiedWorkspace] Ôťů Google Workspace initialized successfully

[90mstdout[2m | test/unifiedWorkspace.test.ts[2m > [22m[2mUnifiedWorkspaceClient[2m > [22m[2mGmail - Email Draft Creation[2m > [22m[2mshould create an email draft with required fields
[22m[39m[INFO] [UnifiedWorkspace] Creating email draft to: recipient@example.com

[90mstdout[2m | test/unifiedWorkspace.test.ts[2m > [22m[2mUnifiedWorkspaceClient[2m > [22m[2mGmail - Email Draft Creation[2m > [22m[2mshould create an email draft with required fields
[22m[39m[INFO] [UnifiedWorkspace] Ôťů Draft created: draft_123

[90mstdout[2m | test/unifiedWorkspace.test.ts[2m > [22m[2mUnifiedWorkspaceClient[2m > [22m[2mGmail - Email Draft Creation[2m > [22m[2mshould create an email draft with attachments (placeholder)
[22m[39m[INFO] [UnifiedWorkspace] Initializing Google Workspace authentication via utility...

[90mstdout[2m | test/unifiedWorkspace.test.ts[2m > [22m[2mUnifiedWorkspaceClient[2m > [22m[2mGmail - Email Draft Creation[2m > [22m[2mshould create an email draft with attachments (placeholder)
[22m[39m[INFO] [UnifiedWorkspace] Ôťů Google Workspace initialized successfully

[90mstdout[2m | test/unifiedWorkspace.test.ts[2m > [22m[2mUnifiedWorkspaceClient[2m > [22m[2mGmail - Email Draft Creation[2m > [22m[2mshould create an email draft with attachments (placeholder)
[22m[39m[INFO] [UnifiedWorkspace] Creating email draft to: recipient@example.com

[90mstdout[2m | test/unifiedWorkspace.test.ts[2m > [22m[2mUnifiedWorkspaceClient[2m > [22m[2mGmail - Email Draft Creation[2m > [22m[2mshould create an email draft with attachments (placeholder)
[22m[39m[INFO] [UnifiedWorkspace] Ôťů Draft created: draft_123

[90mstdout[2m | test/unifiedWorkspace.test.ts[2m > [22m[2mUnifiedWorkspaceClient[2m > [22m[2mGmail - Email Draft Creation[2m > [22m[2mshould automatically initialize if Gmail client not initialized
[22m[39m[INFO] [UnifiedWorkspace] Initializing Google Workspace authentication via utility...

[90mstdout[2m | test/unifiedWorkspace.test.ts[2m > [22m[2mUnifiedWorkspaceClient[2m > [22m[2mGmail - Email Draft Creation[2m > [22m[2mshould automatically initialize if Gmail client not initialized
[22m[39m[INFO] [UnifiedWorkspace] Ôťů Google Workspace initialized successfully

[90mstdout[2m | test/unifiedWorkspace.test.ts[2m > [22m[2mUnifiedWorkspaceClient[2m > [22m[2mGmail - Email Draft Creation[2m > [22m[2mshould automatically initialize if Gmail client not initialized
[22m[39m[INFO] [UnifiedWorkspace] Initializing Google Workspace authentication via utility...

[90mstdout[2m | test/unifiedWorkspace.test.ts[2m > [22m[2mUnifiedWorkspaceClient[2m > [22m[2mGmail - Email Draft Creation[2m > [22m[2mshould automatically initialize if Gmail client not initialized
[22m[39m[INFO] [UnifiedWorkspace] Ôťů Google Workspace initialized successfully

[90mstdout[2m | test/unifiedWorkspace.test.ts[2m > [22m[2mUnifiedWorkspaceClient[2m > [22m[2mGmail - Email Draft Creation[2m > [22m[2mshould automatically initialize if Gmail client not initialized
[22m[39m[INFO] [UnifiedWorkspace] Creating email draft to: test@example.com

[90mstdout[2m | test/unifiedWorkspace.test.ts[2m > [22m[2mUnifiedWorkspaceClient[2m > [22m[2mGmail - Email Draft Creation[2m > [22m[2mshould automatically initialize if Gmail client not initialized
[22m[39m[INFO] [UnifiedWorkspace] Ôťů Draft created: draft_123

[90mstdout[2m | test/unifiedWorkspace.test.ts[2m > [22m[2mUnifiedWorkspaceClient[2m > [22m[2mGmail - Email Search[2m > [22m[2mshould search emails by query
[22m[39m[INFO] [UnifiedWorkspace] Initializing Google Workspace authentication via utility...

[90mstdout[2m | test/unifiedWorkspace.test.ts[2m > [22m[2mUnifiedWorkspaceClient[2m > [22m[2mGmail - Email Search[2m > [22m[2mshould search emails by query
[22m[39m[INFO] [UnifiedWorkspace] Ôťů Google Workspace initialized successfully

[90mstdout[2m | test/unifiedWorkspace.test.ts[2m > [22m[2mUnifiedWorkspaceClient[2m > [22m[2mGmail - Email Search[2m > [22m[2mshould search emails by query
[22m[39m[INFO] [UnifiedWorkspace] Searching emails: "is:unread"

[90mstdout[2m | test/unifiedWorkspace.test.ts[2m > [22m[2mUnifiedWorkspaceClient[2m > [22m[2mGmail - Email Search[2m > [22m[2mshould return empty array if no emails match query
[22m[39m[INFO] [UnifiedWorkspace] Initializing Google Workspace authentication via utility...

[90mstdout[2m | test/unifiedWorkspace.test.ts[2m > [22m[2mUnifiedWorkspaceClient[2m > [22m[2mGmail - Email Search[2m > [22m[2mshould return empty array if no emails match query
[22m[39m[INFO] [UnifiedWorkspace] Ôťů Google Workspace initialized successfully

[90mstdout[2m | test/unifiedWorkspace.test.ts[2m > [22m[2mUnifiedWorkspaceClient[2m > [22m[2mGmail - Email Search[2m > [22m[2mshould return empty array if no emails match query
[22m[39m[INFO] [UnifiedWorkspace] Initializing Google Workspace authentication via utility...

[90mstdout[2m | test/unifiedWorkspace.test.ts[2m > [22m[2mUnifiedWorkspaceClient[2m > [22m[2mGmail - Email Search[2m > [22m[2mshould return empty array if no emails match query
[22m[39m[INFO] [UnifiedWorkspace] Ôťů Google Workspace initialized successfully

[90mstdout[2m | test/unifiedWorkspace.test.ts[2m > [22m[2mUnifiedWorkspaceClient[2m > [22m[2mGmail - Email Search[2m > [22m[2mshould return empty array if no emails match query
[22m[39m[INFO] [UnifiedWorkspace] Searching emails: "from:nobody@example.com"

[90mstdout[2m | test/unifiedWorkspace.test.ts[2m > [22m[2mUnifiedWorkspaceClient[2m > [22m[2mGmail - Email Search[2m > [22m[2mshould handle Gmail API errors gracefully
[22m[39m[INFO] [UnifiedWorkspace] Initializing Google Workspace authentication via utility...

[90mstdout[2m | test/unifiedWorkspace.test.ts[2m > [22m[2mUnifiedWorkspaceClient[2m > [22m[2mGmail - Email Search[2m > [22m[2mshould handle Gmail API errors gracefully
[22m[39m[INFO] [UnifiedWorkspace] Ôťů Google Workspace initialized successfully

[90mstdout[2m | test/unifiedWorkspace.test.ts[2m > [22m[2mUnifiedWorkspaceClient[2m > [22m[2mGmail - Email Search[2m > [22m[2mshould handle Gmail API errors gracefully
[22m[39m[INFO] [UnifiedWorkspace] Initializing Google Workspace authentication via utility...

[90mstdout[2m | test/unifiedWorkspace.test.ts[2m > [22m[2mUnifiedWorkspaceClient[2m > [22m[2mGmail - Email Search[2m > [22m[2mshould handle Gmail API errors gracefully
[22m[39m[INFO] [UnifiedWorkspace] Ôťů Google Workspace initialized successfully

[90mstdout[2m | test/unifiedWorkspace.test.ts[2m > [22m[2mUnifiedWorkspaceClient[2m > [22m[2mGmail - Email Search[2m > [22m[2mshould handle Gmail API errors gracefully
[22m[39m[INFO] [UnifiedWorkspace] Searching emails: "test query"

stderr | test/unifiedWorkspace.test.ts > UnifiedWorkspaceClient > Gmail - Email Search > should handle Gmail API errors gracefully
[ERROR] [UnifiedWorkspace] Email search failed: Gmail API error

[90mstdout[2m | test/unifiedWorkspace.test.ts[2m > [22m[2mUnifiedWorkspaceClient[2m > [22m[2mGmail - Email Attachments[2m > [22m[2mshould retrieve email attachments
[22m[39m[INFO] [UnifiedWorkspace] Initializing Google Workspace authentication via utility...

[90mstdout[2m | test/unifiedWorkspace.test.ts[2m > [22m[2mUnifiedWorkspaceClient[2m > [22m[2mGmail - Email Attachments[2m > [22m[2mshould retrieve email attachments
[22m[39m[INFO] [UnifiedWorkspace] Ôťů Google Workspace initialized successfully

[90mstdout[2m | test/unifiedWorkspace.test.ts[2m > [22m[2mUnifiedWorkspaceClient[2m > [22m[2mGmail - Email Attachments[2m > [22m[2mshould return empty array if no attachments found
[22m[39m[INFO] [UnifiedWorkspace] Initializing Google Workspace authentication via utility...

[90mstdout[2m | test/unifiedWorkspace.test.ts[2m > [22m[2mUnifiedWorkspaceClient[2m > [22m[2mGmail - Email Attachments[2m > [22m[2mshould return empty array if no attachments found
[22m[39m[INFO] [UnifiedWorkspace] Ôťů Google Workspace initialized successfully

[90mstdout[2m | test/unifiedWorkspace.test.ts[2m > [22m[2mUnifiedWorkspaceClient[2m > [22m[2mGmail - Email Attachments[2m > [22m[2mshould return empty array if no attachments found
[22m[39m[INFO] [UnifiedWorkspace] Initializing Google Workspace authentication via utility...

[90mstdout[2m | test/unifiedWorkspace.test.ts[2m > [22m[2mUnifiedWorkspaceClient[2m > [22m[2mGmail - Email Attachments[2m > [22m[2mshould return empty array if no attachments found
[22m[39m[INFO] [UnifiedWorkspace] Ôťů Google Workspace initialized successfully

[90mstdout[2m | test/unifiedWorkspace.test.ts[2m > [22m[2mUnifiedWorkspaceClient[2m > [22m[2mGoogle Sheets - Sheet Operations[2m > [22m[2mshould read data from a spreadsheet
[22m[39m[INFO] [UnifiedWorkspace] Initializing Google Workspace authentication via utility...

[90mstdout[2m | test/unifiedWorkspace.test.ts[2m > [22m[2mUnifiedWorkspaceClient[2m > [22m[2mGoogle Sheets - Sheet Operations[2m > [22m[2mshould read data from a spreadsheet
[22m[39m[INFO] [UnifiedWorkspace] Ôťů Google Workspace initialized successfully

[90mstdout[2m | test/unifiedWorkspace.test.ts[2m > [22m[2mUnifiedWorkspaceClient[2m > [22m[2mGoogle Sheets - Sheet Operations[2m > [22m[2mshould read data from a spreadsheet
[22m[39m[INFO] [UnifiedWorkspace] Sheet read: sheet_123

[90mstdout[2m | test/unifiedWorkspace.test.ts[2m > [22m[2mUnifiedWorkspaceClient[2m > [22m[2mGoogle Sheets - Sheet Operations[2m > [22m[2mshould append data to a spreadsheet
[22m[39m[INFO] [UnifiedWorkspace] Initializing Google Workspace authentication via utility...

[90mstdout[2m | test/unifiedWorkspace.test.ts[2m > [22m[2mUnifiedWorkspaceClient[2m > [22m[2mGoogle Sheets - Sheet Operations[2m > [22m[2mshould append data to a spreadsheet
[22m[39m[INFO] [UnifiedWorkspace] Ôťů Google Workspace initialized successfully

[90mstdout[2m | test/unifiedWorkspace.test.ts[2m > [22m[2mUnifiedWorkspaceClient[2m > [22m[2mGoogle Sheets - Sheet Operations[2m > [22m[2mshould append data to a spreadsheet
[22m[39m[INFO] [UnifiedWorkspace] Sheet append: sheet_123

[90mstdout[2m | test/unifiedWorkspace.test.ts[2m > [22m[2mUnifiedWorkspaceClient[2m > [22m[2mGoogle Sheets - Sheet Operations[2m > [22m[2mshould update data in a spreadsheet
[22m[39m[INFO] [UnifiedWorkspace] Initializing Google Workspace authentication via utility...

[90mstdout[2m | test/unifiedWorkspace.test.ts[2m > [22m[2mUnifiedWorkspaceClient[2m > [22m[2mGoogle Sheets - Sheet Operations[2m > [22m[2mshould update data in a spreadsheet
[22m[39m[INFO] [UnifiedWorkspace] Ôťů Google Workspace initialized successfully

[90mstdout[2m | test/unifiedWorkspace.test.ts[2m > [22m[2mUnifiedWorkspaceClient[2m > [22m[2mGoogle Sheets - Sheet Operations[2m > [22m[2mshould update data in a spreadsheet
[22m[39m[INFO] [UnifiedWorkspace] Sheet update: sheet_123

[90mstdout[2m | test/unifiedWorkspace.test.ts[2m > [22m[2mUnifiedWorkspaceClient[2m > [22m[2mGoogle Sheets - Sheet Operations[2m > [22m[2mshould throw error for unknown sheet operation
[22m[39m[INFO] [UnifiedWorkspace] Initializing Google Workspace authentication via utility...

[90mstdout[2m | test/unifiedWorkspace.test.ts[2m > [22m[2mUnifiedWorkspaceClient[2m > [22m[2mGoogle Sheets - Sheet Operations[2m > [22m[2mshould throw error for unknown sheet operation
[22m[39m[INFO] [UnifiedWorkspace] Ôťů Google Workspace initialized successfully

[90mstdout[2m | test/unifiedWorkspace.test.ts[2m > [22m[2mUnifiedWorkspaceClient[2m > [22m[2mGoogle Sheets - Sheet Operations[2m > [22m[2mshould throw error for unknown sheet operation
[22m[39m[INFO] [UnifiedWorkspace] Sheet delete: sheet_123

stderr | test/unifiedWorkspace.test.ts > UnifiedWorkspaceClient > Google Sheets - Sheet Operations > should throw error for unknown sheet operation
[ERROR] [UnifiedWorkspace] Sheet operation failed: Unknown sheet operation: delete

[90mstdout[2m | test/unifiedWorkspace.test.ts[2m > [22m[2mUnifiedWorkspaceClient[2m > [22m[2mGoogle Sheets - Spreadsheet Creation[2m > [22m[2mshould create a new spreadsheet
[22m[39m[INFO] [UnifiedWorkspace] Initializing Google Workspace authentication via utility...

[90mstdout[2m | test/unifiedWorkspace.test.ts[2m > [22m[2mUnifiedWorkspaceClient[2m > [22m[2mGoogle Sheets - Spreadsheet Creation[2m > [22m[2mshould create a new spreadsheet
[22m[39m[INFO] [UnifiedWorkspace] Ôťů Google Workspace initialized successfully

[90mstdout[2m | test/unifiedWorkspace.test.ts[2m > [22m[2mUnifiedWorkspaceClient[2m > [22m[2mGoogle Sheets - Spreadsheet Creation[2m > [22m[2mshould create a new spreadsheet
[22m[39m[INFO] [UnifiedWorkspace] Ôťů Spreadsheet created: Test Spreadsheet

[90mstdout[2m | test/unifiedWorkspace.test.ts[2m > [22m[2mUnifiedWorkspaceClient[2m > [22m[2mGoogle Drive - File Upload[2m > [22m[2mshould upload a file to Google Drive
[22m[39m[INFO] [UnifiedWorkspace] Initializing Google Workspace authentication via utility...

[90mstdout[2m | test/unifiedWorkspace.test.ts[2m > [22m[2mUnifiedWorkspaceClient[2m > [22m[2mGoogle Drive - File Upload[2m > [22m[2mshould upload a file to Google Drive
[22m[39m[INFO] [UnifiedWorkspace] Ôťů Google Workspace initialized successfully

[90mstdout[2m | test/unifiedWorkspace.test.ts[2m > [22m[2mUnifiedWorkspaceClient[2m > [22m[2mGoogle Drive - File Upload[2m > [22m[2mshould upload a file to Google Drive
[22m[39m[INFO] [UnifiedWorkspace] Uploading file: test.pdf

[90mstdout[2m | test/unifiedWorkspace.test.ts[2m > [22m[2mUnifiedWorkspaceClient[2m > [22m[2mGoogle Drive - File Upload[2m > [22m[2mshould upload a file to Google Drive
[22m[39m[INFO] [UnifiedWorkspace] Ôťů File uploaded: file_123

[90mstdout[2m | test/unifiedWorkspace.test.ts[2m > [22m[2mUnifiedWorkspaceClient[2m > [22m[2mGoogle Drive - File Upload[2m > [22m[2mshould upload file to specific folder
[22m[39m[INFO] [UnifiedWorkspace] Initializing Google Workspace authentication via utility...

[90mstdout[2m | test/unifiedWorkspace.test.ts[2m > [22m[2mUnifiedWorkspaceClient[2m > [22m[2mGoogle Drive - File Upload[2m > [22m[2mshould upload file to specific folder
[22m[39m[INFO] [UnifiedWorkspace] Ôťů Google Workspace initialized successfully

[90mstdout[2m | test/unifiedWorkspace.test.ts[2m > [22m[2mUnifiedWorkspaceClient[2m > [22m[2mGoogle Drive - File Upload[2m > [22m[2mshould upload file to specific folder
[22m[39m[INFO] [UnifiedWorkspace] Uploading file: test.pdf

[90mstdout[2m | test/unifiedWorkspace.test.ts[2m > [22m[2mUnifiedWorkspaceClient[2m > [22m[2mGoogle Drive - File Upload[2m > [22m[2mshould upload file to specific folder
[22m[39m[INFO] [UnifiedWorkspace] Ôťů File uploaded: file_123

[90mstdout[2m | test/unifiedWorkspace.test.ts[2m > [22m[2mUnifiedWorkspaceClient[2m > [22m[2mGoogle Drive - File Upload[2m > [22m[2mshould throw error if localPath is missing
[22m[39m[INFO] [UnifiedWorkspace] Initializing Google Workspace authentication via utility...

[90mstdout[2m | test/unifiedWorkspace.test.ts[2m > [22m[2mUnifiedWorkspaceClient[2m > [22m[2mGoogle Drive - File Upload[2m > [22m[2mshould throw error if localPath is missing
[22m[39m[INFO] [UnifiedWorkspace] Ôťů Google Workspace initialized successfully

stderr | test/unifiedWorkspace.test.ts > UnifiedWorkspaceClient > Google Drive - File Upload > should throw error if localPath is missing
[ERROR] [UnifiedWorkspace] File upload failed: localPath is required for file upload

[90mstdout[2m | test/unifiedWorkspace.test.ts[2m > [22m[2mUnifiedWorkspaceClient[2m > [22m[2mGoogle Drive - File Upload[2m > [22m[2mshould create a new Google Doc
[22m[39m[INFO] [UnifiedWorkspace] Initializing Google Workspace authentication via utility...

[90mstdout[2m | test/unifiedWorkspace.test.ts[2m > [22m[2mUnifiedWorkspaceClient[2m > [22m[2mGoogle Drive - File Upload[2m > [22m[2mshould create a new Google Doc
[22m[39m[INFO] [UnifiedWorkspace] Ôťů Google Workspace initialized successfully

[90mstdout[2m | test/unifiedWorkspace.test.ts[2m > [22m[2mUnifiedWorkspaceClient[2m > [22m[2mGoogle Drive - File Upload[2m > [22m[2mshould create a new Google Doc
[22m[39m[INFO] [UnifiedWorkspace] Creating Google Doc: Mock Title

[90mstdout[2m | test/unifiedWorkspace.test.ts[2m > [22m[2mUnifiedWorkspaceClient[2m > [22m[2mGoogle Drive - File Upload[2m > [22m[2mshould create a new Google Doc
[22m[39m[INFO] [UnifiedWorkspace] Ôťů Google Doc created: https://drive.google.com/file/d/file_123/view

[90mstdout[2m | test/unifiedWorkspace.test.ts[2m > [22m[2mUnifiedWorkspaceClient[2m > [22m[2mGoogle Drive - File Listing[2m > [22m[2mshould list files in Drive
[22m[39m[INFO] [UnifiedWorkspace] Initializing Google Workspace authentication via utility...

[90mstdout[2m | test/unifiedWorkspace.test.ts[2m > [22m[2mUnifiedWorkspaceClient[2m > [22m[2mGoogle Drive - File Listing[2m > [22m[2mshould list files in Drive
[22m[39m[INFO] [UnifiedWorkspace] Ôťů Google Workspace initialized successfully

[90mstdout[2m | test/unifiedWorkspace.test.ts[2m > [22m[2mUnifiedWorkspaceClient[2m > [22m[2mGoogle Drive - File Listing[2m > [22m[2mshould list files in specific folder
[22m[39m[INFO] [UnifiedWorkspace] Initializing Google Workspace authentication via utility...

[90mstdout[2m | test/unifiedWorkspace.test.ts[2m > [22m[2mUnifiedWorkspaceClient[2m > [22m[2mGoogle Drive - File Listing[2m > [22m[2mshould list files in specific folder
[22m[39m[INFO] [UnifiedWorkspace] Ôťů Google Workspace initialized successfully

[90mstdout[2m | test/unifiedWorkspace.test.ts[2m > [22m[2mUnifiedWorkspaceClient[2m > [22m[2mGoogle Drive - File Listing[2m > [22m[2mshould handle Drive API errors gracefully
[22m[39m[INFO] [UnifiedWorkspace] Initializing Google Workspace authentication via utility...

[90mstdout[2m | test/unifiedWorkspace.test.ts[2m > [22m[2mUnifiedWorkspaceClient[2m > [22m[2mGoogle Drive - File Listing[2m > [22m[2mshould handle Drive API errors gracefully
[22m[39m[INFO] [UnifiedWorkspace] Ôťů Google Workspace initialized successfully

[90mstdout[2m | test/unifiedWorkspace.test.ts[2m > [22m[2mUnifiedWorkspaceClient[2m > [22m[2mGoogle Drive - File Listing[2m > [22m[2mshould handle Drive API errors gracefully
[22m[39m[INFO] [UnifiedWorkspace] Initializing Google Workspace authentication via utility...

[90mstdout[2m | test/unifiedWorkspace.test.ts[2m > [22m[2mUnifiedWorkspaceClient[2m > [22m[2mGoogle Drive - File Listing[2m > [22m[2mshould handle Drive API errors gracefully
[22m[39m[INFO] [UnifiedWorkspace] Ôťů Google Workspace initialized successfully

stderr | test/unifiedWorkspace.test.ts > UnifiedWorkspaceClient > Google Drive - File Listing > should handle Drive API errors gracefully
[ERROR] [UnifiedWorkspace] Failed to list files: Drive API error

[90mstdout[2m | test/unifiedWorkspace.test.ts[2m > [22m[2mUnifiedWorkspaceClient[2m > [22m[2mGoogle Calendar - Event Creation[2m > [22m[2mshould create a calendar event
[22m[39m[INFO] [UnifiedWorkspace] Initializing Google Workspace authentication via utility...

[90mstdout[2m | test/unifiedWorkspace.test.ts[2m > [22m[2mUnifiedWorkspaceClient[2m > [22m[2mGoogle Calendar - Event Creation[2m > [22m[2mshould create a calendar event
[22m[39m[INFO] [UnifiedWorkspace] Ôťů Google Workspace initialized successfully

[90mstdout[2m | test/unifiedWorkspace.test.ts[2m > [22m[2mUnifiedWorkspaceClient[2m > [22m[2mGoogle Calendar - Event Creation[2m > [22m[2mshould create a calendar event
[22m[39m[INFO] [UnifiedWorkspace] Creating calendar event: Team Meeting

[90mstdout[2m | test/unifiedWorkspace.test.ts[2m > [22m[2mUnifiedWorkspaceClient[2m > [22m[2mGoogle Calendar - Event Creation[2m > [22m[2mshould create a calendar event
[22m[39m[INFO] [UnifiedWorkspace] Ôťů Event created: event_123

[90mstdout[2m | test/unifiedWorkspace.test.ts[2m > [22m[2mUnifiedWorkspaceClient[2m > [22m[2mGoogle Calendar - Event Creation[2m > [22m[2mshould create event in specific calendar
[22m[39m[INFO] [UnifiedWorkspace] Initializing Google Workspace authentication via utility...

[90mstdout[2m | test/unifiedWorkspace.test.ts[2m > [22m[2mUnifiedWorkspaceClient[2m > [22m[2mGoogle Calendar - Event Creation[2m > [22m[2mshould create event in specific calendar
[22m[39m[INFO] [UnifiedWorkspace] Ôťů Google Workspace initialized successfully

[90mstdout[2m | test/unifiedWorkspace.test.ts[2m > [22m[2mUnifiedWorkspaceClient[2m > [22m[2mGoogle Calendar - Event Creation[2m > [22m[2mshould create event in specific calendar
[22m[39m[INFO] [UnifiedWorkspace] Creating calendar event: Personal Reminder

[90mstdout[2m | test/unifiedWorkspace.test.ts[2m > [22m[2mUnifiedWorkspaceClient[2m > [22m[2mGoogle Calendar - Event Creation[2m > [22m[2mshould create event in specific calendar
[22m[39m[INFO] [UnifiedWorkspace] Ôťů Event created: event_123

[90mstdout[2m | test/unifiedWorkspace.test.ts[2m > [22m[2mUnifiedWorkspaceClient[2m > [22m[2mFactory Function[2m > [22m[2mshould return singleton instance on subsequent calls
[22m[39m[INFO] [UnifiedWorkspace] Initializing Google Workspace authentication via utility...

[90mstdout[2m | test/unifiedWorkspace.test.ts[2m > [22m[2mUnifiedWorkspaceClient[2m > [22m[2mFactory Function[2m > [22m[2mshould return singleton instance on subsequent calls
[22m[39m[INFO] [UnifiedWorkspace] Ôťů Google Workspace initialized successfully

[90mstdout[2m | test/unifiedWorkspace.test.ts[2m > [22m[2mUnifiedWorkspaceClient[2m > [22m[2mFactory Function[2m > [22m[2mshould reset singleton on resetWorkspaceClient()
[22m[39m[INFO] [UnifiedWorkspace] Initializing Google Workspace authentication via utility...

[90mstdout[2m | test/unifiedWorkspace.test.ts[2m > [22m[2mUnifiedWorkspaceClient[2m > [22m[2mFactory Function[2m > [22m[2mshould reset singleton on resetWorkspaceClient()
[22m[39m[INFO] [UnifiedWorkspace] Ôťů Google Workspace initialized successfully

 [32mÔťô[39m test/unifiedWorkspace.test.ts [2m([22m[2m27 tests[22m[2m | [22m[33m2 skipped[39m[2m)[22m[32m 49[2mms[22m[39m
[90mstdout[2m | test/edge_health_monitor.test.ts[2m > [22m[2mEdgeHealthMonitor[2m > [22m[2mshould correctly detect healthy status on successful probe
[22m[39m[INFO] [PhoenixEventBus] Event: phoenix:edge_health
[INFO] [EdgeHealthMonitor] Status changed: offline Ôćĺ healthy (latency: 0ms)

[90mstdout[2m | test/edge_health_monitor.test.ts[2m > [22m[2mEdgeHealthMonitor[2m > [22m[2mshould track offline after consecutive failures
[22m[39m[INFO] [PhoenixEventBus] Event: phoenix:edge_health
[INFO] [EdgeHealthMonitor] Status changed: offline Ôćĺ degraded (latency: 0ms)

[90mstdout[2m | test/edge_health_monitor.test.ts[2m > [22m[2mEdgeHealthMonitor[2m > [22m[2mshould track offline after consecutive failures
[22m[39m[INFO] [PhoenixEventBus] Event: phoenix:edge_health
[INFO] [EdgeHealthMonitor] Status changed: degraded Ôćĺ offline (latency: 0ms)

[90mstdout[2m | test/edge_health_monitor.test.ts[2m > [22m[2mEdgeHealthMonitor[2m > [22m[2mshould store history entries
[22m[39m[INFO] [PhoenixEventBus] Event: phoenix:edge_health
[INFO] [EdgeHealthMonitor] Status changed: offline Ôćĺ healthy (latency: 0ms)

[90mstdout[2m | test/edge_health_monitor.test.ts[2m > [22m[2mEdgeHealthMonitor[2m > [22m[2misEdgeAvailable should be true for healthy/degraded, false for offline
[22m[39m[INFO] [PhoenixEventBus] Event: phoenix:edge_health
[INFO] [EdgeHealthMonitor] Status changed: offline Ôćĺ healthy (latency: 0ms)

[90mstdout[2m | test/edge_health_monitor.test.ts[2m > [22m[2mEdgeHealthMonitor[2m > [22m[2misEdgeHealthy should be true only for healthy status
[22m[39m[INFO] [PhoenixEventBus] Event: phoenix:edge_health
[INFO] [EdgeHealthMonitor] Status changed: offline Ôćĺ healthy (latency: 0ms)

[90mstdout[2m | test/edge_health_monitor.test.ts[2m > [22m[2mEdgeHealthMonitor[2m > [22m[2msetWorkerUrl should reset status to offline
[22m[39m[INFO] [PhoenixEventBus] Event: phoenix:edge_health
[INFO] [EdgeHealthMonitor] Status changed: offline Ôćĺ healthy (latency: 0ms)

 [32mÔťô[39m test/edge_health_monitor.test.ts [2m([22m[2m7 tests[22m[2m)[22m[32m 66[2mms[22m[39m
 [32mÔťô[39m test/SpecWriterAgent.test.ts [2m([22m[2m10 tests[22m[2m)[22m[32m 39[2mms[22m[39m
 [32mÔťô[39m test/retryStrategy.test.ts [2m([22m[2m11 tests[22m[2m)[22m[32m 56[2mms[22m[39m
 [32mÔťô[39m test/evHunterTool.test.ts [2m([22m[2m4 tests[22m[2m)[22m[32m 36[2mms[22m[39m
[90mstdout[2m | test/harvestRoutes.test.ts[2m > [22m[2mHarvest Routes[2m > [22m[2mPOST /sync returns success
[22m[39m[INFO] [HarvestSync] Received 1 items from github-trending

 [32mÔťô[39m test/harvestRoutes.test.ts [2m([22m[2m2 tests[22m[2m)[22m[32m 35[2mms[22m[39m
stderr | test/api_v1.test.ts > API v1 Route Tests > Error Handling Integration > should catch AppError and return formatted JSON
[ERROR] [ErrorHandler] [400] Test triggered error (BAD_REQUEST)

 [32mÔťô[39m test/api_v1.test.ts [2m([22m[2m3 tests[22m[2m)[22m[32m 35[2mms[22m[39m
[90mstdout[2m | test/enterpriseOrchestrator.test.ts[2m > [22m[2mEnterpriseOrchestrator - Unit Tests[2m > [22m[2mshould initialize with empty module registry
[22m[39m[STATUS] [EnterpriseOrchestrator] initializing - Setting up orchestrator
[INFO] [EnterpriseOrchestrator] Ôťů EnterpriseOrchestrator initialized
[STATUS] [EnterpriseOrchestrator] idle - Ready

[90mstdout[2m | test/enterpriseOrchestrator.test.ts[2m > [22m[2mEnterpriseOrchestrator - Unit Tests[2m > [22m[2mshould register a module successfully
[22m[39m[STATUS] [EnterpriseOrchestrator] initializing - Setting up orchestrator
[INFO] [EnterpriseOrchestrator] Ôťů EnterpriseOrchestrator initialized
[STATUS] [EnterpriseOrchestrator] idle - Ready

[90mstdout[2m | test/enterpriseOrchestrator.test.ts[2m > [22m[2mEnterpriseOrchestrator - Unit Tests[2m > [22m[2mshould register a module successfully
[22m[39m[STATUS] [EnterpriseOrchestrator] working - Registering module: HR_RECRUITER
[INFO] [EnterpriseOrchestrator] Ôťů Module registered: HR_RECRUITER
[STATUS] [EnterpriseOrchestrator] idle

[90mstdout[2m | test/enterpriseOrchestrator.test.ts[2m > [22m[2mEnterpriseOrchestrator - Unit Tests[2m > [22m[2mshould route an event successfully
[22m[39m[STATUS] [EnterpriseOrchestrator] initializing - Setting up orchestrator
[INFO] [EnterpriseOrchestrator] Ôťů EnterpriseOrchestrator initialized
[STATUS] [EnterpriseOrchestrator] idle - Ready

[90mstdout[2m | test/enterpriseOrchestrator.test.ts[2m > [22m[2mEnterpriseOrchestrator - Unit Tests[2m > [22m[2mshould route an event successfully
[22m[39m[STATUS] [EnterpriseOrchestrator] working - Registering module: HR_RECRUITER
[INFO] [EnterpriseOrchestrator] Ôťů Module registered: HR_RECRUITER
[STATUS] [EnterpriseOrchestrator] idle

[90mstdout[2m | test/enterpriseOrchestrator.test.ts[2m > [22m[2mEnterpriseOrchestrator - Unit Tests[2m > [22m[2mshould route an event successfully
[22m[39m[STATUS] [EnterpriseOrchestrator] working - Routing event to HR_RECRUITER
[INFO] [EnterpriseOrchestrator] ­čôČ Event queued: evt_1774421426936_47t7vhgpv (HR_RECRUITER)
[INFO] [EnterpriseOrchestrator] ­čÜÇ Executing: HR_RECRUITER
[STATUS] [EnterpriseOrchestrator] idle
[INFO] [EnterpriseOrchestrator] Ôťů Module executed: HR_RECRUITER (1ms)

[90mstdout[2m | test/enterpriseOrchestrator.test.ts[2m > [22m[2mEnterpriseOrchestrator - Unit Tests[2m > [22m[2mshould reject event for unregistered module
[22m[39m[STATUS] [EnterpriseOrchestrator] initializing - Setting up orchestrator
[INFO] [EnterpriseOrchestrator] Ôťů EnterpriseOrchestrator initialized
[STATUS] [EnterpriseOrchestrator] idle - Ready

stderr | test/enterpriseOrchestrator.test.ts > EnterpriseOrchestrator - Unit Tests > should reject event for unregistered module
[ERROR] [EnterpriseOrchestrator] Module not found: UNKNOWN_MODULE

[90mstdout[2m | test/enterpriseOrchestrator.test.ts[2m > [22m[2mEnterpriseOrchestrator - Unit Tests[2m > [22m[2mshould reject event for unregistered module
[22m[39m[STATUS] [EnterpriseOrchestrator] working - Routing event to UNKNOWN_MODULE
[STATUS] [EnterpriseOrchestrator] idle

[90mstdout[2m | test/enterpriseOrchestrator.test.ts[2m > [22m[2mEnterpriseOrchestrator - Unit Tests[2m > [22m[2mshould execute module task and track metrics
[22m[39m[STATUS] [EnterpriseOrchestrator] initializing - Setting up orchestrator
[INFO] [EnterpriseOrchestrator] Ôťů EnterpriseOrchestrator initialized
[STATUS] [EnterpriseOrchestrator] idle - Ready

[90mstdout[2m | test/enterpriseOrchestrator.test.ts[2m > [22m[2mEnterpriseOrchestrator - Unit Tests[2m > [22m[2mshould execute module task and track metrics
[22m[39m[STATUS] [EnterpriseOrchestrator] working - Registering module: SALES_AGENT
[INFO] [EnterpriseOrchestrator] Ôťů Module registered: SALES_AGENT
[STATUS] [EnterpriseOrchestrator] idle

[90mstdout[2m | test/enterpriseOrchestrator.test.ts[2m > [22m[2mEnterpriseOrchestrator - Unit Tests[2m > [22m[2mshould execute module task and track metrics
[22m[39m[INFO] [EnterpriseOrchestrator] ­čÜÇ Executing: SALES_AGENT

[90mstdout[2m | test/enterpriseOrchestrator.test.ts[2m > [22m[2mEnterpriseOrchestrator - Unit Tests[2m > [22m[2mshould execute module task and track metrics
[22m[39m[INFO] [EnterpriseOrchestrator] Ôťů Module executed: SALES_AGENT (0ms)

[90mstdout[2m | test/enterpriseOrchestrator.test.ts[2m > [22m[2mEnterpriseOrchestrator - Unit Tests[2m > [22m[2mshould handle module execution failures with circuit breaker
[22m[39m[STATUS] [EnterpriseOrchestrator] initializing - Setting up orchestrator
[INFO] [EnterpriseOrchestrator] Ôťů EnterpriseOrchestrator initialized
[STATUS] [EnterpriseOrchestrator] idle - Ready

[90mstdout[2m | test/enterpriseOrchestrator.test.ts[2m > [22m[2mEnterpriseOrchestrator - Unit Tests[2m > [22m[2mshould handle module execution failures with circuit breaker
[22m[39m[STATUS] [EnterpriseOrchestrator] working - Registering module: FINANCE_GUARDIAN
[INFO] [EnterpriseOrchestrator] Ôťů Module registered: FINANCE_GUARDIAN
[STATUS] [EnterpriseOrchestrator] idle

[90mstdout[2m | test/enterpriseOrchestrator.test.ts[2m > [22m[2mEnterpriseOrchestrator - Unit Tests[2m > [22m[2mshould handle module execution failures with circuit breaker
[22m[39m[INFO] [EnterpriseOrchestrator] ­čÜÇ Executing: FINANCE_GUARDIAN

stderr | test/enterpriseOrchestrator.test.ts > EnterpriseOrchestrator - Unit Tests > should handle module execution failures with circuit breaker
[ERROR] [EnterpriseOrchestrator] ÔŁî Module execution failed: FINANCE_GUARDIAN: Mock agent forced failure

[90mstdout[2m | test/enterpriseOrchestrator.test.ts[2m > [22m[2mEnterpriseOrchestrator - Unit Tests[2m > [22m[2mshould prioritize high-priority events in queue
[22m[39m[STATUS] [EnterpriseOrchestrator] initializing - Setting up orchestrator
[INFO] [EnterpriseOrchestrator] Ôťů EnterpriseOrchestrator initialized
[STATUS] [EnterpriseOrchestrator] idle - Ready

[90mstdout[2m | test/enterpriseOrchestrator.test.ts[2m > [22m[2mEnterpriseOrchestrator - Unit Tests[2m > [22m[2mshould prioritize high-priority events in queue
[22m[39m[STATUS] [EnterpriseOrchestrator] working - Registering module: LOGISTICS_DISPATCHER
[INFO] [EnterpriseOrchestrator] Ôťů Module registered: LOGISTICS_DISPATCHER
[STATUS] [EnterpriseOrchestrator] idle

[90mstdout[2m | test/enterpriseOrchestrator.test.ts[2m > [22m[2mEnterpriseOrchestrator - Unit Tests[2m > [22m[2mshould prioritize high-priority events in queue
[22m[39m[STATUS] [EnterpriseOrchestrator] working - Routing event to LOGISTICS_DISPATCHER
[INFO] [EnterpriseOrchestrator] ­čôČ Event queued: evt_1774421426942_65skceq9x (LOGISTICS_DISPATCHER)
[INFO] [EnterpriseOrchestrator] ­čÜÇ Executing: LOGISTICS_DISPATCHER
[STATUS] [EnterpriseOrchestrator] idle
[INFO] [EnterpriseOrchestrator] Ôťů Module executed: LOGISTICS_DISPATCHER (0ms)
[STATUS] [EnterpriseOrchestrator] working - Routing event to LOGISTICS_DISPATCHER
[INFO] [EnterpriseOrchestrator] ­čôČ Event queued: evt_1774421426942_dvr7z214j (LOGISTICS_DISPATCHER)
[STATUS] [EnterpriseOrchestrator] idle
[INFO] [EnterpriseOrchestrator] ­čÜÇ Executing: LOGISTICS_DISPATCHER

[90mstdout[2m | test/enterpriseOrchestrator.test.ts[2m > [22m[2mEnterpriseOrchestrator - Unit Tests[2m > [22m[2mshould prioritize high-priority events in queue
[22m[39m[INFO] [EnterpriseOrchestrator] Ôťů Module executed: LOGISTICS_DISPATCHER (0ms)

[90mstdout[2m | test/enterpriseOrchestrator.test.ts[2m > [22m[2mEnterpriseOrchestrator - Unit Tests[2m > [22m[2mshould provide health status for all modules
[22m[39m[STATUS] [EnterpriseOrchestrator] initializing - Setting up orchestrator
[INFO] [EnterpriseOrchestrator] Ôťů EnterpriseOrchestrator initialized
[STATUS] [EnterpriseOrchestrator] idle - Ready

[90mstdout[2m | test/enterpriseOrchestrator.test.ts[2m > [22m[2mEnterpriseOrchestrator - Unit Tests[2m > [22m[2mshould provide health status for all modules
[22m[39m[STATUS] [EnterpriseOrchestrator] working - Registering module: HR_RECRUITER
[INFO] [EnterpriseOrchestrator] Ôťů Module registered: HR_RECRUITER
[STATUS] [EnterpriseOrchestrator] idle

[90mstdout[2m | test/enterpriseOrchestrator.test.ts[2m > [22m[2mEnterpriseOrchestrator - Unit Tests[2m > [22m[2mshould provide health status for all modules
[22m[39m[STATUS] [EnterpriseOrchestrator] working - Registering module: FINANCE_GUARDIAN
[INFO] [EnterpriseOrchestrator] Ôťů Module registered: FINANCE_GUARDIAN
[STATUS] [EnterpriseOrchestrator] idle

[90mstdout[2m | test/enterpriseOrchestrator.test.ts[2m > [22m[2mEnterpriseOrchestrator - Unit Tests[2m > [22m[2mshould provide health status for all modules
[22m[39m[STATUS] [EnterpriseOrchestrator] working - Registering module: SALES_AGENT
[INFO] [EnterpriseOrchestrator] Ôťů Module registered: SALES_AGENT
[STATUS] [EnterpriseOrchestrator] idle

[90mstdout[2m | test/enterpriseOrchestrator.test.ts[2m > [22m[2mEnterpriseOrchestrator - Unit Tests[2m > [22m[2mshould execute generic action via execute() method
[22m[39m[STATUS] [EnterpriseOrchestrator] initializing - Setting up orchestrator
[INFO] [EnterpriseOrchestrator] Ôťů EnterpriseOrchestrator initialized
[STATUS] [EnterpriseOrchestrator] idle - Ready

[90mstdout[2m | test/enterpriseOrchestrator.test.ts[2m > [22m[2mEnterpriseOrchestrator - Unit Tests[2m > [22m[2mshould execute generic action via execute() method
[22m[39m[STATUS] [EnterpriseOrchestrator] working - Registering module: HR_MEDIATOR
[INFO] [EnterpriseOrchestrator] Ôťů Module registered: HR_MEDIATOR
[STATUS] [EnterpriseOrchestrator] idle

[90mstdout[2m | test/enterpriseOrchestrator.test.ts[2m > [22m[2mEnterpriseOrchestrator - Unit Tests[2m > [22m[2mshould handle unknown action gracefully
[22m[39m[STATUS] [EnterpriseOrchestrator] initializing - Setting up orchestrator
[INFO] [EnterpriseOrchestrator] Ôťů EnterpriseOrchestrator initialized
[STATUS] [EnterpriseOrchestrator] idle - Ready

[90mstdout[2m | test/enterpriseOrchestrator.test.ts[2m > [22m[2mEnterpriseOrchestrator - Integration Tests[2m > [22m[2mshould handle multi-module workflow
[22m[39m[STATUS] [EnterpriseOrchestrator] initializing - Setting up orchestrator
[INFO] [EnterpriseOrchestrator] Ôťů EnterpriseOrchestrator initialized
[STATUS] [EnterpriseOrchestrator] idle - Ready

[90mstdout[2m | test/enterpriseOrchestrator.test.ts[2m > [22m[2mEnterpriseOrchestrator - Integration Tests[2m > [22m[2mshould handle multi-module workflow
[22m[39m[STATUS] [EnterpriseOrchestrator] working - Registering module: HR_RECRUITER
[INFO] [EnterpriseOrchestrator] Ôťů Module registered: HR_RECRUITER
[STATUS] [EnterpriseOrchestrator] idle

[90mstdout[2m | test/enterpriseOrchestrator.test.ts[2m > [22m[2mEnterpriseOrchestrator - Integration Tests[2m > [22m[2mshould handle multi-module workflow
[22m[39m[STATUS] [EnterpriseOrchestrator] working - Registering module: FINANCE_GUARDIAN
[INFO] [EnterpriseOrchestrator] Ôťů Module registered: FINANCE_GUARDIAN
[STATUS] [EnterpriseOrchestrator] idle

[90mstdout[2m | test/enterpriseOrchestrator.test.ts[2m > [22m[2mEnterpriseOrchestrator - Integration Tests[2m > [22m[2mshould handle multi-module workflow
[22m[39m[STATUS] [EnterpriseOrchestrator] working - Registering module: SALES_AGENT
[INFO] [EnterpriseOrchestrator] Ôťů Module registered: SALES_AGENT
[STATUS] [EnterpriseOrchestrator] idle

[90mstdout[2m | test/enterpriseOrchestrator.test.ts[2m > [22m[2mEnterpriseOrchestrator - Integration Tests[2m > [22m[2mshould handle multi-module workflow
[22m[39m[STATUS] [EnterpriseOrchestrator] working - Registering module: LOGISTICS_DISPATCHER
[INFO] [EnterpriseOrchestrator] Ôťů Module registered: LOGISTICS_DISPATCHER
[STATUS] [EnterpriseOrchestrator] idle

[90mstdout[2m | test/enterpriseOrchestrator.test.ts[2m > [22m[2mEnterpriseOrchestrator - Integration Tests[2m > [22m[2mshould handle multi-module workflow
[22m[39m[INFO] [EnterpriseOrchestrator] ­čÜÇ Executing: HR_RECRUITER

[90mstdout[2m | test/enterpriseOrchestrator.test.ts[2m > [22m[2mEnterpriseOrchestrator - Integration Tests[2m > [22m[2mshould handle multi-module workflow
[22m[39m[INFO] [EnterpriseOrchestrator] Ôťů Module executed: HR_RECRUITER (0ms)

[90mstdout[2m | test/enterpriseOrchestrator.test.ts[2m > [22m[2mEnterpriseOrchestrator - Integration Tests[2m > [22m[2mshould handle multi-module workflow
[22m[39m[INFO] [EnterpriseOrchestrator] ­čÜÇ Executing: FINANCE_GUARDIAN

[90mstdout[2m | test/enterpriseOrchestrator.test.ts[2m > [22m[2mEnterpriseOrchestrator - Integration Tests[2m > [22m[2mshould handle multi-module workflow
[22m[39m[INFO] [EnterpriseOrchestrator] Ôťů Module executed: FINANCE_GUARDIAN (0ms)

[90mstdout[2m | test/enterpriseOrchestrator.test.ts[2m > [22m[2mEnterpriseOrchestrator - Integration Tests[2m > [22m[2mshould handle multi-module workflow
[22m[39m[INFO] [EnterpriseOrchestrator] ­čÜÇ Executing: SALES_AGENT

[90mstdout[2m | test/enterpriseOrchestrator.test.ts[2m > [22m[2mEnterpriseOrchestrator - Integration Tests[2m > [22m[2mshould handle multi-module workflow
[22m[39m[INFO] [EnterpriseOrchestrator] Ôťů Module executed: SALES_AGENT (0ms)

[90mstdout[2m | test/enterpriseOrchestrator.test.ts[2m > [22m[2mEnterpriseOrchestrator - Integration Tests[2m > [22m[2mshould handle multi-module workflow
[22m[39m[INFO] [EnterpriseOrchestrator] ­čÜÇ Executing: LOGISTICS_DISPATCHER

[90mstdout[2m | test/enterpriseOrchestrator.test.ts[2m > [22m[2mEnterpriseOrchestrator - Integration Tests[2m > [22m[2mshould handle multi-module workflow
[22m[39m[INFO] [EnterpriseOrchestrator] Ôťů Module executed: LOGISTICS_DISPATCHER (1ms)

[90mstdout[2m | test/enterpriseOrchestrator.test.ts[2m > [22m[2mEnterpriseOrchestrator - Integration Tests[2m > [22m[2mshould handle partial failures in workflow
[22m[39m[STATUS] [EnterpriseOrchestrator] initializing - Setting up orchestrator
[INFO] [EnterpriseOrchestrator] Ôťů EnterpriseOrchestrator initialized
[STATUS] [EnterpriseOrchestrator] idle - Ready

[90mstdout[2m | test/enterpriseOrchestrator.test.ts[2m > [22m[2mEnterpriseOrchestrator - Integration Tests[2m > [22m[2mshould handle partial failures in workflow
[22m[39m[STATUS] [EnterpriseOrchestrator] working - Registering module: HR_RECRUITER
[INFO] [EnterpriseOrchestrator] Ôťů Module registered: HR_RECRUITER
[STATUS] [EnterpriseOrchestrator] idle

[90mstdout[2m | test/enterpriseOrchestrator.test.ts[2m > [22m[2mEnterpriseOrchestrator - Integration Tests[2m > [22m[2mshould handle partial failures in workflow
[22m[39m[STATUS] [EnterpriseOrchestrator] working - Registering module: FINANCE_GUARDIAN
[INFO] [EnterpriseOrchestrator] Ôťů Module registered: FINANCE_GUARDIAN
[STATUS] [EnterpriseOrchestrator] idle

[90mstdout[2m | test/enterpriseOrchestrator.test.ts[2m > [22m[2mEnterpriseOrchestrator - Integration Tests[2m > [22m[2mshould handle partial failures in workflow
[22m[39m[INFO] [EnterpriseOrchestrator] ­čÜÇ Executing: HR_RECRUITER

[90mstdout[2m | test/enterpriseOrchestrator.test.ts[2m > [22m[2mEnterpriseOrchestrator - Integration Tests[2m > [22m[2mshould handle partial failures in workflow
[22m[39m[INFO] [EnterpriseOrchestrator] Ôťů Module executed: HR_RECRUITER (0ms)

[90mstdout[2m | test/enterpriseOrchestrator.test.ts[2m > [22m[2mEnterpriseOrchestrator - Integration Tests[2m > [22m[2mshould handle partial failures in workflow
[22m[39m[INFO] [EnterpriseOrchestrator] ­čÜÇ Executing: FINANCE_GUARDIAN

stderr | test/enterpriseOrchestrator.test.ts > EnterpriseOrchestrator - Integration Tests > should handle partial failures in workflow
[ERROR] [EnterpriseOrchestrator] ÔŁî Module execution failed: FINANCE_GUARDIAN: Mock agent forced failure

[90mstdout[2m | test/enterpriseOrchestrator.test.ts[2m > [22m[2mEnterpriseOrchestrator - Integration Tests[2m > [22m[2mshould route events through queue in priority order
[22m[39m[STATUS] [EnterpriseOrchestrator] initializing - Setting up orchestrator
[INFO] [EnterpriseOrchestrator] Ôťů EnterpriseOrchestrator initialized
[STATUS] [EnterpriseOrchestrator] idle - Ready

[90mstdout[2m | test/enterpriseOrchestrator.test.ts[2m > [22m[2mEnterpriseOrchestrator - Integration Tests[2m > [22m[2mshould route events through queue in priority order
[22m[39m[STATUS] [EnterpriseOrchestrator] working - Registering module: SALES_NEGOTIATION
[INFO] [EnterpriseOrchestrator] Ôťů Module registered: SALES_NEGOTIATION
[STATUS] [EnterpriseOrchestrator] idle

[90mstdout[2m | test/enterpriseOrchestrator.test.ts[2m > [22m[2mEnterpriseOrchestrator - Integration Tests[2m > [22m[2mshould route events through queue in priority order
[22m[39m[STATUS] [EnterpriseOrchestrator] working - Routing event to SALES_NEGOTIATION
[INFO] [EnterpriseOrchestrator] ­čôČ Event queued: evt_1774421426951_b5sbwp1w4 (SALES_NEGOTIATION)
[INFO] [EnterpriseOrchestrator] ­čÜÇ Executing: SALES_NEGOTIATION
[STATUS] [EnterpriseOrchestrator] idle
[INFO] [EnterpriseOrchestrator] Ôťů Module executed: SALES_NEGOTIATION (0ms)
[STATUS] [EnterpriseOrchestrator] working - Routing event to SALES_NEGOTIATION
[INFO] [EnterpriseOrchestrator] ­čôČ Event queued: evt_1774421426952_30g1d15r7 (SALES_NEGOTIATION)
[STATUS] [EnterpriseOrchestrator] idle
[INFO] [EnterpriseOrchestrator] ­čÜÇ Executing: SALES_NEGOTIATION
[STATUS] [EnterpriseOrchestrator] working - Routing event to SALES_NEGOTIATION
[INFO] [EnterpriseOrchestrator] ­čôČ Event queued: evt_1774421426952_jnpalz1zc (SALES_NEGOTIATION)
[STATUS] [EnterpriseOrchestrator] idle
[INFO] [EnterpriseOrchestrator] Ôťů Module executed: SALES_NEGOTIATION (0ms)

[90mstdout[2m | test/enterpriseOrchestrator.test.ts[2m > [22m[2mEnterpriseOrchestrator - Integration Tests[2m > [22m[2mshould route events through queue in priority order
[22m[39m[INFO] [EnterpriseOrchestrator] ­čÜÇ Executing: SALES_NEGOTIATION

[90mstdout[2m | test/enterpriseOrchestrator.test.ts[2m > [22m[2mEnterpriseOrchestrator - Integration Tests[2m > [22m[2mshould route events through queue in priority order
[22m[39m[INFO] [EnterpriseOrchestrator] Ôťů Module executed: SALES_NEGOTIATION (0ms)

[90mstdout[2m | test/enterpriseOrchestrator.test.ts[2m > [22m[2mEnterpriseOrchestrator - E2E Tests[2m > [22m[2mshould complete full invoice processing workflow
[22m[39m[STATUS] [EnterpriseOrchestrator] initializing - Setting up orchestrator
[INFO] [EnterpriseOrchestrator] Ôťů EnterpriseOrchestrator initialized
[STATUS] [EnterpriseOrchestrator] idle - Ready

[90mstdout[2m | test/enterpriseOrchestrator.test.ts[2m > [22m[2mEnterpriseOrchestrator - E2E Tests[2m > [22m[2mshould complete full invoice processing workflow
[22m[39m[STATUS] [EnterpriseOrchestrator] working - Registering module: FINANCE_GUARDIAN
[INFO] [EnterpriseOrchestrator] Ôťů Module registered: FINANCE_GUARDIAN
[STATUS] [EnterpriseOrchestrator] idle

[90mstdout[2m | test/enterpriseOrchestrator.test.ts[2m > [22m[2mEnterpriseOrchestrator - E2E Tests[2m > [22m[2mshould complete full invoice processing workflow
[22m[39m[STATUS] [EnterpriseOrchestrator] working - Routing event to FINANCE_GUARDIAN
[INFO] [EnterpriseOrchestrator] ­čôČ Event queued: evt_1774421426954_wdc3j8oz6 (FINANCE_GUARDIAN)
[INFO] [EnterpriseOrchestrator] ­čÜÇ Executing: FINANCE_GUARDIAN
[STATUS] [EnterpriseOrchestrator] idle
[INFO] [EnterpriseOrchestrator] Ôťů Module executed: FINANCE_GUARDIAN (0ms)

[90mstdout[2m | test/enterpriseOrchestrator.test.ts[2m > [22m[2mEnterpriseOrchestrator - E2E Tests[2m > [22m[2mshould handle high-volume event processing
[22m[39m[STATUS] [EnterpriseOrchestrator] initializing - Setting up orchestrator
[INFO] [EnterpriseOrchestrator] Ôťů EnterpriseOrchestrator initialized
[STATUS] [EnterpriseOrchestrator] idle - Ready

[90mstdout[2m | test/enterpriseOrchestrator.test.ts[2m > [22m[2mEnterpriseOrchestrator - E2E Tests[2m > [22m[2mshould handle high-volume event processing
[22m[39m[STATUS] [EnterpriseOrchestrator] working - Registering module: LOGISTICS_DISPATCHER
[INFO] [EnterpriseOrchestrator] Ôťů Module registered: LOGISTICS_DISPATCHER
[STATUS] [EnterpriseOrchestrator] idle

[90mstdout[2m | test/enterpriseOrchestrator.test.ts[2m > [22m[2mEnterpriseOrchestrator - E2E Tests[2m > [22m[2mshould handle high-volume event processing
[22m[39m[STATUS] [EnterpriseOrchestrator] working - Routing event to LOGISTICS_DISPATCHER
[INFO] [EnterpriseOrchestrator] ­čôČ Event queued: evt_1774421426955_2d6elrt09 (LOGISTICS_DISPATCHER)
[INFO] [EnterpriseOrchestrator] ­čÜÇ Executing: LOGISTICS_DISPATCHER
[STATUS] [EnterpriseOrchestrator] idle
[INFO] [EnterpriseOrchestrator] Ôťů Module executed: LOGISTICS_DISPATCHER (1ms)
[STATUS] [EnterpriseOrchestrator] working - Routing event to LOGISTICS_DISPATCHER
[INFO] [EnterpriseOrchestrator] ­čôČ Event queued: evt_1774421426956_9b49skom0 (LOGISTICS_DISPATCHER)
[STATUS] [EnterpriseOrchestrator] idle
[INFO] [EnterpriseOrchestrator] ­čÜÇ Executing: LOGISTICS_DISPATCHER
[STATUS] [EnterpriseOrchestrator] working - Routing event to LOGISTICS_DISPATCHER
[INFO] [EnterpriseOrchestrator] ­čôČ Event queued: evt_1774421426956_hxso7q12h (LOGISTICS_DISPATCHER)
[STATUS] [EnterpriseOrchestrator] idle
[INFO] [EnterpriseOrchestrator] Ôťů Module executed: LOGISTICS_DISPATCHER (0ms)
[STATUS] [EnterpriseOrchestrator] working - Routing event to LOGISTICS_DISPATCHER
[INFO] [EnterpriseOrchestrator] ­čôČ Event queued: evt_1774421426956_utpfo3wqx (LOGISTICS_DISPATCHER)
[STATUS] [EnterpriseOrchestrator] idle
[INFO] [EnterpriseOrchestrator] ­čÜÇ Executing: LOGISTICS_DISPATCHER
[STATUS] [EnterpriseOrchestrator] working - Routing event to LOGISTICS_DISPATCHER
[INFO] [EnterpriseOrchestrator] ­čôČ Event queued: evt_1774421426956_h0u7s037q (LOGISTICS_DISPATCHER)
[STATUS] [EnterpriseOrchestrator] idle
[INFO] [EnterpriseOrchestrator] Ôťů Module executed: LOGISTICS_DISPATCHER (0ms)
[STATUS] [EnterpriseOrchestrator] working - Routing event to LOGISTICS_DISPATCHER
[INFO] [EnterpriseOrchestrator] ­čôČ Event queued: evt_1774421426956_88imy44i8 (LOGISTICS_DISPATCHER)
[STATUS] [EnterpriseOrchestrator] idle
[INFO] [EnterpriseOrchestrator] ­čÜÇ Executing: LOGISTICS_DISPATCHER
[STATUS] [EnterpriseOrchestrator] working - Routing event to LOGISTICS_DISPATCHER
[INFO] [EnterpriseOrchestrator] ­čôČ Event queued: evt_1774421426956_zrf37e7k8 (LOGISTICS_DISPATCHER)
[STATUS] [EnterpriseOrchestrator] idle
[INFO] [EnterpriseOrchestrator] Ôťů Module executed: LOGISTICS_DISPATCHER (0ms)
[STATUS] [EnterpriseOrchestrator] working - Routing event to LOGISTICS_DISPATCHER
[INFO] [EnterpriseOrchestrator] ­čôČ Event queued: evt_1774421426957_sme5ytr98 (LOGISTICS_DISPATCHER)
[STATUS] [EnterpriseOrchestrator] idle
[INFO] [EnterpriseOrchestrator] ­čÜÇ Executing: LOGISTICS_DISPATCHER
[STATUS] [EnterpriseOrchestrator] working - Routing event to LOGISTICS_DISPATCHER
[INFO] [EnterpriseOrchestrator] ­čôČ Event queued: evt_1774421426957_0m74vwyld (LOGISTICS_DISPATCHER)
[STATUS] [EnterpriseOrchestrator] idle
[INFO] [EnterpriseOrchestrator] Ôťů Module executed: LOGISTICS_DISPATCHER (0ms)
[STATUS] [EnterpriseOrchestrator] working - Routing event to LOGISTICS_DISPATCHER
[INFO] [EnterpriseOrchestrator] ­čôČ Event queued: evt_1774421426957_lex8y6e12 (LOGISTICS_DISPATCHER)
[STATUS] [EnterpriseOrchestrator] idle
[INFO] [EnterpriseOrchestrator] ­čÜÇ Executing: LOGISTICS_DISPATCHER
[STATUS] [EnterpriseOrchestrator] working - Routing event to LOGISTICS_DISPATCHER
[INFO] [EnterpriseOrchestrator] ­čôČ Event queued: evt_1774421426957_95fvixsit (LOGISTICS_DISPATCHER)
[STATUS] [EnterpriseOrchestrator] idle
[INFO] [EnterpriseOrchestrator] Ôťů Module executed: LOGISTICS_DISPATCHER (0ms)
[STATUS] [EnterpriseOrchestrator] working - Routing event to LOGISTICS_DISPATCHER
[INFO] [EnterpriseOrchestrator] ­čôČ Event queued: evt_1774421426957_vsjpv40ye (LOGISTICS_DISPATCHER)
[STATUS] [EnterpriseOrchestrator] idle
[INFO] [EnterpriseOrchestrator] ­čÜÇ Executing: LOGISTICS_DISPATCHER
[STATUS] [EnterpriseOrchestrator] working - Routing event to LOGISTICS_DISPATCHER
[INFO] [EnterpriseOrchestrator] ­čôČ Event queued: evt_1774421426957_8q4boikf4 (LOGISTICS_DISPATCHER)
[STATUS] [EnterpriseOrchestrator] idle
[INFO] [EnterpriseOrchestrator] Ôťů Module executed: LOGISTICS_DISPATCHER (0ms)
[STATUS] [EnterpriseOrchestrator] working - Routing event to LOGISTICS_DISPATCHER
[INFO] [EnterpriseOrchestrator] ­čôČ Event queued: evt_1774421426957_l4i4i9n47 (LOGISTICS_DISPATCHER)
[STATUS] [EnterpriseOrchestrator] idle
[INFO] [EnterpriseOrchestrator] ­čÜÇ Executing: LOGISTICS_DISPATCHER
[STATUS] [EnterpriseOrchestrator] working - Routing event to LOGISTICS_DISPATCHER
[INFO] [EnterpriseOrchestrator] ­čôČ Event queued: evt_1774421426957_1nrchanx7 (LOGISTICS_DISPATCHER)
[STATUS] [EnterpriseOrchestrator] idle
[INFO] [EnterpriseOrchestrator] Ôťů Module executed: LOGISTICS_DISPATCHER (0ms)
[STATUS] [EnterpriseOrchestrator] working - Routing event to LOGISTICS_DISPATCHER
[INFO] [EnterpriseOrchestrator] ­čôČ Event queued: evt_1774421426957_cm9p66rcx (LOGISTICS_DISPATCHER)
[STATUS] [EnterpriseOrchestrator] idle
[INFO] [EnterpriseOrchestrator] ­čÜÇ Executing: LOGISTICS_DISPATCHER
[STATUS] [EnterpriseOrchestrator] working - Routing event to LOGISTICS_DISPATCHER
[INFO] [EnterpriseOrchestrator] ­čôČ Event queued: evt_1774421426958_wy4jql30o (LOGISTICS_DISPATCHER)
[STATUS] [EnterpriseOrchestrator] idle
[INFO] [EnterpriseOrchestrator] Ôťů Module executed: LOGISTICS_DISPATCHER (0ms)
[STATUS] [EnterpriseOrchestrator] working - Routing event to LOGISTICS_DISPATCHER
[INFO] [EnterpriseOrchestrator] ­čôČ Event queued: evt_1774421426958_rj3nt4ogp (LOGISTICS_DISPATCHER)
[STATUS] [EnterpriseOrchestrator] idle
[INFO] [EnterpriseOrchestrator] ­čÜÇ Executing: LOGISTICS_DISPATCHER
[STATUS] [EnterpriseOrchestrator] working - Routing event to LOGISTICS_DISPATCHER
[INFO] [EnterpriseOrchestrator] ­čôČ Event queued: evt_1774421426958_6e6bnp0ew (LOGISTICS_DISPATCHER)
[STATUS] [EnterpriseOrchestrator] idle
[INFO] [EnterpriseOrchestrator] Ôťů Module executed: LOGISTICS_DISPATCHER (0ms)
[STATUS] [EnterpriseOrchestrator] working - Routing event to LOGISTICS_DISPATCHER
[INFO] [EnterpriseOrchestrator] ­čôČ Event queued: evt_1774421426958_2dsstc67h (LOGISTICS_DISPATCHER)
[STATUS] [EnterpriseOrchestrator] idle
[INFO] [EnterpriseOrchestrator] ­čÜÇ Executing: LOGISTICS_DISPATCHER
[STATUS] [EnterpriseOrchestrator] working - Routing event to LOGISTICS_DISPATCHER
[INFO] [EnterpriseOrchestrator] ­čôČ Event queued: evt_1774421426958_twfatmtco (LOGISTICS_DISPATCHER)
[STATUS] [EnterpriseOrchestrator] idle
[INFO] [EnterpriseOrchestrator] Ôťů Module executed: LOGISTICS_DISPATCHER (0ms)
[STATUS] [EnterpriseOrchestrator] working - Routing event to LOGISTICS_DISPATCHER
[INFO] [EnterpriseOrchestrator] ­čôČ Event queued: evt_1774421426958_1gd5i6cnh (LOGISTICS_DISPATCHER)
[STATUS] [EnterpriseOrchestrator] idle
[INFO] [EnterpriseOrchestrator] ­čÜÇ Executing: LOGISTICS_DISPATCHER
[STATUS] [EnterpriseOrchestrator] working - Routing event to LOGISTICS_DISPATCHER
[INFO] [EnterpriseOrchestrator] ­čôČ Event queued: evt_1774421426958_xpz14y28n (LOGISTICS_DISPATCHER)
[STATUS] [EnterpriseOrchestrator] idle
[INFO] [EnterpriseOrchestrator] Ôťů Module executed: LOGISTICS_DISPATCHER (0ms)
[STATUS] [EnterpriseOrchestrator] working - Routing event to LOGISTICS_DISPATCHER
[INFO] [EnterpriseOrchestrator] ­čôČ Event queued: evt_1774421426958_sxc5zg2ct (LOGISTICS_DISPATCHER)
[STATUS] [EnterpriseOrchestrator] idle
[INFO] [EnterpriseOrchestrator] ­čÜÇ Executing: LOGISTICS_DISPATCHER
[STATUS] [EnterpriseOrchestrator] working - Routing event to LOGISTICS_DISPATCHER
[INFO] [EnterpriseOrchestrator] ­čôČ Event queued: evt_1774421426959_2rk6rple2 (LOGISTICS_DISPATCHER)
[STATUS] [EnterpriseOrchestrator] idle
[INFO] [EnterpriseOrchestrator] Ôťů Module executed: LOGISTICS_DISPATCHER (0ms)
[STATUS] [EnterpriseOrchestrator] working - Routing event to LOGISTICS_DISPATCHER
[INFO] [EnterpriseOrchestrator] ­čôČ Event queued: evt_1774421426959_fk75zw0q4 (LOGISTICS_DISPATCHER)
[STATUS] [EnterpriseOrchestrator] idle
[INFO] [EnterpriseOrchestrator] ­čÜÇ Executing: LOGISTICS_DISPATCHER
[STATUS] [EnterpriseOrchestrator] working - Routing event to LOGISTICS_DISPATCHER
[INFO] [EnterpriseOrchestrator] ­čôČ Event queued: evt_1774421426959_9hhfelxvm (LOGISTICS_DISPATCHER)
[STATUS] [EnterpriseOrchestrator] idle
[INFO] [EnterpriseOrchestrator] Ôťů Module executed: LOGISTICS_DISPATCHER (0ms)
[STATUS] [EnterpriseOrchestrator] working - Routing event to LOGISTICS_DISPATCHER
[INFO] [EnterpriseOrchestrator] ­čôČ Event queued: evt_1774421426959_asv73cptj (LOGISTICS_DISPATCHER)
[STATUS] [EnterpriseOrchestrator] idle
[INFO] [EnterpriseOrchestrator] ­čÜÇ Executing: LOGISTICS_DISPATCHER
[STATUS] [EnterpriseOrchestrator] working - Routing event to LOGISTICS_DISPATCHER
[INFO] [EnterpriseOrchestrator] ­čôČ Event queued: evt_1774421426959_iwlydh9n6 (LOGISTICS_DISPATCHER)
[STATUS] [EnterpriseOrchestrator] idle
[INFO] [EnterpriseOrchestrator] Ôťů Module executed: LOGISTICS_DISPATCHER (0ms)
[STATUS] [EnterpriseOrchestrator] working - Routing event to LOGISTICS_DISPATCHER
[INFO] [EnterpriseOrchestrator] ­čôČ Event queued: evt_1774421426959_3z5707qrv (LOGISTICS_DISPATCHER)
[STATUS] [EnterpriseOrchestrator] idle
[INFO] [EnterpriseOrchestrator] ­čÜÇ Executing: LOGISTICS_DISPATCHER

[90mstdout[2m | test/enterpriseOrchestrator.test.ts[2m > [22m[2mEnterpriseOrchestrator - E2E Tests[2m > [22m[2mshould handle high-volume event processing
[22m[39m[INFO] [EnterpriseOrchestrator] Ôťů Module executed: LOGISTICS_DISPATCHER (2ms)

[90mstdout[2m | test/enterpriseOrchestrator.test.ts[2m > [22m[2mEnterpriseOrchestrator - E2E Tests[2m > [22m[2mshould handle high-volume event processing
[22m[39m[INFO] [EnterpriseOrchestrator] ­čÜÇ Executing: LOGISTICS_DISPATCHER

[90mstdout[2m | test/enterpriseOrchestrator.test.ts[2m > [22m[2mEnterpriseOrchestrator - E2E Tests[2m > [22m[2mshould handle high-volume event processing
[22m[39m[INFO] [EnterpriseOrchestrator] Ôťů Module executed: LOGISTICS_DISPATCHER (0ms)

[90mstdout[2m | test/enterpriseOrchestrator.test.ts[2m > [22m[2mEnterpriseOrchestrator - E2E Tests[2m > [22m[2mshould handle high-volume event processing
[22m[39m[INFO] [EnterpriseOrchestrator] ­čÜÇ Executing: LOGISTICS_DISPATCHER

[90mstdout[2m | test/enterpriseOrchestrator.test.ts[2m > [22m[2mEnterpriseOrchestrator - E2E Tests[2m > [22m[2mshould handle high-volume event processing
[22m[39m[INFO] [EnterpriseOrchestrator] Ôťů Module executed: LOGISTICS_DISPATCHER (0ms)

[90mstdout[2m | test/enterpriseOrchestrator.test.ts[2m > [22m[2mEnterpriseOrchestrator - E2E Tests[2m > [22m[2mshould handle high-volume event processing
[22m[39m[INFO] [EnterpriseOrchestrator] ­čÜÇ Executing: LOGISTICS_DISPATCHER

[90mstdout[2m | test/enterpriseOrchestrator.test.ts[2m > [22m[2mEnterpriseOrchestrator - E2E Tests[2m > [22m[2mshould handle high-volume event processing
[22m[39m[INFO] [EnterpriseOrchestrator] Ôťů Module executed: LOGISTICS_DISPATCHER (0ms)

[90mstdout[2m | test/enterpriseOrchestrator.test.ts[2m > [22m[2mEnterpriseOrchestrator - E2E Tests[2m > [22m[2mshould handle high-volume event processing
[22m[39m[INFO] [EnterpriseOrchestrator] ­čÜÇ Executing: LOGISTICS_DISPATCHER

[90mstdout[2m | test/enterpriseOrchestrator.test.ts[2m > [22m[2mEnterpriseOrchestrator - E2E Tests[2m > [22m[2mshould handle high-volume event processing
[22m[39m[INFO] [EnterpriseOrchestrator] Ôťů Module executed: LOGISTICS_DISPATCHER (0ms)

[90mstdout[2m | test/enterpriseOrchestrator.test.ts[2m > [22m[2mEnterpriseOrchestrator - E2E Tests[2m > [22m[2mshould handle high-volume event processing
[22m[39m[INFO] [EnterpriseOrchestrator] ­čÜÇ Executing: LOGISTICS_DISPATCHER

[90mstdout[2m | test/enterpriseOrchestrator.test.ts[2m > [22m[2mEnterpriseOrchestrator - E2E Tests[2m > [22m[2mshould handle high-volume event processing
[22m[39m[INFO] [EnterpriseOrchestrator] Ôťů Module executed: LOGISTICS_DISPATCHER (0ms)

[90mstdout[2m | test/enterpriseOrchestrator.test.ts[2m > [22m[2mEnterpriseOrchestrator - E2E Tests[2m > [22m[2mshould handle high-volume event processing
[22m[39m[INFO] [EnterpriseOrchestrator] ­čÜÇ Executing: LOGISTICS_DISPATCHER

[90mstdout[2m | test/enterpriseOrchestrator.test.ts[2m > [22m[2mEnterpriseOrchestrator - E2E Tests
[22m[39m[INFO] [EnterpriseOrchestrator] Ôťů Module executed: LOGISTICS_DISPATCHER (1ms)

[90mstdout[2m | test/enterpriseOrchestrator.test.ts[2m > [22m[2mEnterpriseOrchestrator - E2E Tests
[22m[39m[INFO] [EnterpriseOrchestrator] ­čÜÇ Executing: LOGISTICS_DISPATCHER

[90mstdout[2m | test/enterpriseOrchestrator.test.ts[2m > [22m[2mEnterpriseOrchestrator - E2E Tests
[22m[39m[INFO] [EnterpriseOrchestrator] Ôťů Module executed: LOGISTICS_DISPATCHER (0ms)

[90mstdout[2m | test/enterpriseOrchestrator.test.ts[2m > [22m[2mEnterpriseOrchestrator - E2E Tests
[22m[39m[INFO] [EnterpriseOrchestrator] ­čÜÇ Executing: LOGISTICS_DISPATCHER

[90mstdout[2m | test/enterpriseOrchestrator.test.ts[2m > [22m[2mEnterpriseOrchestrator - E2E Tests
[22m[39m[INFO] [EnterpriseOrchestrator] Ôťů Module executed: LOGISTICS_DISPATCHER (0ms)

[90mstdout[2m | test/enterpriseOrchestrator.test.ts[2m > [22m[2mEnterpriseOrchestrator - E2E Tests
[22m[39m[INFO] [EnterpriseOrchestrator] ­čÜÇ Executing: LOGISTICS_DISPATCHER

[90mstdout[2m | test/enterpriseOrchestrator.test.ts[2m > [22m[2mEnterpriseOrchestrator - E2E Tests
[22m[39m[INFO] [EnterpriseOrchestrator] Ôťů Module executed: LOGISTICS_DISPATCHER (0ms)

[90mstdout[2m | test/enterpriseOrchestrator.test.ts[2m > [22m[2mEnterpriseOrchestrator - E2E Tests
[22m[39m[INFO] [EnterpriseOrchestrator] ­čÜÇ Executing: LOGISTICS_DISPATCHER

[90mstdout[2m | test/enterpriseOrchestrator.test.ts[2m > [22m[2mEnterpriseOrchestrator - E2E Tests
[22m[39m[INFO] [EnterpriseOrchestrator] Ôťů Module executed: LOGISTICS_DISPATCHER (1ms)

[90mstdout[2m | test/enterpriseOrchestrator.test.ts[2m > [22m[2mEnterpriseOrchestrator - E2E Tests[2m > [22m[2mshould maintain consistent metrics under load
[22m[39m[INFO] [EnterpriseOrchestrator] ­čÜÇ Executing: LOGISTICS_DISPATCHER

[90mstdout[2m | test/enterpriseOrchestrator.test.ts[2m > [22m[2mEnterpriseOrchestrator - E2E Tests[2m > [22m[2mshould maintain consistent metrics under load
[22m[39m[INFO] [EnterpriseOrchestrator] Ôťů Module executed: LOGISTICS_DISPATCHER (0ms)

[90mstdout[2m | test/enterpriseOrchestrator.test.ts[2m > [22m[2mEnterpriseOrchestrator - E2E Tests[2m > [22m[2mshould maintain consistent metrics under load
[22m[39m[INFO] [EnterpriseOrchestrator] ­čÜÇ Executing: LOGISTICS_DISPATCHER
[STATUS] [EnterpriseOrchestrator] initializing - Setting up orchestrator
[INFO] [EnterpriseOrchestrator] Ôťů EnterpriseOrchestrator initialized
[STATUS] [EnterpriseOrchestrator] idle - Ready
[INFO] [EnterpriseOrchestrator] Ôťů Module executed: LOGISTICS_DISPATCHER (1ms)

[90mstdout[2m | test/enterpriseOrchestrator.test.ts[2m > [22m[2mEnterpriseOrchestrator - E2E Tests[2m > [22m[2mshould maintain consistent metrics under load
[22m[39m[INFO] [EnterpriseOrchestrator] ­čÜÇ Executing: LOGISTICS_DISPATCHER

[90mstdout[2m | test/enterpriseOrchestrator.test.ts[2m > [22m[2mEnterpriseOrchestrator - E2E Tests[2m > [22m[2mshould maintain consistent metrics under load
[22m[39m[INFO] [EnterpriseOrchestrator] Ôťů Module executed: LOGISTICS_DISPATCHER (0ms)
[STATUS] [EnterpriseOrchestrator] working - Registering module: INTELLIGENCE_COMPLIANCE
[INFO] [EnterpriseOrchestrator] Ôťů Module registered: INTELLIGENCE_COMPLIANCE
[STATUS] [EnterpriseOrchestrator] idle
[INFO] [EnterpriseOrchestrator] ­čÜÇ Executing: LOGISTICS_DISPATCHER
[STATUS] [EnterpriseOrchestrator] working - Routing event to INTELLIGENCE_COMPLIANCE
[INFO] [EnterpriseOrchestrator] ­čôČ Event queued: evt_1774421426967_p7mvcjxd8 (INTELLIGENCE_COMPLIANCE)
[INFO] [EnterpriseOrchestrator] ­čÜÇ Executing: INTELLIGENCE_COMPLIANCE
[STATUS] [EnterpriseOrchestrator] idle
[INFO] [EnterpriseOrchestrator] Ôťů Module executed: LOGISTICS_DISPATCHER (0ms)
[INFO] [EnterpriseOrchestrator] Ôťů Module executed: INTELLIGENCE_COMPLIANCE (0ms)
[STATUS] [EnterpriseOrchestrator] working - Routing event to INTELLIGENCE_COMPLIANCE
[INFO] [EnterpriseOrchestrator] ­čôČ Event queued: evt_1774421426967_41hnt3bn2 (INTELLIGENCE_COMPLIANCE)
[STATUS] [EnterpriseOrchestrator] idle
[INFO] [EnterpriseOrchestrator] ­čÜÇ Executing: INTELLIGENCE_COMPLIANCE
[STATUS] [EnterpriseOrchestrator] working - Routing event to INTELLIGENCE_COMPLIANCE
[INFO] [EnterpriseOrchestrator] ­čôČ Event queued: evt_1774421426967_t2zj344io (INTELLIGENCE_COMPLIANCE)
[STATUS] [EnterpriseOrchestrator] idle
[INFO] [EnterpriseOrchestrator] Ôťů Module executed: INTELLIGENCE_COMPLIANCE (0ms)
[STATUS] [EnterpriseOrchestrator] working - Routing event to INTELLIGENCE_COMPLIANCE
[INFO] [EnterpriseOrchestrator] ­čôČ Event queued: evt_1774421426967_1l499eddw (INTELLIGENCE_COMPLIANCE)
[STATUS] [EnterpriseOrchestrator] idle
[INFO] [EnterpriseOrchestrator] ­čÜÇ Executing: INTELLIGENCE_COMPLIANCE
[STATUS] [EnterpriseOrchestrator] working - Routing event to INTELLIGENCE_COMPLIANCE
[INFO] [EnterpriseOrchestrator] ­čôČ Event queued: evt_1774421426967_60hyg6e2c (INTELLIGENCE_COMPLIANCE)
[STATUS] [EnterpriseOrchestrator] idle
[INFO] [EnterpriseOrchestrator] Ôťů Module executed: INTELLIGENCE_COMPLIANCE (0ms)
[STATUS] [EnterpriseOrchestrator] working - Routing event to INTELLIGENCE_COMPLIANCE
[INFO] [EnterpriseOrchestrator] ­čôČ Event queued: evt_1774421426967_j2yyp0yyw (INTELLIGENCE_COMPLIANCE)
[STATUS] [EnterpriseOrchestrator] idle
[INFO] [EnterpriseOrchestrator] ­čÜÇ Executing: INTELLIGENCE_COMPLIANCE
[STATUS] [EnterpriseOrchestrator] working - Routing event to INTELLIGENCE_COMPLIANCE
[INFO] [EnterpriseOrchestrator] ­čôČ Event queued: evt_1774421426968_22ybotmwm (INTELLIGENCE_COMPLIANCE)
[STATUS] [EnterpriseOrchestrator] idle
[INFO] [EnterpriseOrchestrator] Ôťů Module executed: INTELLIGENCE_COMPLIANCE (1ms)
[STATUS] [EnterpriseOrchestrator] working - Routing event to INTELLIGENCE_COMPLIANCE
[INFO] [EnterpriseOrchestrator] ­čôČ Event queued: evt_1774421426968_jropwarow (INTELLIGENCE_COMPLIANCE)
[STATUS] [EnterpriseOrchestrator] idle
[INFO] [EnterpriseOrchestrator] ­čÜÇ Executing: INTELLIGENCE_COMPLIANCE
[STATUS] [EnterpriseOrchestrator] working - Routing event to INTELLIGENCE_COMPLIANCE
[INFO] [EnterpriseOrchestrator] ­čôČ Event queued: evt_1774421426968_0tgfk9xz4 (INTELLIGENCE_COMPLIANCE)
[STATUS] [EnterpriseOrchestrator] idle
[INFO] [EnterpriseOrchestrator] Ôťů Module executed: INTELLIGENCE_COMPLIANCE (0ms)
[STATUS] [EnterpriseOrchestrator] working - Routing event to INTELLIGENCE_COMPLIANCE
[INFO] [EnterpriseOrchestrator] ­čôČ Event queued: evt_1774421426968_kbwrh28bb (INTELLIGENCE_COMPLIANCE)
[STATUS] [EnterpriseOrchestrator] idle
[INFO] [EnterpriseOrchestrator] ­čÜÇ Executing: INTELLIGENCE_COMPLIANCE
[STATUS] [EnterpriseOrchestrator] working - Routing event to INTELLIGENCE_COMPLIANCE
[INFO] [EnterpriseOrchestrator] ­čôČ Event queued: evt_1774421426968_lstp7mxwz (INTELLIGENCE_COMPLIANCE)
[STATUS] [EnterpriseOrchestrator] idle
[INFO] [EnterpriseOrchestrator] Ôťů Module executed: INTELLIGENCE_COMPLIANCE (0ms)
[STATUS] [EnterpriseOrchestrator] working - Routing event to INTELLIGENCE_COMPLIANCE
[INFO] [EnterpriseOrchestrator] ­čôČ Event queued: evt_1774421426968_tj5900kgp (INTELLIGENCE_COMPLIANCE)
[STATUS] [EnterpriseOrchestrator] idle
[INFO] [EnterpriseOrchestrator] ­čÜÇ Executing: INTELLIGENCE_COMPLIANCE
[STATUS] [EnterpriseOrchestrator] working - Routing event to INTELLIGENCE_COMPLIANCE
[INFO] [EnterpriseOrchestrator] ­čôČ Event queued: evt_1774421426968_xcanu2frp (INTELLIGENCE_COMPLIANCE)
[STATUS] [EnterpriseOrchestrator] idle
[INFO] [EnterpriseOrchestrator] Ôťů Module executed: INTELLIGENCE_COMPLIANCE (0ms)
[STATUS] [EnterpriseOrchestrator] working - Routing event to INTELLIGENCE_COMPLIANCE
[INFO] [EnterpriseOrchestrator] ­čôČ Event queued: evt_1774421426968_99pqwelx6 (INTELLIGENCE_COMPLIANCE)
[STATUS] [EnterpriseOrchestrator] idle
[INFO] [EnterpriseOrchestrator] ­čÜÇ Executing: INTELLIGENCE_COMPLIANCE
[STATUS] [EnterpriseOrchestrator] working - Routing event to INTELLIGENCE_COMPLIANCE
[INFO] [EnterpriseOrchestrator] ­čôČ Event queued: evt_1774421426968_dgmnzj2wq (INTELLIGENCE_COMPLIANCE)
[STATUS] [EnterpriseOrchestrator] idle
[INFO] [EnterpriseOrchestrator] Ôťů Module executed: INTELLIGENCE_COMPLIANCE (0ms)

[90mstdout[2m | test/enterpriseOrchestrator.test.ts[2m > [22m[2mEnterpriseOrchestrator - E2E Tests[2m > [22m[2mshould maintain consistent metrics under load
[22m[39m[INFO] [EnterpriseOrchestrator] ­čÜÇ Executing: INTELLIGENCE_COMPLIANCE

[90mstdout[2m | test/enterpriseOrchestrator.test.ts[2m > [22m[2mEnterpriseOrchestrator - E2E Tests[2m > [22m[2mshould maintain consistent metrics under load
[22m[39m[INFO] [EnterpriseOrchestrator] Ôťů Module executed: INTELLIGENCE_COMPLIANCE (0ms)

[90mstdout[2m | test/enterpriseOrchestrator.test.ts[2m > [22m[2mEnterpriseOrchestrator - E2E Tests[2m > [22m[2mshould maintain consistent metrics under load
[22m[39m[INFO] [EnterpriseOrchestrator] ­čÜÇ Executing: INTELLIGENCE_COMPLIANCE

[90mstdout[2m | test/enterpriseOrchestrator.test.ts[2m > [22m[2mEnterpriseOrchestrator - E2E Tests[2m > [22m[2mshould maintain consistent metrics under load
[22m[39m[INFO] [EnterpriseOrchestrator] Ôťů Module executed: INTELLIGENCE_COMPLIANCE (0ms)

[90mstdout[2m | test/enterpriseOrchestrator.test.ts[2m > [22m[2mEnterpriseOrchestrator - E2E Tests[2m > [22m[2mshould maintain consistent metrics under load
[22m[39m[INFO] [EnterpriseOrchestrator] ­čÜÇ Executing: INTELLIGENCE_COMPLIANCE

[90mstdout[2m | test/enterpriseOrchestrator.test.ts[2m > [22m[2mEnterpriseOrchestrator - E2E Tests[2m > [22m[2mshould maintain consistent metrics under load
[22m[39m[INFO] [EnterpriseOrchestrator] Ôťů Module executed: INTELLIGENCE_COMPLIANCE (0ms)

[90mstdout[2m | test/enterpriseOrchestrator.test.ts[2m > [22m[2mEnterpriseOrchestrator - E2E Tests[2m > [22m[2mshould maintain consistent metrics under load
[22m[39m[INFO] [EnterpriseOrchestrator] ­čÜÇ Executing: INTELLIGENCE_COMPLIANCE

[90mstdout[2m | test/enterpriseOrchestrator.test.ts[2m > [22m[2mEnterpriseOrchestrator - E2E Tests[2m > [22m[2mshould maintain consistent metrics under load
[22m[39m[INFO] [EnterpriseOrchestrator] Ôťů Module executed: INTELLIGENCE_COMPLIANCE (1ms)

[90mstdout[2m | test/enterpriseOrchestrator.test.ts[2m > [22m[2mEnterpriseOrchestrator - E2E Tests[2m > [22m[2mshould maintain consistent metrics under load
[22m[39m[INFO] [EnterpriseOrchestrator] ­čÜÇ Executing: INTELLIGENCE_COMPLIANCE

[90mstdout[2m | test/enterpriseOrchestrator.test.ts[2m > [22m[2mEnterpriseOrchestrator - E2E Tests[2m > [22m[2mshould maintain consistent metrics under load
[22m[39m[INFO] [EnterpriseOrchestrator] Ôťů Module executed: INTELLIGENCE_COMPLIANCE (0ms)

[90mstdout[2m | test/enterpriseOrchestrator.test.ts[2m > [22m[2mEnterpriseOrchestrator - E2E Tests[2m > [22m[2mshould maintain consistent metrics under load
[22m[39m[INFO] [EnterpriseOrchestrator] ­čÜÇ Executing: INTELLIGENCE_COMPLIANCE

[90mstdout[2m | test/enterpriseOrchestrator.test.ts[2m > [22m[2mEnterpriseOrchestrator - E2E Tests[2m > [22m[2mshould maintain consistent metrics under load
[22m[39m[INFO] [EnterpriseOrchestrator] Ôťů Module executed: INTELLIGENCE_COMPLIANCE (0ms)

[90mstdout[2m | test/enterpriseOrchestrator.test.ts[2m > [22m[2mEnterpriseOrchestrator - E2E Tests[2m > [22m[2mshould maintain consistent metrics under load
[22m[39m[INFO] [EnterpriseOrchestrator] ­čÜÇ Executing: INTELLIGENCE_COMPLIANCE

[90mstdout[2m | test/enterpriseOrchestrator.test.ts[2m > [22m[2mEnterpriseOrchestrator - E2E Tests
[22m[39m[INFO] [EnterpriseOrchestrator] Ôťů Module executed: INTELLIGENCE_COMPLIANCE (0ms)

 [32mÔťô[39m test/enterpriseOrchestrator.test.ts [2m([22m[2m16 tests[22m[2m)[22m[32m 47[2mms[22m[39m
 [32mÔťô[39m test/auditLog.test.ts [2m([22m[2m13 tests[22m[2m)[22m[32m 36[2mms[22m[39m
[90mstdout[2m | test/degradationPolicy.test.ts[2m > [22m[2mPhoenix Protocol v2 - Graceful Degradation[2m > [22m[2mDegradation Level Assessment[2m > [22m[2mshould handle Ollama failure with partial degradation
[22m[39m[INFO] [DegradationPolicy] LLM service unavailable - basic operations only
[INFO] [PhoenixEventBus] Event: phoenix:degraded

stderr | test/degradationPolicy.test.ts > Phoenix Protocol v2 - Graceful Degradation > Degradation Level Assessment > should handle Ollama failure with partial degradation
[WARN] [DegradationPolicy] DEGRADED: full Ôćĺ partial

[90mstdout[2m | test/degradationPolicy.test.ts[2m > [22m[2mPhoenix Protocol v2 - Graceful Degradation[2m > [22m[2mDegradation Level Assessment[2m > [22m[2mshould handle FastAPI failure with partial degradation
[22m[39m[INFO] [DegradationPolicy] Python backend restarting - TypeScript agents available
[INFO] [PhoenixEventBus] Event: phoenix:degraded

stderr | test/degradationPolicy.test.ts > Phoenix Protocol v2 - Graceful Degradation > Degradation Level Assessment > should handle FastAPI failure with partial degradation
[WARN] [DegradationPolicy] DEGRADED: full Ôćĺ partial

[90mstdout[2m | test/degradationPolicy.test.ts[2m > [22m[2mPhoenix Protocol v2 - Graceful Degradation[2m > [22m[2mDegradation Level Assessment[2m > [22m[2mshould handle Dashboard failure gracefully
[22m[39m[INFO] [DegradationPolicy] Dashboard unavailable - CLI and MCP access working
[INFO] [PhoenixEventBus] Event: phoenix:degraded

stderr | test/degradationPolicy.test.ts > Phoenix Protocol v2 - Graceful Degradation > Degradation Level Assessment > should handle Dashboard failure gracefully
[WARN] [DegradationPolicy] DEGRADED: full Ôćĺ partial

[90mstdout[2m | test/degradationPolicy.test.ts[2m > [22m[2mPhoenix Protocol v2 - Graceful Degradation[2m > [22m[2mDegradation Level Assessment[2m > [22m[2mshould report critical degradation when both Ollama and FastAPI down
[22m[39m[INFO] [DegradationPolicy] Critical backend failure - monitoring only
[INFO] [PhoenixEventBus] Event: phoenix:degraded

stderr | test/degradationPolicy.test.ts > Phoenix Protocol v2 - Graceful Degradation > Degradation Level Assessment > should report critical degradation when both Ollama and FastAPI down
[WARN] [DegradationPolicy] DEGRADED: full Ôćĺ minimal

[90mstdout[2m | test/degradationPolicy.test.ts[2m > [22m[2mPhoenix Protocol v2 - Graceful Degradation[2m > [22m[2mDegradation Level Assessment[2m > [22m[2mshould report offline when 3+ services down
[22m[39m[INFO] [DegradationPolicy] System offline - all services down
[INFO] [PhoenixEventBus] Event: phoenix:degraded

stderr | test/degradationPolicy.test.ts > Phoenix Protocol v2 - Graceful Degradation > Degradation Level Assessment > should report offline when 3+ services down
[WARN] [DegradationPolicy] DEGRADED: full Ôćĺ offline

[90mstdout[2m | test/degradationPolicy.test.ts[2m > [22m[2mPhoenix Protocol v2 - Graceful Degradation[2m > [22m[2mService Availability Check[2m > [22m[2mshould report unavailable services correctly
[22m[39m[INFO] [DegradationPolicy] LLM service unavailable - basic operations only
[INFO] [PhoenixEventBus] Event: phoenix:degraded

stderr | test/degradationPolicy.test.ts > Phoenix Protocol v2 - Graceful Degradation > Service Availability Check > should report unavailable services correctly
[WARN] [DegradationPolicy] DEGRADED: full Ôćĺ partial

[90mstdout[2m | test/degradationPolicy.test.ts[2m > [22m[2mPhoenix Protocol v2 - Graceful Degradation[2m > [22m[2mService Availability Check[2m > [22m[2mshould handle multiple unavailable services
[22m[39m[INFO] [DegradationPolicy] LLM service unavailable - basic operations only
[INFO] [PhoenixEventBus] Event: phoenix:degraded

stderr | test/degradationPolicy.test.ts > Phoenix Protocol v2 - Graceful Degradation > Service Availability Check > should handle multiple unavailable services
[WARN] [DegradationPolicy] DEGRADED: full Ôćĺ partial

[90mstdout[2m | test/degradationPolicy.test.ts[2m > [22m[2mPhoenix Protocol v2 - Graceful Degradation[2m > [22m[2mAgent Operation Check[2m > [22m[2mshould block affected agents when service down
[22m[39m[INFO] [DegradationPolicy] LLM service unavailable - basic operations only
[INFO] [PhoenixEventBus] Event: phoenix:degraded

stderr | test/degradationPolicy.test.ts > Phoenix Protocol v2 - Graceful Degradation > Agent Operation Check > should block affected agents when service down
[WARN] [DegradationPolicy] DEGRADED: full Ôćĺ partial

[90mstdout[2m | test/degradationPolicy.test.ts[2m > [22m[2mPhoenix Protocol v2 - Graceful Degradation[2m > [22m[2mAgent Operation Check[2m > [22m[2mshould block all agents in critical state
[22m[39m[INFO] [DegradationPolicy] Critical backend failure - monitoring only
[INFO] [PhoenixEventBus] Event: phoenix:degraded

stderr | test/degradationPolicy.test.ts > Phoenix Protocol v2 - Graceful Degradation > Agent Operation Check > should block all agents in critical state
[WARN] [DegradationPolicy] DEGRADED: full Ôćĺ minimal

[90mstdout[2m | test/degradationPolicy.test.ts[2m > [22m[2mPhoenix Protocol v2 - Graceful Degradation[2m > [22m[2mOperation Permission Check[2m > [22m[2mshould block LLM operations when Ollama down
[22m[39m[INFO] [DegradationPolicy] LLM service unavailable - basic operations only
[INFO] [PhoenixEventBus] Event: phoenix:degraded

stderr | test/degradationPolicy.test.ts > Phoenix Protocol v2 - Graceful Degradation > Operation Permission Check > should block LLM operations when Ollama down
[WARN] [DegradationPolicy] DEGRADED: full Ôćĺ partial

[90mstdout[2m | test/degradationPolicy.test.ts[2m > [22m[2mPhoenix Protocol v2 - Graceful Degradation[2m > [22m[2mOperation Permission Check[2m > [22m[2mshould block Python operations when FastAPI down
[22m[39m[INFO] [DegradationPolicy] Python backend restarting - TypeScript agents available
[INFO] [PhoenixEventBus] Event: phoenix:degraded

stderr | test/degradationPolicy.test.ts > Phoenix Protocol v2 - Graceful Degradation > Operation Permission Check > should block Python operations when FastAPI down
[WARN] [DegradationPolicy] DEGRADED: full Ôćĺ partial

[90mstdout[2m | test/degradationPolicy.test.ts[2m > [22m[2mPhoenix Protocol v2 - Graceful Degradation[2m > [22m[2mOperation Permission Check[2m > [22m[2mshould always allow file operations and health checks
[22m[39m[INFO] [DegradationPolicy] System offline - all services down
[INFO] [PhoenixEventBus] Event: phoenix:degraded

stderr | test/degradationPolicy.test.ts > Phoenix Protocol v2 - Graceful Degradation > Operation Permission Check > should always allow file operations and health checks
[WARN] [DegradationPolicy] DEGRADED: full Ôćĺ offline

[90mstdout[2m | test/degradationPolicy.test.ts[2m > [22m[2mPhoenix Protocol v2 - Graceful Degradation[2m > [22m[2mFallback Messages[2m > [22m[2mshould provide meaningful fallback for LLM operations
[22m[39m[INFO] [DegradationPolicy] LLM service unavailable - basic operations only
[INFO] [PhoenixEventBus] Event: phoenix:degraded

stderr | test/degradationPolicy.test.ts > Phoenix Protocol v2 - Graceful Degradation > Fallback Messages > should provide meaningful fallback for LLM operations
[WARN] [DegradationPolicy] DEGRADED: full Ôćĺ partial

[90mstdout[2m | test/degradationPolicy.test.ts[2m > [22m[2mPhoenix Protocol v2 - Graceful Degradation[2m > [22m[2mFallback Messages[2m > [22m[2mshould provide fallback for Python operations
[22m[39m[INFO] [DegradationPolicy] Python backend restarting - TypeScript agents available
[INFO] [PhoenixEventBus] Event: phoenix:degraded

stderr | test/degradationPolicy.test.ts > Phoenix Protocol v2 - Graceful Degradation > Fallback Messages > should provide fallback for Python operations
[WARN] [DegradationPolicy] DEGRADED: full Ôćĺ partial

[90mstdout[2m | test/degradationPolicy.test.ts[2m > [22m[2mPhoenix Protocol v2 - Graceful Degradation[2m > [22m[2mFallback Messages[2m > [22m[2mshould provide generic fallback for unknown operations
[22m[39m[INFO] [DegradationPolicy] LLM service unavailable - basic operations only
[INFO] [PhoenixEventBus] Event: phoenix:degraded

stderr | test/degradationPolicy.test.ts > Phoenix Protocol v2 - Graceful Degradation > Fallback Messages > should provide generic fallback for unknown operations
[WARN] [DegradationPolicy] DEGRADED: full Ôćĺ partial

[90mstdout[2m | test/degradationPolicy.test.ts[2m > [22m[2mPhoenix Protocol v2 - Graceful Degradation[2m > [22m[2mState Persistence[2m > [22m[2mshould maintain current state
[22m[39m[INFO] [DegradationPolicy] LLM service unavailable - basic operations only
[INFO] [PhoenixEventBus] Event: phoenix:degraded

stderr | test/degradationPolicy.test.ts > Phoenix Protocol v2 - Graceful Degradation > State Persistence > should maintain current state
[WARN] [DegradationPolicy] DEGRADED: full Ôćĺ partial

[90mstdout[2m | test/degradationPolicy.test.ts[2m > [22m[2mPhoenix Protocol v2 - Graceful Degradation[2m > [22m[2mState Persistence[2m > [22m[2mshould update state when degradation changes
[22m[39m[INFO] [DegradationPolicy] LLM service unavailable - basic operations only
[INFO] [PhoenixEventBus] Event: phoenix:degraded
[INFO] [DegradationPolicy] Critical backend failure - monitoring only
[INFO] [PhoenixEventBus] Event: phoenix:degraded

stderr | test/degradationPolicy.test.ts > Phoenix Protocol v2 - Graceful Degradation > State Persistence > should update state when degradation changes
[WARN] [DegradationPolicy] DEGRADED: full Ôćĺ partial
[WARN] [DegradationPolicy] DEGRADED: partial Ôćĺ minimal

[90mstdout[2m | test/degradationPolicy.test.ts[2m > [22m[2mPhoenix Protocol v2 - Graceful Degradation[2m > [22m[2mState Persistence[2m > [22m[2mshould update timestamp on state change
[22m[39m[INFO] [DegradationPolicy] LLM service unavailable - basic operations only
[INFO] [PhoenixEventBus] Event: phoenix:degraded

stderr | test/degradationPolicy.test.ts > Phoenix Protocol v2 - Graceful Degradation > State Persistence > should update timestamp on state change
[WARN] [DegradationPolicy] DEGRADED: full Ôćĺ partial

[90mstdout[2m | test/degradationPolicy.test.ts[2m > [22m[2mPhoenix Protocol v2 - Graceful Degradation[2m > [22m[2mUser Messages[2m > [22m[2mshould provide clear status indicators
[22m[39m[INFO] [DegradationPolicy] LLM service unavailable - basic operations only
[INFO] [PhoenixEventBus] Event: phoenix:degraded
[INFO] [DegradationPolicy] Critical backend failure - monitoring only
[INFO] [PhoenixEventBus] Event: phoenix:degraded
[INFO] [DegradationPolicy] System offline - all services down
[INFO] [PhoenixEventBus] Event: phoenix:degraded

stderr | test/degradationPolicy.test.ts > Phoenix Protocol v2 - Graceful Degradation > User Messages > should provide clear status indicators
[WARN] [DegradationPolicy] DEGRADED: full Ôćĺ partial
[WARN] [DegradationPolicy] DEGRADED: partial Ôćĺ minimal
[WARN] [DegradationPolicy] DEGRADED: minimal Ôćĺ offline

[90mstdout[2m | test/degradationPolicy.test.ts[2m > [22m[2mPhoenix Protocol v2 - Graceful Degradation[2m > [22m[2mUser Messages[2m > [22m[2mshould include degradation message in user message
[22m[39m[INFO] [DegradationPolicy] LLM service unavailable - basic operations only
[INFO] [PhoenixEventBus] Event: phoenix:degraded

stderr | test/degradationPolicy.test.ts > Phoenix Protocol v2 - Graceful Degradation > User Messages > should include degradation message in user message
[WARN] [DegradationPolicy] DEGRADED: full Ôćĺ partial

[90mstdout[2m | test/degradationPolicy.test.ts[2m > [22m[2mPhoenix Protocol v2 - Graceful Degradation[2m > [22m[2mEdge Cases[2m > [22m[2mshould handle case-insensitive service names
[22m[39m[INFO] [DegradationPolicy] Critical backend failure - monitoring only
[INFO] [PhoenixEventBus] Event: phoenix:degraded

stderr | test/degradationPolicy.test.ts > Phoenix Protocol v2 - Graceful Degradation > Edge Cases > should handle case-insensitive service names
[WARN] [DegradationPolicy] DEGRADED: full Ôćĺ minimal

[90mstdout[2m | test/degradationPolicy.test.ts[2m > [22m[2mPhoenix Protocol v2 - Graceful Degradation[2m > [22m[2mEdge Cases[2m > [22m[2mshould handle unknown service failures gracefully
[22m[39m[INFO] [DegradationPolicy] Services down: unknown_service
[INFO] [PhoenixEventBus] Event: phoenix:degraded

stderr | test/degradationPolicy.test.ts > Phoenix Protocol v2 - Graceful Degradation > Edge Cases > should handle unknown service failures gracefully
[WARN] [DegradationPolicy] DEGRADED: full Ôćĺ partial

[90mstdout[2m | test/degradationPolicy.test.ts[2m > [22m[2mPhoenix Protocol v2 - Graceful Degradation[2m > [22m[2mEdge Cases[2m > [22m[2mshould reset state correctly
[22m[39m[INFO] [DegradationPolicy] Critical backend failure - monitoring only
[INFO] [PhoenixEventBus] Event: phoenix:degraded

 [32mÔťô[39m test/degradationPolicy.test.ts [2m([22m[2m31 tests[22m[2m)[22m[32m 44[2mms[22m[39m
stderr | test/degradationPolicy.test.ts > Phoenix Protocol v2 - Graceful Degradation > Edge Cases > should reset state correctly
[WARN] [DegradationPolicy] DEGRADED: full Ôćĺ minimal

 [32mÔťô[39m test/monitor.vitest.ts [2m([22m[2m4 tests[22m[2m)[22m[32m 29[2mms[22m[39m
[90mstdout[2m | test/phoenix_event_bus.test.ts[2m > [22m[2mPhoenixEventBus[2m > [22m[2mshould publish and receive typed events
[22m[39m[INFO] [PhoenixEventBus] Event: phoenix:agent_failed

[90mstdout[2m | test/phoenix_event_bus.test.ts[2m > [22m[2mPhoenixEventBus[2m > [22m[2mshould unsubscribe a handler
[22m[39m[INFO] [PhoenixEventBus] Event: phoenix:circuit_breaker

[90mstdout[2m | test/phoenix_event_bus.test.ts[2m > [22m[2mPhoenixEventBus[2m > [22m[2mshould store events in history
[22m[39m[INFO] [PhoenixEventBus] Event: phoenix:recovery
[INFO] [PhoenixEventBus] Event: phoenix:recovery

[90mstdout[2m | test/phoenix_event_bus.test.ts[2m > [22m[2mPhoenixEventBus[2m > [22m[2mshould filter history by event type
[22m[39m[INFO] [PhoenixEventBus] Event: phoenix:recovery
[INFO] [PhoenixEventBus] Event: phoenix:circuit_breaker

[90mstdout[2m | test/phoenix_event_bus.test.ts[2m > [22m[2mPhoenixEventBus[2m > [22m[2mshould limit history results
[22m[39m[INFO] [PhoenixEventBus] Event: phoenix:recovery
[INFO] [PhoenixEventBus] Event: phoenix:recovery
[INFO] [PhoenixEventBus] Event: phoenix:recovery
[INFO] [PhoenixEventBus] Event: phoenix:recovery
[INFO] [PhoenixEventBus] Event: phoenix:recovery
[INFO] [PhoenixEventBus] Event: phoenix:recovery
[INFO] [PhoenixEventBus] Event: phoenix:recovery
[INFO] [PhoenixEventBus] Event: phoenix:recovery
[INFO] [PhoenixEventBus] Event: phoenix:recovery
[INFO] [PhoenixEventBus] Event: phoenix:recovery

[90mstdout[2m | test/phoenix_event_bus.test.ts[2m > [22m[2mPhoenixEventBus[2m > [22m[2mshould calculate stats from history
[22m[39m[INFO] [PhoenixEventBus] Event: phoenix:agent_failed
[INFO] [PhoenixEventBus] Event: phoenix:agent_failed
[INFO] [PhoenixEventBus] Event: phoenix:circuit_breaker

[90mstdout[2m | test/phoenix_event_bus.test.ts[2m > [22m[2mPhoenixEventBus[2m > [22m[2mshould broadcast via socket broadcaster when connected
[22m[39m[INFO] [PhoenixEventBus] Socket.IO broadcaster connected
[INFO] [PhoenixEventBus] Event: phoenix:edge_health

[90mstdout[2m | test/phoenix_event_bus.test.ts[2m > [22m[2mPhoenixEventBus[2m > [22m[2mshould clear history
[22m[39m[INFO] [PhoenixEventBus] Event: phoenix:recovery

 [32mÔťô[39m test/phoenix_event_bus.test.ts [2m([22m[2m8 tests[22m[2m)[22m[32m 31[2mms[22m[39m
[90mstdout[2m | test/lawDetectiveAgent.test.ts[2m > [22m[2mLawDetectiveAgent[2m > [22m[2mshould fetchMagyarKozlony (mocked)
[22m[39m[INFO] [LawDetective] Magyar K├Âzl├Âny legfrissebb sz├ím lek├ęrdez├ęse...

[90mstdout[2m | test/lawDetectiveAgent.test.ts[2m > [22m[2mLawDetectiveAgent[2m > [22m[2mshould analyzeLegalText with AI (mocked)
[22m[39m[INFO] [LawDetective] Jogszab├íly sz├Âveg elemz├ęse (21 karakter)...

[90mstdout[2m | test/lawDetectiveAgent.test.ts[2m > [22m[2mLawDetectiveAgent[2m > [22m[2mshould analyzeLegalText with AI (mocked)
[22m[39m[INFO] [LawDetective] 1 relev├íns v├íltoz├ís azonos├ştva

[90mstdout[2m | test/lawDetectiveAgent.test.ts[2m > [22m[2mLawDetectiveAgent[2m > [22m[2mshould handle LLM failure gracefully
[22m[39m[INFO] [LawDetective] Jogszab├íly sz├Âveg elemz├ęse (9 karakter)...

stderr | test/lawDetectiveAgent.test.ts > LawDetectiveAgent > should handle LLM failure gracefully
[ERROR] [LawDetective] Legal analysis hiba: LLM timeout

[90mstdout[2m | test/lawDetectiveAgent.test.ts[2m > [22m[2mLawDetectiveAgent[2m > [22m[2mshould execute full workflow (mocked)
[22m[39m[STATUS] [LawDetective] working - Figyeld a KATA v├íltoz├ísokat
[INFO] [LawDetective] Law Detective ind├şt├ísa: kata
[INFO] [LawDetective] Magyar K├Âzl├Âny legfrissebb sz├ím lek├ęrdez├ęse...

[90mstdout[2m | test/lawDetectiveAgent.test.ts[2m > [22m[2mLawDetectiveAgent[2m > [22m[2mshould execute full workflow (mocked)
[22m[39m[INFO] [LawDetective] Magyar K├Âzl├Âny 2026/15 lek├ęrve
[INFO] [LawDetective] Jogszab├íly sz├Âveg elemz├ęse (978 karakter)...

[90mstdout[2m | test/lawDetectiveAgent.test.ts[2m > [22m[2mLawDetectiveAgent[2m > [22m[2mshould execute full workflow (mocked)
[22m[39m[INFO] [LawDetective] 1 relev├íns v├íltoz├ís azonos├ştva

[90mstdout[2m | test/lawDetectiveAgent.test.ts[2m > [22m[2mLawDetectiveAgent[2m > [22m[2mshould execute full workflow (mocked)
[22m[39m[INFO] [LawDetective] 1/1 relev├íns v├íltoz├ís sz┼▒rve
[INFO] [LawDetective] Law Detective riport k├ęsz: 1 v├íltoz├ís
[STATUS] [LawDetective] idle

[90mstdout[2m | test/lawDetectiveAgent.test.ts[2m > [22m[2mLawDetectiveAgent[2m > [22m[2mshould use default keywords if none provided
[22m[39m[STATUS] [LawDetective] working - Mi van a minim├ílb├ęrrel?
[INFO] [LawDetective] Law Detective ind├şt├ísa: minim├ílb├ęr
[INFO] [LawDetective] Magyar K├Âzl├Âny legfrissebb sz├ím lek├ęrdez├ęse...

[90mstdout[2m | test/lawDetectiveAgent.test.ts[2m > [22m[2mLawDetectiveAgent[2m > [22m[2mshould use default keywords if none provided
[22m[39m[INFO] [LawDetective] Magyar K├Âzl├Âny 2026/15 lek├ęrve
[INFO] [LawDetective] Jogszab├íly sz├Âveg elemz├ęse (978 karakter)...

[90mstdout[2m | test/lawDetectiveAgent.test.ts[2m > [22m[2mLawDetectiveAgent[2m > [22m[2mshould use default keywords if none provided
[22m[39m[INFO] [LawDetective] 0 relev├íns v├íltoz├ís azonos├ştva

[90mstdout[2m | test/lawDetectiveAgent.test.ts[2m > [22m[2mLawDetectiveAgent[2m > [22m[2mshould use default keywords if none provided
[22m[39m[INFO] [LawDetective] 0/0 relev├íns v├íltoz├ís sz┼▒rve
[INFO] [LawDetective] Law Detective riport k├ęsz: 0 v├íltoz├ís
[STATUS] [LawDetective] idle

 [32mÔťô[39m test/lawDetectiveAgent.test.ts [2m([22m[2m12 tests[22m[2m)[22m[32m 29[2mms[22m[39m
 [32mÔťô[39m test/health_check.test.ts [2m([22m[2m6 tests[22m[2m)[22m[32m 25[2mms[22m[39m
 [32mÔťô[39m test/robotkezAPI.test.ts [2m([22m[2m10 tests[22m[2m)[22m[32m 30[2mms[22m[39m
stderr | test/middleware.test.ts > Middleware Tests > errorHandler > should handle AppError correctly
[ERROR] [ErrorHandler] [400] Invalid input (TEST_ERROR)

stderr | test/middleware.test.ts > Middleware Tests > errorHandler > should handle generic Error as 500
[ERROR] [ErrorHandler] Unhandled error: Database crash

stderr | test/middleware.test.ts > Middleware Tests > errorHandler > should include requestId in response if present on request
[ERROR] [ErrorHandler] [500] Internal fail (INTERNAL_ERROR)

 [32mÔťô[39m test/middleware.test.ts [2m([22m[2m10 tests[22m[2m)[22m[32m 25[2mms[22m[39m
[90mstdout[2m | test/failover_registry.test.ts[2m > [22m[2mFailoverRegistry[2m > [22m[2mshould allow registering custom mapping
[22m[39m[INFO] [FailoverRegistry] Mapping updated: CustomAgent Ôćĺ [FallbackA, FallbackB]

 [32mÔťô[39m test/failover_registry.test.ts [2m([22m[2m9 tests[22m[2m)[22m[32m 28[2mms[22m[39m
[90mstdout[2m | test/phase5_swarms.test.ts
[22m[39m[INFO] [EventBus] Singleton connected to F:\mcp-brunella-core\data\brunella.db

[90mstdout[2m | test/phase5_swarms.test.ts[2m > [22m[2mSwarmAgent[2m > [22m[2mshould change role
[22m[39m[INFO] [SwarmAgent] sa-1 role: idle Ôćĺ leader

stderr | test/phase5_swarms.test.ts > SwarmAgent > should handle task failures
[WARN] [SwarmAgent] Task t2 failed on sa-fail: Failed: boom

[90mstdout[2m | test/phase5_swarms.test.ts[2m > [22m[2mSwarmManager[2m > [22m[2mshould create a colony
[22m[39m[INFO] [SwarmManager] Colony created: Alpha (s1)

[90mstdout[2m | test/phase5_swarms.test.ts[2m > [22m[2mSwarmManager[2m > [22m[2mshould add agents and auto-elect leader
[22m[39m[INFO] [SwarmManager] Colony created: Alpha (s1)
[INFO] [SwarmAgent] a1 role: idle Ôćĺ worker
[INFO] [SwarmAgent] a1 role: worker Ôćĺ leader
[INFO] [SwarmManager] Leader elected for s1: a1
[INFO] [SwarmManager] Agent a1 joined colony s1 (1 members)
[INFO] [SwarmAgent] a2 role: idle Ôćĺ worker
[INFO] [SwarmManager] Agent a2 joined colony s1 (2 members)

[90mstdout[2m | test/phase5_swarms.test.ts[2m > [22m[2mSwarmManager[2m > [22m[2mshould submit tasks via competitive bidding
[22m[39m[INFO] [SwarmManager] Colony created: Alpha (s1)
[INFO] [SwarmAgent] a1 role: idle Ôćĺ worker
[INFO] [SwarmAgent] a1 role: worker Ôćĺ leader
[INFO] [SwarmManager] Leader elected for s1: a1
[INFO] [SwarmManager] Agent a1 joined colony s1 (1 members)
[INFO] [SwarmManager] Task swarm-task-1-1774421431677 assigned to a1 (confidence: 1.00)

stderr | test/phase5_swarms.test.ts > SwarmManager > should return null for missing colony
[WARN] [SwarmManager] Cannot submit task to colony nonexistent: not available

[90mstdout[2m | test/phase5_swarms.test.ts[2m > [22m[2mSwarmManager[2m > [22m[2mshould dissolve a colony
[22m[39m[INFO] [SwarmManager] Colony created: Alpha (s1)
[INFO] [SwarmAgent] a1 role: idle Ôćĺ worker
[INFO] [SwarmAgent] a1 role: worker Ôćĺ leader
[INFO] [SwarmManager] Leader elected for s1: a1
[INFO] [SwarmManager] Agent a1 joined colony s1 (1 members)
[INFO] [SwarmAgent] a1 role: leader Ôćĺ idle
[INFO] [SwarmManager] Colony s1 dissolved

[90mstdout[2m | test/phase5_swarms.test.ts[2m > [22m[2mAdaptiveFlow[2m > [22m[2mshould register and execute a flow
[22m[39m[INFO] [AdaptiveFlow] Flow registered: Test Flow (f1), 2 steps

[90mstdout[2m | test/phase5_swarms.test.ts[2m > [22m[2mAdaptiveFlow[2m > [22m[2mshould track step metrics
[22m[39m[INFO] [AdaptiveFlow] Flow registered: Test (f1), 1 steps

[90mstdout[2m | test/phase5_swarms.test.ts[2m > [22m[2mAdaptiveFlow[2m > [22m[2mshould handle step failures gracefully
[22m[39m[INFO] [AdaptiveFlow] Flow registered: Test (f1), 1 steps

stderr | test/phase5_swarms.test.ts > AdaptiveFlow > should handle step failures gracefully
[WARN] [AdaptiveFlow] Step s-fail failed: boom

[90mstdout[2m | test/phase5_swarms.test.ts[2m > [22m[2mAdaptiveFlow[2m > [22m[2mshould suggest optimization when order changes help
[22m[39m[INFO] [AdaptiveFlow] Flow registered: Opt Test (f1), 2 steps

[90mstdout[2m | test/phase5_swarms.test.ts[2m > [22m[2mMeshHealing[2m > [22m[2mshould create without errors
[22m[39m[INFO] [MeshNode] Node local (Local) online at http://localhost:3000

[90mstdout[2m | test/phase5_swarms.test.ts[2m > [22m[2mMeshHealing[2m > [22m[2mshould create without errors
[22m[39m[INFO] [MeshHealing] Mesh healing stopped
[INFO] [MeshNode] Node local stopped

[90mstdout[2m | test/phase5_swarms.test.ts[2m > [22m[2mMeshHealing[2m > [22m[2mshould track failure counts
[22m[39m[INFO] [MeshNode] Node local (Local) online at http://localhost:3000

[90mstdout[2m | test/phase5_swarms.test.ts[2m > [22m[2mMeshHealing[2m > [22m[2mshould track failure counts
[22m[39m[INFO] [MeshHealing] Mesh healing stopped
[INFO] [MeshNode] Node local stopped

[90mstdout[2m | test/phase5_swarms.test.ts[2m > [22m[2mMeshHealing[2m > [22m[2mshould trigger healing when threshold is exceeded
[22m[39m[INFO] [MeshNode] Node local (Local) online at http://localhost:3000

[90mstdout[2m | test/phase5_swarms.test.ts[2m > [22m[2mMeshHealing[2m > [22m[2mshould trigger healing when threshold is exceeded
[22m[39m[INFO] [MeshManager] New peer joined: sick-node (Sick) at http://sick:3000
[INFO] [MeshHealing] Rerouting traffic away from sick-node

stderr | test/phase5_swarms.test.ts > MeshHealing > should trigger healing when threshold is exceeded
[WARN] [MeshHealing] Healing action: reroute for sick-node (3 failures)

[90mstdout[2m | test/phase5_swarms.test.ts[2m > [22m[2mMeshHealing[2m > [22m[2mshould trigger healing when threshold is exceeded
[22m[39m[INFO] [MeshHealing] Mesh healing stopped
[INFO] [MeshNode] Node local stopped

[90mstdout[2m | test/phase5_swarms.test.ts[2m > [22m[2mMeshHealing[2m > [22m[2mshould isolate nodes with many failures
[22m[39m[INFO] [MeshNode] Node local (Local) online at http://localhost:3000

[90mstdout[2m | test/phase5_swarms.test.ts[2m > [22m[2mMeshHealing[2m > [22m[2mshould isolate nodes with many failures
[22m[39m[INFO] [MeshManager] New peer joined: dead-node (Dead) at http://dead:3000
[INFO] [MeshManager] Peer left: dead-node
[INFO] [MeshHealing] Node dead-node isolated from mesh

stderr | test/phase5_swarms.test.ts > MeshHealing > should isolate nodes with many failures
[WARN] [MeshHealing] Healing action: isolate for dead-node (6 failures)

[90mstdout[2m | test/phase5_swarms.test.ts[2m > [22m[2mMeshHealing[2m > [22m[2mshould isolate nodes with many failures
[22m[39m[INFO] [MeshHealing] Mesh healing stopped
[INFO] [MeshNode] Node local stopped

[90mstdout[2m | test/phase5_swarms.test.ts[2m > [22m[2mSharedCognition[2m > [22m[2mshould store and query entries
[22m[39m[INFO] [SharedCognition] Stored fact from brunella: The server runs on port 3000...

[90mstdout[2m | test/phase5_swarms.test.ts[2m > [22m[2mSharedCognition[2m > [22m[2mshould filter by confidence
[22m[39m[INFO] [SharedCognition] Stored prediction from paios: Low conf...
[INFO] [SharedCognition] Stored fact from brunella: High conf...

[90mstdout[2m | test/phase5_swarms.test.ts[2m > [22m[2mSharedCognition[2m > [22m[2mshould get entries by source
[22m[39m[INFO] [SharedCognition] Stored fact from brunella: A...
[INFO] [SharedCognition] Stored observation from paios: B...

[90mstdout[2m | test/phase5_swarms.test.ts[2m > [22m[2mSharedCognition[2m > [22m[2mshould purge expired entries
[22m[39m[INFO] [SharedCognition] Stored memory from brunella: old...
[INFO] [SharedCognition] Stored fact from brunella: current...
[INFO] [SharedCognition] Purged 1 expired entries

[90mstdout[2m | test/phase5_swarms.test.ts[2m > [22m[2mSharedCognition[2m > [22m[2mshould return stats
[22m[39m[INFO] [SharedCognition] Stored fact from brunella: A...
[INFO] [SharedCognition] Stored decision from mesh: B...

[90mstdout[2m | test/phase5_swarms.test.ts[2m > [22m[2mBrunellaKernel[2m > [22m[2mshould take snapshots when provider is set
[22m[39m[INFO] [BrunellaKernel] Kernel stopped

[90mstdout[2m | test/phase5_swarms.test.ts[2m > [22m[2mBrunellaKernel[2m > [22m[2mshould evaluate and generate healing directives
[22m[39m[INFO] [BrunellaKernel] Kernel stopped

[90mstdout[2m | test/phase5_swarms.test.ts[2m > [22m[2mBrunellaKernel[2m > [22m[2mshould generate critical alert directive
[22m[39m[INFO] [BrunellaKernel] Kernel stopped

[90mstdout[2m | test/phase5_swarms.test.ts[2m > [22m[2mBrunellaKernel[2m > [22m[2mshould complete directives
[22m[39m[INFO] [BrunellaKernel] Kernel stopped

[90mstdout[2m | test/phase5_swarms.test.ts[2m > [22m[2mBrunellaKernel[2m > [22m[2mshould return stats
[22m[39m[INFO] [BrunellaKernel] Kernel stopped

 [32mÔťô[39m test/phase5_swarms.test.ts [2m([22m[2m45 tests[22m[2m)[22m[32m 28[2mms[22m[39m
[90mstdout[2m | test/procurementAgent.test.ts
[22m[39m[INFO] [AIGateway] Ôťů AI Gateway v3.0 initialized: CF Workers AI (@cf/meta/llama-3.1-8b-instruct)

[90mstdout[2m | test/procurementAgent.test.ts
[22m[39m[INFO] [GlobalDb] Database opened: F:\mcp-brunella-core\data\brunella.db
[INFO] [GlobalDb] Schema initialized
[INFO] [StructuredMemory] Structured memory DB initialized

[90mstdout[2m | test/procurementAgent.test.ts[2m > [22m[2mProcurementAgent[2m > [22m[2mPrice Comparison[2m > [22m[2mshould compare prices across suppliers
[22m[39m[STATUS] [Procurement] working - Procurement analysis: {"productCategory":"Office Supplies","currentSuppl...
[INFO] [Procurement] Starting procurement negotiation analysis...
[INFO] [Procurement] Analyzing: Office Supplies, supplier: SupplierA
[INFO] [Procurement] Fetching historical prices for SupplierA...

[90mstdout[2m | test/procurementAgent.test.ts[2m > [22m[2mProcurementAgent[2m > [22m[2mPrice Comparison[2m > [22m[2mshould compare prices across suppliers
[22m[39m[INFO] [Procurement] Comparing prices with market data...

[90mstdout[2m | test/procurementAgent.test.ts[2m > [22m[2mProcurementAgent[2m > [22m[2mPrice Comparison[2m > [22m[2mshould compare prices across suppliers
[22m[39m[INFO] [Procurement] Ôťů Procurement analysis complete: 12.0% savings possible
[STATUS] [Procurement] idle

[90mstdout[2m | test/procurementAgent.test.ts[2m > [22m[2mProcurementAgent[2m > [22m[2mPrice Comparison[2m > [22m[2mshould identify cost savings opportunities
[22m[39m[STATUS] [Procurement] working - Procurement analysis: {"productCategory":"Cloud Services","currentSuppli...
[INFO] [Procurement] Starting procurement negotiation analysis...
[INFO] [Procurement] Analyzing: Cloud Services, supplier: Azure
[INFO] [Procurement] Fetching historical prices for Azure...

[90mstdout[2m | test/procurementAgent.test.ts[2m > [22m[2mProcurementAgent[2m > [22m[2mPrice Comparison[2m > [22m[2mshould identify cost savings opportunities
[22m[39m[INFO] [Procurement] Comparing prices with market data...

[90mstdout[2m | test/procurementAgent.test.ts[2m > [22m[2mProcurementAgent[2m > [22m[2mPrice Comparison[2m > [22m[2mshould identify cost savings opportunities
[22m[39m[INFO] [Procurement] Ôťů Procurement analysis complete: 12.0% savings possible
[STATUS] [Procurement] idle

[90mstdout[2m | test/procurementAgent.test.ts[2m > [22m[2mProcurementAgent[2m > [22m[2mNegotiation Email Generation[2m > [22m[2mshould generate negotiation emails
[22m[39m[STATUS] [Procurement] working - Procurement analysis: {"productCategory":"IT Equipment","currentSupplier...
[INFO] [Procurement] Starting procurement negotiation analysis...
[INFO] [Procurement] Analyzing: IT Equipment, supplier: Dell
[INFO] [Procurement] Fetching historical prices for Dell...

[90mstdout[2m | test/procurementAgent.test.ts[2m > [22m[2mProcurementAgent[2m > [22m[2mNegotiation Email Generation[2m > [22m[2mshould generate negotiation emails
[22m[39m[INFO] [Procurement] Comparing prices with market data...

[90mstdout[2m | test/procurementAgent.test.ts[2m > [22m[2mProcurementAgent[2m > [22m[2mNegotiation Email Generation[2m > [22m[2mshould generate negotiation emails
[22m[39m[INFO] [Procurement] Ôťů Procurement analysis complete: 12.0% savings possible
[STATUS] [Procurement] idle

[90mstdout[2m | test/procurementAgent.test.ts[2m > [22m[2mProcurementAgent[2m > [22m[2mNegotiation Email Generation[2m > [22m[2mshould personalize email based on supplier
[22m[39m[STATUS] [Procurement] working - Procurement analysis: {"productCategory":"Software Licenses","currentSup...
[INFO] [Procurement] Starting procurement negotiation analysis...
[INFO] [Procurement] Analyzing: Software Licenses, supplier: Microsoft
[INFO] [Procurement] Fetching historical prices for Microsoft...

[90mstdout[2m | test/procurementAgent.test.ts[2m > [22m[2mProcurementAgent[2m > [22m[2mNegotiation Email Generation[2m > [22m[2mshould personalize email based on supplier
[22m[39m[INFO] [Procurement] Comparing prices with market data...

[90mstdout[2m | test/procurementAgent.test.ts[2m > [22m[2mProcurementAgent[2m > [22m[2mNegotiation Email Generation[2m > [22m[2mshould personalize email based on supplier
[22m[39m[INFO] [Procurement] Ôťů Procurement analysis complete: 12.0% savings possible
[STATUS] [Procurement] idle

[90mstdout[2m | test/procurementAgent.test.ts[2m > [22m[2mProcurementAgent[2m > [22m[2mSource Validation[2m > [22m[2mshould validate supplier credibility
[22m[39m[STATUS] [Procurement] working - Procurement analysis: {"productCategory":"Servers","currentSupplier":"Te...
[INFO] [Procurement] Starting procurement negotiation analysis...
[INFO] [Procurement] Analyzing: Servers, supplier: TechCorp
[INFO] [Procurement] Fetching historical prices for TechCorp...

[90mstdout[2m | test/procurementAgent.test.ts[2m > [22m[2mProcurementAgent[2m > [22m[2mSource Validation[2m > [22m[2mshould validate supplier credibility
[22m[39m[INFO] [Procurement] Comparing prices with market data...

[90mstdout[2m | test/procurementAgent.test.ts[2m > [22m[2mProcurementAgent[2m > [22m[2mSource Validation[2m > [22m[2mshould validate supplier credibility
[22m[39m[INFO] [Procurement] Ôťů Procurement analysis complete: 12.0% savings possible
[STATUS] [Procurement] idle

[90mstdout[2m | test/procurementAgent.test.ts[2m > [22m[2mProcurementAgent[2m > [22m[2mError Handling[2m > [22m[2mshould handle invalid price values
[22m[39m[STATUS] [Procurement] working - Procurement analysis: {"productCategory":"Test","currentSupplier":"Test"...
[INFO] [Procurement] Starting procurement negotiation analysis...
[INFO] [Procurement] Analyzing: Test, supplier: Test
[INFO] [Procurement] Fetching historical prices for Test...

[90mstdout[2m | test/procurementAgent.test.ts[2m > [22m[2mProcurementAgent[2m > [22m[2mError Handling[2m > [22m[2mshould handle invalid price values
[22m[39m[INFO] [Procurement] Comparing prices with market data...

[90mstdout[2m | test/procurementAgent.test.ts[2m > [22m[2mProcurementAgent[2m > [22m[2mError Handling[2m > [22m[2mshould handle invalid price values
[22m[39m[INFO] [Procurement] Ôťů Procurement analysis complete: 12.0% savings possible
[STATUS] [Procurement] idle

 [32mÔťô[39m test/procurementAgent.test.ts [2m([22m[2m8 tests[22m[2m)[22m[32m 29[2mms[22m[39m
[90mstdout[2m | test/paiosConfig.test.ts[2m > [22m[2mpaiosConfig[2m > [22m[2mloadPaiosConfig[2m > [22m[2mshould load valid YAML config file
[22m[39m[PAIOS Config] Loaded from F:\mcp-brunella-core\paios.config.yaml

stderr | test/paiosConfig.test.ts > paiosConfig > loadPaiosConfig > should use .env fallback when config file does not exist
[PAIOS Config] File not found: F:\mcp-brunella-core\paios.config.yaml - using .env fallback

[90mstdout[2m | test/paiosConfig.test.ts[2m > [22m[2mpaiosConfig[2m > [22m[2mloadPaiosConfig[2m > [22m[2mshould cache config after first load
[22m[39m[PAIOS Config] Loaded from F:\mcp-brunella-core\paios.config.yaml

stderr | test/paiosConfig.test.ts > paiosConfig > loadPaiosConfig > should reject invalid default_model
[PAIOS Config] Validation failed: [
  {
    received: 'invalid_model',
    code: 'invalid_enum_value',
    options: [ 'github', 'gemini', 'local', 'anthropic', 'cloudflare' ],
    path: [ 'orchestrator', 'default_model' ],
    message: "Invalid enum value. Expected 'github' | 'gemini' | 'local' | 'anthropic' | 'cloudflare', received 'invalid_model'"
  }
]

stderr | test/paiosConfig.test.ts > paiosConfig > loadPaiosConfig > should reject max_tasks_per_request > 20
[PAIOS Config] Validation failed: [
  {
    code: 'too_big',
    maximum: 20,
    type: 'number',
    inclusive: true,
    exact: false,
    message: 'Number must be less than or equal to 20',
    path: [ 'orchestrator', 'max_tasks_per_request' ]
  }
]

[90mstdout[2m | test/paiosConfig.test.ts[2m > [22m[2mpaiosConfig[2m > [22m[2mgetProviderConfig[2m > [22m[2mshould return config for enabled provider
[22m[39m[PAIOS Config] Loaded from F:\mcp-brunella-core\paios.config.yaml

[90mstdout[2m | test/paiosConfig.test.ts[2m > [22m[2mpaiosConfig[2m > [22m[2mgetProviderConfig[2m > [22m[2mshould return undefined for disabled provider
[22m[39m[PAIOS Config] Loaded from F:\mcp-brunella-core\paios.config.yaml

[90mstdout[2m | test/paiosConfig.test.ts[2m > [22m[2mpaiosConfig[2m > [22m[2mgetProviderConfig[2m > [22m[2mshould return undefined for non-existent provider
[22m[39m[PAIOS Config] Loaded from F:\mcp-brunella-core\paios.config.yaml

[90mstdout[2m | test/paiosConfig.test.ts[2m > [22m[2mpaiosConfig[2m > [22m[2mgetProviderApiKey[2m > [22m[2mshould return API key from process.env
[22m[39m[PAIOS Config] Loaded from F:\mcp-brunella-core\paios.config.yaml

[90mstdout[2m | test/paiosConfig.test.ts[2m > [22m[2mpaiosConfig[2m > [22m[2mgetProviderApiKey[2m > [22m[2mshould return undefined if env var not set
[22m[39m[PAIOS Config] Loaded from F:\mcp-brunella-core\paios.config.yaml

[90mstdout[2m | test/paiosConfig.test.ts[2m > [22m[2mpaiosConfig[2m > [22m[2mgetProviderApiKey[2m > [22m[2mshould return undefined if provider has no api_key_env
[22m[39m[PAIOS Config] Loaded from F:\mcp-brunella-core\paios.config.yaml

[90mstdout[2m | test/paiosConfig.test.ts[2m > [22m[2mpaiosConfig[2m > [22m[2mgetProviderBaseUrl[2m > [22m[2mshould return base URL from process.env
[22m[39m[PAIOS Config] Loaded from F:\mcp-brunella-core\paios.config.yaml

[90mstdout[2m | test/paiosConfig.test.ts[2m > [22m[2mpaiosConfig[2m > [22m[2mgetProviderBaseUrl[2m > [22m[2mshould return undefined if env var not set
[22m[39m[PAIOS Config] Loaded from F:\mcp-brunella-core\paios.config.yaml

[90mstdout[2m | test/paiosConfig.test.ts[2m > [22m[2mpaiosConfig[2m > [22m[2mgetEnabledProviders[2m > [22m[2mshould return list of enabled providers
[22m[39m[PAIOS Config] Loaded from F:\mcp-brunella-core\paios.config.yaml

[90mstdout[2m | test/paiosConfig.test.ts[2m > [22m[2mpaiosConfig[2m > [22m[2mgetEnabledProviders[2m > [22m[2mshould return empty array if no providers enabled
[22m[39m[PAIOS Config] Loaded from F:\mcp-brunella-core\paios.config.yaml

[90mstdout[2m | test/paiosConfig.test.ts[2m > [22m[2mpaiosConfig[2m > [22m[2mclearConfigCache[2m > [22m[2mshould clear cached config
[22m[39m[PAIOS Config] Loaded from F:\mcp-brunella-core\paios.config.yaml
[PAIOS Config] Loaded from F:\mcp-brunella-core\paios.config.yaml

 [32mÔťô[39m test/paiosConfig.test.ts [2m([22m[2m20 tests[22m[2m)[22m[32m 29[2mms[22m[39m
 [32mÔťô[39m test/cean-metrics.test.ts [2m([22m[2m18 tests[22m[2m | [22m[33m3 skipped[39m[2m)[22m[32m 24[2mms[22m[39m
[90mstdout[2m | test/financialGuardAgent.test.ts
[22m[39m[INFO] [AIGateway] Ôťů AI Gateway v3.0 initialized: CF Workers AI (@cf/meta/llama-3.1-8b-instruct)

[90mstdout[2m | test/financialGuardAgent.test.ts
[22m[39m[INFO] [GlobalDb] Database opened: F:\mcp-brunella-core\data\brunella.db
[INFO] [GlobalDb] Schema initialized
[INFO] [StructuredMemory] Structured memory DB initialized

[90mstdout[2m | test/financialGuardAgent.test.ts[2m > [22m[2mFinancialGuardAgent[2m > [22m[2mInvoice Processing[2m > [22m[2mshould process invoice with OCR
[22m[39m[STATUS] [FinancialGuard] working - Processing invoice: {"invoiceNumber":"INV-2026-001","amount":50000,"cu...
[INFO] [FinancialGuard] Starting invoice processing pipeline...

[90mstdout[2m | test/financialGuardAgent.test.ts[2m > [22m[2mFinancialGuardAgent[2m > [22m[2mInvoice Processing[2m > [22m[2mshould process invoice with OCR
[22m[39m[INFO] [FinancialGuard] Invoice stored: INV_1774421436234_290mg8cox

[90mstdout[2m | test/financialGuardAgent.test.ts[2m > [22m[2mFinancialGuardAgent[2m > [22m[2mInvoice Processing[2m > [22m[2mshould process invoice with OCR
[22m[39m[INFO] [FinancialGuard] Exporting to Google Sheets...

[90mstdout[2m | test/financialGuardAgent.test.ts[2m > [22m[2mFinancialGuardAgent[2m > [22m[2mInvoice Processing[2m > [22m[2mshould process invoice with OCR
[22m[39m[INFO] [UnifiedWorkspace] Initializing Google Workspace authentication via utility...

stderr | test/financialGuardAgent.test.ts > FinancialGuardAgent > Invoice Processing > should process invoice with OCR
Google Token not found. User needs to authenticate.

[90mstdout[2m | test/financialGuardAgent.test.ts[2m > [22m[2mFinancialGuardAgent[2m > [22m[2mInvoice Processing[2m > [22m[2mshould process invoice with OCR
[22m[39m[INFO] [UnifiedWorkspace] Ôťů Google Workspace initialized successfully

stderr | test/financialGuardAgent.test.ts > FinancialGuardAgent > Invoice Processing > should process invoice with OCR
[ERROR] [UnifiedWorkspace] Failed to create spreadsheet: No access, refresh token, API key or refresh handler callback is set.

stderr | test/financialGuardAgent.test.ts > FinancialGuardAgent > Invoice Processing > should process invoice with OCR
[ERROR] [FinancialGuard] Sheets export failed: No access, refresh token, API key or refresh handler callback is set.

stderr | test/financialGuardAgent.test.ts > FinancialGuardAgent > Invoice Processing > should process invoice with OCR
[ERROR] [FinancialGuard] Invoice processing failed: No access, refresh token, API key or refresh handler callback is set.

[90mstdout[2m | test/financialGuardAgent.test.ts[2m > [22m[2mFinancialGuardAgent[2m > [22m[2mInvoice Processing[2m > [22m[2mshould process invoice with OCR
[22m[39m[STATUS] [FinancialGuard] idle

[90mstdout[2m | test/financialGuardAgent.test.ts[2m > [22m[2mFinancialGuardAgent[2m > [22m[2mInvoice Processing[2m > [22m[2mshould extract invoice data
[22m[39m[STATUS] [FinancialGuard] working - Processing invoice: {"pdfPath":"/invoices/test-invoice.pdf"}...
[INFO] [FinancialGuard] Starting invoice processing pipeline...
[INFO] [FinancialGuard] Processing PDF invoice: {"pdfPath":"/invoices/test-invoice.pdf"}
[INFO] [FinancialGuard] Extracting data from PDF: {"pdfPath":"/invoices/test-invoice.pdf"}

stderr | test/financialGuardAgent.test.ts > FinancialGuardAgent > Invoice Processing > should extract invoice data
[ERROR] [FinancialGuard] PDF extraction failed: ENOENT: no such file or directory, access 'F:\mcp-brunella-core\{"pdfPath":"\invoices\test-invoice.pdf"}'

[90mstdout[2m | test/financialGuardAgent.test.ts[2m > [22m[2mFinancialGuardAgent[2m > [22m[2mInvoice Processing[2m > [22m[2mshould extract invoice data
[22m[39m[INFO] [FinancialGuard] Processing PDF invoice: {"pdfPath":"/invoices/test-invoice.pdf"}
[INFO] [FinancialGuard] Extracting data from PDF: {"pdfPath":"/invoices/test-invoice.pdf"}

stderr | test/financialGuardAgent.test.ts > FinancialGuardAgent > Invoice Processing > should extract invoice data
[ERROR] [FinancialGuard] Invoice processing failed: Failed to extract invoice from PDF: ENOENT: no such file or directory, access 'F:\mcp-brunella-core\{"pdfPath":"\invoices\test-invoice.pdf"}'

stderr | test/financialGuardAgent.test.ts > FinancialGuardAgent > Invoice Processing > should extract invoice data
[ERROR] [FinancialGuard] PDF extraction failed: ENOENT: no such file or directory, access 'F:\mcp-brunella-core\{"pdfPath":"\invoices\test-invoice.pdf"}'

[90mstdout[2m | test/financialGuardAgent.test.ts[2m > [22m[2mFinancialGuardAgent[2m > [22m[2mInvoice Processing[2m > [22m[2mshould extract invoice data
[22m[39m[STATUS] [FinancialGuard] idle

[90mstdout[2m | test/financialGuardAgent.test.ts[2m > [22m[2mFinancialGuardAgent[2m > [22m[2mDuplicate Detection[2m > [22m[2mshould detect duplicate invoices
[22m[39m[STATUS] [FinancialGuard] working - Processing invoice: {"invoiceNumber":"INV-2026-001","amount":50000,"ve...
[INFO] [FinancialGuard] Starting invoice processing pipeline...

stderr | test/financialGuardAgent.test.ts > FinancialGuardAgent > Duplicate Detection > should detect duplicate invoices
[WARN] [FinancialGuard] Validation errors: Missing currency

[90mstdout[2m | test/financialGuardAgent.test.ts[2m > [22m[2mFinancialGuardAgent[2m > [22m[2mDuplicate Detection[2m > [22m[2mshould detect duplicate invoices
[22m[39m[INFO] [FinancialGuard] Ôťů Invoice processed: error, 1 alerts
[STATUS] [FinancialGuard] idle

[90mstdout[2m | test/financialGuardAgent.test.ts[2m > [22m[2mFinancialGuardAgent[2m > [22m[2mAnomaly Detection[2m > [22m[2mshould flag unusually high amounts
[22m[39m[STATUS] [FinancialGuard] working - Processing invoice: {"invoiceNumber":"INV-2026-999","amount":50000000,...
[INFO] [FinancialGuard] Starting invoice processing pipeline...

stderr | test/financialGuardAgent.test.ts > FinancialGuardAgent > Anomaly Detection > should flag unusually high amounts
[WARN] [FinancialGuard] Validation errors: Missing currency

[90mstdout[2m | test/financialGuardAgent.test.ts[2m > [22m[2mFinancialGuardAgent[2m > [22m[2mAnomaly Detection[2m > [22m[2mshould flag unusually high amounts
[22m[39m[INFO] [FinancialGuard] Ôťů Invoice processed: error, 1 alerts
[STATUS] [FinancialGuard] idle

[90mstdout[2m | test/financialGuardAgent.test.ts[2m > [22m[2mFinancialGuardAgent[2m > [22m[2mAnomaly Detection[2m > [22m[2mshould detect amount mismatches
[22m[39m[STATUS] [FinancialGuard] working - Processing invoice: {"invoiceNumber":"INV-TEST","amount":100000,"extra...
[INFO] [FinancialGuard] Starting invoice processing pipeline...

stderr | test/financialGuardAgent.test.ts > FinancialGuardAgent > Anomaly Detection > should detect amount mismatches
[WARN] [FinancialGuard] Validation errors: Missing vendor name, Missing currency

[90mstdout[2m | test/financialGuardAgent.test.ts[2m > [22m[2mFinancialGuardAgent[2m > [22m[2mAnomaly Detection[2m > [22m[2mshould detect amount mismatches
[22m[39m[INFO] [FinancialGuard] Ôťů Invoice processed: error, 1 alerts
[STATUS] [FinancialGuard] idle

[90mstdout[2m | test/financialGuardAgent.test.ts[2m > [22m[2mFinancialGuardAgent[2m > [22m[2mSheets Export[2m > [22m[2mshould provide Google Sheets export URL
[22m[39m[STATUS] [FinancialGuard] working - Processing invoice: {"invoiceNumber":"INV-EXPORT-TEST","amount":75000,...
[INFO] [FinancialGuard] Starting invoice processing pipeline...

stderr | test/financialGuardAgent.test.ts > FinancialGuardAgent > Sheets Export > should provide Google Sheets export URL
[WARN] [FinancialGuard] Validation errors: Missing currency

[90mstdout[2m | test/financialGuardAgent.test.ts[2m > [22m[2mFinancialGuardAgent[2m > [22m[2mSheets Export[2m > [22m[2mshould provide Google Sheets export URL
[22m[39m[INFO] [FinancialGuard] Ôťů Invoice processed: error, 1 alerts
[STATUS] [FinancialGuard] idle

[90mstdout[2m | test/financialGuardAgent.test.ts[2m > [22m[2mFinancialGuardAgent[2m > [22m[2mError Handling[2m > [22m[2mshould handle missing invoice data
[22m[39m[STATUS] [FinancialGuard] working - Processing invoice: {}...
[INFO] [FinancialGuard] Starting invoice processing pipeline...

stderr | test/financialGuardAgent.test.ts > FinancialGuardAgent > Error Handling > should handle missing invoice data
[WARN] [FinancialGuard] Validation errors: Missing invoice number, Missing or invalid amount, Missing vendor name, Missing currency

[90mstdout[2m | test/financialGuardAgent.test.ts[2m > [22m[2mFinancialGuardAgent[2m > [22m[2mError Handling[2m > [22m[2mshould handle missing invoice data
[22m[39m[INFO] [FinancialGuard] Ôťů Invoice processed: error, 1 alerts
[STATUS] [FinancialGuard] idle

[90mstdout[2m | test/financialGuardAgent.test.ts[2m > [22m[2mFinancialGuardAgent[2m > [22m[2mError Handling[2m > [22m[2mshould handle invalid amount
[22m[39m[STATUS] [FinancialGuard] working - Processing invoice: {"amount":"not a number"}...
[INFO] [FinancialGuard] Starting invoice processing pipeline...

stderr | test/financialGuardAgent.test.ts > FinancialGuardAgent > Error Handling > should handle invalid amount
[WARN] [FinancialGuard] Validation errors: Missing invoice number, Missing vendor name, Missing currency

[90mstdout[2m | test/financialGuardAgent.test.ts[2m > [22m[2mFinancialGuardAgent[2m > [22m[2mError Handling[2m > [22m[2mshould handle invalid amount
[22m[39m[INFO] [FinancialGuard] Ôťů Invoice processed: error, 1 alerts
[STATUS] [FinancialGuard] idle

 [32mÔťô[39m test/financialGuardAgent.test.ts [2m([22m[2m10 tests[22m[2m)[22m[32m 21[2mms[22m[39m
 [32mÔťô[39m test/responseFormatter.test.ts [2m([22m[2m14 tests[22m[2m)[22m[32m 19[2mms[22m[39m
[90mstdout[2m | test/phase6_evolution.test.ts[2m > [22m[2mEvolutionaryAgent[2m > [22m[2mshould mutate with prompt_tweak
[22m[39m[INFO] [EvolutionaryAgent] Mutation: prompt_tweak on genome-1-1774421437050 Ôćĺ genome-2-1774421437050

[90mstdout[2m | test/phase6_evolution.test.ts[2m > [22m[2mEvolutionaryAgent[2m > [22m[2mshould mutate with tool_add
[22m[39m[INFO] [EvolutionaryAgent] Mutation: tool_add on genome-1-1774421437052 Ôćĺ genome-2-1774421437052

[90mstdout[2m | test/phase6_evolution.test.ts[2m > [22m[2mEvolutionaryAgent[2m > [22m[2mshould mutate with tool_remove
[22m[39m[INFO] [EvolutionaryAgent] Mutation: tool_remove on genome-1-1774421437053 Ôćĺ genome-2-1774421437053

[90mstdout[2m | test/phase6_evolution.test.ts[2m > [22m[2mEvolutionaryAgent[2m > [22m[2mshould mutate with param_adjust
[22m[39m[INFO] [EvolutionaryAgent] Mutation: param_adjust on genome-1-1774421437053 Ôćĺ genome-2-1774421437053

[90mstdout[2m | test/phase6_evolution.test.ts[2m > [22m[2mEvolutionManager[2m > [22m[2mshould init population
[22m[39m[INFO] [EvolutionaryAgent] Mutation: tool_add on genome-1-1774421437055 Ôćĺ genome-2-1774421437055
[INFO] [EvolutionaryAgent] Mutation: param_adjust on genome-2-1774421437055 Ôćĺ genome-3-1774421437055
[INFO] [EvolutionaryAgent] Mutation: prompt_tweak on genome-3-1774421437055 Ôćĺ genome-4-1774421437055
[INFO] [EvolutionaryAgent] Mutation: tool_add on genome-4-1774421437055 Ôćĺ genome-5-1774421437055
[INFO] [EvolutionaryAgent] Mutation: param_adjust on genome-1-1774421437055 Ôćĺ genome-6-1774421437055
[INFO] [EvolutionManager] Population initialized for a1: 6 genomes

[90mstdout[2m | test/phase6_evolution.test.ts[2m > [22m[2mEvolutionManager[2m > [22m[2mshould evolve a generation
[22m[39m[INFO] [EvolutionaryAgent] Mutation: tool_add on genome-1-1774421437056 Ôćĺ genome-2-1774421437056
[INFO] [EvolutionaryAgent] Mutation: param_adjust on genome-1-1774421437056 Ôćĺ genome-3-1774421437056
[INFO] [EvolutionaryAgent] Mutation: prompt_tweak on genome-3-1774421437056 Ôćĺ genome-4-1774421437056
[INFO] [EvolutionaryAgent] Mutation: tool_add on genome-2-1774421437056 Ôćĺ genome-5-1774421437056
[INFO] [EvolutionaryAgent] Mutation: param_adjust on genome-5-1774421437056 Ôćĺ genome-6-1774421437056
[INFO] [EvolutionManager] Population initialized for a1: 6 genomes
[INFO] [EvolutionaryAgent] Mutation: prompt_tweak on genome-5-1774421437056 Ôćĺ genome-9-1774421437056
[INFO] [EvolutionaryAgent] Mutation: param_adjust on genome-6-1774421437056 Ôćĺ genome-10-1774421437056
[INFO] [EvolutionManager] Gen 1: best=0.600, avg=0.210

[90mstdout[2m | test/phase6_evolution.test.ts[2m > [22m[2mEvolutionManager[2m > [22m[2mshould track generation history
[22m[39m[INFO] [EvolutionaryAgent] Mutation: tool_add on genome-1-1774421437056 Ôćĺ genome-2-1774421437056
[INFO] [EvolutionaryAgent] Mutation: param_adjust on genome-1-1774421437056 Ôćĺ genome-3-1774421437056
[INFO] [EvolutionaryAgent] Mutation: prompt_tweak on genome-3-1774421437056 Ôćĺ genome-4-1774421437056
[INFO] [EvolutionaryAgent] Mutation: tool_add on genome-3-1774421437056 Ôćĺ genome-5-1774421437056
[INFO] [EvolutionaryAgent] Mutation: param_adjust on genome-2-1774421437056 Ôćĺ genome-6-1774421437056
[INFO] [EvolutionManager] Population initialized for a1: 6 genomes
[INFO] [EvolutionaryAgent] Mutation: param_adjust on genome-6-1774421437056 Ôćĺ genome-9-1774421437057
[INFO] [EvolutionManager] Gen 1: best=0.350, avg=0.150

[90mstdout[2m | test/phase6_evolution.test.ts[2m > [22m[2mEvolutionManager[2m > [22m[2mshould detect stop from fitness threshold
[22m[39m[INFO] [EvolutionaryAgent] Mutation: tool_add on genome-1-1774421437057 Ôćĺ genome-2-1774421437057
[INFO] [EvolutionaryAgent] Mutation: param_adjust on genome-2-1774421437057 Ôćĺ genome-3-1774421437057
[INFO] [EvolutionaryAgent] Mutation: prompt_tweak on genome-3-1774421437057 Ôćĺ genome-4-1774421437057
[INFO] [EvolutionaryAgent] Mutation: tool_add on genome-3-1774421437057 Ôćĺ genome-5-1774421437057
[INFO] [EvolutionaryAgent] Mutation: param_adjust on genome-5-1774421437057 Ôćĺ genome-6-1774421437057
[INFO] [EvolutionManager] Population initialized for a1: 6 genomes

[90mstdout[2m | test/phase6_evolution.test.ts[2m > [22m[2mEvolutionManager[2m > [22m[2mshould detect stop from max generations
[22m[39m[INFO] [EvolutionaryAgent] Mutation: tool_add on genome-1-1774421437057 Ôćĺ genome-2-1774421437057
[INFO] [EvolutionaryAgent] Mutation: param_adjust on genome-2-1774421437057 Ôćĺ genome-3-1774421437057
[INFO] [EvolutionaryAgent] Mutation: prompt_tweak on genome-3-1774421437057 Ôćĺ genome-4-1774421437057
[INFO] [EvolutionaryAgent] Mutation: tool_add on genome-4-1774421437057 Ôćĺ genome-5-1774421437057
[INFO] [EvolutionaryAgent] Mutation: param_adjust on genome-4-1774421437057 Ôćĺ genome-6-1774421437057
[INFO] [EvolutionManager] Population initialized for a1: 6 genomes
[INFO] [EvolutionaryAgent] Mutation: prompt_tweak on genome-6-1774421437057 Ôćĺ genome-9-1774421437058
[INFO] [EvolutionManager] Gen 1: best=0.200, avg=0.100
[INFO] [EvolutionaryAgent] Mutation: tool_remove on genome-9-1774421437058 Ôćĺ genome-12-1774421437058
[INFO] [EvolutionManager] Gen 2: best=0.260, avg=0.135
[INFO] [EvolutionaryAgent] Mutation: prompt_tweak on genome-12-1774421437058 Ôćĺ genome-14-1774421437058
[INFO] [EvolutionManager] Gen 3: best=0.320, avg=0.180
[INFO] [EvolutionaryAgent] Mutation: prompt_tweak on genome-9-1774421437058 Ôćĺ genome-16-1774421437058
[INFO] [EvolutionaryAgent] Mutation: prompt_tweak on genome-9-1774421437058 Ôćĺ genome-17-1774421437058
[INFO] [EvolutionManager] Gen 4: best=0.360, avg=0.189
[INFO] [EvolutionaryAgent] Mutation: tool_add on genome-15-1774421437058 Ôćĺ genome-18-1774421437058
[INFO] [EvolutionaryAgent] Mutation: param_adjust on genome-16-1774421437058 Ôćĺ genome-19-1774421437058
[INFO] [EvolutionManager] Gen 5: best=0.420, avg=0.233

[90mstdout[2m | test/phase6_evolution.test.ts[2m > [22m[2mEvolutionManager[2m > [22m[2mshould get best genome
[22m[39m[INFO] [EvolutionaryAgent] Mutation: tool_add on genome-1-1774421437058 Ôćĺ genome-2-1774421437058
[INFO] [EvolutionaryAgent] Mutation: param_adjust on genome-1-1774421437058 Ôćĺ genome-3-1774421437058
[INFO] [EvolutionaryAgent] Mutation: prompt_tweak on genome-2-1774421437058 Ôćĺ genome-4-1774421437058
[INFO] [EvolutionaryAgent] Mutation: tool_add on genome-4-1774421437058 Ôćĺ genome-5-1774421437058
[INFO] [EvolutionaryAgent] Mutation: param_adjust on genome-3-1774421437058 Ôćĺ genome-6-1774421437058
[INFO] [EvolutionManager] Population initialized for a1: 6 genomes

[90mstdout[2m | test/phase6_evolution.test.ts[2m > [22m[2mGeneticFlow[2m > [22m[2mshould seed a population
[22m[39m[INFO] [GeneticFlow] Population seeded for flow-1: 5 variants

[90mstdout[2m | test/phase6_evolution.test.ts[2m > [22m[2mGeneticFlow[2m > [22m[2mshould evaluate a variant
[22m[39m[INFO] [GeneticFlow] Population seeded for flow-1: 5 variants

[90mstdout[2m | test/phase6_evolution.test.ts[2m > [22m[2mGeneticFlow[2m > [22m[2mshould evolve to next generation
[22m[39m[INFO] [GeneticFlow] Population seeded for flow-1: 5 variants
[INFO] [GeneticFlow] Evolved generation for flow-1: 5 variants, best fitness=0.896

[90mstdout[2m | test/phase6_evolution.test.ts[2m > [22m[2mGeneticFlow[2m > [22m[2mshould detect goal reached
[22m[39m[INFO] [GeneticFlow] Population seeded for flow-1: 5 variants

[90mstdout[2m | test/phase6_evolution.test.ts[2m > [22m[2mGeneticFlow[2m > [22m[2mshould get best variant
[22m[39m[INFO] [GeneticFlow] Population seeded for flow-1: 5 variants

[90mstdout[2m | test/phase6_evolution.test.ts[2m > [22m[2mGeneticFlow[2m > [22m[2mshould return evaluations
[22m[39m[INFO] [GeneticFlow] Population seeded for flow-1: 5 variants

[90mstdout[2m | test/phase6_evolution.test.ts[2m > [22m[2mTopologyAI[2m > [22m[2mshould detect isolated nodes
[22m[39m[INFO] [TopologyAI] Analysis: 2 nodes, 0.5 links, 0 bottlenecks, 1 proposals

[90mstdout[2m | test/phase6_evolution.test.ts[2m > [22m[2mTopologyAI[2m > [22m[2mshould detect bottlenecks
[22m[39m[INFO] [TopologyAI] Analysis: 3 nodes, 2 links, 1 bottlenecks, 3 proposals

[90mstdout[2m | test/phase6_evolution.test.ts[2m > [22m[2mTopologyAI[2m > [22m[2mshould create proposals for isolated nodes
[22m[39m[INFO] [TopologyAI] Analysis: 2 nodes, 0 links, 0 bottlenecks, 2 proposals

[90mstdout[2m | test/phase6_evolution.test.ts[2m > [22m[2mTopologyAI[2m > [22m[2mshould apply add_link proposal
[22m[39m[INFO] [TopologyAI] Analysis: 2 nodes, 0 links, 0 bottlenecks, 2 proposals
[INFO] [TopologyAI] Proposal tp-1-1774421437064 applied: add_link

[90mstdout[2m | test/phase6_evolution.test.ts[2m > [22m[2mCollectiveMind[2m > [22m[2mshould submit perspectives
[22m[39m[INFO] [CollectiveMind] Perspective from a1 on "optimization": Use caching

[90mstdout[2m | test/phase6_evolution.test.ts[2m > [22m[2mCollectiveMind[2m > [22m[2mshould build consensus with agreement
[22m[39m[INFO] [CollectiveMind] Perspective from a1 on "caching": Enable redis caching
[INFO] [CollectiveMind] Perspective from a2 on "caching": Enable redis caching

[90mstdout[2m | test/phase6_evolution.test.ts[2m > [22m[2mCollectiveMind[2m > [22m[2mshould detect conflicting views
[22m[39m[INFO] [CollectiveMind] Perspective from a1 on "database": Use SQL for everything
[INFO] [CollectiveMind] Perspective from a2 on "database": Use NoSQL for flexibility

[90mstdout[2m | test/phase6_evolution.test.ts[2m > [22m[2mCollectiveMind[2m > [22m[2mshould filter by min confidence
[22m[39m[INFO] [CollectiveMind] Perspective from a1 on "perf": A
[INFO] [CollectiveMind] Perspective from a2 on "perf": B

[90mstdout[2m | test/phase6_evolution.test.ts[2m > [22m[2mCollectiveMind[2m > [22m[2mshould get by source and topic
[22m[39m[INFO] [CollectiveMind] Perspective from a1 on "test": A
[INFO] [CollectiveMind] Perspective from a2 on "test": B

[90mstdout[2m | test/phase6_evolution.test.ts[2m > [22m[2mCollectiveMind[2m > [22m[2mshould return stats
[22m[39m[INFO] [CollectiveMind] Perspective from a1 on "t1": A

[90mstdout[2m | test/phase6_evolution.test.ts[2m > [22m[2mMetaReasoner[2m > [22m[2mshould detect repeated failure pattern
[22m[39m[INFO] [MetaReasoner] Session mrs-1-1774421437069: analyzed 4 decisions, produced 1 insights

[90mstdout[2m | test/phase6_evolution.test.ts[2m > [22m[2mMetaReasoner[2m > [22m[2mshould generate recommendation for high success rate
[22m[39m[INFO] [MetaReasoner] Session mrs-1-1774421437069: analyzed 10 decisions, produced 1 insights

[90mstdout[2m | test/phase6_evolution.test.ts[2m > [22m[2mMetaReasoner[2m > [22m[2mshould track sessions
[22m[39m[INFO] [MetaReasoner] Session mrs-1-1774421437070: analyzed 1 decisions, produced 1 insights

[90mstdout[2m | test/phase6_evolution.test.ts[2m > [22m[2mMetaReasoner[2m > [22m[2mshould return stats
[22m[39m[INFO] [MetaReasoner] Session mrs-1-1774421437070: analyzed 1 decisions, produced 1 insights

[90mstdout[2m | test/phase6_evolution.test.ts[2m > [22m[2mUnifiedRuntime[2m > [22m[2mshould register and start workflow
[22m[39m[INFO] [UnifiedRuntime] Workflow registered: Shared Flow (wf-1)
[INFO] [UnifiedRuntime] Workflow started: Shared Flow

[90mstdout[2m | test/phase6_evolution.test.ts[2m > [22m[2mUnifiedRuntime[2m > [22m[2mshould complete workflow
[22m[39m[INFO] [UnifiedRuntime] Workflow registered: W (wf-1)
[INFO] [UnifiedRuntime] Workflow started: W

[90mstdout[2m | test/phase6_evolution.test.ts[2m > [22m[2mUnifiedRuntime[2m > [22m[2mshould list workflows by status
[22m[39m[INFO] [UnifiedRuntime] Workflow registered: A (wf-1)
[INFO] [UnifiedRuntime] Workflow registered: B (wf-2)
[INFO] [UnifiedRuntime] Workflow started: A

[90mstdout[2m | test/phase6_evolution.test.ts[2m > [22m[2mUnifiedRuntime[2m > [22m[2mshould handle sync request/response
[22m[39m[INFO] [UnifiedRuntime] Sync requested by brunella

[90mstdout[2m | test/phase6_evolution.test.ts[2m > [22m[2mUnifiedRuntime[2m > [22m[2mshould track events
[22m[39m[INFO] [UnifiedRuntime] Sync requested by paios

[90mstdout[2m | test/phase6_evolution.test.ts[2m > [22m[2mUnifiedRuntime[2m > [22m[2mshould return stats
[22m[39m[INFO] [UnifiedRuntime] Workflow registered: A (wf-1)
[INFO] [UnifiedRuntime] Workflow started: A

[90mstdout[2m | test/phase6_evolution.test.ts[2m > [22m[2mUnifiedRuntime[2m > [22m[2mshould not complete a non-active workflow
[22m[39m[INFO] [UnifiedRuntime] Workflow registered: A (wf-1)

 [32mÔťô[39m test/phase6_evolution.test.ts [2m([22m[2m51 tests[22m[2m)[22m[32m 28[2mms[22m[39m
[90mstdout[2m | test/userPreferences.test.ts[2m > [22m[2muserPreferences[2m > [22m[2mshould initialize schema via first save call
[22m[39m[INFO] [UserPreferences] User preferences t├íbla inicializ├ílva
[INFO] [UserPreferences] Preferencia mentve: [semantic] init-test

[90mstdout[2m | test/userPreferences.test.ts[2m > [22m[2muserPreferences[2m > [22m[2mshould save and query a preference
[22m[39m[INFO] [UserPreferences] Preferencia mentve: [semantic] language

[90mstdout[2m | test/userPreferences.test.ts[2m > [22m[2muserPreferences[2m > [22m[2mshould upsert on duplicate key
[22m[39m[INFO] [UserPreferences] Preferencia mentve: [semantic] theme
[INFO] [UserPreferences] Preferencia mentve: [semantic] theme

[90mstdout[2m | test/userPreferences.test.ts[2m > [22m[2muserPreferences[2m > [22m[2mshould filter by memory type
[22m[39m[INFO] [UserPreferences] Preferencia mentve: [episodic] session-note
[INFO] [UserPreferences] Preferencia mentve: [semantic] pref-lang

[90mstdout[2m | test/userPreferences.test.ts[2m > [22m[2muserPreferences[2m > [22m[2mshould delete a preference
[22m[39m[INFO] [UserPreferences] Preferencia mentve: [semantic] to-delete

[90mstdout[2m | test/userPreferences.test.ts[2m > [22m[2muserPreferences[2m > [22m[2mshould generate preference context string
[22m[39m[INFO] [UserPreferences] Preferencia mentve: [semantic] context-test

[90mstdout[2m | test/userPreferences.test.ts[2m > [22m[2muserPreferences[2m > [22m[2mshould return stats
[22m[39m[INFO] [UserPreferences] Preferencia mentve: [procedural] stats-test

 [32mÔťô[39m test/userPreferences.test.ts [2m([22m[2m8 tests[22m[2m)[22m[32m 27[2mms[22m[39m
 [32mÔťô[39m test/configSchema.test.ts [2m([22m[2m16 tests[22m[2m)[22m[32m 20[2mms[22m[39m
[90mstdout[2m | test/robotkez-pro/self-training-loop.test.ts[2m > [22m[2mSelfTrainingLoop[2m > [22m[2mshould escalate through strategies until success
[22m[39m[INFO] [SelfTrainingLoop] Starting task: "Test task"

[90mstdout[2m | test/robotkez-pro/self-training-loop.test.ts[2m > [22m[2mSelfTrainingLoop[2m > [22m[2mshould escalate through strategies until success
[22m[39m[INFO] [SelfTrainingLoop] [Pr├│b├ílkoz├ís 1/4] Strat├ęgia: DOM Check (Close Modals)

stderr | test/robotkez-pro/self-training-loop.test.ts > SelfTrainingLoop > should escalate through strategies until success
[WARN] [SelfTrainingLoop] ÔŁî Hiba a DOM Check (Close Modals) strat├ęgi├íval. Eszkal├íci├│...

[90mstdout[2m | test/robotkez-pro/self-training-loop.test.ts[2m > [22m[2mSelfTrainingLoop[2m > [22m[2mshould escalate through strategies until success
[22m[39m[INFO] [SelfTrainingLoop] [Pr├│b├ílkoz├ís 2/4] Strat├ęgia: Kinetic (Scroll and Retry)

[90mstdout[2m | test/robotkez-pro/self-training-loop.test.ts[2m > [22m[2mSelfTrainingLoop[2m > [22m[2mshould escalate through strategies until success
[22m[39m[INFO] [SelfTrainingLoop] [Pr├│b├ílkoz├ís 3/4] Strat├ęgia: Native Computer Use (Coordinate Click)

stderr | test/robotkez-pro/self-training-loop.test.ts > SelfTrainingLoop > should escalate through strategies until success
[WARN] [SelfTrainingLoop] ÔŁî Hiba a Kinetic (Scroll and Retry) strat├ęgi├íval. Eszkal├íci├│...

[90mstdout[2m | test/robotkez-pro/self-training-loop.test.ts[2m > [22m[2mSelfTrainingLoop[2m > [22m[2mshould escalate through strategies until success
[22m[39m[INFO] [SelfTrainingLoop] Ôťů Siker! Ezzel a strat├ęgi├íval: Native Computer Use (Coordinate Click)

[90mstdout[2m | test/robotkez-pro/self-training-loop.test.ts[2m > [22m[2mSelfTrainingLoop[2m > [22m[2mshould return false if all strategies fail
[22m[39m[INFO] [SelfTrainingLoop] Starting task: "Impossible task"

[90mstdout[2m | test/robotkez-pro/self-training-loop.test.ts[2m > [22m[2mSelfTrainingLoop[2m > [22m[2mshould return false if all strategies fail
[22m[39m[INFO] [SelfTrainingLoop] [Pr├│b├ílkoz├ís 1/4] Strat├ęgia: DOM Check (Close Modals)

stderr | test/robotkez-pro/self-training-loop.test.ts > SelfTrainingLoop > should return false if all strategies fail
[WARN] [SelfTrainingLoop] ÔŁî Hiba a DOM Check (Close Modals) strat├ęgi├íval. Eszkal├íci├│...

[90mstdout[2m | test/robotkez-pro/self-training-loop.test.ts[2m > [22m[2mSelfTrainingLoop[2m > [22m[2mshould return false if all strategies fail
[22m[39m[INFO] [SelfTrainingLoop] [Pr├│b├ílkoz├ís 2/4] Strat├ęgia: Kinetic (Scroll and Retry)

[90mstdout[2m | test/robotkez-pro/self-training-loop.test.ts[2m > [22m[2mSelfTrainingLoop[2m > [22m[2mshould return false if all strategies fail
[22m[39m[INFO] [SelfTrainingLoop] [Pr├│b├ílkoz├ís 3/4] Strat├ęgia: Native Computer Use (Coordinate Click)

stderr | test/robotkez-pro/self-training-loop.test.ts > SelfTrainingLoop > should return false if all strategies fail
[WARN] [SelfTrainingLoop] ÔŁî Hiba a Kinetic (Scroll and Retry) strat├ęgi├íval. Eszkal├íci├│...

[90mstdout[2m | test/robotkez-pro/self-training-loop.test.ts[2m > [22m[2mSelfTrainingLoop[2m > [22m[2mshould return false if all strategies fail
[22m[39m[INFO] [SelfTrainingLoop] [Pr├│b├ílkoz├ís 4/4] Strat├ęgia: Vision API Analysis

stderr | test/robotkez-pro/self-training-loop.test.ts > SelfTrainingLoop > should return false if all strategies fail
[WARN] [SelfTrainingLoop] ÔŁî Hiba a Native Computer Use (Coordinate Click) strat├ęgi├íval. Eszkal├íci├│...

stderr | test/robotkez-pro/self-training-loop.test.ts > SelfTrainingLoop > should return false if all strategies fail
[WARN] [SelfTrainingLoop] ÔŁî Hiba a Vision API Analysis strat├ęgi├íval. Eszkal├íci├│...
[ERROR] [SelfTrainingLoop] ­čĺą A feladat az ├Âsszes strat├ęgia ut├ín is sikertelen.

[90mstdout[2m | test/robotkez-pro/self-training-loop.test.ts[2m > [22m[2mSelfTrainingLoop[2m > [22m[2mshould use known strategy from memory if available
[22m[39m[INFO] [SelfTrainingLoop] Starting task: "Remembered task"

[90mstdout[2m | test/robotkez-pro/self-training-loop.test.ts[2m > [22m[2mSelfTrainingLoop[2m > [22m[2mshould use known strategy from memory if available
[22m[39m[INFO] [SelfTrainingLoop] Found known strategy in memory: Kinetic (Scroll and Retry)

[90mstdout[2m | test/robotkez-pro/self-training-loop.test.ts[2m > [22m[2mSelfTrainingLoop[2m > [22m[2mshould use known strategy from memory if available
[22m[39m[INFO] [SelfTrainingLoop] Task completed using known strategy.

 [32mÔťô[39m test/robotkez-pro/self-training-loop.test.ts [2m([22m[2m3 tests[22m[2m)[22m[32m 15[2mms[22m[39m
[90mstdout[2m | test/phase2_discovery_auth.test.ts[2m > [22m[2mMCPRouter[2m > [22m[2mshould register and retrieve a capability
[22m[39m[INFO] [McpDiscovery] Discovered 3 local MCP server(s)

[90mstdout[2m | test/phase2_discovery_auth.test.ts[2m > [22m[2mMCPRouter[2m > [22m[2mshould register and retrieve a capability
[22m[39m[INFO] [McpRouter] Registered capability: test-cap-1 (chat) from agent

[90mstdout[2m | test/phase2_discovery_auth.test.ts[2m > [22m[2mMCPRouter[2m > [22m[2mshould return undefined for unknown capability
[22m[39m[INFO] [McpRouter] Unregistered capability: test-cap-1

[90mstdout[2m | test/phase2_discovery_auth.test.ts[2m > [22m[2mMCPRouter[2m > [22m[2mshould unregister a capability
[22m[39m[INFO] [McpRouter] Registered capability: temp-cap (temp) from tool
[INFO] [McpRouter] Unregistered capability: temp-cap

[90mstdout[2m | test/phase2_discovery_auth.test.ts[2m > [22m[2mMCPRouter[2m > [22m[2mshould list all registered capabilities
[22m[39m[INFO] [McpRouter] Registered capability: cap-a (search) from agent
[INFO] [McpRouter] Registered capability: cap-b (browse) from tool

[90mstdout[2m | test/phase2_discovery_auth.test.ts[2m > [22m[2mMCPRouter[2m > [22m[2mshould filter capabilities by source
[22m[39m[INFO] [McpRouter] Unregistered capability: cap-a
[INFO] [McpRouter] Unregistered capability: cap-b

[90mstdout[2m | test/phase2_discovery_auth.test.ts[2m > [22m[2mMCPRouter[2m > [22m[2mshould filter capabilities by source
[22m[39m[INFO] [McpRouter] Registered capability: src-agent (run) from agent
[INFO] [McpRouter] Registered capability: src-tool (execute) from tool

[90mstdout[2m | test/phase2_discovery_auth.test.ts[2m > [22m[2mMCPRouter[2m > [22m[2mshould toggle capability availability
[22m[39m[INFO] [McpRouter] Unregistered capability: src-agent
[INFO] [McpRouter] Unregistered capability: src-tool

[90mstdout[2m | test/phase2_discovery_auth.test.ts[2m > [22m[2mMCPRouter[2m > [22m[2mshould toggle capability availability
[22m[39m[INFO] [McpRouter] Registered capability: toggle-cap (toggle) from agent
[INFO] [McpRouter] Capability toggle-cap availability: false
[INFO] [McpRouter] Capability toggle-cap availability: true

[90mstdout[2m | test/phase2_discovery_auth.test.ts[2m > [22m[2mMCPRouter[2m > [22m[2mshould register a RemoteTarget via registerTarget()
[22m[39m[INFO] [McpRouter] Unregistered capability: toggle-cap

[90mstdout[2m | test/phase2_discovery_auth.test.ts[2m > [22m[2mMCPRouter[2m > [22m[2mshould register a RemoteTarget via registerTarget()
[22m[39m[INFO] [McpRouter] Registered capability: rt-1 (translate) from mcp

[90mstdout[2m | test/phase2_discovery_auth.test.ts[2m > [22m[2mMCPRouter[2m > [22m[2mshould register and execute via executor
[22m[39m[INFO] [McpRouter] Unregistered capability: rt-1

[90mstdout[2m | test/phase2_discovery_auth.test.ts[2m > [22m[2mMCPRouter[2m > [22m[2mshould register and execute via executor
[22m[39m[INFO] [McpRouter] Registered capability: exec-cap (execute) from agent
[INFO] [McpRouter] Executor registered for capability: exec-cap

[90mstdout[2m | test/phase2_discovery_auth.test.ts[2m > [22m[2mMCPRouter[2m > [22m[2mshould throw when executing without registered executor
[22m[39m[INFO] [McpRouter] Unregistered capability: exec-cap

[90mstdout[2m | test/phase2_discovery_auth.test.ts[2m > [22m[2mMCPRouter[2m > [22m[2mshould throw when executing without registered executor
[22m[39m[INFO] [McpRouter] Registered capability: no-exec (noop) from agent

stderr | test/phase2_discovery_auth.test.ts > RemoteAuth > should generate a valid token
[WARN] [RemoteAuth] REMOTE_AUTH_SECRET not set ÔÇö using dev fallback. Set in production!

stderr | test/phase2_discovery_auth.test.ts > RemoteAuth > should verify a freshly generated token
[WARN] [RemoteAuth] REMOTE_AUTH_SECRET not set ÔÇö using dev fallback. Set in production!
[WARN] [RemoteAuth] REMOTE_AUTH_SECRET not set ÔÇö using dev fallback. Set in production!

stderr | test/phase2_discovery_auth.test.ts > RemoteAuth > should reject expired tokens
[WARN] [RemoteAuth] REMOTE_AUTH_SECRET not set ÔÇö using dev fallback. Set in production!
[WARN] [RemoteAuth] REMOTE_AUTH_SECRET not set ÔÇö using dev fallback. Set in production!

stderr | test/phase2_discovery_auth.test.ts > RemoteAuth > should reject tampered tokens
[WARN] [RemoteAuth] REMOTE_AUTH_SECRET not set ÔÇö using dev fallback. Set in production!
[WARN] [RemoteAuth] REMOTE_AUTH_SECRET not set ÔÇö using dev fallback. Set in production!

stderr | test/phase2_discovery_auth.test.ts > RemoteAuth > should produce different tokens for different users
[WARN] [RemoteAuth] REMOTE_AUTH_SECRET not set ÔÇö using dev fallback. Set in production!
[WARN] [RemoteAuth] REMOTE_AUTH_SECRET not set ÔÇö using dev fallback. Set in production!

stderr | test/phase2_discovery_auth.test.ts > RemoteAuth > should embed correct TTL in token
[WARN] [RemoteAuth] REMOTE_AUTH_SECRET not set ÔÇö using dev fallback. Set in production!
[WARN] [RemoteAuth] REMOTE_AUTH_SECRET not set ÔÇö using dev fallback. Set in production!

[90mstdout[2m | test/phase2_discovery_auth.test.ts[2m > [22m[2mE2E: Auth + Router Capability Flow[2m > [22m[2mshould auth Ôćĺ register capability Ôćĺ execute Ôćĺ validate full flow
[22m[39m[INFO] [McpRouter] Registered capability: e2e-cap (e2e_test) from agent
[INFO] [McpRouter] Executor registered for capability: e2e-cap

stderr | test/phase2_discovery_auth.test.ts > E2E: Auth + Router Capability Flow > should auth Ôćĺ register capability Ôćĺ execute Ôćĺ validate full flow
[WARN] [RemoteAuth] REMOTE_AUTH_SECRET not set ÔÇö using dev fallback. Set in production!
[WARN] [RemoteAuth] REMOTE_AUTH_SECRET not set ÔÇö using dev fallback. Set in production!

[90mstdout[2m | test/phase2_discovery_auth.test.ts[2m > [22m[2mE2E: Auth + Router Capability Flow[2m > [22m[2mshould auth Ôćĺ register capability Ôćĺ execute Ôćĺ validate full flow
[22m[39m[INFO] [McpRouter] Unregistered capability: e2e-cap

stderr | test/phase2_discovery_auth.test.ts > E2E: Auth + Router Capability Flow > should reject operation when auth token is invalid
[WARN] [RemoteAuth] REMOTE_AUTH_SECRET not set ÔÇö using dev fallback. Set in production!

[90mstdout[2m | test/phase2_discovery_auth.test.ts[2m > [22m[2mE2E: Auth + Router Capability Flow[2m > [22m[2mshould handle multiple capabilities with different sources
[22m[39m[INFO] [McpRouter] Registered capability: multi-1 (cap_0) from agent
[INFO] [McpRouter] Registered capability: multi-2 (cap_1) from tool
[INFO] [McpRouter] Registered capability: multi-3 (cap_2) from device
[INFO] [McpRouter] Unregistered capability: multi-1
[INFO] [McpRouter] Unregistered capability: multi-2
[INFO] [McpRouter] Unregistered capability: multi-3

 [32mÔťô[39m test/phase2_discovery_auth.test.ts [2m([22m[2m20 tests[22m[2m)[22m[32m 23[2mms[22m[39m
 [32mÔťô[39m test/ceanFallback.test.ts [2m([22m[2m1 test[22m[2m)[22m[32m 19[2mms[22m[39m
[90mstdout[2m | test/marketIntelAgent.test.ts
[22m[39m[INFO] [AIGateway] Ôťů AI Gateway v3.0 initialized: CF Workers AI (@cf/meta/llama-3.1-8b-instruct)

[90mstdout[2m | test/marketIntelAgent.test.ts
[22m[39m[INFO] [GlobalDb] Database opened: F:\mcp-brunella-core\data\brunella.db
[INFO] [GlobalDb] Schema initialized
[INFO] [StructuredMemory] Structured memory DB initialized

[90mstdout[2m | test/marketIntelAgent.test.ts
[22m[39m[INFO] [EventBus] Singleton connected to F:\mcp-brunella-core\data\brunella.db

[90mstdout[2m | test/marketIntelAgent.test.ts
[22m[39m[INFO] [SwarmManager] Colony created: Triad (triad-default)
[INFO] [System] Triad colony initialized: researcher, DataScientist, Developer

[90mstdout[2m | test/marketIntelAgent.test.ts[2m > [22m[2mMarketIntelAgent[2m > [22m[2mPrice Tracking[2m > [22m[2mshould track competitor prices
[22m[39m[STATUS] [MarketIntel] working - Piaci h├şrszerz├ęs: {"competitors":["CompetitorA","CompetitorB"],"prod...
[INFO] [MarketIntel] Piaci elemz├ęs ind├şt├ísa...
[INFO] [MarketIntel] Elemz├ęs: SaaS, 2 versenyt├írs
[INFO] [MarketIntel] Test mode: using simulated competitor prices (skip RobotkezV2).

[90mstdout[2m | test/marketIntelAgent.test.ts[2m > [22m[2mMarketIntelAgent[2m > [22m[2mPrice Tracking[2m > [22m[2mshould track competitor prices
[22m[39m[INFO] [MarketIntel] Ôťů Piaci elemz├ęs k├ęsz: 6 ├ír k├Âvetve
[STATUS] [MarketIntel] idle

[90mstdout[2m | test/marketIntelAgent.test.ts[2m > [22m[2mMarketIntelAgent[2m > [22m[2mPrice Tracking[2m > [22m[2mshould detect price changes
[22m[39m[STATUS] [MarketIntel] working - Piaci h├şrszerz├ęs: {"competitors":["CompetitorC"],"productCategory":"...
[INFO] [MarketIntel] Piaci elemz├ęs ind├şt├ísa...
[INFO] [MarketIntel] Elemz├ęs: Cloud Hosting, 1 versenyt├írs
[INFO] [MarketIntel] Test mode: using simulated competitor prices (skip RobotkezV2).

[90mstdout[2m | test/marketIntelAgent.test.ts[2m > [22m[2mMarketIntelAgent[2m > [22m[2mPrice Tracking[2m > [22m[2mshould detect price changes
[22m[39m[INFO] [MarketIntel] Ôťů Piaci elemz├ęs k├ęsz: 3 ├ír k├Âvetve
[STATUS] [MarketIntel] idle

[90mstdout[2m | test/marketIntelAgent.test.ts[2m > [22m[2mMarketIntelAgent[2m > [22m[2mTrend Analysis[2m > [22m[2mshould identify market trends
[22m[39m[STATUS] [MarketIntel] working - Piaci h├şrszerz├ęs: {"competitors":["CompetitorA","CompetitorB"],"prod...
[INFO] [MarketIntel] Piaci elemz├ęs ind├şt├ísa...
[INFO] [MarketIntel] Elemz├ęs: SaaS, 2 versenyt├írs
[INFO] [MarketIntel] Test mode: using simulated competitor prices (skip RobotkezV2).

[90mstdout[2m | test/marketIntelAgent.test.ts[2m > [22m[2mMarketIntelAgent[2m > [22m[2mTrend Analysis[2m > [22m[2mshould identify market trends
[22m[39m[INFO] [MarketIntel] Ôťů Piaci elemz├ęs k├ęsz: 6 ├ír k├Âvetve
[STATUS] [MarketIntel] idle

[90mstdout[2m | test/marketIntelAgent.test.ts[2m > [22m[2mMarketIntelAgent[2m > [22m[2mAlert System[2m > [22m[2mshould generate alerts for significant changes
[22m[39m[STATUS] [MarketIntel] working - Piaci h├şrszerz├ęs: {"competitors":["CompetitorX"],"productCategory":"...
[INFO] [MarketIntel] Piaci elemz├ęs ind├şt├ísa...
[INFO] [MarketIntel] Elemz├ęs: Enterprise Software, 1 versenyt├írs
[INFO] [MarketIntel] Test mode: using simulated competitor prices (skip RobotkezV2).

[90mstdout[2m | test/marketIntelAgent.test.ts[2m > [22m[2mMarketIntelAgent[2m > [22m[2mAlert System[2m > [22m[2mshould generate alerts for significant changes
[22m[39m[INFO] [MarketIntel] Ôťů Piaci elemz├ęs k├ęsz: 3 ├ír k├Âvetve
[STATUS] [MarketIntel] idle

[90mstdout[2m | test/marketIntelAgent.test.ts[2m > [22m[2mMarketIntelAgent[2m > [22m[2mError Handling[2m > [22m[2mshould handle empty competitor list
[22m[39m[STATUS] [MarketIntel] working - Piaci h├şrszerz├ęs: {"competitors":[],"productCategory":"software lice...
[INFO] [MarketIntel] Piaci elemz├ęs ind├şt├ísa...
[INFO] [MarketIntel] Elemz├ęs: software licenses, 0 versenyt├írs
[INFO] [MarketIntel] Test mode: using simulated competitor prices (skip RobotkezV2).

[90mstdout[2m | test/marketIntelAgent.test.ts[2m > [22m[2mMarketIntelAgent[2m > [22m[2mError Handling[2m > [22m[2mshould handle empty competitor list
[22m[39m[INFO] [MarketIntel] Ôťů Piaci elemz├ęs k├ęsz: 9 ├ír k├Âvetve
[STATUS] [MarketIntel] idle

 [32mÔťô[39m test/marketIntelAgent.test.ts [2m([22m[2m7 tests[22m[2m)[22m[32m 12[2mms[22m[39m
[90mstdout[2m | test/agentTracer.test.ts[2m > [22m[2magentTracer[2m > [22m[2mstartSpan / endSpan[2m > [22m[2mcreates a span with unique traceId and spanId
[22m[39m[INFO] [AgentTracer] [SPAN START] Developer::execute (trace=e81ae43f, span=9294c321)

[90mstdout[2m | test/agentTracer.test.ts[2m > [22m[2magentTracer[2m > [22m[2mstartSpan / endSpan[2m > [22m[2mendSpan sets duration, status, and endTime
[22m[39m[INFO] [AgentTracer] [SPAN START] Developer::execute (trace=3102dd46, span=caa6fa54)
[INFO] [AgentTracer] [SPAN END] Developer::execute success (0ms)

[90mstdout[2m | test/agentTracer.test.ts[2m > [22m[2magentTracer[2m > [22m[2mstartSpan / endSpan[2m > [22m[2mendSpan records error details
[22m[39m[INFO] [AgentTracer] [SPAN START] Developer::execute (trace=cee998e5, span=3c0afb98)
[INFO] [AgentTracer] [SPAN END] Developer::execute error (0ms)

[90mstdout[2m | test/agentTracer.test.ts[2m > [22m[2magentTracer[2m > [22m[2mstartSpan / endSpan[2m > [22m[2mendSpan attaches token usage (RULE-OB3)
[22m[39m[INFO] [AgentTracer] [SPAN START] LLM::llm_call (trace=4e91d7ad, span=039105f9)
[INFO] [AgentTracer] [SPAN END] LLM::llm_call success (1ms)

[90mstdout[2m | test/agentTracer.test.ts[2m > [22m[2magentTracer[2m > [22m[2mstartSpan / endSpan[2m > [22m[2mspan creation < 2ms (performance)
[22m[39m[INFO] [AgentTracer] [SPAN START] Perf::test (trace=4daef65c, span=b314b1e2)
[INFO] [AgentTracer] [SPAN END] Perf::test success (0ms)
[INFO] [AgentTracer] [SPAN START] Perf::test (trace=7df0149b, span=b88a9390)
[INFO] [AgentTracer] [SPAN END] Perf::test success (0ms)
[INFO] [AgentTracer] [SPAN START] Perf::test (trace=3bbca511, span=a5638435)
[INFO] [AgentTracer] [SPAN END] Perf::test success (0ms)
[INFO] [AgentTracer] [SPAN START] Perf::test (trace=5bdcdb3c, span=1ff0c6d4)
[INFO] [AgentTracer] [SPAN END] Perf::test success (0ms)
[INFO] [AgentTracer] [SPAN START] Perf::test (trace=3b7ba0c4, span=2e4b4842)
[INFO] [AgentTracer] [SPAN END] Perf::test success (1ms)
[INFO] [AgentTracer] [SPAN START] Perf::test (trace=3742d8e7, span=a1aa01f5)
[INFO] [AgentTracer] [SPAN END] Perf::test success (0ms)
[INFO] [AgentTracer] [SPAN START] Perf::test (trace=7e6d7716, span=3a77f400)
[INFO] [AgentTracer] [SPAN END] Perf::test success (0ms)
[INFO] [AgentTracer] [SPAN START] Perf::test (trace=97e85d97, span=82da79fc)
[INFO] [AgentTracer] [SPAN END] Perf::test success (0ms)
[INFO] [AgentTracer] [SPAN START] Perf::test (trace=59c0d6df, span=78cf9223)
[INFO] [AgentTracer] [SPAN END] Perf::test success (0ms)
[INFO] [AgentTracer] [SPAN START] Perf::test (trace=21997921, span=548f8d5a)
[INFO] [AgentTracer] [SPAN END] Perf::test success (0ms)
[INFO] [AgentTracer] [SPAN START] Perf::test (trace=b1dd3903, span=6a68ebf3)
[INFO] [AgentTracer] [SPAN END] Perf::test success (0ms)
[INFO] [AgentTracer] [SPAN START] Perf::test (trace=6699b4f3, span=7af50ae4)
[INFO] [AgentTracer] [SPAN END] Perf::test success (0ms)
[INFO] [AgentTracer] [SPAN START] Perf::test (trace=0e19068b, span=d15d0f3e)
[INFO] [AgentTracer] [SPAN END] Perf::test success (0ms)
[INFO] [AgentTracer] [SPAN START] Perf::test (trace=a169ffce, span=ba37f0a3)
[INFO] [AgentTracer] [SPAN END] Perf::test success (0ms)
[INFO] [AgentTracer] [SPAN START] Perf::test (trace=9b7244ea, span=f978320a)
[INFO] [AgentTracer] [SPAN END] Perf::test success (0ms)
[INFO] [AgentTracer] [SPAN START] Perf::test (trace=d205ae7c, span=76467922)
[INFO] [AgentTracer] [SPAN END] Perf::test success (0ms)
[INFO] [AgentTracer] [SPAN START] Perf::test (trace=1d50b23f, span=f29797d3)
[INFO] [AgentTracer] [SPAN END] Perf::test success (0ms)
[INFO] [AgentTracer] [SPAN START] Perf::test (trace=5c4ff646, span=0c2796b2)
[INFO] [AgentTracer] [SPAN END] Perf::test success (0ms)
[INFO] [AgentTracer] [SPAN START] Perf::test (trace=65d8950f, span=b410f0ed)
[INFO] [AgentTracer] [SPAN END] Perf::test success (0ms)
[INFO] [AgentTracer] [SPAN START] Perf::test (trace=bceff2bc, span=b44b9d30)
[INFO] [AgentTracer] [SPAN END] Perf::test success (0ms)
[INFO] [AgentTracer] [SPAN START] Perf::test (trace=091dbbff, span=2430faa8)
[INFO] [AgentTracer] [SPAN END] Perf::test success (0ms)
[INFO] [AgentTracer] [SPAN START] Perf::test (trace=87b2b6f1, span=f0a6d69d)
[INFO] [AgentTracer] [SPAN END] Perf::test success (0ms)
[INFO] [AgentTracer] [SPAN START] Perf::test (trace=effa380d, span=4d4a086e)
[INFO] [AgentTracer] [SPAN END] Perf::test success (0ms)
[INFO] [AgentTracer] [SPAN START] Perf::test (trace=0666c70e, span=31e0f533)
[INFO] [AgentTracer] [SPAN END] Perf::test success (0ms)
[INFO] [AgentTracer] [SPAN START] Perf::test (trace=13a94b0f, span=44ecb739)
[INFO] [AgentTracer] [SPAN END] Perf::test success (0ms)
[INFO] [AgentTracer] [SPAN START] Perf::test (trace=38c4360d, span=9a44486b)
[INFO] [AgentTracer] [SPAN END] Perf::test success (0ms)
[INFO] [AgentTracer] [SPAN START] Perf::test (trace=d1dbc10e, span=6e593960)
[INFO] [AgentTracer] [SPAN END] Perf::test success (0ms)
[INFO] [AgentTracer] [SPAN START] Perf::test (trace=a9be45fb, span=b82c7795)
[INFO] [AgentTracer] [SPAN END] Perf::test success (0ms)
[INFO] [AgentTracer] [SPAN START] Perf::test (trace=c5162e48, span=2f4c405a)
[INFO] [AgentTracer] [SPAN END] Perf::test success (0ms)
[INFO] [AgentTracer] [SPAN START] Perf::test (trace=dd1ee492, span=4bc9f6fe)
[INFO] [AgentTracer] [SPAN END] Perf::test success (0ms)
[INFO] [AgentTracer] [SPAN START] Perf::test (trace=d630f632, span=69225ca3)
[INFO] [AgentTracer] [SPAN END] Perf::test success (0ms)
[INFO] [AgentTracer] [SPAN START] Perf::test (trace=f953f1b7, span=d2598200)
[INFO] [AgentTracer] [SPAN END] Perf::test success (0ms)
[INFO] [AgentTracer] [SPAN START] Perf::test (trace=f49972b4, span=9eaabf2b)
[INFO] [AgentTracer] [SPAN END] Perf::test success (0ms)
[INFO] [AgentTracer] [SPAN START] Perf::test (trace=2a98505b, span=72a3effa)
[INFO] [AgentTracer] [SPAN END] Perf::test success (0ms)
[INFO] [AgentTracer] [SPAN START] Perf::test (trace=fea669c9, span=e43a439d)
[INFO] [AgentTracer] [SPAN END] Perf::test success (0ms)
[INFO] [AgentTracer] [SPAN START] Perf::test (trace=36acc1f3, span=920294dd)
[INFO] [AgentTracer] [SPAN END] Perf::test success (0ms)
[INFO] [AgentTracer] [SPAN START] Perf::test (trace=e72acaae, span=8e8ce58d)
[INFO] [AgentTracer] [SPAN END] Perf::test success (1ms)
[INFO] [AgentTracer] [SPAN START] Perf::test (trace=f2969595, span=a814affc)
[INFO] [AgentTracer] [SPAN END] Perf::test success (0ms)
[INFO] [AgentTracer] [SPAN START] Perf::test (trace=54e0ad3f, span=08eb877c)
[INFO] [AgentTracer] [SPAN END] Perf::test success (0ms)
[INFO] [AgentTracer] [SPAN START] Perf::test (trace=e478ae92, span=609d5b5e)
[INFO] [AgentTracer] [SPAN END] Perf::test success (0ms)
[INFO] [AgentTracer] [SPAN START] Perf::test (trace=631f79af, span=c50736fd)
[INFO] [AgentTracer] [SPAN END] Perf::test success (0ms)
[INFO] [AgentTracer] [SPAN START] Perf::test (trace=479b1485, span=58c42da1)
[INFO] [AgentTracer] [SPAN END] Perf::test success (0ms)
[INFO] [AgentTracer] [SPAN START] Perf::test (trace=4906271e, span=15820dc9)
[INFO] [AgentTracer] [SPAN END] Perf::test success (0ms)
[INFO] [AgentTracer] [SPAN START] Perf::test (trace=cebaf272, span=54bce4c5)
[INFO] [AgentTracer] [SPAN END] Perf::test success (0ms)
[INFO] [AgentTracer] [SPAN START] Perf::test (trace=72ca1422, span=daec3b9e)
[INFO] [AgentTracer] [SPAN END] Perf::test success (0ms)
[INFO] [AgentTracer] [SPAN START] Perf::test (trace=5ddc6c98, span=a9051957)
[INFO] [AgentTracer] [SPAN END] Perf::test success (0ms)
[INFO] [AgentTracer] [SPAN START] Perf::test (trace=02c46da7, span=022984e8)
[INFO] [AgentTracer] [SPAN END] Perf::test success (0ms)
[INFO] [AgentTracer] [SPAN START] Perf::test (trace=df8d0fda, span=9c08d434)
[INFO] [AgentTracer] [SPAN END] Perf::test success (0ms)
[INFO] [AgentTracer] [SPAN START] Perf::test (trace=ce97602f, span=9d483da6)
[INFO] [AgentTracer] [SPAN END] Perf::test success (0ms)
[INFO] [AgentTracer] [SPAN START] Perf::test (trace=955f83c9, span=75bbb866)
[INFO] [AgentTracer] [SPAN END] Perf::test success (0ms)
[INFO] [AgentTracer] [SPAN START] Perf::test (trace=644c36ca, span=653d6b2e)
[INFO] [AgentTracer] [SPAN END] Perf::test success (0ms)
[INFO] [AgentTracer] [SPAN START] Perf::test (trace=9b8beaf6, span=188b19c4)
[INFO] [AgentTracer] [SPAN END] Perf::test success (0ms)
[INFO] [AgentTracer] [SPAN START] Perf::test (trace=26a1e36d, span=a07355ce)
[INFO] [AgentTracer] [SPAN END] Perf::test success (0ms)
[INFO] [AgentTracer] [SPAN START] Perf::test (trace=6683475d, span=7bc5713d)
[INFO] [AgentTracer] [SPAN END] Perf::test success (0ms)
[INFO] [AgentTracer] [SPAN START] Perf::test (trace=0409b95d, span=521a423f)
[INFO] [AgentTracer] [SPAN END] Perf::test success (0ms)
[INFO] [AgentTracer] [SPAN START] Perf::test (trace=999044ef, span=fed42aba)
[INFO] [AgentTracer] [SPAN END] Perf::test success (0ms)
[INFO] [AgentTracer] [SPAN START] Perf::test (trace=27ee85b7, span=1e1694e2)
[INFO] [AgentTracer] [SPAN END] Perf::test success (0ms)
[INFO] [AgentTracer] [SPAN START] Perf::test (trace=5b37eb35, span=e972b10d)
[INFO] [AgentTracer] [SPAN END] Perf::test success (0ms)
[INFO] [AgentTracer] [SPAN START] Perf::test (trace=49f64e88, span=c7bf2f8c)
[INFO] [AgentTracer] [SPAN END] Perf::test success (0ms)
[INFO] [AgentTracer] [SPAN START] Perf::test (trace=b88220b5, span=fc2064e5)
[INFO] [AgentTracer] [SPAN END] Perf::test success (0ms)
[INFO] [AgentTracer] [SPAN START] Perf::test (trace=ea68a6dd, span=f09f41e3)
[INFO] [AgentTracer] [SPAN END] Perf::test success (0ms)
[INFO] [AgentTracer] [SPAN START] Perf::test (trace=e006910c, span=9f9c1c2f)
[INFO] [AgentTracer] [SPAN END] Perf::test success (0ms)
[INFO] [AgentTracer] [SPAN START] Perf::test (trace=a6312f01, span=951e4577)
[INFO] [AgentTracer] [SPAN END] Perf::test success (0ms)
[INFO] [AgentTracer] [SPAN START] Perf::test (trace=b638f4a8, span=5d4f6476)
[INFO] [AgentTracer] [SPAN END] Perf::test success (0ms)
[INFO] [AgentTracer] [SPAN START] Perf::test (trace=78100dc0, span=6b85a848)
[INFO] [AgentTracer] [SPAN END] Perf::test success (0ms)
[INFO] [AgentTracer] [SPAN START] Perf::test (trace=8d186f70, span=59f18a3b)
[INFO] [AgentTracer] [SPAN END] Perf::test success (0ms)
[INFO] [AgentTracer] [SPAN START] Perf::test (trace=626fc37b, span=e5793899)
[INFO] [AgentTracer] [SPAN END] Perf::test success (0ms)
[INFO] [AgentTracer] [SPAN START] Perf::test (trace=fdbf0e9c, span=facc525d)
[INFO] [AgentTracer] [SPAN END] Perf::test success (0ms)
[INFO] [AgentTracer] [SPAN START] Perf::test (trace=23258762, span=3649b6a9)
[INFO] [AgentTracer] [SPAN END] Perf::test success (0ms)
[INFO] [AgentTracer] [SPAN START] Perf::test (trace=2591b054, span=fe984768)
[INFO] [AgentTracer] [SPAN END] Perf::test success (0ms)
[INFO] [AgentTracer] [SPAN START] Perf::test (trace=041a55df, span=b54e7de0)
[INFO] [AgentTracer] [SPAN END] Perf::test success (0ms)
[INFO] [AgentTracer] [SPAN START] Perf::test (trace=42a574bb, span=233e7e1f)
[INFO] [AgentTracer] [SPAN END] Perf::test success (0ms)
[INFO] [AgentTracer] [SPAN START] Perf::test (trace=7e6f4f24, span=8c8b0f45)
[INFO] [AgentTracer] [SPAN END] Perf::test success (0ms)
[INFO] [AgentTracer] [SPAN START] Perf::test (trace=a1a3d828, span=a4a8b1af)
[INFO] [AgentTracer] [SPAN END] Perf::test success (0ms)
[INFO] [AgentTracer] [SPAN START] Perf::test (trace=7330e56f, span=a7c2063a)
[INFO] [AgentTracer] [SPAN END] Perf::test success (0ms)
[INFO] [AgentTracer] [SPAN START] Perf::test (trace=c756e495, span=fa6b8acd)
[INFO] [AgentTracer] [SPAN END] Perf::test success (0ms)
[INFO] [AgentTracer] [SPAN START] Perf::test (trace=71c8dba4, span=9c36c701)
[INFO] [AgentTracer] [SPAN END] Perf::test success (0ms)
[INFO] [AgentTracer] [SPAN START] Perf::test (trace=cab77bdd, span=15a40ed4)
[INFO] [AgentTracer] [SPAN END] Perf::test success (0ms)
[INFO] [AgentTracer] [SPAN START] Perf::test (trace=6d18687f, span=416feaf2)
[INFO] [AgentTracer] [SPAN END] Perf::test success (0ms)
[INFO] [AgentTracer] [SPAN START] Perf::test (trace=23d6c298, span=34718fe9)
[INFO] [AgentTracer] [SPAN END] Perf::test success (0ms)
[INFO] [AgentTracer] [SPAN START] Perf::test (trace=3a9630f0, span=9f3cb0e7)
[INFO] [AgentTracer] [SPAN END] Perf::test success (0ms)
[INFO] [AgentTracer] [SPAN START] Perf::test (trace=df696a8c, span=0cae3449)
[INFO] [AgentTracer] [SPAN END] Perf::test success (0ms)
[INFO] [AgentTracer] [SPAN START] Perf::test (trace=345c43ca, span=1c11b54f)
[INFO] [AgentTracer] [SPAN END] Perf::test success (0ms)
[INFO] [AgentTracer] [SPAN START] Perf::test (trace=868a0733, span=85106d3f)
[INFO] [AgentTracer] [SPAN END] Perf::test success (0ms)
[INFO] [AgentTracer] [SPAN START] Perf::test (trace=4b0f3065, span=07a076e8)
[INFO] [AgentTracer] [SPAN END] Perf::test success (0ms)
[INFO] [AgentTracer] [SPAN START] Perf::test (trace=e705fdc5, span=ac585710)
[INFO] [AgentTracer] [SPAN END] Perf::test success (0ms)
[INFO] [AgentTracer] [SPAN START] Perf::test (trace=f7b3f5cf, span=dad67298)
[INFO] [AgentTracer] [SPAN END] Perf::test success (0ms)
[INFO] [AgentTracer] [SPAN START] Perf::test (trace=5c4832db, span=fde2298f)
[INFO] [AgentTracer] [SPAN END] Perf::test success (0ms)
[INFO] [AgentTracer] [SPAN START] Perf::test (trace=1f1d2c36, span=25f6adcf)
[INFO] [AgentTracer] [SPAN END] Perf::test success (0ms)
[INFO] [AgentTracer] [SPAN START] Perf::test (trace=907bf5de, span=88621df8)
[INFO] [AgentTracer] [SPAN END] Perf::test success (0ms)
[INFO] [AgentTracer] [SPAN START] Perf::test (trace=cc33f635, span=087aa64d)
[INFO] [AgentTracer] [SPAN END] Perf::test success (0ms)
[INFO] [AgentTracer] [SPAN START] Perf::test (trace=54c3ccfc, span=4ffa4a72)
[INFO] [AgentTracer] [SPAN END] Perf::test success (0ms)
[INFO] [AgentTracer] [SPAN START] Perf::test (trace=f41fe33b, span=0e802547)
[INFO] [AgentTracer] [SPAN END] Perf::test success (0ms)
[INFO] [AgentTracer] [SPAN START] Perf::test (trace=543c9f81, span=0211fd3c)
[INFO] [AgentTracer] [SPAN END] Perf::test success (0ms)
[INFO] [AgentTracer] [SPAN START] Perf::test (trace=48cba6e9, span=57ed7d1d)
[INFO] [AgentTracer] [SPAN END] Perf::test success (0ms)
[INFO] [AgentTracer] [SPAN START] Perf::test (trace=15f88b57, span=a04d845c)
[INFO] [AgentTracer] [SPAN END] Perf::test success (0ms)
[INFO] [AgentTracer] [SPAN START] Perf::test (trace=805579d6, span=61471752)
[INFO] [AgentTracer] [SPAN END] Perf::test success (0ms)
[INFO] [AgentTracer] [SPAN START] Perf::test (trace=42812943, span=87fcea84)
[INFO] [AgentTracer] [SPAN END] Perf::test success (0ms)
[INFO] [AgentTracer] [SPAN START] Perf::test (trace=0431078f, span=c44a9b58)
[INFO] [AgentTracer] [SPAN END] Perf::test success (0ms)
[INFO] [AgentTracer] [SPAN START] Perf::test (trace=37bbc1be, span=f21b1b43)
[INFO] [AgentTracer] [SPAN END] Perf::test success (0ms)

[90mstdout[2m | test/agentTracer.test.ts[2m > [22m[2magentTracer[2m > [22m[2mparent-child spans[2m > [22m[2mchild span inherits traceId from parent context
[22m[39m[INFO] [AgentTracer] [SPAN START] Orchestrator::plan (trace=b3632e78, span=25c28bc0)
[INFO] [AgentTracer] [SPAN START] Developer::execute (trace=b3632e78, span=8faa30f6)

[90mstdout[2m | test/agentTracer.test.ts[2m > [22m[2magentTracer[2m > [22m[2mparent-child spans[2m > [22m[2mgetTraceSpans returns both parent and child
[22m[39m[INFO] [AgentTracer] [SPAN START] Orchestrator::plan (trace=0750e58c, span=a0502012)
[INFO] [AgentTracer] [SPAN START] Developer::execute (trace=0750e58c, span=f3f30a81)
[INFO] [AgentTracer] [SPAN END] Developer::execute success (0ms)
[INFO] [AgentTracer] [SPAN END] Orchestrator::plan success (0ms)

[90mstdout[2m | test/agentTracer.test.ts[2m > [22m[2magentTracer[2m > [22m[2mtraceAgentExecution[2m > [22m[2mreturns span, context, and end helper
[22m[39m[INFO] [AgentTracer] [SPAN START] Evaluator::execute (trace=e4a101ab, span=94d3d6c1)
[INFO] [AgentTracer] [SPAN END] Evaluator::execute success (1ms)

[90mstdout[2m | test/agentTracer.test.ts[2m > [22m[2magentTracer[2m > [22m[2mtraceAgentExecution[2m > [22m[2msupports parent context for delegation chain
[22m[39m[INFO] [AgentTracer] [SPAN START] Orchestrator::execute (trace=9b58fa0d, span=4c0cf667)
[INFO] [AgentTracer] [SPAN START] Developer::execute (trace=9b58fa0d, span=730d7cf9)
[INFO] [AgentTracer] [SPAN END] Developer::execute success (0ms)
[INFO] [AgentTracer] [SPAN END] Orchestrator::execute success (0ms)

[90mstdout[2m | test/agentTracer.test.ts[2m > [22m[2magentTracer[2m > [22m[2mtraceLLMCall[2m > [22m[2mcreates LLM span with model metadata
[22m[39m[INFO] [AgentTracer] [SPAN START] Developer::llm_call (trace=ad4472aa, span=4c6a952e)
[INFO] [AgentTracer] [SPAN END] Developer::llm_call success (0ms)

[90mstdout[2m | test/agentTracer.test.ts[2m > [22m[2magentTracer[2m > [22m[2mquery functions[2m > [22m[2mgetRecentSpans returns completed spans in reverse order
[22m[39m[INFO] [AgentTracer] [SPAN START] A::op1 (trace=9342a9de, span=acd67c20)
[INFO] [AgentTracer] [SPAN END] A::op1 success (0ms)
[INFO] [AgentTracer] [SPAN START] B::op2 (trace=9ba87191, span=34317454)
[INFO] [AgentTracer] [SPAN END] B::op2 success (0ms)

[90mstdout[2m | test/agentTracer.test.ts[2m > [22m[2magentTracer[2m > [22m[2mquery functions[2m > [22m[2mgetActiveSpans returns only running spans
[22m[39m[INFO] [AgentTracer] [SPAN START] A::op1 (trace=105b0a70, span=9eedda52)
[INFO] [AgentTracer] [SPAN START] B::op2 (trace=db4a91d5, span=cdad349a)
[INFO] [AgentTracer] [SPAN END] A::op1 success (0ms)

[90mstdout[2m | test/agentTracer.test.ts[2m > [22m[2magentTracer[2m > [22m[2mquery functions[2m > [22m[2mgetTokenUsageSummary aggregates by agent and model
[22m[39m[INFO] [AgentTracer] [SPAN START] Dev::llm_call (trace=a0b0f4a0, span=c50b1f50)
[INFO] [AgentTracer] [SPAN END] Dev::llm_call success (0ms)
[INFO] [AgentTracer] [SPAN START] Dev::llm_call (trace=d6439bb5, span=658b88d9)
[INFO] [AgentTracer] [SPAN END] Dev::llm_call success (0ms)
[INFO] [AgentTracer] [SPAN START] Eval::llm_call (trace=97b8a130, span=23bb92c2)
[INFO] [AgentTracer] [SPAN END] Eval::llm_call success (0ms)

[90mstdout[2m | test/agentTracer.test.ts[2m > [22m[2magentTracer[2m > [22m[2mquery functions[2m > [22m[2mgetRecentTraceIds returns unique trace IDs
[22m[39m[INFO] [AgentTracer] [SPAN START] A::op (trace=9f3c75fe, span=493de313)
[INFO] [AgentTracer] [SPAN END] A::op success (0ms)
[INFO] [AgentTracer] [SPAN START] B::op (trace=9f3c75fe, span=6b648059)
[INFO] [AgentTracer] [SPAN END] B::op success (0ms)
[INFO] [AgentTracer] [SPAN START] C::op (trace=e1473429, span=bc6042d2)
[INFO] [AgentTracer] [SPAN END] C::op success (0ms)

[90mstdout[2m | test/agentTracer.test.ts[2m > [22m[2magentTracer[2m > [22m[2mquery functions[2m > [22m[2mgetTracerStats returns correct counts
[22m[39m[INFO] [AgentTracer] [SPAN START] A::op (trace=addcbb1c, span=32fda50f)
[INFO] [AgentTracer] [SPAN START] B::op (trace=28985ec1, span=6de08ed7)
[INFO] [AgentTracer] [SPAN END] B::op success (0ms)

[90mstdout[2m | test/agentTracer.test.ts[2m > [22m[2magentTracer[2m > [22m[2mclearAllSpans[2m > [22m[2mresets all state
[22m[39m[INFO] [AgentTracer] [SPAN START] A::op (trace=e4eaaa84, span=001a0d3f)
[INFO] [AgentTracer] [SPAN START] B::op (trace=f1a75bd6, span=fa7b5c9b)
[INFO] [AgentTracer] [SPAN END] B::op success (0ms)

 [32mÔťô[39m test/agentTracer.test.ts [2m([22m[2m16 tests[22m[2m)[22m[32m 26[2mms[22m[39m
[90mstdout[2m | test/data_refiner.test.ts[2m > [22m[2mDataScientist Agent[2m > [22m[2mshould analyze data when task contains "analyze"
[22m[39m[INFO] [DataScientist] E2B sandbox mode enabled (secure isolation)

[90mstdout[2m | test/data_refiner.test.ts[2m > [22m[2mDataScientist Agent[2m > [22m[2mshould analyze data when task contains "analyze"
[22m[39m[INFO] [DataScientist] Task received: analyze this data
[INFO] [DataScientist] Running full analysis pipeline...

[90mstdout[2m | test/data_refiner.test.ts[2m > [22m[2mDataScientist Agent[2m > [22m[2mshould analyze data when task contains "analyze"
[22m[39m[INFO] [DataScientist] Analysis done: 2 topics, actionable=true

[90mstdout[2m | test/data_refiner.test.ts[2m > [22m[2mDataScientist Agent[2m > [22m[2mshould handle any task without error (defaults to analysis)
[22m[39m[INFO] [DataScientist] E2B sandbox mode enabled (secure isolation)

[90mstdout[2m | test/data_refiner.test.ts[2m > [22m[2mDataScientist Agent[2m > [22m[2mshould handle any task without error (defaults to analysis)
[22m[39m[INFO] [DataScientist] Task received: do something else
[INFO] [DataScientist] Running full analysis pipeline...

[90mstdout[2m | test/data_refiner.test.ts[2m > [22m[2mDataScientist Agent[2m > [22m[2mshould handle any task without error (defaults to analysis)
[22m[39m[INFO] [DataScientist] Analysis done: 2 topics, actionable=true

[90mstdout[2m | test/data_refiner.test.ts[2m > [22m[2mDataScientist Agent[2m > [22m[2mshould accept Hungarian "elemz" keyword
[22m[39m[INFO] [DataScientist] E2B sandbox mode enabled (secure isolation)

[90mstdout[2m | test/data_refiner.test.ts[2m > [22m[2mDataScientist Agent[2m > [22m[2mshould accept Hungarian "elemz" keyword
[22m[39m[INFO] [DataScientist] Task received: elemz az adatokat
[INFO] [DataScientist] Running full analysis pipeline...

[90mstdout[2m | test/data_refiner.test.ts[2m > [22m[2mDataScientist Agent[2m > [22m[2mshould accept Hungarian "elemz" keyword
[22m[39m[INFO] [DataScientist] Analysis done: 2 topics, actionable=true

[90mstdout[2m | test/data_refiner.test.ts[2m > [22m[2mDataScientist Agent[2m > [22m[2mshould route "clean" tasks to refineData
[22m[39m[INFO] [DataScientist] E2B sandbox mode enabled (secure isolation)

[90mstdout[2m | test/data_refiner.test.ts[2m > [22m[2mDataScientist Agent[2m > [22m[2mshould route "clean" tasks to refineData
[22m[39m[INFO] [DataScientist] Task received: clean this text data
[INFO] [DataScientist] Running data refinement...

[90mstdout[2m | test/data_refiner.test.ts[2m > [22m[2mDataScientist Agent[2m > [22m[2mshould route "extract" tasks to entity extraction
[22m[39m[INFO] [DataScientist] E2B sandbox mode enabled (secure isolation)

[90mstdout[2m | test/data_refiner.test.ts[2m > [22m[2mDataScientist Agent[2m > [22m[2mshould route "extract" tasks to entity extraction
[22m[39m[INFO] [DataScientist] Task received: extract entities from this
[INFO] [DataScientist] Extracting entities...

[90mstdout[2m | test/data_refiner.test.ts[2m > [22m[2mDataScientist Agent[2m > [22m[2mshould return REJECTED when refiner returns null
[22m[39m[INFO] [DataScientist] E2B sandbox mode enabled (secure isolation)

[90mstdout[2m | test/data_refiner.test.ts[2m > [22m[2mDataScientist Agent[2m > [22m[2mshould return REJECTED when refiner returns null
[22m[39m[INFO] [DataScientist] Task received: analyze empty data
[INFO] [DataScientist] Running full analysis pipeline...

[90mstdout[2m | test/data_refiner.test.ts[2m > [22m[2mDataScientist Agent[2m > [22m[2mshould return REJECTED when refiner returns null
[22m[39m[INFO] [DataScientist] Data rejected by refiner (low relevance)

[90mstdout[2m | test/data_refiner.test.ts[2m > [22m[2mDataScientist Agent[2m > [22m[2mshould use swarm context artifacts
[22m[39m[INFO] [DataScientist] E2B sandbox mode enabled (secure isolation)

[90mstdout[2m | test/data_refiner.test.ts[2m > [22m[2mDataScientist Agent[2m > [22m[2mshould use swarm context artifacts
[22m[39m[INFO] [DataScientist] Task received: analyze this
[INFO] [DataScientist] Using swarm searchResults (17 chars)
[INFO] [DataScientist] Running full analysis pipeline...

[90mstdout[2m | test/data_refiner.test.ts[2m > [22m[2mDataScientist Agent[2m > [22m[2mshould use swarm context artifacts
[22m[39m[INFO] [DataScientist] Analysis done: 2 topics, actionable=true

[90mstdout[2m | test/data_refiner.test.ts[2m > [22m[2mDataScientist Agent[2m > [22m[2mshould have correct capabilities
[22m[39m[INFO] [DataScientist] E2B sandbox mode enabled (secure isolation)

[90mstdout[2m | test/data_refiner.test.ts[2m > [22m[2mDataScientist Agent[2m > [22m[2mshould return error on unexpected exception
[22m[39m[INFO] [DataScientist] E2B sandbox mode enabled (secure isolation)

[90mstdout[2m | test/data_refiner.test.ts[2m > [22m[2mDataScientist Agent[2m > [22m[2mshould return error on unexpected exception
[22m[39m[INFO] [DataScientist] Task received: analyze crash test
[INFO] [DataScientist] Running full analysis pipeline...

stderr | test/data_refiner.test.ts > DataScientist Agent > should return error on unexpected exception
[ERROR] [DataScientist] Execution failed: test crash

 [32mÔťô[39m test/data_refiner.test.ts [2m([22m[2m9 tests[22m[2m)[22m[32m 15[2mms[22m[39m
 [32mÔťô[39m test/state_restoration.test.ts [2m([22m[2m6 tests[22m[2m)[22m[32m 16[2mms[22m[39m
[90mstdout[2m | test/scalingService.test.ts[2m > [22m[2mScalingService[2m > [22m[2mshould initialize with default policy
[22m[39m[INFO] [ScalingService] Initialized policies for 0 fleets

[90mstdout[2m | test/scalingService.test.ts[2m > [22m[2mScalingService[2m > [22m[2mshould set custom policy for fleet
[22m[39m[INFO] [ScalingService] Initialized policies for 0 fleets

[90mstdout[2m | test/scalingService.test.ts[2m > [22m[2mScalingService[2m > [22m[2mshould set custom policy for fleet
[22m[39m[INFO] [ScalingService] Policy updated for fleet fleet-123

[90mstdout[2m | test/scalingService.test.ts[2m > [22m[2mScalingService[2m > [22m[2mshould decide to scale up when latency is high
[22m[39m[INFO] [ScalingService] Initialized policies for 0 fleets

[90mstdout[2m | test/scalingService.test.ts[2m > [22m[2mScalingService[2m > [22m[2mshould respect max worker limit
[22m[39m[INFO] [ScalingService] Initialized policies for 0 fleets

[90mstdout[2m | test/scalingService.test.ts[2m > [22m[2mScalingService[2m > [22m[2mshould respect max worker limit
[22m[39m[INFO] [ScalingService] Policy updated for fleet fleet-1

[90mstdout[2m | test/scalingService.test.ts[2m > [22m[2mScalingService[2m > [22m[2mshould respect min worker limit
[22m[39m[INFO] [ScalingService] Initialized policies for 0 fleets

[90mstdout[2m | test/scalingService.test.ts[2m > [22m[2mScalingService[2m > [22m[2mshould respect min worker limit
[22m[39m[INFO] [ScalingService] Policy updated for fleet fleet-1

[90mstdout[2m | test/scalingService.test.ts[2m > [22m[2mScalingService[2m > [22m[2mshould maintain when metrics are normal
[22m[39m[INFO] [ScalingService] Initialized policies for 0 fleets

[90mstdout[2m | test/scalingService.test.ts[2m > [22m[2mScalingService[2m > [22m[2mshould execute scaling and record event
[22m[39m[INFO] [ScalingService] Initialized policies for 0 fleets

[90mstdout[2m | test/scalingService.test.ts[2m > [22m[2mScalingService[2m > [22m[2mshould execute scaling and record event
[22m[39m[INFO] [ScalingService] Scaling executed: fleet-1 scale_up (2 Ôćĺ 3)

[90mstdout[2m | test/scalingService.test.ts[2m > [22m[2mScalingService[2m > [22m[2mshould enforce cooldown period
[22m[39m[INFO] [ScalingService] Initialized policies for 0 fleets

[90mstdout[2m | test/scalingService.test.ts[2m > [22m[2mScalingService[2m > [22m[2mshould enforce cooldown period
[22m[39m[INFO] [ScalingService] Scaling executed: fleet-1 scale_up (1 Ôćĺ 2)

[90mstdout[2m | test/scalingService.test.ts[2m > [22m[2mScalingService[2m > [22m[2mshould get scaling history
[22m[39m[INFO] [ScalingService] Initialized policies for 0 fleets

[90mstdout[2m | test/scalingService.test.ts[2m > [22m[2mScalingService[2m > [22m[2mshould get scaling history
[22m[39m[INFO] [ScalingService] Scaling executed: fleet-1 scale_up (1 Ôćĺ 2)

 [32mÔťô[39m test/scalingService.test.ts [2m([22m[2m9 tests[22m[2m)[22m[32m 23[2mms[22m[39m
[90mstdout[2m | test/bifrost_gateway.test.ts
[22m[39m[INFO] [AIGateway] Ôťů AI Gateway v3.0 initialized: CF Workers AI (@cf/meta/llama-3.1-8b-instruct)

[90mstdout[2m | test/bifrost_gateway.test.ts
[22m[39m[INFO] [BifrostGateway] Enabled providers: ollama, gemini, github, anthropic, cloudflare
[INFO] [BifrostGateway] Initialized with 5 provider adapters (Ollama, Gemini, GitHub, Anthropic, Cloudflare)

[90mstdout[2m | test/bifrost_gateway.test.ts[2m > [22m[2mBifrost Gateway[2m > [22m[2mshould generate content using GitHub GPT-4.1 as default system brain
[22m[39m[INFO] [BifrostGateway] Enabled providers: ollama, gemini, github, anthropic, cloudflare
[INFO] [BifrostGateway] Initialized with 5 provider adapters (Ollama, Gemini, GitHub, Anthropic, Cloudflare)

[90mstdout[2m | test/bifrost_gateway.test.ts[2m > [22m[2mBifrost Gateway[2m > [22m[2mshould generate content using GitHub GPT-4.1 as default system brain
[22m[39m[INFO] [BifrostGateway] Selected provider: github (task: general)

[90mstdout[2m | test/bifrost_gateway.test.ts[2m > [22m[2mBifrost Gateway[2m > [22m[2mshould generate content using GitHub GPT-4.1 as default system brain
[22m[39m[INFO] [GlobalDb] Database opened: F:\mcp-brunella-core\data\brunella.db
[INFO] [GlobalDb] Schema initialized

[90mstdout[2m | test/bifrost_gateway.test.ts[2m > [22m[2mBifrost Gateway[2m > [22m[2mshould route to a capable model for "code" tasks
[22m[39m[INFO] [BifrostGateway] Enabled providers: ollama, gemini, github, anthropic, cloudflare
[INFO] [BifrostGateway] Initialized with 5 provider adapters (Ollama, Gemini, GitHub, Anthropic, Cloudflare)

[90mstdout[2m | test/bifrost_gateway.test.ts[2m > [22m[2mBifrost Gateway[2m > [22m[2mshould route to a capable model for "code" tasks
[22m[39m[INFO] [BifrostGateway] Selected provider: github (task: code)

[90mstdout[2m | test/bifrost_gateway.test.ts[2m > [22m[2mBifrost Gateway[2m > [22m[2mshould handle "reasoning" task type by routing to a capable model
[22m[39m[INFO] [BifrostGateway] Enabled providers: ollama, gemini, github, anthropic, cloudflare
[INFO] [BifrostGateway] Initialized with 5 provider adapters (Ollama, Gemini, GitHub, Anthropic, Cloudflare)

[90mstdout[2m | test/bifrost_gateway.test.ts[2m > [22m[2mBifrost Gateway[2m > [22m[2mshould handle "reasoning" task type by routing to a capable model
[22m[39m[INFO] [BifrostGateway] Selected provider: github (task: reasoning)

[90mstdout[2m | test/bifrost_gateway.test.ts[2m > [22m[2mBifrost Gateway[2m > [22m[2mshould fallback deterministically when provider failure is fallback-eligible
[22m[39m[INFO] [BifrostGateway] Enabled providers: ollama, gemini, github, anthropic, cloudflare
[INFO] [BifrostGateway] Initialized with 5 provider adapters (Ollama, Gemini, GitHub, Anthropic, Cloudflare)

[90mstdout[2m | test/bifrost_gateway.test.ts[2m > [22m[2mBifrost Gateway[2m > [22m[2mshould fallback deterministically when provider failure is fallback-eligible
[22m[39m[INFO] [BifrostGateway] Selected provider: github (task: general)

stderr | test/bifrost_gateway.test.ts > Bifrost Gateway > should fallback deterministically when provider failure is fallback-eligible
[ERROR] [BifrostGateway] github generation failed: network error

[90mstdout[2m | test/bifrost_gateway.test.ts[2m > [22m[2mBifrost Gateway[2m > [22m[2mshould fallback deterministically when provider failure is fallback-eligible
[22m[39m[INFO] [PhoenixEventBus] Event: phoenix:failover_triggered

stderr | test/bifrost_gateway.test.ts > Bifrost Gateway > should fallback deterministically when provider failure is fallback-eligible
[WARN] [BifrostGateway] github failed (api_error), fallback -> gemini

[90mstdout[2m | test/bifrost_gateway.test.ts[2m > [22m[2mBifrost Gateway[2m > [22m[2mshould fallback deterministically when provider failure is fallback-eligible
[22m[39m[INFO] [PhoenixEventBus] Event: phoenix:failover_result
[INFO] [PhoenixEventBus] Event: phoenix:recovery

 [32mÔťô[39m test/bifrost_gateway.test.ts [2m([22m[2m4 tests[22m[2m)[22m[32m 20[2mms[22m[39m
[90mstdout[2m | test/phase3_mobile_voice_paios.test.ts[2m > [22m[2mVoicePipeline[2m > [22m[2mshould map "open myfile.txt" to file_read
[22m[39m[INFO] [VoicePipeline] Mapped sessionId=sess-1 tool=file_read confidence=0.85
[INFO] [RemoteEventBridge] Event published type=voice:mapped source=VoicePipeline

[90mstdout[2m | test/phase3_mobile_voice_paios.test.ts[2m > [22m[2mVoicePipeline[2m > [22m[2mshould map "run ResearchAgent" to agent_run
[22m[39m[INFO] [VoicePipeline] Mapped sessionId=sess-2 tool=agent_run confidence=0.80
[INFO] [RemoteEventBridge] Event published type=voice:mapped source=VoicePipeline

[90mstdout[2m | test/phase3_mobile_voice_paios.test.ts[2m > [22m[2mVoicePipeline[2m > [22m[2mshould map "status myAgent" to agent_status
[22m[39m[INFO] [VoicePipeline] Mapped sessionId=sess-3 tool=agent_status confidence=0.75
[INFO] [RemoteEventBridge] Event published type=voice:mapped source=VoicePipeline

[90mstdout[2m | test/phase3_mobile_voice_paios.test.ts[2m > [22m[2mVoicePipeline[2m > [22m[2mshould map "stop worker-1" to agent_stop
[22m[39m[INFO] [VoicePipeline] Mapped sessionId=sess-4 tool=agent_stop confidence=0.85
[INFO] [RemoteEventBridge] Event published type=voice:mapped source=VoicePipeline

[90mstdout[2m | test/phase3_mobile_voice_paios.test.ts[2m > [22m[2mVoicePipeline[2m > [22m[2mshould map "help" to remote_help with high confidence
[22m[39m[INFO] [VoicePipeline] Mapped sessionId=sess-5 tool=remote_help confidence=0.90
[INFO] [RemoteEventBridge] Event published type=voice:mapped source=VoicePipeline

[90mstdout[2m | test/phase3_mobile_voice_paios.test.ts[2m > [22m[2mVoicePipeline[2m > [22m[2mshould return unmapped for nonsensical input
[22m[39m[INFO] [RemoteEventBridge] Event published type=voice:unmapped source=VoicePipeline

stderr | test/phase3_mobile_voice_paios.test.ts > VoicePipeline > should return unmapped for nonsensical input
[WARN] [VoicePipeline] No mapping found for: "xyzzy foobarbaz quantum 42" (score=0.00)

[90mstdout[2m | test/phase3_mobile_voice_paios.test.ts[2m > [22m[2mVoicePipeline[2m > [22m[2mshould handle Hungarian commands (nyisd meg)
[22m[39m[INFO] [VoicePipeline] Mapped sessionId=sess-hu tool=file_read confidence=0.85
[INFO] [RemoteEventBridge] Event published type=voice:mapped source=VoicePipeline

[90mstdout[2m | test/phase3_mobile_voice_paios.test.ts[2m > [22m[2mMobileClientBootstrap[2m > [22m[2mshould process heartbeat for active session
[22m[39m[INFO] [RemoteEventBridge] Event published type=mobile:heartbeat source=MobileBootstrap
[INFO] [MobileBootstrap] Heartbeat OK sessionId=mob-sess-1 ttl=3600000

stderr | test/phase3_mobile_voice_paios.test.ts > MobileClientBootstrap > should return alive=false for missing session
[WARN] [MobileBootstrap] Heartbeat for dead/missing session: no-session

stderr | test/phase3_mobile_voice_paios.test.ts > MobileClientBootstrap > should return alive=false for inactive session
[WARN] [MobileBootstrap] Heartbeat for dead/missing session: mob-sess-1

stderr | test/phase3_mobile_voice_paios.test.ts > MobileClientBootstrap > should return alive=false for expired session
[WARN] [MobileBootstrap] Session expired: mob-sess-1

[90mstdout[2m | test/phase3_mobile_voice_paios.test.ts[2m > [22m[2mRemoteEventBridge[2m > [22m[2mshould publish and receive global events
[22m[39m[INFO] [RemoteEventBridge] Event published type=agent:status source=TestAgent

[90mstdout[2m | test/phase3_mobile_voice_paios.test.ts[2m > [22m[2mRemoteEventBridge[2m > [22m[2mshould publish session-scoped events
[22m[39m[INFO] [RemoteEventBridge] Session subscribed sessionId=session-xyz
[INFO] [RemoteEventBridge] Event published type=tool:call source=ToolRunner
[INFO] [RemoteEventBridge] Event published type=tool:result source=ToolRunner
[INFO] [RemoteEventBridge] Session unsubscribed sessionId=session-xyz

[90mstdout[2m | test/phase3_mobile_voice_paios.test.ts[2m > [22m[2mRemoteEventBridge[2m > [22m[2mshould return subscriber count
[22m[39m[INFO] [RemoteEventBridge] Session subscribed sessionId=count-sess
[INFO] [RemoteEventBridge] Session unsubscribed sessionId=count-sess

[90mstdout[2m | test/phase3_mobile_voice_paios.test.ts[2m > [22m[2mRemoteEventBridge[2m > [22m[2mshould include event id and timestamp
[22m[39m[INFO] [RemoteEventBridge] Event published type=system:heartbeat source=System

[90mstdout[2m | test/phase3_mobile_voice_paios.test.ts[2m > [22m[2mPaiosRemoteIntegration[2m > [22m[2mshould enqueue an action and return queued status
[22m[39m[INFO] [PaiosIntegration] Enqueued actionId=act-1 type=research
[INFO] [RemoteEventBridge] Event published type=paios:action:queued source=PaiosIntegration

[90mstdout[2m | test/phase3_mobile_voice_paios.test.ts[2m > [22m[2mPaiosRemoteIntegration[2m > [22m[2mshould track queue status
[22m[39m[INFO] [PaiosIntegration] Processing actionId=act-1 type=research
[INFO] [RemoteEventBridge] Event published type=paios:action:running source=PaiosIntegration
[INFO] [RemoteEventBridge] Event published type=paios:action:completed source=PaiosIntegration

[90mstdout[2m | test/phase3_mobile_voice_paios.test.ts[2m > [22m[2mPaiosRemoteIntegration[2m > [22m[2mshould track queue status
[22m[39m[INFO] [PaiosIntegration] Enqueued actionId=act-q1 type=scrape
[INFO] [RemoteEventBridge] Event published type=paios:action:queued source=PaiosIntegration
[INFO] [PaiosIntegration] Enqueued actionId=act-q2 type=analyze
[INFO] [RemoteEventBridge] Event published type=paios:action:queued source=PaiosIntegration

[90mstdout[2m | test/phase3_mobile_voice_paios.test.ts[2m > [22m[2mPaiosRemoteIntegration[2m > [22m[2mshould process the next action and complete it
[22m[39m[INFO] [PaiosIntegration] Processing actionId=act-q1 type=scrape
[INFO] [RemoteEventBridge] Event published type=paios:action:running source=PaiosIntegration
[INFO] [RemoteEventBridge] Event published type=paios:action:completed source=PaiosIntegration
[INFO] [PaiosIntegration] Processing actionId=act-q2 type=analyze
[INFO] [RemoteEventBridge] Event published type=paios:action:running source=PaiosIntegration
[INFO] [RemoteEventBridge] Event published type=paios:action:completed source=PaiosIntegration

[90mstdout[2m | test/phase3_mobile_voice_paios.test.ts[2m > [22m[2mPaiosRemoteIntegration[2m > [22m[2mshould process the next action and complete it
[22m[39m[INFO] [PaiosIntegration] Enqueued actionId=proc-1 type=translate
[INFO] [RemoteEventBridge] Event published type=paios:action:queued source=PaiosIntegration
[INFO] [PaiosIntegration] Processing actionId=proc-1 type=translate
[INFO] [RemoteEventBridge] Event published type=paios:action:running source=PaiosIntegration
[INFO] [RemoteEventBridge] Event published type=paios:action:completed source=PaiosIntegration

[90mstdout[2m | test/phase3_mobile_voice_paios.test.ts[2m > [22m[2mPaiosRemoteIntegration[2m > [22m[2mshould process actions in FIFO order
[22m[39m[INFO] [PaiosIntegration] Enqueued actionId=first type=a
[INFO] [RemoteEventBridge] Event published type=paios:action:queued source=PaiosIntegration
[INFO] [PaiosIntegration] Enqueued actionId=second type=b
[INFO] [RemoteEventBridge] Event published type=paios:action:queued source=PaiosIntegration
[INFO] [PaiosIntegration] Processing actionId=first type=a
[INFO] [RemoteEventBridge] Event published type=paios:action:running source=PaiosIntegration
[INFO] [RemoteEventBridge] Event published type=paios:action:completed source=PaiosIntegration
[INFO] [PaiosIntegration] Processing actionId=second type=b
[INFO] [RemoteEventBridge] Event published type=paios:action:running source=PaiosIntegration
[INFO] [RemoteEventBridge] Event published type=paios:action:completed source=PaiosIntegration

[90mstdout[2m | test/phase3_mobile_voice_paios.test.ts[2m > [22m[2mE2E: Phase 3 Full Integration[2m > [22m[2mshould complete voice Ôćĺ event bridge Ôćĺ PAIOS flow
[22m[39m[INFO] [VoicePipeline] Mapped sessionId=e2e-sess tool=agent_run confidence=0.80
[INFO] [RemoteEventBridge] Event published type=voice:mapped source=VoicePipeline
[INFO] [PaiosIntegration] Enqueued actionId=e2e-action type=agent_run
[INFO] [RemoteEventBridge] Event published type=paios:action:queued source=PaiosIntegration
[INFO] [PaiosIntegration] Processing actionId=e2e-action type=agent_run
[INFO] [RemoteEventBridge] Event published type=paios:action:running source=PaiosIntegration
[INFO] [RemoteEventBridge] Event published type=paios:action:completed source=PaiosIntegration

[90mstdout[2m | test/phase3_mobile_voice_paios.test.ts[2m > [22m[2mE2E: Phase 3 Full Integration[2m > [22m[2mshould handle mobile heartbeat Ôćĺ event bridge integration
[22m[39m[INFO] [RemoteEventBridge] Event published type=mobile:heartbeat source=MobileBootstrap
[INFO] [MobileBootstrap] Heartbeat OK sessionId=mobile-e2e ttl=600000

[90mstdout[2m | test/phase3_mobile_voice_paios.test.ts[2m > [22m[2mE2E: Phase 3 Full Integration[2m > [22m[2mshould fail gracefully when voice mapping fails
[22m[39m[INFO] [RemoteEventBridge] Event published type=voice:unmapped source=VoicePipeline

stderr | test/phase3_mobile_voice_paios.test.ts > E2E: Phase 3 Full Integration > should fail gracefully when voice mapping fails
[WARN] [VoicePipeline] No mapping found for: "qwertyuiop asdfghjkl" (score=0.00)

 [32mÔťô[39m test/phase3_mobile_voice_paios.test.ts [2m([22m[2m26 tests[22m[2m)[22m[32m 23[2mms[22m[39m
[90mstdout[2m | test/fleetService.test.ts[2m > [22m[2mFleetService[2m > [22m[2mshould create a fleet
[22m[39m[INFO] [FleetService] Fleet created: test-fleet

[90mstdout[2m | test/fleetService.test.ts[2m > [22m[2mFleetService[2m > [22m[2mshould retrieve all fleets
[22m[39m[INFO] [FleetService] Fleet created: fleet-1
[INFO] [FleetService] Fleet created: fleet-2

[90mstdout[2m | test/fleetService.test.ts[2m > [22m[2mFleetService[2m > [22m[2mshould add a worker to fleet
[22m[39m[INFO] [FleetService] Fleet created: test-fleet
[INFO] [FleetService] Worker added to fleet test-fleet: worker-1

[90mstdout[2m | test/fleetService.test.ts[2m > [22m[2mFleetService[2m > [22m[2mshould get fleet health status
[22m[39m[INFO] [FleetService] Fleet created: test-fleet
[INFO] [FleetService] Worker added to fleet test-fleet: w1
[INFO] [FleetService] Worker added to fleet test-fleet: w2

[90mstdout[2m | test/fleetService.test.ts[2m > [22m[2mFleetService[2m > [22m[2mshould update worker status
[22m[39m[INFO] [FleetService] Fleet created: test-fleet
[INFO] [FleetService] Worker added to fleet test-fleet: w1
[INFO] [FleetService] Worker status updated: w1 Ôćĺ paused

[90mstdout[2m | test/fleetService.test.ts[2m > [22m[2mFleetService[2m > [22m[2mshould increment worker error count
[22m[39m[INFO] [FleetService] Fleet created: test-fleet
[INFO] [FleetService] Worker added to fleet test-fleet: w1
[INFO] [FleetService] Worker error count incremented by 5: w1

[90mstdout[2m | test/fleetService.test.ts[2m > [22m[2mFleetService[2m > [22m[2mshould remove worker from fleet
[22m[39m[INFO] [FleetService] Fleet created: test-fleet
[INFO] [FleetService] Worker added to fleet test-fleet: w1
[INFO] [FleetService] Worker removed: w1

[90mstdout[2m | test/fleetService.test.ts[2m > [22m[2mFleetService[2m > [22m[2mshould calculate error rate correctly
[22m[39m[INFO] [FleetService] Fleet created: test-fleet
[INFO] [FleetService] Worker added to fleet test-fleet: w1

 [32mÔťô[39m test/fleetService.test.ts [2m([22m[2m8 tests[22m[2m)[22m[32m 21[2mms[22m[39m
[90mstdout[2m | test/metricsService.test.ts[2m > [22m[2mMetricsService[2m > [22m[2mshould save worker metrics
[22m[39m[INFO] [MetricsService] Metrics saved for worker worker-1

[90mstdout[2m | test/metricsService.test.ts[2m > [22m[2mMetricsService[2m > [22m[2mshould retrieve latest worker metrics
[22m[39m[INFO] [MetricsService] Metrics saved for worker worker-1

[90mstdout[2m | test/metricsService.test.ts[2m > [22m[2mMetricsService[2m > [22m[2mshould retrieve metrics in time range
[22m[39m[INFO] [MetricsService] Metrics saved for worker worker-1
[INFO] [MetricsService] Retrieved 1 metrics for worker worker-1

[90mstdout[2m | test/metricsService.test.ts[2m > [22m[2mMetricsService[2m > [22m[2mshould aggregate metrics for fleet
[22m[39m[INFO] [MetricsService] Metrics saved for worker worker-1
[INFO] [MetricsService] Metrics saved for worker worker-2

[90mstdout[2m | test/metricsService.test.ts[2m > [22m[2mMetricsService[2m > [22m[2mshould cleanup old metrics
[22m[39m[INFO] [MetricsService] Metrics saved for worker worker-1
[INFO] [MetricsService] Cleaned up 0 old metrics

[90mstdout[2m | test/metricsService.test.ts[2m > [22m[2mMetricsService[2m > [22m[2mshould save metrics with all optional fields
[22m[39m[INFO] [MetricsService] Metrics saved for worker worker-1

stderr | test/metricsService.test.ts > MetricsService > should handle saveWorkerMetrics error gracefully
[ERROR] [MetricsService] saveWorkerMetrics error: The database connection is not open

 [32mÔťô[39m test/metricsService.test.ts [2m([22m[2m8 tests[22m[2m)[22m[32m 18[2mms[22m[39m
[90mstdout[2m | test/emailTriageAgent.test.ts
[22m[39m[INFO] [AIGateway] Ôťů AI Gateway v3.0 initialized: CF Workers AI (@cf/meta/llama-3.1-8b-instruct)

[90mstdout[2m | test/emailTriageAgent.test.ts
[22m[39m[INFO] [GlobalDb] Database opened: F:\mcp-brunella-core\data\brunella.db
[INFO] [GlobalDb] Schema initialized
[INFO] [StructuredMemory] Structured memory DB initialized

[90mstdout[2m | test/emailTriageAgent.test.ts[2m > [22m[2mEmailTriageAgent[2m > [22m[2mEmail Classification[2m > [22m[2mshould classify urgent emails
[22m[39m[STATUS] [EmailTriage] working - Email triage: {"emailSubject":"URGENT: Server Down","emailBody":...
[INFO] [EmailTriage] Starting email triage process...
[INFO] [EmailTriage] Fetching emails with query: "{"emailSubject":"URGENT: Server Down","emailBody":"We need immediate assistance!","from":"client@example.com"}"

[90mstdout[2m | test/emailTriageAgent.test.ts[2m > [22m[2mEmailTriageAgent[2m > [22m[2mEmail Classification[2m > [22m[2mshould classify urgent emails
[22m[39m[INFO] [EmailTriage] Ôťů Email triage complete: 4 emails processed
[STATUS] [EmailTriage] idle

[90mstdout[2m | test/emailTriageAgent.test.ts[2m > [22m[2mEmailTriageAgent[2m > [22m[2mEmail Classification[2m > [22m[2mshould classify meeting requests
[22m[39m[STATUS] [EmailTriage] working - Email triage: {"emailSubject":"Meeting invitation for next week"...
[INFO] [EmailTriage] Starting email triage process...
[INFO] [EmailTriage] Fetching emails with query: "{"emailSubject":"Meeting invitation for next week","emailBody":"Let's schedule a call to discuss the project.","from":"partner@company.com"}"

[90mstdout[2m | test/emailTriageAgent.test.ts[2m > [22m[2mEmailTriageAgent[2m > [22m[2mEmail Classification[2m > [22m[2mshould classify meeting requests
[22m[39m[INFO] [EmailTriage] Ôťů Email triage complete: 4 emails processed
[STATUS] [EmailTriage] idle

[90mstdout[2m | test/emailTriageAgent.test.ts[2m > [22m[2mEmailTriageAgent[2m > [22m[2mEmail Classification[2m > [22m[2mshould classify invoices
[22m[39m[STATUS] [EmailTriage] working - Email triage: {"emailSubject":"Invoice #12345","emailBody":"Plea...
[INFO] [EmailTriage] Starting email triage process...
[INFO] [EmailTriage] Fetching emails with query: "{"emailSubject":"Invoice #12345","emailBody":"Please find attached the invoice for this month.","from":"billing@supplier.com"}"

[90mstdout[2m | test/emailTriageAgent.test.ts[2m > [22m[2mEmailTriageAgent[2m > [22m[2mEmail Classification[2m > [22m[2mshould classify invoices
[22m[39m[INFO] [EmailTriage] Ôťů Email triage complete: 4 emails processed
[STATUS] [EmailTriage] idle

[90mstdout[2m | test/emailTriageAgent.test.ts[2m > [22m[2mEmailTriageAgent[2m > [22m[2mPriority Scoring[2m > [22m[2mshould assign high priority to urgent emails
[22m[39m[STATUS] [EmailTriage] working - Email triage: {"emailSubject":"Critical: Payment Deadline Tomorr...
[INFO] [EmailTriage] Starting email triage process...
[INFO] [EmailTriage] Fetching emails with query: "{"emailSubject":"Critical: Payment Deadline Tomorrow","from":"finance@company.com"}"

[90mstdout[2m | test/emailTriageAgent.test.ts[2m > [22m[2mEmailTriageAgent[2m > [22m[2mPriority Scoring[2m > [22m[2mshould assign high priority to urgent emails
[22m[39m[INFO] [EmailTriage] Ôťů Email triage complete: 4 emails processed
[STATUS] [EmailTriage] idle

[90mstdout[2m | test/emailTriageAgent.test.ts[2m > [22m[2mEmailTriageAgent[2m > [22m[2mPriority Scoring[2m > [22m[2mshould assign low priority to newsletters
[22m[39m[STATUS] [EmailTriage] working - Email triage: {"emailSubject":"Weekly Newsletter - Tech Updates"...
[INFO] [EmailTriage] Starting email triage process...
[INFO] [EmailTriage] Fetching emails with query: "{"emailSubject":"Weekly Newsletter - Tech Updates","from":"newsletter@techblog.com"}"

[90mstdout[2m | test/emailTriageAgent.test.ts[2m > [22m[2mEmailTriageAgent[2m > [22m[2mPriority Scoring[2m > [22m[2mshould assign low priority to newsletters
[22m[39m[INFO] [EmailTriage] Ôťů Email triage complete: 4 emails processed
[STATUS] [EmailTriage] idle

[90mstdout[2m | test/emailTriageAgent.test.ts[2m > [22m[2mEmailTriageAgent[2m > [22m[2mAuto Response[2m > [22m[2mshould generate auto-responses for common queries
[22m[39m[STATUS] [EmailTriage] working - Email triage: {"emailSubject":"Pricing inquiry","emailBody":"How...
[INFO] [EmailTriage] Starting email triage process...
[INFO] [EmailTriage] Fetching emails with query: "{"emailSubject":"Pricing inquiry","emailBody":"How much does your service cost?","from":"potential@client.com"}"

[90mstdout[2m | test/emailTriageAgent.test.ts[2m > [22m[2mEmailTriageAgent[2m > [22m[2mAuto Response[2m > [22m[2mshould generate auto-responses for common queries
[22m[39m[INFO] [EmailTriage] Ôťů Email triage complete: 4 emails processed
[STATUS] [EmailTriage] idle

[90mstdout[2m | test/emailTriageAgent.test.ts[2m > [22m[2mEmailTriageAgent[2m > [22m[2mCalendar Integration[2m > [22m[2mshould suggest calendar events for meeting requests
[22m[39m[STATUS] [EmailTriage] working - Email triage: {"emailSubject":"Let's meet next Tuesday at 2 PM",...
[INFO] [EmailTriage] Starting email triage process...
[INFO] [EmailTriage] Fetching emails with query: "{"emailSubject":"Let's meet next Tuesday at 2 PM","from":"colleague@company.com"}"

[90mstdout[2m | test/emailTriageAgent.test.ts[2m > [22m[2mEmailTriageAgent[2m > [22m[2mCalendar Integration[2m > [22m[2mshould suggest calendar events for meeting requests
[22m[39m[INFO] [EmailTriage] Ôťů Email triage complete: 4 emails processed
[STATUS] [EmailTriage] idle

[90mstdout[2m | test/emailTriageAgent.test.ts[2m > [22m[2mEmailTriageAgent[2m > [22m[2mError Handling[2m > [22m[2mshould handle empty email body
[22m[39m[STATUS] [EmailTriage] working - Email triage: {"emailSubject":"Test","emailBody":""}...
[INFO] [EmailTriage] Starting email triage process...
[INFO] [EmailTriage] Fetching emails with query: "{"emailSubject":"Test","emailBody":""}"

[90mstdout[2m | test/emailTriageAgent.test.ts[2m > [22m[2mEmailTriageAgent[2m > [22m[2mError Handling[2m > [22m[2mshould handle empty email body
[22m[39m[INFO] [EmailTriage] Ôťů Email triage complete: 4 emails processed
[STATUS] [EmailTriage] idle

 [32mÔťô[39m test/emailTriageAgent.test.ts [2m([22m[2m10 tests[22m[2m)[22m[32m 11[2mms[22m[39m
 [32mÔťô[39m test/developer_pipeline.test.ts [2m([22m[2m15 tests[22m[2m)[22m[32m 15[2mms[22m[39m
 [32mÔťô[39m test/memory_context.test.ts [2m([22m[2m5 tests[22m[2m)[22m[32m 17[2mms[22m[39m
[90mstdout[2m | test/llm_client.test.ts
[22m[39m[INFO] [AIGateway] Ôťů AI Gateway v3.0 initialized: CF Workers AI (@cf/meta/llama-3.1-8b-instruct)

[90mstdout[2m | test/llm_client.test.ts
[22m[39m[INFO] [AIGateway] Ôťů AI Gateway v3.0 initialized: Ollama (llama3.1:8b)

[90mstdout[2m | test/llm_client.test.ts[2m > [22m[2mllm_client[2m > [22m[2mgenerateResponse[2m > [22m[2mshould fallback to Ollama if primary provider fails (except Ollama itself)
[22m[39m[INFO] [LLM_CLIENT] Fallback ind├şt├ísa Ollama-ra...

stderr | test/llm_client.test.ts > llm_client > generateResponse > should fallback to Ollama if primary provider fails (except Ollama itself)
[ERROR] [LLM_CLIENT] Hiba a(z) github szolg├íltat├│n├íl: GitHub API Error

[90mstdout[2m | test/llm_client.test.ts[2m > [22m[2mllm_client[2m > [22m[2mgenerateResponse[2m > [22m[2mshould fallback to Ollama if Gemini API key is missing
[22m[39m[INFO] [LLM_CLIENT] Fallback ind├şt├ísa Ollama-ra...

stderr | test/llm_client.test.ts > llm_client > generateResponse > should fallback to Ollama if Gemini API key is missing
[ERROR] [LLM_CLIENT] Hiba a(z) gemini szolg├íltat├│n├íl: GEMINI_API_KEY not configured

[90mstdout[2m | test/llm_client.test.ts[2m > [22m[2mllm_client[2m > [22m[2mgenerateResponse[2m > [22m[2mshould fallback to Ollama if GitHub Token is missing
[22m[39m[INFO] [LLM_CLIENT] Fallback ind├şt├ísa Ollama-ra...

stderr | test/llm_client.test.ts > llm_client > generateResponse > should fallback to Ollama if GitHub Token is missing
[ERROR] [LLM_CLIENT] Hiba a(z) github szolg├íltat├│n├íl: GITHUB_TOKEN or GITHUB_PAT not configured

[90mstdout[2m | test/llm_client.test.ts[2m > [22m[2mllm_client[2m > [22m[2mgenerateResponse[2m > [22m[2mshould throw error if both primary and fallback fail
[22m[39m[INFO] [LLM_CLIENT] Fallback ind├şt├ísa Ollama-ra...

stderr | test/llm_client.test.ts > llm_client > generateResponse > should throw error if both primary and fallback fail
[ERROR] [LLM_CLIENT] Hiba a(z) gemini szolg├íltat├│n├íl: GEMINI_API_KEY not configured

stderr | test/llm_client.test.ts > llm_client > generateResponse > should throw error if both primary and fallback fail
[ERROR] [LLM_CLIENT] Hiba a(z) ollama szolg├íltat├│n├íl: Ollama Failed

stderr | test/llm_client.test.ts > llm_client > generateResponse > should throw error if both primary and fallback fail
[ERROR] [LLM_CLIENT] Ollama fallback is sikertelen: Ollama Failed

 [32mÔťô[39m test/llm_client.test.ts [2m([22m[2m7 tests[22m[2m)[22m[32m 17[2mms[22m[39m
[90mstdout[2m | test/knowledgeBaseBuilderAgent.test.ts
[22m[39m[INFO] [AIGateway] Ôťů AI Gateway v3.0 initialized: CF Workers AI (@cf/meta/llama-3.1-8b-instruct)

[90mstdout[2m | test/knowledgeBaseBuilderAgent.test.ts
[22m[39m[INFO] [GlobalDb] Database opened: F:\mcp-brunella-core\data\brunella.db
[INFO] [GlobalDb] Schema initialized
[INFO] [StructuredMemory] Structured memory DB initialized

[90mstdout[2m | test/knowledgeBaseBuilderAgent.test.ts[2m > [22m[2mKnowledgeBaseBuilderAgent[2m > [22m[2mDocument Generation[2m > [22m[2mshould generate documentation
[22m[39m[STATUS] [KnowledgeBaseBuilder] working - Knowledge base: {"topic":"API Usage Guide","sections":["Introducti...
[INFO] [KnowledgeBaseBuilder] Starting knowledge base building pipeline...
[INFO] [KnowledgeBaseBuilder] Collecting messages...

[90mstdout[2m | test/knowledgeBaseBuilderAgent.test.ts[2m > [22m[2mKnowledgeBaseBuilderAgent[2m > [22m[2mDocument Generation[2m > [22m[2mshould generate documentation
[22m[39m[INFO] [KnowledgeBaseBuilder] Extracting FAQs...
[INFO] [KnowledgeBaseBuilder] Generating wiki pages...

[90mstdout[2m | test/knowledgeBaseBuilderAgent.test.ts[2m > [22m[2mKnowledgeBaseBuilderAgent[2m > [22m[2mDocument Generation[2m > [22m[2mshould generate documentation
[22m[39m[INFO] [KnowledgeBaseBuilder] Storing embeddings in LanceDB...
[INFO] [KnowledgeBaseBuilder] Ôťů Stored 0 FAQ embeddings

[90mstdout[2m | test/knowledgeBaseBuilderAgent.test.ts[2m > [22m[2mKnowledgeBaseBuilderAgent[2m > [22m[2mDocument Generation[2m > [22m[2mshould generate documentation
[22m[39m[INFO] [KnowledgeBaseBuilder] Ôťů Knowledge base complete: 0 FAQs, 0 wiki pages
[STATUS] [KnowledgeBaseBuilder] idle

[90mstdout[2m | test/knowledgeBaseBuilderAgent.test.ts[2m > [22m[2mKnowledgeBaseBuilderAgent[2m > [22m[2mDocument Generation[2m > [22m[2mshould support markdown formatting
[22m[39m[STATUS] [KnowledgeBaseBuilder] working - Knowledge base: {"topic":"Installation Guide","format":"markdown"}...
[INFO] [KnowledgeBaseBuilder] Starting knowledge base building pipeline...
[INFO] [KnowledgeBaseBuilder] Collecting messages...

[90mstdout[2m | test/knowledgeBaseBuilderAgent.test.ts[2m > [22m[2mKnowledgeBaseBuilderAgent[2m > [22m[2mDocument Generation[2m > [22m[2mshould support markdown formatting
[22m[39m[INFO] [KnowledgeBaseBuilder] Extracting FAQs...
[INFO] [KnowledgeBaseBuilder] Generating wiki pages...

[90mstdout[2m | test/knowledgeBaseBuilderAgent.test.ts[2m > [22m[2mKnowledgeBaseBuilderAgent[2m > [22m[2mDocument Generation[2m > [22m[2mshould support markdown formatting
[22m[39m[INFO] [KnowledgeBaseBuilder] Storing embeddings in LanceDB...
[INFO] [KnowledgeBaseBuilder] Ôťů Stored 0 FAQ embeddings

[90mstdout[2m | test/knowledgeBaseBuilderAgent.test.ts[2m > [22m[2mKnowledgeBaseBuilderAgent[2m > [22m[2mDocument Generation[2m > [22m[2mshould support markdown formatting
[22m[39m[INFO] [KnowledgeBaseBuilder] Ôťů Knowledge base complete: 0 FAQs, 0 wiki pages
[STATUS] [KnowledgeBaseBuilder] idle

[90mstdout[2m | test/knowledgeBaseBuilderAgent.test.ts[2m > [22m[2mKnowledgeBaseBuilderAgent[2m > [22m[2mVector Search[2m > [22m[2mshould search knowledge base
[22m[39m[STATUS] [KnowledgeBaseBuilder] working - Knowledge base: {"query":"How to configure authentication?","topK"...
[INFO] [KnowledgeBaseBuilder] Starting knowledge base building pipeline...
[INFO] [KnowledgeBaseBuilder] Collecting messages...

[90mstdout[2m | test/knowledgeBaseBuilderAgent.test.ts[2m > [22m[2mKnowledgeBaseBuilderAgent[2m > [22m[2mVector Search[2m > [22m[2mshould search knowledge base
[22m[39m[INFO] [KnowledgeBaseBuilder] Extracting FAQs...
[INFO] [KnowledgeBaseBuilder] Generating wiki pages...

[90mstdout[2m | test/knowledgeBaseBuilderAgent.test.ts[2m > [22m[2mKnowledgeBaseBuilderAgent[2m > [22m[2mVector Search[2m > [22m[2mshould search knowledge base
[22m[39m[INFO] [KnowledgeBaseBuilder] Storing embeddings in LanceDB...
[INFO] [KnowledgeBaseBuilder] Ôťů Stored 0 FAQ embeddings

[90mstdout[2m | test/knowledgeBaseBuilderAgent.test.ts[2m > [22m[2mKnowledgeBaseBuilderAgent[2m > [22m[2mVector Search[2m > [22m[2mshould search knowledge base
[22m[39m[INFO] [KnowledgeBaseBuilder] Ôťů Knowledge base complete: 0 FAQs, 0 wiki pages
[STATUS] [KnowledgeBaseBuilder] idle

[90mstdout[2m | test/knowledgeBaseBuilderAgent.test.ts[2m > [22m[2mKnowledgeBaseBuilderAgent[2m > [22m[2mVector Search[2m > [22m[2mshould return relevant results
[22m[39m[STATUS] [KnowledgeBaseBuilder] working - Knowledge base: {"query":"deployment process","topK":3}...
[INFO] [KnowledgeBaseBuilder] Starting knowledge base building pipeline...
[INFO] [KnowledgeBaseBuilder] Collecting messages...

[90mstdout[2m | test/knowledgeBaseBuilderAgent.test.ts[2m > [22m[2mKnowledgeBaseBuilderAgent[2m > [22m[2mVector Search[2m > [22m[2mshould return relevant results
[22m[39m[INFO] [KnowledgeBaseBuilder] Extracting FAQs...
[INFO] [KnowledgeBaseBuilder] Generating wiki pages...

[90mstdout[2m | test/knowledgeBaseBuilderAgent.test.ts[2m > [22m[2mKnowledgeBaseBuilderAgent[2m > [22m[2mVector Search[2m > [22m[2mshould return relevant results
[22m[39m[INFO] [KnowledgeBaseBuilder] Storing embeddings in LanceDB...
[INFO] [KnowledgeBaseBuilder] Ôťů Stored 0 FAQ embeddings

[90mstdout[2m | test/knowledgeBaseBuilderAgent.test.ts[2m > [22m[2mKnowledgeBaseBuilderAgent[2m > [22m[2mVector Search[2m > [22m[2mshould return relevant results
[22m[39m[INFO] [KnowledgeBaseBuilder] Ôťů Knowledge base complete: 0 FAQs, 0 wiki pages
[STATUS] [KnowledgeBaseBuilder] idle

[90mstdout[2m | test/knowledgeBaseBuilderAgent.test.ts[2m > [22m[2mKnowledgeBaseBuilderAgent[2m > [22m[2mAuto Categorization[2m > [22m[2mshould categorize documents
[22m[39m[STATUS] [KnowledgeBaseBuilder] working - Knowledge base: {"topic":"Database Migration","content":"Step-by-s...
[INFO] [KnowledgeBaseBuilder] Starting knowledge base building pipeline...
[INFO] [KnowledgeBaseBuilder] Collecting messages...

[90mstdout[2m | test/knowledgeBaseBuilderAgent.test.ts[2m > [22m[2mKnowledgeBaseBuilderAgent[2m > [22m[2mAuto Categorization[2m > [22m[2mshould categorize documents
[22m[39m[INFO] [KnowledgeBaseBuilder] Extracting FAQs...
[INFO] [KnowledgeBaseBuilder] Generating wiki pages...

[90mstdout[2m | test/knowledgeBaseBuilderAgent.test.ts[2m > [22m[2mKnowledgeBaseBuilderAgent[2m > [22m[2mAuto Categorization[2m > [22m[2mshould categorize documents
[22m[39m[INFO] [KnowledgeBaseBuilder] Storing embeddings in LanceDB...
[INFO] [KnowledgeBaseBuilder] Ôťů Stored 0 FAQ embeddings

[90mstdout[2m | test/knowledgeBaseBuilderAgent.test.ts[2m > [22m[2mKnowledgeBaseBuilderAgent[2m > [22m[2mAuto Categorization[2m > [22m[2mshould categorize documents
[22m[39m[INFO] [KnowledgeBaseBuilder] Ôťů Knowledge base complete: 0 FAQs, 0 wiki pages
[STATUS] [KnowledgeBaseBuilder] idle

[90mstdout[2m | test/knowledgeBaseBuilderAgent.test.ts[2m > [22m[2mKnowledgeBaseBuilderAgent[2m > [22m[2mLanceDB Integration[2m > [22m[2mshould store documents in vector database
[22m[39m[STATUS] [KnowledgeBaseBuilder] working - Knowledge base: {"topic":"Performance Optimization","sections":["C...
[INFO] [KnowledgeBaseBuilder] Starting knowledge base building pipeline...
[INFO] [KnowledgeBaseBuilder] Collecting messages...

[90mstdout[2m | test/knowledgeBaseBuilderAgent.test.ts[2m > [22m[2mKnowledgeBaseBuilderAgent[2m > [22m[2mLanceDB Integration[2m > [22m[2mshould store documents in vector database
[22m[39m[INFO] [KnowledgeBaseBuilder] Extracting FAQs...
[INFO] [KnowledgeBaseBuilder] Generating wiki pages...

[90mstdout[2m | test/knowledgeBaseBuilderAgent.test.ts[2m > [22m[2mKnowledgeBaseBuilderAgent[2m > [22m[2mLanceDB Integration[2m > [22m[2mshould store documents in vector database
[22m[39m[INFO] [KnowledgeBaseBuilder] Storing embeddings in LanceDB...
[INFO] [KnowledgeBaseBuilder] Ôťů Stored 0 FAQ embeddings

[90mstdout[2m | test/knowledgeBaseBuilderAgent.test.ts[2m > [22m[2mKnowledgeBaseBuilderAgent[2m > [22m[2mLanceDB Integration[2m > [22m[2mshould store documents in vector database
[22m[39m[INFO] [KnowledgeBaseBuilder] Ôťů Knowledge base complete: 0 FAQs, 0 wiki pages
[STATUS] [KnowledgeBaseBuilder] idle

[90mstdout[2m | test/knowledgeBaseBuilderAgent.test.ts[2m > [22m[2mKnowledgeBaseBuilderAgent[2m > [22m[2mLanceDB Integration[2m > [22m[2mshould support batch operations
[22m[39m[STATUS] [KnowledgeBaseBuilder] working - Knowledge base: {"documents":[{"topic":"Doc1","content":"Content 1...
[INFO] [KnowledgeBaseBuilder] Starting knowledge base building pipeline...
[INFO] [KnowledgeBaseBuilder] Collecting messages...

[90mstdout[2m | test/knowledgeBaseBuilderAgent.test.ts[2m > [22m[2mKnowledgeBaseBuilderAgent[2m > [22m[2mLanceDB Integration[2m > [22m[2mshould support batch operations
[22m[39m[INFO] [KnowledgeBaseBuilder] Extracting FAQs...
[INFO] [KnowledgeBaseBuilder] Generating wiki pages...

[90mstdout[2m | test/knowledgeBaseBuilderAgent.test.ts[2m > [22m[2mKnowledgeBaseBuilderAgent[2m > [22m[2mLanceDB Integration[2m > [22m[2mshould support batch operations
[22m[39m[INFO] [KnowledgeBaseBuilder] Storing embeddings in LanceDB...
[INFO] [KnowledgeBaseBuilder] Ôťů Stored 0 FAQ embeddings

[90mstdout[2m | test/knowledgeBaseBuilderAgent.test.ts[2m > [22m[2mKnowledgeBaseBuilderAgent[2m > [22m[2mLanceDB Integration[2m > [22m[2mshould support batch operations
[22m[39m[INFO] [KnowledgeBaseBuilder] Ôťů Knowledge base complete: 0 FAQs, 0 wiki pages
[STATUS] [KnowledgeBaseBuilder] idle

[90mstdout[2m | test/knowledgeBaseBuilderAgent.test.ts[2m > [22m[2mKnowledgeBaseBuilderAgent[2m > [22m[2mError Handling[2m > [22m[2mshould handle empty topic
[22m[39m[STATUS] [KnowledgeBaseBuilder] working - Knowledge base: {"topic":""}...
[INFO] [KnowledgeBaseBuilder] Starting knowledge base building pipeline...
[INFO] [KnowledgeBaseBuilder] Collecting messages...

[90mstdout[2m | test/knowledgeBaseBuilderAgent.test.ts[2m > [22m[2mKnowledgeBaseBuilderAgent[2m > [22m[2mError Handling[2m > [22m[2mshould handle empty topic
[22m[39m[INFO] [KnowledgeBaseBuilder] Extracting FAQs...
[INFO] [KnowledgeBaseBuilder] Generating wiki pages...

[90mstdout[2m | test/knowledgeBaseBuilderAgent.test.ts[2m > [22m[2mKnowledgeBaseBuilderAgent[2m > [22m[2mError Handling[2m > [22m[2mshould handle empty topic
[22m[39m[INFO] [KnowledgeBaseBuilder] Storing embeddings in LanceDB...
[INFO] [KnowledgeBaseBuilder] Ôťů Stored 0 FAQ embeddings

[90mstdout[2m | test/knowledgeBaseBuilderAgent.test.ts[2m > [22m[2mKnowledgeBaseBuilderAgent[2m > [22m[2mError Handling[2m > [22m[2mshould handle empty topic
[22m[39m[INFO] [KnowledgeBaseBuilder] Ôťů Knowledge base complete: 0 FAQs, 0 wiki pages
[STATUS] [KnowledgeBaseBuilder] idle

[90mstdout[2m | test/knowledgeBaseBuilderAgent.test.ts[2m > [22m[2mKnowledgeBaseBuilderAgent[2m > [22m[2mError Handling[2m > [22m[2mshould handle search with no results
[22m[39m[STATUS] [KnowledgeBaseBuilder] working - Knowledge base: {"query":"completely nonexistent topic xyz123"}...
[INFO] [KnowledgeBaseBuilder] Starting knowledge base building pipeline...
[INFO] [KnowledgeBaseBuilder] Collecting messages...

[90mstdout[2m | test/knowledgeBaseBuilderAgent.test.ts[2m > [22m[2mKnowledgeBaseBuilderAgent[2m > [22m[2mError Handling[2m > [22m[2mshould handle search with no results
[22m[39m[INFO] [KnowledgeBaseBuilder] Extracting FAQs...
[INFO] [KnowledgeBaseBuilder] Generating wiki pages...

[90mstdout[2m | test/knowledgeBaseBuilderAgent.test.ts[2m > [22m[2mKnowledgeBaseBuilderAgent[2m > [22m[2mError Handling[2m > [22m[2mshould handle search with no results
[22m[39m[INFO] [KnowledgeBaseBuilder] Storing embeddings in LanceDB...
[INFO] [KnowledgeBaseBuilder] Ôťů Stored 0 FAQ embeddings

[90mstdout[2m | test/knowledgeBaseBuilderAgent.test.ts[2m > [22m[2mKnowledgeBaseBuilderAgent[2m > [22m[2mError Handling[2m > [22m[2mshould handle search with no results
[22m[39m[INFO] [KnowledgeBaseBuilder] Ôťů Knowledge base complete: 0 FAQs, 0 wiki pages
[STATUS] [KnowledgeBaseBuilder] idle

 [32mÔťô[39m test/knowledgeBaseBuilderAgent.test.ts [2m([22m[2m11 tests[22m[2m)[22m[32m 13[2mms[22m[39m
[90mstdout[2m | test/llm_provider.test.ts
[22m[39m[INFO] [AIGateway] Ôťů AI Gateway v3.0 initialized: CF Workers AI (@cf/meta/llama-3.1-8b-instruct)

[90mstdout[2m | test/llm_provider.test.ts[2m > [22m[2mBrunella 2.0 LLM Provider Test[2m > [22m[2mshould generate response via Ollama by default
[22m[39m[INFO] [AIGateway] CF response received (llama3.1:8b)

[90mstdout[2m | test/llm_provider.test.ts[2m > [22m[2mBrunella 2.0 LLM Provider Test[2m > [22m[2mshould fallback to Ollama if Gemini API key is missing/invalid
[22m[39m[INFO] [LLM_CLIENT] Fallback ind├şt├ísa Ollama-ra...

stderr | test/llm_provider.test.ts > Brunella 2.0 LLM Provider Test > should fallback to Ollama if Gemini API key is missing/invalid
[ERROR] [LLM_CLIENT] Hiba a(z) gemini szolg├íltat├│n├íl: GEMINI_API_KEY not configured

[90mstdout[2m | test/llm_provider.test.ts[2m > [22m[2mBrunella 2.0 LLM Provider Test[2m > [22m[2mshould fallback to Ollama if Gemini API key is missing/invalid
[22m[39m[INFO] [AIGateway] CF response received (llama3.1:8b)

 [32mÔťô[39m test/llm_provider.test.ts [2m([22m[2m2 tests[22m[2m)[22m[32m 13[2mms[22m[39m
 [32mÔťô[39m test/cean-alerting.test.ts [2m([22m[2m28 tests[22m[2m | [22m[33m3 skipped[39m[2m)[22m[32m 10[2mms[22m[39m
[90mstdout[2m | test/security.test.ts
[22m[39m[INFO] [SecurityMonitor] Security Events Monitor initialized

stderr | test/security.test.ts > BAS Security Test Suite (42 Scenarios) > Permission Enforcement (10 tests) > should deny file write without WRITE_FILE permission
[WARN] [PermissionManager] No permissions configured for agent: TestAgent

stderr | test/security.test.ts > BAS Security Test Suite (42 Scenarios) > Permission Enforcement (10 tests) > should deny E2B sandbox access without permission
[WARN] [PermissionManager] No permissions configured for agent: RobotkezV2

stderr | test/security.test.ts > BAS Security Test Suite (42 Scenarios) > Sandbox Escape Detection (8 tests) > should detect file system access attempts
[ERROR] [SecurityMonitor] [CRITICAL] sandbox_escape_attempt: Attempt to access /etc/shadow from sandbox

stderr | test/security.test.ts > BAS Security Test Suite (42 Scenarios) > Sandbox Escape Detection (8 tests) > should detect network access from isolated worker
[ERROR] [SecurityMonitor] [HIGH] sandbox_escape_attempt: Unauthorized network access attempt

stderr | test/security.test.ts > BAS Security Test Suite (42 Scenarios) > Sandbox Escape Detection (8 tests) > should detect process spawn attempts
[ERROR] [SecurityMonitor] [HIGH] policy_violation: Attempted to spawn child process

stderr | test/security.test.ts > BAS Security Test Suite (42 Scenarios) > Sandbox Escape Detection (8 tests) > should detect eval() usage
[WARN] [SecurityMonitor] [MEDIUM] suspicious_pattern: eval() detected in code execution

stderr | test/security.test.ts > BAS Security Test Suite (42 Scenarios) > Sandbox Escape Detection (8 tests) > should detect environment variable access
[WARN] [SecurityMonitor] [MEDIUM] policy_violation: Unauthorized environment variable access

stderr | test/security.test.ts > BAS Security Test Suite (42 Scenarios) > Sandbox Escape Detection (8 tests) > should detect require() of restricted modules
[ERROR] [SecurityMonitor] [HIGH] policy_violation: Attempted to require("child_process")

stderr | test/security.test.ts > BAS Security Test Suite (42 Scenarios) > Sandbox Escape Detection (8 tests) > should detect file descriptor manipulation
[ERROR] [SecurityMonitor] [CRITICAL] sandbox_escape_attempt: File descriptor manipulation detected

stderr | test/security.test.ts > BAS Security Test Suite (42 Scenarios) > Sandbox Escape Detection (8 tests) > should detect symbolic link traversal
[ERROR] [SecurityMonitor] [HIGH] sandbox_escape_attempt: Symbolic link traversal attempt

stderr | test/security.test.ts > BAS Security Test Suite (42 Scenarios) > Resource Quota Enforcement (8 tests) > should detect memory quota exceeded
[ERROR] [SecurityMonitor] [HIGH] resource_quota_exceeded: Memory usage exceeded 512MB limit

stderr | test/security.test.ts > BAS Security Test Suite (42 Scenarios) > Resource Quota Enforcement (8 tests) > should detect CPU time exceeded
[WARN] [SecurityMonitor] [MEDIUM] resource_quota_exceeded: CPU time exceeded 60s limit

[90mstdout[2m | test/security.test.ts[2m > [22m[2mBAS Security Test Suite (42 Scenarios)[2m > [22m[2mResource Quota Enforcement (8 tests)[2m > [22m[2mshould detect file size limit exceeded
[22m[39m[INFO] [SecurityMonitor] [LOW] resource_quota_exceeded: File write exceeded 10MB limit

stderr | test/security.test.ts > BAS Security Test Suite (42 Scenarios) > Resource Quota Enforcement (8 tests) > should detect network bandwidth exceeded
[WARN] [SecurityMonitor] [MEDIUM] resource_quota_exceeded: Network bandwidth exceeded

stderr | test/security.test.ts > BAS Security Test Suite (42 Scenarios) > Resource Quota Enforcement (8 tests) > should detect too many file handles
[ERROR] [SecurityMonitor] [HIGH] resource_quota_exceeded: Open file handles exceeded

stderr | test/security.test.ts > BAS Security Test Suite (42 Scenarios) > Resource Quota Enforcement (8 tests) > should detect thread count exceeded
[ERROR] [SecurityMonitor] [HIGH] resource_quota_exceeded: Worker thread count exceeded

stderr | test/security.test.ts > BAS Security Test Suite (42 Scenarios) > Resource Quota Enforcement (8 tests) > should detect execution timeout
[WARN] [SecurityMonitor] [MEDIUM] resource_quota_exceeded: Execution timeout after 60s

stderr | test/security.test.ts > BAS Security Test Suite (42 Scenarios) > Resource Quota Enforcement (8 tests) > should detect disk space quota exceeded
[ERROR] [SecurityMonitor] [CRITICAL] resource_quota_exceeded: Disk space quota exceeded

stderr | test/security.test.ts > BAS Security Test Suite (42 Scenarios) > Worker Thread Isolation (8 tests) > should isolate worker crashes
[ERROR] [SecurityMonitor] [HIGH] worker_crash: Worker thread crashed

stderr | test/security.test.ts > BAS Security Test Suite (42 Scenarios) > Worker Thread Isolation (8 tests) > should enforce timeout per worker
[WARN] [SecurityMonitor] [MEDIUM] worker_crash: Worker timeout after 60s

stderr | test/security.test.ts > BAS Security Test Suite (42 Scenarios) > Alert System (8 tests) > should trigger alert on repeated permission denials
[WARN] [SecurityMonitor] [MEDIUM] permission_denied: Permission denied #1
[WARN] [SecurityMonitor] [MEDIUM] permission_denied: Permission denied #2
[WARN] [SecurityMonitor] [MEDIUM] permission_denied: Permission denied #3
[WARN] [SecurityMonitor] [MEDIUM] permission_denied: Permission denied #4
[WARN] [SecurityMonitor] [MEDIUM] permission_denied: Permission denied #5
[WARN] [SecurityMonitor] [MEDIUM] permission_denied: Permission denied #6
[WARN] [SecurityMonitor] [MEDIUM] permission_denied: Permission denied #7
[WARN] [SecurityMonitor] [MEDIUM] permission_denied: Permission denied #8
[WARN] [SecurityMonitor] [MEDIUM] permission_denied: Permission denied #9
[ERROR] [SecurityMonitor] ­čÜĘ ALERT: Permission Denial Spam Detection triggered (10 events)
[WARN] [SecurityMonitor] Alert notification should be sent for: Permission Denial Spam Detection
[WARN] [SecurityMonitor] [MEDIUM] permission_denied: Permission denied #10

stderr | test/security.test.ts > BAS Security Test Suite (42 Scenarios) > Alert System (8 tests) > should not trigger alert below threshold
[WARN] [SecurityMonitor] [MEDIUM] permission_denied: Denial #1
[WARN] [SecurityMonitor] [MEDIUM] permission_denied: Denial #2
[WARN] [SecurityMonitor] [MEDIUM] permission_denied: Denial #3
[WARN] [SecurityMonitor] [MEDIUM] permission_denied: Denial #4
[WARN] [SecurityMonitor] [MEDIUM] permission_denied: Denial #5

[90mstdout[2m | test/security.test.ts[2m > [22m[2mBAS Security Test Suite (42 Scenarios)[2m > [22m[2mAlert System (8 tests)[2m > [22m[2mshould log all security events
[22m[39m[INFO] [SecurityMonitor] [LOW] suspicious_pattern: Suspicious pattern detected

 [32mÔťô[39m test/security.test.ts [2m([22m[2m42 tests[22m[2m | [22m[33m6 skipped[39m[2m)[22m[32m 14[2mms[22m[39m
 [32mÔťô[39m test/orchestration/dagEngine.test.ts [2m([22m[2m6 tests[22m[2m)[22m[32m 26[2mms[22m[39m
[90mstdout[2m | test/robotkez_pro_e2e.test.ts
[22m[39m[INFO] [GlobalDb] Database opened: F:\mcp-brunella-core\data\brunella.db
[INFO] [GlobalDb] Schema initialized
[INFO] [StructuredMemory] Structured memory DB initialized

[90mstdout[2m | test/robotkez_pro_e2e.test.ts
[22m[39m[INFO] [AIGateway] Ôťů AI Gateway v3.0 initialized: CF Workers AI (@cf/meta/llama-3.1-8b-instruct)

[90mstdout[2m | test/robotkez_pro_e2e.test.ts
[22m[39m[INFO] [EventBus] Singleton connected to F:\mcp-brunella-core\data\brunella.db

[90mstdout[2m | test/robotkez_pro_e2e.test.ts[2m > [22m[2mRobotk├ęz Pro (BVAB) E2E Flow[2m > [22m[2mshould deconstruct complex n8n task and use vision-click
[22m[39m[STATUS] [RobotkezV2] working - ├üll├şts be egy HTTP Request node-ot az n8n-en.

[90mstdout[2m | test/robotkez_pro_e2e.test.ts[2m > [22m[2mRobotk├ęz Pro (BVAB) E2E Flow[2m > [22m[2mshould deconstruct complex n8n task and use vision-click
[22m[39m[INFO] [RobotkezV2] Executing plan: 3 steps
[INFO] [RobotkezV2] Step: n8n megnyit├ísa (navigate)

[90mstdout[2m | test/robotkez_pro_e2e.test.ts[2m > [22m[2mRobotk├ęz Pro (BVAB) E2E Flow[2m > [22m[2mshould deconstruct complex n8n task and use vision-click
[22m[39m[INFO] [RobotkezV2] Step: Kattint├ís az ├║j node gombra (vision-click)

[90mstdout[2m | test/robotkez_pro_e2e.test.ts[2m > [22m[2mRobotk├ęz Pro (BVAB) E2E Flow[2m > [22m[2mshould deconstruct complex n8n task and use vision-click
[22m[39m[INFO] [RobotkezV2] Step: HTTP Request keres├ęse (type)

[90mstdout[2m | test/robotkez_pro_e2e.test.ts[2m > [22m[2mRobotk├ęz Pro (BVAB) E2E Flow[2m > [22m[2mshould deconstruct complex n8n task and use vision-click
[22m[39m[STATUS] [RobotkezV2] idle

[90mstdout[2m | test/robotkez_pro_e2e.test.ts[2m > [22m[2mRobotk├ęz Pro (BVAB) E2E Flow[2m > [22m[2mshould trigger self-healing on click failure
[22m[39m[STATUS] [RobotkezV2] working - Kattints a ment├ęs gombra

[90mstdout[2m | test/robotkez_pro_e2e.test.ts[2m > [22m[2mRobotk├ęz Pro (BVAB) E2E Flow[2m > [22m[2mshould trigger self-healing on click failure
[22m[39m[INFO] [RobotkezV2] Executing plan: 1 steps
[INFO] [RobotkezV2] Step: Kattint├ís a ment├ęsre (click)

stderr | test/robotkez_pro_e2e.test.ts > Robotk├ęz Pro (BVAB) E2E Flow > should trigger self-healing on click failure
[WARN] [RobotkezV2] Step failed, attempting self-healing with Vision for: Kattint├ís a ment├ęsre

[90mstdout[2m | test/robotkez_pro_e2e.test.ts[2m > [22m[2mRobotk├ęz Pro (BVAB) E2E Flow[2m > [22m[2mshould trigger self-healing on click failure
[22m[39m[STATUS] [RobotkezV2] idle

 [32mÔťô[39m test/robotkez_pro_e2e.test.ts [2m([22m[2m2 tests[22m[2m)[22m[32m 13[2mms[22m[39m
 [32mÔťô[39m test/browser_rendering.test.ts [2m([22m[2m20 tests[22m[2m)[22m[32m 13[2mms[22m[39m
 [32mÔťô[39m test/robotkezV2Agent.test.ts [2m([22m[2m19 tests[22m[2m | [22m[33m1 skipped[39m[2m)[22m[32m 13[2mms[22m[39m
[90mstdout[2m | test/phase7_superintelligent_infra.test.ts[2m > [22m[2mSelfReplication[2m > [22m[2mcreates a replication plan and bootstrap lifecycle
[22m[39m[INFO] [SelfReplication] Replication plan created rp-1-1774421455803 (node-1 -> us-east)
[INFO] [SelfReplication] Plan rp-1-1774421455803 entered bootstrap for node-1-replica-1

stderr | test/phase7_superintelligent_infra.test.ts > SelfReplication > rejects replication when source is missing
[WARN] [SelfReplication] Replication request rejected: source missing not found

[90mstdout[2m | test/phase7_superintelligent_infra.test.ts[2m > [22m[2mSelfReplication[2m > [22m[2mtracks analysis stats
[22m[39m[INFO] [SelfReplication] Replication plan created rp-1-1774421455808 (node-1 -> us-east)

[90mstdout[2m | test/phase7_superintelligent_infra.test.ts[2m > [22m[2mInfraAI[2m > [22m[2mgenerates recommendations from stressed resources
[22m[39m[INFO] [InfraAI] Analysis complete: 1 resources, 0 open incidents, 2 recommendations

[90mstdout[2m | test/phase7_superintelligent_infra.test.ts[2m > [22m[2mGlobalOptimizer[2m > [22m[2memits optimization directives
[22m[39m[INFO] [GlobalOptimizer] Optimization run completed: 2 directives, trend=degrading

[90mstdout[2m | test/phase7_superintelligent_infra.test.ts[2m > [22m[2mEvoEcosystem[2m > [22m[2mkeeps champions and retires weak members
[22m[39m[INFO] [EvoEcosystem] Selection cycle 1: 2 survivors, 1 retired

[90mstdout[2m | test/phase7_superintelligent_infra.test.ts[2m > [22m[2mSelfModel[2m > [22m[2mbuilds capabilities and blind spots from signals
[22m[39m[INFO] [SelfModel] Reflection complete: 2 capabilities, 1 blind spots, health=coherent

[90mstdout[2m | test/phase7_superintelligent_infra.test.ts[2m > [22m[2mGoalEngine[2m > [22m[2mmarks goals completed when target is reached
[22m[39m[INFO] [GoalEngine] Evaluated 1 goals, 1 state changes

[90mstdout[2m | test/phase7_superintelligent_infra.test.ts[2m > [22m[2mHyperKernel[2m > [22m[2maggregates modules and can trigger a resilience cycle
[22m[39m[INFO] [InfraAI] Analysis complete: 1 resources, 1 open incidents, 3 recommendations
[INFO] [GlobalOptimizer] Optimization run completed: 4 directives, trend=stable
[INFO] [SelfModel] Reflection complete: 2 capabilities, 1 blind spots, health=coherent
[INFO] [GoalEngine] Evaluated 3 goals, 0 state changes
[INFO] [SelfReplication] Replication plan created rp-1-1774421455817 (node-main -> us-east)
[INFO] [SelfReplication] Plan rp-1-1774421455817 entered bootstrap for node-main-replica-1
[INFO] [HyperKernel] Cycle hk-1-1774421455816 complete: goals=3, directives=4, replication=true

 [32mÔťô[39m test/phase7_superintelligent_infra.test.ts [2m([22m[2m12 tests[22m[2m)[22m[32m 16[2mms[22m[39m
[90mstdout[2m | test/memory/structuredMemory.test.ts
[22m[39m[INFO] [GlobalDb] Database opened: F:\mcp-brunella-core\data\brunella.db
[INFO] [GlobalDb] Schema initialized
[INFO] [StructuredMemory] Structured memory DB initialized

 [32mÔťô[39m test/memory/structuredMemory.test.ts [2m([22m[2m3 tests[22m[2m)[22m[32m 11[2mms[22m[39m
[90mstdout[2m | test/phase1_remote_foundation.test.ts[2m > [22m[2mRemoteSessionManager[2m > [22m[2mshould create a new session with valid fields
[22m[39m[INFO] [RemoteSessionManager] Session created: 915645fd-e928-4e61-b166-e352eb34b2df for target target-1

[90mstdout[2m | test/phase1_remote_foundation.test.ts[2m > [22m[2mRemoteSessionManager[2m > [22m[2mshould retrieve an existing session by id
[22m[39m[INFO] [RemoteSessionManager] Session created: 23d83edc-8868-4d6b-8c15-02799fea2ba6 for target t1

[90mstdout[2m | test/phase1_remote_foundation.test.ts[2m > [22m[2mRemoteSessionManager[2m > [22m[2mshould return undefined for expired sessions
[22m[39m[INFO] [RemoteSessionManager] Session created: f2f1b1bf-910a-441d-b64a-31248577dff2 for target t1
[INFO] [RemoteSessionManager] Session expired: f2f1b1bf-910a-441d-b64a-31248577dff2

[90mstdout[2m | test/phase1_remote_foundation.test.ts[2m > [22m[2mRemoteSessionManager[2m > [22m[2mshould close a session
[22m[39m[INFO] [RemoteSessionManager] Session created: d7af73b7-1915-4fae-bf89-91744f48b659 for target t1
[INFO] [RemoteSessionManager] Session closed: d7af73b7-1915-4fae-bf89-91744f48b659

[90mstdout[2m | test/phase1_remote_foundation.test.ts[2m > [22m[2mRemoteSessionManager[2m > [22m[2mshould cleanup expired sessions
[22m[39m[INFO] [RemoteSessionManager] Session created: b04566f1-b721-4bb4-b7c0-5346a586efa7 for target t1
[INFO] [RemoteSessionManager] Session created: d608583f-d4a2-41d8-85ce-2c4907fbb80f for target t2
[INFO] [RemoteSessionManager] Cleaned up 1 expired sessions

[90mstdout[2m | test/phase1_remote_foundation.test.ts[2m > [22m[2mRemoteSessionManager[2m > [22m[2mshould add a command to a session
[22m[39m[INFO] [RemoteSessionManager] Session created: cc455eb1-3411-4649-bc1f-282967876a9a for target t1
[INFO] [RemoteSessionManager] Command added: 0d218f94-ed09-40ac-82cc-fa366265f5bc to session cc455eb1-3411-4649-bc1f-282967876a9a

stderr | test/phase1_remote_foundation.test.ts > RemoteSessionManager > should return null when adding command to non-existent session
[ERROR] [RemoteSessionManager] Session not found: no-session

[90mstdout[2m | test/phase1_remote_foundation.test.ts[2m > [22m[2mRemoteSessionManager[2m > [22m[2mshould update command status to running
[22m[39m[INFO] [RemoteSessionManager] Session created: 2b402b8a-7768-4148-88d5-36c390741a6a for target t1
[INFO] [RemoteSessionManager] Command added: 8f92226e-cfd4-4e2b-8292-0c57c3aa03b4 to session 2b402b8a-7768-4148-88d5-36c390741a6a

[90mstdout[2m | test/phase1_remote_foundation.test.ts[2m > [22m[2mRemoteSessionManager[2m > [22m[2mshould update command status to completed with result
[22m[39m[INFO] [RemoteSessionManager] Session created: 0040f6c8-063b-4f67-9f04-0ee7b1e799bb for target t1
[INFO] [RemoteSessionManager] Command added: faae0d6f-80de-41ed-a886-b597691eeae0 to session 0040f6c8-063b-4f67-9f04-0ee7b1e799bb

[90mstdout[2m | test/phase1_remote_foundation.test.ts[2m > [22m[2mRemoteSessionManager[2m > [22m[2mshould update command status to failed with error
[22m[39m[INFO] [RemoteSessionManager] Session created: 77a15a83-9d45-408c-9ca3-993e9e1af961 for target t1
[INFO] [RemoteSessionManager] Command added: 72bbcd92-577a-42ac-a4f2-3749fa9f268e to session 77a15a83-9d45-408c-9ca3-993e9e1af961

[90mstdout[2m | test/phase1_remote_foundation.test.ts[2m > [22m[2mRemoteSessionManager[2m > [22m[2mshould list pending commands
[22m[39m[INFO] [RemoteSessionManager] Session created: af1368e8-0e1c-4f58-989f-c3c8a5fc8fff for target t1
[INFO] [RemoteSessionManager] Command added: ca081ec5-07be-445e-ab73-b9288186e50c to session af1368e8-0e1c-4f58-989f-c3c8a5fc8fff
[INFO] [RemoteSessionManager] Command added: 8d2e3683-4a0e-4bb8-96ec-ede0970963d0 to session af1368e8-0e1c-4f58-989f-c3c8a5fc8fff
[INFO] [RemoteSessionManager] Command added: 624ae94e-c4ed-4602-a80e-2db6797a02ce to session af1368e8-0e1c-4f58-989f-c3c8a5fc8fff

[90mstdout[2m | test/phase1_remote_foundation.test.ts[2m > [22m[2mRemoteSessionManager[2m > [22m[2mshould emit command:status events when command status changes
[22m[39m[INFO] [RemoteSessionManager] Session created: 92e79746-c154-4d45-912d-d80503baed9b for target t1
[INFO] [RemoteSessionManager] Command added: 05282881-1f17-4c20-ab7a-dfc1b430fc65 to session 92e79746-c154-4d45-912d-d80503baed9b

[90mstdout[2m | test/phase1_remote_foundation.test.ts[2m > [22m[2mRemoteSessionManager[2m > [22m[2mshould emit stream:closed event when session is closed
[22m[39m[INFO] [RemoteSessionManager] Session created: 376d9939-6549-4044-b63c-15117c6298fd for target t1
[INFO] [RemoteSessionManager] Session closed: 376d9939-6549-4044-b63c-15117c6298fd

[90mstdout[2m | test/phase1_remote_foundation.test.ts[2m > [22m[2mRemoteSessionManager[2m > [22m[2mshould filter events since a given timestamp
[22m[39m[INFO] [RemoteSessionManager] Session created: d9b551f7-50d3-46e7-8884-30844948515f for target t1
[INFO] [RemoteSessionManager] Command added: 787b3239-dff2-4659-a8df-ce9646e444ec to session d9b551f7-50d3-46e7-8884-30844948515f

[90mstdout[2m | test/phase1_remote_foundation.test.ts[2m > [22m[2mRemote Types Integrity[2m > [22m[2mRemoteSession should have required fields
[22m[39m[INFO] [RemoteSessionManager] Session created: 518a1add-0cea-488e-8b02-a9b3bc1839c5 for target t1

[90mstdout[2m | test/phase1_remote_foundation.test.ts[2m > [22m[2mRemote Types Integrity[2m > [22m[2mRemoteCommand should have proper structure once added
[22m[39m[INFO] [RemoteSessionManager] Session created: 54d5c78d-28c1-4f36-b5a0-b67ffad91531 for target target1
[INFO] [RemoteSessionManager] Command added: 8963ff00-41e2-488b-9c81-ac06d05db8db to session 54d5c78d-28c1-4f36-b5a0-b67ffad91531

[90mstdout[2m | test/phase1_remote_foundation.test.ts[2m > [22m[2mE2E: Remote Session Full Flow[2m > [22m[2mshould complete a full session lifecycle: create Ôćĺ command Ôćĺ update Ôćĺ events Ôćĺ close
[22m[39m[INFO] [RemoteSessionManager] Session created: 264e1175-25a3-4d0d-a844-2ace079939fe for target orchestrator
[INFO] [RemoteSessionManager] Command added: f60bd4c2-ffc5-4d82-af68-1dd8b3b4840a to session 264e1175-25a3-4d0d-a844-2ace079939fe
[INFO] [RemoteSessionManager] Command added: e0b95bae-d0e7-433a-a573-cffa98e33eb6 to session 264e1175-25a3-4d0d-a844-2ace079939fe
[INFO] [RemoteSessionManager] Session closed: 264e1175-25a3-4d0d-a844-2ace079939fe

[90mstdout[2m | test/phase1_remote_foundation.test.ts[2m > [22m[2mE2E: Remote Session Full Flow[2m > [22m[2mshould handle multiple concurrent sessions independently
[22m[39m[INFO] [RemoteSessionManager] Session created: 12b4131a-6a57-44dd-a8b8-ca80fbc1dee7 for target agent-a
[INFO] [RemoteSessionManager] Session created: 3648aeed-2fac-4171-a73d-91d37bb3f7b4 for target agent-b
[INFO] [RemoteSessionManager] Command added: 0eda89ca-7f7a-4e88-b5ea-7b05de84d77e to session 12b4131a-6a57-44dd-a8b8-ca80fbc1dee7
[INFO] [RemoteSessionManager] Command added: 70ebab94-1f24-4f33-896b-6885c131f00e to session 3648aeed-2fac-4171-a73d-91d37bb3f7b4
[INFO] [RemoteSessionManager] Session closed: 12b4131a-6a57-44dd-a8b8-ca80fbc1dee7

 [32mÔťô[39m test/phase1_remote_foundation.test.ts [2m([22m[2m22 tests[22m[2m)[22m[32m 16[2mms[22m[39m
[90mstdout[2m | test/agents/MarketIntelAgent.test.ts
[22m[39m[INFO] [AIGateway] Ôťů AI Gateway v3.0 initialized: CF Workers AI (@cf/meta/llama-3.1-8b-instruct)

[90mstdout[2m | test/agents/MarketIntelAgent.test.ts
[22m[39m[INFO] [GlobalDb] Database opened: F:\mcp-brunella-core\data\brunella.db
[INFO] [GlobalDb] Schema initialized
[INFO] [StructuredMemory] Structured memory DB initialized

[90mstdout[2m | test/agents/MarketIntelAgent.test.ts
[22m[39m[INFO] [EventBus] Singleton connected to F:\mcp-brunella-core\data\brunella.db

[90mstdout[2m | test/agents/MarketIntelAgent.test.ts
[22m[39m[INFO] [SwarmManager] Colony created: Triad (triad-default)
[INFO] [System] Triad colony initialized: researcher, DataScientist, Developer

[90mstdout[2m | test/agents/MarketIntelAgent.test.ts[2m > [22m[2mMarketIntelAgent - Market Monitoring[2m > [22m[2mshould successfully scrape, value, and store market data
[22m[39m[STATUS] [MarketIntel] working - Piaci h├şrszerz├ęs: Monitor product prices...
[INFO] [MarketIntel] Scraping product data from http://example.com...

[90mstdout[2m | test/agents/MarketIntelAgent.test.ts[2m > [22m[2mMarketIntelAgent - Market Monitoring[2m > [22m[2mshould successfully scrape, value, and store market data
[22m[39m[INFO] [MarketIntel] Evaluating product potential...

[90mstdout[2m | test/agents/MarketIntelAgent.test.ts[2m > [22m[2mMarketIntelAgent - Market Monitoring[2m > [22m[2mshould successfully scrape, value, and store market data
[22m[39m[INFO] [MarketIntel] Triggering alert for: Product X
[INFO] [MarketIntel] [ALERT] HIGH POTENTIAL: Product X @ 100 HUF. Score: 0.8

[90mstdout[2m | test/agents/MarketIntelAgent.test.ts[2m > [22m[2mMarketIntelAgent - Market Monitoring[2m > [22m[2mshould fail if URL or selectors are missing
[22m[39m[STATUS] [MarketIntel] working - Piaci h├şrszerz├ęs: Monitor product prices...

 [32mÔťô[39m test/agents/MarketIntelAgent.test.ts [2m([22m[2m2 tests[22m[2m)[22m[32m 9[2mms[22m[39m
[90mstdout[2m | test/crawl4ai.test.ts[2m > [22m[2mcrawl4aiTool[2m > [22m[2mcrawl4aiCrawlHandler[2m > [22m[2mshould return success for valid crawl response
[22m[39m[INFO] [crawl4ai] Crawling: https://example.com

[90mstdout[2m | test/crawl4ai.test.ts[2m > [22m[2mcrawl4aiTool[2m > [22m[2mcrawl4aiCrawlHandler[2m > [22m[2mshould return success for valid crawl response
[22m[39m[INFO] [crawl4ai] Crawled https://example.com ÔÇö 9 chars

[90mstdout[2m | test/crawl4ai.test.ts[2m > [22m[2mcrawl4aiTool[2m > [22m[2mcrawl4aiCrawlHandler[2m > [22m[2mshould handle HTTP errors
[22m[39m[INFO] [crawl4ai] Crawling: https://example.com

[90mstdout[2m | test/crawl4ai.test.ts[2m > [22m[2mcrawl4aiTool[2m > [22m[2mcrawl4aiCrawlHandler[2m > [22m[2mshould handle network errors
[22m[39m[INFO] [crawl4ai] Crawling: https://example.com

stderr | test/crawl4ai.test.ts > crawl4aiTool > crawl4aiCrawlHandler > should handle network errors
[ERROR] [crawl4ai] Connection refused

[90mstdout[2m | test/crawl4ai.test.ts[2m > [22m[2mcrawl4aiTool[2m > [22m[2mcrawl4aiCrawlHandler[2m > [22m[2mshould pass extract_schema as JSON
[22m[39m[INFO] [crawl4ai] Crawling: https://example.com

[90mstdout[2m | test/crawl4ai.test.ts[2m > [22m[2mcrawl4aiTool[2m > [22m[2mcrawl4aiCrawlHandler[2m > [22m[2mshould pass extract_schema as JSON
[22m[39m[INFO] [crawl4ai] Crawled https://example.com ÔÇö 6 chars

[90mstdout[2m | test/crawl4ai.test.ts[2m > [22m[2mcrawl4aiTool[2m > [22m[2mcrawl4aiBatchHandler[2m > [22m[2mshould return batch results
[22m[39m[INFO] [crawl4ai] Batch crawling 2 URLs

[90mstdout[2m | test/crawl4ai.test.ts[2m > [22m[2mcrawl4aiTool[2m > [22m[2mcrawl4aiBatchHandler[2m > [22m[2mshould return batch results
[22m[39m[INFO] [crawl4ai] Batch done: 2 results

[90mstdout[2m | test/crawl4ai.test.ts[2m > [22m[2mcrawl4aiTool[2m > [22m[2mcrawl4aiBatchHandler[2m > [22m[2mshould handle batch errors
[22m[39m[INFO] [crawl4ai] Batch crawling 1 URLs

stderr | test/crawl4ai.test.ts > crawl4aiTool > crawl4aiBatchHandler > should handle batch errors
[ERROR] [crawl4ai] Timeout

 [32mÔťô[39m test/crawl4ai.test.ts [2m([22m[2m6 tests[22m[2m)[22m[32m 12[2mms[22m[39m
[90mstdout[2m | test/innovation_bridge_core.test.ts
[22m[39m[INFO] [GlobalDb] Database opened: F:\mcp-brunella-core\data\brunella.db
[INFO] [GlobalDb] Schema initialized
[INFO] [StructuredMemory] Structured memory DB initialized

[90mstdout[2m | test/innovation_bridge_core.test.ts
[22m[39m[INFO] [EventBus] Singleton connected to F:\mcp-brunella-core\data\brunella.db

[90mstdout[2m | test/innovation_bridge_core.test.ts
[22m[39m[INFO] [SwarmManager] Colony created: Triad (triad-default)
[INFO] [System] Triad colony initialized: researcher, DataScientist, Developer

[90mstdout[2m | test/innovation_bridge_core.test.ts[2m > [22m[2mInnovationBridgeAgent - Core Logic[2m > [22m[2mshould analyze intent and map to principles correctly
[22m[39m[INFO] [InnovationBridge] Starting innovation process for: How to make the CPU faster without overheating?

[90mstdout[2m | test/innovation_bridge_core.test.ts[2m > [22m[2mInnovationBridgeAgent - Core Logic[2m > [22m[2mshould analyze intent and map to principles correctly
[22m[39m[INFO] [AgentManager] [DELEGATE] K├ęr├ęs ├ęrkezett a 'Researcher' ├╝gyn├Âkh├Âz.
[INFO] [AgentManager] [DELEGATE] Keres├ęs: 'Researcher' (researcher). Regisztr├ílt: 
[INFO] [AgentManager] Task deleg├íl├ís: Find cross-industry analogy for TRIZ principle "Th...
[INFO] [AgentTracer] [SPAN START] orchestrator::execute (trace=81410cd0, span=b5fde875)
[INFO] [AgentManager] [DELEGATE] K├ęr├ęs ├ęrkezett a 'Researcher' ├╝gyn├Âkh├Âz.
[INFO] [AgentManager] [DELEGATE] Keres├ęs: 'Researcher' (researcher). Regisztr├ílt: 
[INFO] [AgentManager] Task deleg├íl├ís: Find cross-industry analogy for TRIZ principle "Dy...
[INFO] [AgentTracer] [SPAN START] orchestrator::execute (trace=1d5991cb, span=6e4545e3)
[INFO] [AgentManager] [DELEGATE] K├ęr├ęs ├ęrkezett a 'Researcher' ├╝gyn├Âkh├Âz.
[INFO] [AgentManager] [DELEGATE] Keres├ęs: 'Researcher' (researcher). Regisztr├ílt: 
[INFO] [AgentManager] Task deleg├íl├ís: Find cross-industry analogy for TRIZ principle "Pe...
[INFO] [AgentTracer] [SPAN START] orchestrator::execute (trace=65d44536, span=1cd1838a)
[INFO] [AgentManager] [DELEGATE] K├ęr├ęs ├ęrkezett a 'Researcher' ├╝gyn├Âkh├Âz.
[INFO] [AgentManager] [DELEGATE] Keres├ęs: 'Researcher' (researcher). Regisztr├ílt: 
[INFO] [AgentManager] Task deleg├íl├ís: Find cross-industry analogy for TRIZ principle "Pa...
[INFO] [AgentTracer] [SPAN START] orchestrator::execute (trace=d6fe8b2c, span=15d1a2d6)

stderr | test/innovation_bridge_core.test.ts > InnovationBridgeAgent - Core Logic > should analyze intent and map to principles correctly
[ERROR] [AgentManager] [DELEGATE] Az ├╝gyn├Âk ('Researcher') NEM TAL├üLHAT├ô a map-ben (M├ęg kisbet┼▒s├ştve sem). Jelenlegi ├╝gyn├Âk├Âk: . Fallback to dynamic routing.
[WARN] [ToolPermissions] Tool agent_delegate not in permission map - allowing by default
[ERROR] [AgentManager] [DELEGATE] Az ├╝gyn├Âk ('Researcher') NEM TAL├üLHAT├ô a map-ben (M├ęg kisbet┼▒s├ştve sem). Jelenlegi ├╝gyn├Âk├Âk: . Fallback to dynamic routing.
[WARN] [ToolPermissions] Tool agent_delegate not in permission map - allowing by default
[ERROR] [AgentManager] [DELEGATE] Az ├╝gyn├Âk ('Researcher') NEM TAL├üLHAT├ô a map-ben (M├ęg kisbet┼▒s├ştve sem). Jelenlegi ├╝gyn├Âk├Âk: . Fallback to dynamic routing.
[WARN] [ToolPermissions] Tool agent_delegate not in permission map - allowing by default
[ERROR] [AgentManager] [DELEGATE] Az ├╝gyn├Âk ('Researcher') NEM TAL├üLHAT├ô a map-ben (M├ęg kisbet┼▒s├ştve sem). Jelenlegi ├╝gyn├Âk├Âk: . Fallback to dynamic routing.
[WARN] [ToolPermissions] Tool agent_delegate not in permission map - allowing by default

[90mstdout[2m | test/innovation_bridge_core.test.ts[2m > [22m[2mInnovationBridgeAgent - Core Logic[2m > [22m[2mshould analyze intent and map to principles correctly
[22m[39m[INFO] [AuditLog] Database initialized (in-memory test mode)

[90mstdout[2m | test/innovation_bridge_core.test.ts[2m > [22m[2mInnovationBridgeAgent - Core Logic[2m > [22m[2mshould analyze intent and map to principles correctly
[22m[39m[INFO] [AgentTracer] [SPAN END] orchestrator::execute error (3ms)

[90mstdout[2m | test/innovation_bridge_core.test.ts[2m > [22m[2mInnovationBridgeAgent - Core Logic[2m > [22m[2mshould analyze intent and map to principles correctly
[22m[39m[INFO] [AgentManager] [DELEGATE] Dynamic routing eredm├ęnye: success=false, detail: {"success":false,"message":"├ťgyn├Âk nem tal├ílhat├│: orchestrator","data":null,"executedBy":"orchestrat

[90mstdout[2m | test/innovation_bridge_core.test.ts[2m > [22m[2mInnovationBridgeAgent - Core Logic[2m > [22m[2mshould analyze intent and map to principles correctly
[22m[39m[INFO] [AuditLog] Database initialized (in-memory test mode)

[90mstdout[2m | test/innovation_bridge_core.test.ts[2m > [22m[2mInnovationBridgeAgent - Core Logic[2m > [22m[2mshould analyze intent and map to principles correctly
[22m[39m[INFO] [AgentTracer] [SPAN END] orchestrator::execute error (3ms)

[90mstdout[2m | test/innovation_bridge_core.test.ts[2m > [22m[2mInnovationBridgeAgent - Core Logic[2m > [22m[2mshould analyze intent and map to principles correctly
[22m[39m[INFO] [AgentManager] [DELEGATE] Dynamic routing eredm├ęnye: success=false, detail: {"success":false,"message":"├ťgyn├Âk nem tal├ílhat├│: orchestrator","data":null,"executedBy":"orchestrat

[90mstdout[2m | test/innovation_bridge_core.test.ts[2m > [22m[2mInnovationBridgeAgent - Core Logic[2m > [22m[2mshould analyze intent and map to principles correctly
[22m[39m[INFO] [AuditLog] Database initialized (in-memory test mode)

[90mstdout[2m | test/innovation_bridge_core.test.ts[2m > [22m[2mInnovationBridgeAgent - Core Logic[2m > [22m[2mshould analyze intent and map to principles correctly
[22m[39m[INFO] [AgentTracer] [SPAN END] orchestrator::execute error (4ms)

[90mstdout[2m | test/innovation_bridge_core.test.ts[2m > [22m[2mInnovationBridgeAgent - Core Logic[2m > [22m[2mshould analyze intent and map to principles correctly
[22m[39m[INFO] [AgentManager] [DELEGATE] Dynamic routing eredm├ęnye: success=false, detail: {"success":false,"message":"├ťgyn├Âk nem tal├ílhat├│: orchestrator","data":null,"executedBy":"orchestrat

[90mstdout[2m | test/innovation_bridge_core.test.ts[2m > [22m[2mInnovationBridgeAgent - Core Logic[2m > [22m[2mshould analyze intent and map to principles correctly
[22m[39m[INFO] [AuditLog] Database initialized (in-memory test mode)

[90mstdout[2m | test/innovation_bridge_core.test.ts[2m > [22m[2mInnovationBridgeAgent - Core Logic[2m > [22m[2mshould analyze intent and map to principles correctly
[22m[39m[INFO] [AgentTracer] [SPAN END] orchestrator::execute error (5ms)

[90mstdout[2m | test/innovation_bridge_core.test.ts[2m > [22m[2mInnovationBridgeAgent - Core Logic[2m > [22m[2mshould analyze intent and map to principles correctly
[22m[39m[INFO] [AgentManager] [DELEGATE] Dynamic routing eredm├ęnye: success=false, detail: {"success":false,"message":"├ťgyn├Âk nem tal├ílhat├│: orchestrator","data":null,"executedBy":"orchestrat

[90mstdout[2m | test/innovation_bridge_core.test.ts[2m > [22m[2mInnovationBridgeAgent - Core Logic[2m > [22m[2mshould handle missing principles gracefully
[22m[39m[INFO] [InnovationBridge] Starting innovation process for: Improve weight without weight.

[90mstdout[2m | test/innovation_bridge_core.test.ts[2m > [22m[2mInnovationBridgeAgent - Core Logic[2m > [22m[2mshould return failure on LLM error
[22m[39m[INFO] [InnovationBridge] Starting innovation process for: Something

stderr | test/innovation_bridge_core.test.ts > InnovationBridgeAgent - Core Logic > should return failure on LLM error
[ERROR] [InnovationBridge] Innovation task failed: Error: LLM Error simulation

 [32mÔťô[39m test/innovation_bridge_core.test.ts [2m([22m[2m3 tests[22m[2m)[22m[32m 14[2mms[22m[39m
[90mstdout[2m | test/innovationBridgeAgent.test.ts
[22m[39m[INFO] [GlobalDb] Database opened: F:\mcp-brunella-core\data\brunella.db
[INFO] [GlobalDb] Schema initialized
[INFO] [StructuredMemory] Structured memory DB initialized

[90mstdout[2m | test/innovationBridgeAgent.test.ts
[22m[39m[INFO] [EventBus] Singleton connected to F:\mcp-brunella-core\data\brunella.db

[90mstdout[2m | test/innovationBridgeAgent.test.ts
[22m[39m[INFO] [SwarmManager] Colony created: Triad (triad-default)
[INFO] [System] Triad colony initialized: researcher, DataScientist, Developer

[90mstdout[2m | test/innovationBridgeAgent.test.ts[2m > [22m[2mInnovationBridgeAgent[2m > [22m[2mshould find cross-industry solutions (mocked)
[22m[39m[INFO] [AgentManager] [DELEGATE] K├ęr├ęs ├ęrkezett a 'Researcher' ├╝gyn├Âkh├Âz.
[INFO] [AgentManager] [DELEGATE] Keres├ęs: 'Researcher' (researcher). Regisztr├ílt: 
[INFO] [AgentManager] Task deleg├íl├ís: Find cross-industry analogy for TRIZ principle "Se...
[INFO] [AgentTracer] [SPAN START] orchestrator::execute (trace=ee42743e, span=8b907920)

stderr | test/innovationBridgeAgent.test.ts > InnovationBridgeAgent > should find cross-industry solutions (mocked)
[ERROR] [AgentManager] [DELEGATE] Az ├╝gyn├Âk ('Researcher') NEM TAL├üLHAT├ô a map-ben (M├ęg kisbet┼▒s├ştve sem). Jelenlegi ├╝gyn├Âk├Âk: . Fallback to dynamic routing.
[WARN] [ToolPermissions] Tool agent_delegate not in permission map - allowing by default

[90mstdout[2m | test/innovationBridgeAgent.test.ts[2m > [22m[2mInnovationBridgeAgent[2m > [22m[2mshould find cross-industry solutions (mocked)
[22m[39m[INFO] [AuditLog] Database initialized (in-memory test mode)

[90mstdout[2m | test/innovationBridgeAgent.test.ts[2m > [22m[2mInnovationBridgeAgent[2m > [22m[2mshould find cross-industry solutions (mocked)
[22m[39m[INFO] [AgentTracer] [SPAN END] orchestrator::execute error (3ms)

[90mstdout[2m | test/innovationBridgeAgent.test.ts[2m > [22m[2mInnovationBridgeAgent[2m > [22m[2mshould find cross-industry solutions (mocked)
[22m[39m[INFO] [AgentManager] [DELEGATE] Dynamic routing eredm├ęnye: success=false, detail: {"success":false,"message":"├ťgyn├Âk nem tal├ílhat├│: orchestrator","data":null,"executedBy":"orchestrat

[90mstdout[2m | test/innovationBridgeAgent.test.ts[2m > [22m[2mInnovationBridgeAgent[2m > [22m[2mshould execute full workflow (mocked)
[22m[39m[INFO] [InnovationBridge] Starting innovation process for: Find innovation for: Reduce hospital cleaning time

[90mstdout[2m | test/innovationBridgeAgent.test.ts[2m > [22m[2mInnovationBridgeAgent[2m > [22m[2mshould execute full workflow (mocked)
[22m[39m[INFO] [AgentManager] [DELEGATE] K├ęr├ęs ├ęrkezett a 'Researcher' ├╝gyn├Âkh├Âz.
[INFO] [AgentManager] [DELEGATE] Keres├ęs: 'Researcher' (researcher). Regisztr├ílt: 
[INFO] [AgentManager] Task deleg├íl├ís: Find cross-industry analogy for TRIZ principle "Th...
[INFO] [AgentTracer] [SPAN START] orchestrator::execute (trace=9cd9d1db, span=93efd2cc)
[INFO] [AgentManager] [DELEGATE] K├ęr├ęs ├ęrkezett a 'Researcher' ├╝gyn├Âkh├Âz.
[INFO] [AgentManager] [DELEGATE] Keres├ęs: 'Researcher' (researcher). Regisztr├ílt: 
[INFO] [AgentManager] Task deleg├íl├ís: Find cross-industry analogy for TRIZ principle "Dy...
[INFO] [AgentTracer] [SPAN START] orchestrator::execute (trace=74a852da, span=2f0caa27)
[INFO] [AgentManager] [DELEGATE] K├ęr├ęs ├ęrkezett a 'Researcher' ├╝gyn├Âkh├Âz.
[INFO] [AgentManager] [DELEGATE] Keres├ęs: 'Researcher' (researcher). Regisztr├ílt: 
[INFO] [AgentManager] Task deleg├íl├ís: Find cross-industry analogy for TRIZ principle "Pe...
[INFO] [AgentTracer] [SPAN START] orchestrator::execute (trace=30152114, span=2a3c19f8)
[INFO] [AgentManager] [DELEGATE] K├ęr├ęs ├ęrkezett a 'Researcher' ├╝gyn├Âkh├Âz.
[INFO] [AgentManager] [DELEGATE] Keres├ęs: 'Researcher' (researcher). Regisztr├ílt: 
[INFO] [AgentManager] Task deleg├íl├ís: Find cross-industry analogy for TRIZ principle "Pa...
[INFO] [AgentTracer] [SPAN START] orchestrator::execute (trace=c4b1127c, span=cfdf0906)

stderr | test/innovationBridgeAgent.test.ts > InnovationBridgeAgent > should execute full workflow (mocked)
[ERROR] [AgentManager] [DELEGATE] Az ├╝gyn├Âk ('Researcher') NEM TAL├üLHAT├ô a map-ben (M├ęg kisbet┼▒s├ştve sem). Jelenlegi ├╝gyn├Âk├Âk: . Fallback to dynamic routing.
[WARN] [ToolPermissions] Tool agent_delegate not in permission map - allowing by default
[ERROR] [AgentManager] [DELEGATE] Az ├╝gyn├Âk ('Researcher') NEM TAL├üLHAT├ô a map-ben (M├ęg kisbet┼▒s├ştve sem). Jelenlegi ├╝gyn├Âk├Âk: . Fallback to dynamic routing.
[WARN] [ToolPermissions] Tool agent_delegate not in permission map - allowing by default
[ERROR] [AgentManager] [DELEGATE] Az ├╝gyn├Âk ('Researcher') NEM TAL├üLHAT├ô a map-ben (M├ęg kisbet┼▒s├ştve sem). Jelenlegi ├╝gyn├Âk├Âk: . Fallback to dynamic routing.
[WARN] [ToolPermissions] Tool agent_delegate not in permission map - allowing by default
[ERROR] [AgentManager] [DELEGATE] Az ├╝gyn├Âk ('Researcher') NEM TAL├üLHAT├ô a map-ben (M├ęg kisbet┼▒s├ştve sem). Jelenlegi ├╝gyn├Âk├Âk: . Fallback to dynamic routing.
[WARN] [ToolPermissions] Tool agent_delegate not in permission map - allowing by default

[90mstdout[2m | test/innovationBridgeAgent.test.ts[2m > [22m[2mInnovationBridgeAgent[2m > [22m[2mshould execute full workflow (mocked)
[22m[39m[INFO] [AgentTracer] [SPAN END] orchestrator::execute error (2ms)
[INFO] [AgentTracer] [SPAN END] orchestrator::execute error (1ms)
[INFO] [AgentTracer] [SPAN END] orchestrator::execute error (1ms)
[INFO] [AgentTracer] [SPAN END] orchestrator::execute error (1ms)

[90mstdout[2m | test/innovationBridgeAgent.test.ts[2m > [22m[2mInnovationBridgeAgent[2m > [22m[2mshould execute full workflow (mocked)
[22m[39m[INFO] [AgentManager] [DELEGATE] Dynamic routing eredm├ęnye: success=false, detail: {"success":false,"message":"├ťgyn├Âk nem tal├ílhat├│: orchestrator","data":null,"executedBy":"orchestrat
[INFO] [AgentManager] [DELEGATE] Dynamic routing eredm├ęnye: success=false, detail: {"success":false,"message":"├ťgyn├Âk nem tal├ílhat├│: orchestrator","data":null,"executedBy":"orchestrat
[INFO] [AgentManager] [DELEGATE] Dynamic routing eredm├ęnye: success=false, detail: {"success":false,"message":"├ťgyn├Âk nem tal├ílhat├│: orchestrator","data":null,"executedBy":"orchestrat
[INFO] [AgentManager] [DELEGATE] Dynamic routing eredm├ęnye: success=false, detail: {"success":false,"message":"├ťgyn├Âk nem tal├ílhat├│: orchestrator","data":null,"executedBy":"orchestrat

 [32mÔťô[39m test/innovationBridgeAgent.test.ts [2m([22m[2m10 tests[22m[2m)[22m[32m 21[2mms[22m[39m
[90mstdout[2m | test/sandbox/networkPolicy.test.ts[2m > [22m[2mNetworkPolicy[2m > [22m[2mshould support runtime whitelist additions
[22m[39m[INFO] [[NetworkPolicy]] Added to whitelist: new-api.com

[90mstdout[2m | test/sandbox/networkPolicy.test.ts[2m > [22m[2mNetworkPolicy[2m > [22m[2mshould support runtime blacklist additions
[22m[39m[INFO] [[NetworkPolicy]] Added to blacklist: newly-bad.com

 [32mÔťô[39m test/sandbox/networkPolicy.test.ts [2m([22m[2m15 tests[22m[2m)[22m[32m 11[2mms[22m[39m
[90mstdout[2m | test/toolRegistry.test.ts[2m > [22m[2mToolRegistry[2m > [22m[2mshould load tools from registry.json on init
[22m[39m[INFO] [ToolRegistry] 70 tool bet├Âltve (54 agent + 4 rendszer + 12 CF worker)

[90mstdout[2m | test/toolRegistry.test.ts[2m > [22m[2mToolRegistry[2m > [22m[2mshould include system tools
[22m[39m[INFO] [ToolRegistry] 70 tool bet├Âltve (54 agent + 4 rendszer + 12 CF worker)

[90mstdout[2m | test/toolRegistry.test.ts[2m > [22m[2mToolRegistry[2m > [22m[2mshould prefix agent tools with delegate_
[22m[39m[INFO] [ToolRegistry] 70 tool bet├Âltve (54 agent + 4 rendszer + 12 CF worker)

 [32mÔťô[39m test/toolRegistry.test.ts [2m([22m[2m3 tests[22m[2m)[22m[32m 14[2mms[22m[39m
[90mstdout[2m | test/jcai-phase3-verification.test.ts[2m > [22m[2mJCAI Phase 3: Error Log Analysis[2m > [22m[2mshould parse build error logs correctly
[22m[39m[INFO] [DeploymentAnalyzer] Analyzing workflow logs
[INFO] [DeploymentAnalyzer] Detected build error with 90% confidence

[90mstdout[2m | test/jcai-phase3-verification.test.ts[2m > [22m[2mJCAI Phase 3: Error Log Analysis[2m > [22m[2mshould parse test failure logs correctly
[22m[39m[INFO] [DeploymentAnalyzer] Analyzing workflow logs
[INFO] [DeploymentAnalyzer] Detected test error with 80% confidence

[90mstdout[2m | test/jcai-phase3-verification.test.ts[2m > [22m[2mJCAI Phase 3: Error Log Analysis[2m > [22m[2mshould parse deployment error logs correctly
[22m[39m[INFO] [DeploymentAnalyzer] Analyzing workflow logs
[INFO] [DeploymentAnalyzer] Detected deploy error with 80% confidence

[90mstdout[2m | test/jcai-phase3-verification.test.ts[2m > [22m[2mJCAI Phase 3: Error Log Analysis[2m > [22m[2mshould calculate confidence score correctly
[22m[39m[INFO] [DeploymentAnalyzer] Analyzing workflow logs
[INFO] [DeploymentAnalyzer] Detected build error with 90% confidence
[INFO] [DeploymentAnalyzer] Analyzing workflow logs
[INFO] [DeploymentAnalyzer] Detected test error with 70% confidence

 [32mÔťô[39m test/jcai-phase3-verification.test.ts [2m([22m[2m21 tests[22m[2m)[22m[32m 15[2mms[22m[39m
[90mstdout[2m | test/goldenDatasetBridge.test.ts[2m > [22m[2mgoldenDatasetBridge[2m > [22m[2msaveGoldenSample[2m > [22m[2mshould save valid sample via Python API
[22m[39m[INFO] [GoldenBridge] Sample saved to Python backup from test-agent (quality: 0.85)

stderr | test/goldenDatasetBridge.test.ts > goldenDatasetBridge > getGoldenStats > should return stats from Python API
[ERROR] [GoldenBridge] D1 stats failed, trying Python backup: D1 error

stderr | test/goldenDatasetBridge.test.ts > goldenDatasetBridge > getGoldenStats > should return null on API failure
[ERROR] [GoldenBridge] D1 stats failed, trying Python backup: D1 error

stderr | test/goldenDatasetBridge.test.ts > goldenDatasetBridge > autoSaveGoldenSample > should skip save for very short task+result (quality < 0.5)
[ERROR] [VectorizeClient] embed failed: Cannot read properties of undefined (reading 'ok')

[90mstdout[2m | test/goldenDatasetBridge.test.ts[2m > [22m[2mgoldenDatasetBridge[2m > [22m[2mautoSaveGoldenSample[2m > [22m[2mshould attempt save on quality result
[22m[39m[INFO] [GoldenBridge] Sample saved to Python backup from TestAgent (quality: 0.70)

stderr | test/goldenDatasetBridge.test.ts > goldenDatasetBridge > autoSaveGoldenSample > should attempt save on quality result
[ERROR] [VectorizeClient] embed failed: Cannot read properties of undefined (reading 'ok')

 [32mÔťô[39m test/goldenDatasetBridge.test.ts [2m([22m[2m15 tests[22m[2m)[22m[32m 17[2mms[22m[39m
 [32mÔťô[39m test/git_integration.test.ts [2m([22m[2m21 tests[22m[2m)[22m[32m 15[2mms[22m[39m
stderr | test/apifyScrapingAgent.test.ts > ApifyScrapingAgent
[WARN] [ApifyScraping] APIFY_API_TOKEN nincs be├íll├ştva - Apify funkci├│k nem el├ęrhet┼Ĺk
[WARN] [ApifyScraping] Szerezz API kulcsot: https://console.apify.com/account/integrations

[90mstdout[2m | test/apifyScrapingAgent.test.ts[2m > [22m[2mApifyScrapingAgent[2m > [22m[2mshould return error when APIFY_API_TOKEN is missing
[22m[39m[STATUS] [ApifyScraping] working - Keress c├ęgeket

stderr | test/apifyScrapingAgent.test.ts > ApifyScrapingAgent > should return error when APIFY_API_TOKEN is missing
[WARN] [ApifyScraping] APIFY_API_TOKEN nincs be├íll├ştva - Apify funkci├│k nem el├ęrhet┼Ĺk
[WARN] [ApifyScraping] Szerezz API kulcsot: https://console.apify.com/account/integrations

[90mstdout[2m | test/apifyScrapingAgent.test.ts[2m > [22m[2mApifyScrapingAgent[2m > [22m[2mshould return error when APIFY_API_TOKEN is missing
[22m[39m[STATUS] [ApifyScraping] idle

stderr | test/apifyScrapingAgent.test.ts > ApifyScrapingAgent > should handle gracefully when token is placeholder
[WARN] [ApifyScraping] APIFY_API_TOKEN nincs be├íll├ştva - Apify funkci├│k nem el├ęrhet┼Ĺk
[WARN] [ApifyScraping] Szerezz API kulcsot: https://console.apify.com/account/integrations

[90mstdout[2m | test/apifyScrapingAgent.test.ts[2m > [22m[2mApifyScrapingAgent[2m > [22m[2mshould handle gracefully when token is placeholder
[22m[39m[STATUS] [ApifyScraping] working - Keress c├ęgeket

stderr | test/apifyScrapingAgent.test.ts > ApifyScrapingAgent > should handle gracefully when token is placeholder
[WARN] [ApifyScraping] APIFY_API_TOKEN nincs be├íll├ştva - Apify funkci├│k nem el├ęrhet┼Ĺk
[WARN] [ApifyScraping] Szerezz API kulcsot: https://console.apify.com/account/integrations

[90mstdout[2m | test/apifyScrapingAgent.test.ts[2m > [22m[2mApifyScrapingAgent[2m > [22m[2mshould handle gracefully when token is placeholder
[22m[39m[STATUS] [ApifyScraping] idle

[90mstdout[2m | test/apifyScrapingAgent.test.ts[2m > [22m[2mApifyScrapingAgent[2m > [22m[2mshould detect google capability from task
[22m[39m[STATUS] [ApifyScraping] working - Keress r├í a google-n: AI startups 2026

stderr | test/apifyScrapingAgent.test.ts > ApifyScrapingAgent > should detect google capability from task
[WARN] [ApifyScraping] APIFY_API_TOKEN nincs be├íll├ştva - Apify funkci├│k nem el├ęrhet┼Ĺk
[WARN] [ApifyScraping] Szerezz API kulcsot: https://console.apify.com/account/integrations

[90mstdout[2m | test/apifyScrapingAgent.test.ts[2m > [22m[2mApifyScrapingAgent[2m > [22m[2mshould detect google capability from task
[22m[39m[STATUS] [ApifyScraping] idle

 [32mÔťô[39m test/apifyScrapingAgent.test.ts [2m([22m[2m11 tests[22m[2m | [22m[33m2 skipped[39m[2m)[22m[32m 12[2mms[22m[39m
stderr | test/guardrails/schemaValidation.test.ts > validateAgentResult() > returns invalid for bad AgentResult (soft-fail)
[WARN] [Guardrails] [TestAgent:AgentResult] Valid├íci├│ hiba: success: Expected boolean, received string; message: String must contain at least 1 character(s)

stderr | test/guardrails/schemaValidation.test.ts > validateAgentResponse() > detects invalid status
[WARN] [Guardrails] [TestAgent:AgentResponse] Valid├íci├│ hiba: status: Invalid enum value. Expected 'success' | 'error' | 'delegated' | 'handoff', received 'unknown_status'

stderr | test/guardrails/schemaValidation.test.ts > validateWithSchema() strict mode > throws GuardrailsValidationError in strict mode
[WARN] [Guardrails] [test] Valid├íci├│ hiba: status: Invalid enum value. Expected 'success' | 'error' | 'delegated' | 'handoff', received 'invalid'

 [32mÔťô[39m test/guardrails/schemaValidation.test.ts [2m([22m[2m14 tests[22m[2m)[22m[32m 9[2mms[22m[39m
[90mstdout[2m | test/outreach_flow.test.ts
[22m[39m[INFO] [GlobalDb] Database opened: F:\mcp-brunella-core\data\brunella.db
[INFO] [GlobalDb] Schema initialized
[INFO] [StructuredMemory] Structured memory DB initialized

[90mstdout[2m | test/outreach_flow.test.ts[2m > [22m[2mOutreach & Revenue Acceleration Flow[2m > [22m[2mshould generate leads with icebreakers and validation
[22m[39m[INFO] [lead_mining] Starting lead mining for: fogorvos Budapest

[90mstdout[2m | test/outreach_flow.test.ts[2m > [22m[2mOutreach & Revenue Acceleration Flow[2m > [22m[2mshould generate leads with icebreakers and validation
[22m[39m[INFO] [lead_mining] Generated and saved 1 leads.

stderr | test/outreach_flow.test.ts > Outreach & Revenue Acceleration Flow > should generate leads with icebreakers and validation
[WARN] [Redactor] [lead_mining] PII/secret tal├ílat redakt├ílva: email(1)

 [32mÔťô[39m test/outreach_flow.test.ts [2m([22m[2m3 tests[22m[2m)[22m[32m 11[2mms[22m[39m
 [32mÔťô[39m test/code_review.test.ts [2m([22m[2m13 tests[22m[2m)[22m[32m 8[2mms[22m[39m
 [32mÔťô[39m test/prometheus_metrics.test.ts [2m([22m[2m3 tests[22m[2m)[22m[32m 14[2mms[22m[39m
[90mstdout[2m | test/localCSRAgent.test.ts
[22m[39m[INFO] [AIGateway] Ôťů AI Gateway v3.0 initialized: CF Workers AI (@cf/meta/llama-3.1-8b-instruct)

[90mstdout[2m | test/localCSRAgent.test.ts
[22m[39m[INFO] [GlobalDb] Database opened: F:\mcp-brunella-core\data\brunella.db
[INFO] [GlobalDb] Schema initialized
[INFO] [StructuredMemory] Structured memory DB initialized

[90mstdout[2m | test/localCSRAgent.test.ts[2m > [22m[2mLocalCSRAgent[2m > [22m[2mEvent Tracking[2m > [22m[2mshould track community events
[22m[39m[STATUS] [LocalCSR] working - CSR tracking: {"location":"Budapest","eventType":"charity"}...
[INFO] [LocalCSR] Starting CSR impact tracking...
[INFO] [LocalCSR] Tracking period: Q1 2026
[INFO] [LocalCSR] Calculating carbon footprint...
[INFO] [LocalCSR] Collecting ESG metrics...
[INFO] [LocalCSR] Discovering local charity projects...

[90mstdout[2m | test/localCSRAgent.test.ts[2m > [22m[2mLocalCSRAgent[2m > [22m[2mEvent Tracking[2m > [22m[2mshould track community events
[22m[39m[INFO] [LocalCSR] Ôťů CSR tracking complete: 149.0 kg CO2, 3 charity projects
[STATUS] [LocalCSR] idle

[90mstdout[2m | test/localCSRAgent.test.ts[2m > [22m[2mLocalCSRAgent[2m > [22m[2mEvent Tracking[2m > [22m[2mshould filter events by type
[22m[39m[STATUS] [LocalCSR] working - CSR tracking: {"location":"Szeged","eventType":"education"}...
[INFO] [LocalCSR] Starting CSR impact tracking...
[INFO] [LocalCSR] Tracking period: Q1 2026
[INFO] [LocalCSR] Calculating carbon footprint...
[INFO] [LocalCSR] Collecting ESG metrics...
[INFO] [LocalCSR] Discovering local charity projects...

[90mstdout[2m | test/localCSRAgent.test.ts[2m > [22m[2mLocalCSRAgent[2m > [22m[2mEvent Tracking[2m > [22m[2mshould filter events by type
[22m[39m[INFO] [LocalCSR] Ôťů CSR tracking complete: 149.0 kg CO2, 3 charity projects
[STATUS] [LocalCSR] idle

[90mstdout[2m | test/localCSRAgent.test.ts[2m > [22m[2mLocalCSRAgent[2m > [22m[2mSponsorship Management[2m > [22m[2mshould suggest sponsorship opportunities
[22m[39m[STATUS] [LocalCSR] working - CSR tracking: {"budget":500000,"location":"Debrecen"}...
[INFO] [LocalCSR] Starting CSR impact tracking...
[INFO] [LocalCSR] Tracking period: Q1 2026
[INFO] [LocalCSR] Calculating carbon footprint...
[INFO] [LocalCSR] Collecting ESG metrics...
[INFO] [LocalCSR] Discovering local charity projects...

[90mstdout[2m | test/localCSRAgent.test.ts[2m > [22m[2mLocalCSRAgent[2m > [22m[2mSponsorship Management[2m > [22m[2mshould suggest sponsorship opportunities
[22m[39m[INFO] [LocalCSR] Ôťů CSR tracking complete: 149.0 kg CO2, 3 charity projects
[STATUS] [LocalCSR] idle

[90mstdout[2m | test/localCSRAgent.test.ts[2m > [22m[2mLocalCSRAgent[2m > [22m[2mSponsorship Management[2m > [22m[2mshould filter by budget
[22m[39m[STATUS] [LocalCSR] working - CSR tracking: {"budget":100000,"location":"P├ęcs"}...
[INFO] [LocalCSR] Starting CSR impact tracking...
[INFO] [LocalCSR] Tracking period: Q1 2026
[INFO] [LocalCSR] Calculating carbon footprint...
[INFO] [LocalCSR] Collecting ESG metrics...
[INFO] [LocalCSR] Discovering local charity projects...

[90mstdout[2m | test/localCSRAgent.test.ts[2m > [22m[2mLocalCSRAgent[2m > [22m[2mSponsorship Management[2m > [22m[2mshould filter by budget
[22m[39m[INFO] [LocalCSR] Ôťů CSR tracking complete: 149.0 kg CO2, 3 charity projects
[STATUS] [LocalCSR] idle

[90mstdout[2m | test/localCSRAgent.test.ts[2m > [22m[2mLocalCSRAgent[2m > [22m[2mPR Automation[2m > [22m[2mshould generate press release for CSR activity
[22m[39m[STATUS] [LocalCSR] working - CSR tracking: {"activityType":"tree_planting","participants":50,...
[INFO] [LocalCSR] Starting CSR impact tracking...
[INFO] [LocalCSR] Tracking period: Q1 2026
[INFO] [LocalCSR] Calculating carbon footprint...
[INFO] [LocalCSR] Collecting ESG metrics...
[INFO] [LocalCSR] Discovering local charity projects...

[90mstdout[2m | test/localCSRAgent.test.ts[2m > [22m[2mLocalCSRAgent[2m > [22m[2mPR Automation[2m > [22m[2mshould generate press release for CSR activity
[22m[39m[INFO] [LocalCSR] Ôťů CSR tracking complete: 149.0 kg CO2, 3 charity projects
[STATUS] [LocalCSR] idle

[90mstdout[2m | test/localCSRAgent.test.ts[2m > [22m[2mLocalCSRAgent[2m > [22m[2mPR Automation[2m > [22m[2mshould generate social media posts
[22m[39m[STATUS] [LocalCSR] working - CSR tracking: {"activityType":"charity_donation","amount":200000...
[INFO] [LocalCSR] Starting CSR impact tracking...
[INFO] [LocalCSR] Tracking period: Q1 2026
[INFO] [LocalCSR] Calculating carbon footprint...
[INFO] [LocalCSR] Collecting ESG metrics...
[INFO] [LocalCSR] Discovering local charity projects...

[90mstdout[2m | test/localCSRAgent.test.ts[2m > [22m[2mLocalCSRAgent[2m > [22m[2mPR Automation[2m > [22m[2mshould generate social media posts
[22m[39m[INFO] [LocalCSR] Ôťů CSR tracking complete: 149.0 kg CO2, 3 charity projects
[STATUS] [LocalCSR] idle

[90mstdout[2m | test/localCSRAgent.test.ts[2m > [22m[2mLocalCSRAgent[2m > [22m[2mImpact Reporting[2m > [22m[2mshould calculate CSR impact metrics
[22m[39m[STATUS] [LocalCSR] working - CSR tracking: {"activities":[{"type":"donation","amount":100000}...
[INFO] [LocalCSR] Starting CSR impact tracking...
[INFO] [LocalCSR] Tracking period: Q1 2026
[INFO] [LocalCSR] Calculating carbon footprint...
[INFO] [LocalCSR] Collecting ESG metrics...
[INFO] [LocalCSR] Discovering local charity projects...

[90mstdout[2m | test/localCSRAgent.test.ts[2m > [22m[2mLocalCSRAgent[2m > [22m[2mImpact Reporting[2m > [22m[2mshould calculate CSR impact metrics
[22m[39m[INFO] [LocalCSR] Ôťů CSR tracking complete: 149.0 kg CO2, 3 charity projects
[STATUS] [LocalCSR] idle

[90mstdout[2m | test/localCSRAgent.test.ts[2m > [22m[2mLocalCSRAgent[2m > [22m[2mError Handling[2m > [22m[2mshould handle missing parameters
[22m[39m[STATUS] [LocalCSR] working - CSR tracking: {}...
[INFO] [LocalCSR] Starting CSR impact tracking...
[INFO] [LocalCSR] Tracking period: Q1 2026
[INFO] [LocalCSR] Calculating carbon footprint...
[INFO] [LocalCSR] Collecting ESG metrics...
[INFO] [LocalCSR] Discovering local charity projects...

[90mstdout[2m | test/localCSRAgent.test.ts[2m > [22m[2mLocalCSRAgent[2m > [22m[2mError Handling[2m > [22m[2mshould handle missing parameters
[22m[39m[INFO] [LocalCSR] Ôťů CSR tracking complete: 149.0 kg CO2, 3 charity projects
[STATUS] [LocalCSR] idle

 [32mÔťô[39m test/localCSRAgent.test.ts [2m([22m[2m10 tests[22m[2m)[22m[32m 10[2mms[22m[39m
 [32mÔťô[39m test/mcp/dynamicToolRegistry.test.ts [2m([22m[2m24 tests[22m[2m)[22m[32m 15[2mms[22m[39m
 [32mÔťô[39m test/specStatus.test.ts [2m([22m[2m25 tests[22m[2m)[22m[32m 15[2mms[22m[39m
 [32mÔťô[39m test/modelRouter.test.ts [2m([22m[2m22 tests[22m[2m)[22m[32m 11[2mms[22m[39m
[90mstdout[2m | test/digitalHeadhunterAgent.test.ts
[22m[39m[INFO] [AIGateway] Ôťů AI Gateway v3.0 initialized: CF Workers AI (@cf/meta/llama-3.1-8b-instruct)

[90mstdout[2m | test/digitalHeadhunterAgent.test.ts
[22m[39m[INFO] [GlobalDb] Database opened: F:\mcp-brunella-core\data\brunella.db
[INFO] [GlobalDb] Schema initialized
[INFO] [StructuredMemory] Structured memory DB initialized

[90mstdout[2m | test/digitalHeadhunterAgent.test.ts[2m > [22m[2mDigitalHeadhunterAgent[2m > [22m[2mCV Parsing[2m > [22m[2mshould parse CV data
[22m[39m[STATUS] [DigitalHeadhunter] working - HR screening: {"cvPath":"/cvs/candidate-123.pdf","position":"Sen...
[INFO] [DigitalHeadhunter] Starting CV screening pipeline...
[INFO] [DigitalHeadhunter] Screening for: Senior Full-Stack Developer (TypeScript, React, Node.js), Skills: TypeScript, React, Node.js
[INFO] [DigitalHeadhunter] Parsing CVs...

[90mstdout[2m | test/digitalHeadhunterAgent.test.ts[2m > [22m[2mDigitalHeadhunterAgent[2m > [22m[2mCV Parsing[2m > [22m[2mshould parse CV data
[22m[39m[INFO] [DigitalHeadhunter] Enriching with LinkedIn data...

[90mstdout[2m | test/digitalHeadhunterAgent.test.ts[2m > [22m[2mDigitalHeadhunterAgent[2m > [22m[2mCV Parsing[2m > [22m[2mshould parse CV data
[22m[39m[INFO] [DigitalHeadhunter] Ôťů Screening complete: 1/3 recommended for interview
[STATUS] [DigitalHeadhunter] idle

[90mstdout[2m | test/digitalHeadhunterAgent.test.ts[2m > [22m[2mDigitalHeadhunterAgent[2m > [22m[2mCV Parsing[2m > [22m[2mshould extract skills from CV
[22m[39m[STATUS] [DigitalHeadhunter] working - HR screening: {"cvText":"TypeScript, React, Node.js, 5 years exp...
[INFO] [DigitalHeadhunter] Starting CV screening pipeline...
[INFO] [DigitalHeadhunter] Screening for: Senior Full-Stack Developer (TypeScript, React, Node.js), Skills: TypeScript, React, Node.js
[INFO] [DigitalHeadhunter] Parsing CVs...

[90mstdout[2m | test/digitalHeadhunterAgent.test.ts[2m > [22m[2mDigitalHeadhunterAgent[2m > [22m[2mCV Parsing[2m > [22m[2mshould extract skills from CV
[22m[39m[INFO] [DigitalHeadhunter] Enriching with LinkedIn data...

[90mstdout[2m | test/digitalHeadhunterAgent.test.ts[2m > [22m[2mDigitalHeadhunterAgent[2m > [22m[2mCV Parsing[2m > [22m[2mshould extract skills from CV
[22m[39m[INFO] [DigitalHeadhunter] Ôťů Screening complete: 1/3 recommended for interview
[STATUS] [DigitalHeadhunter] idle

[90mstdout[2m | test/digitalHeadhunterAgent.test.ts[2m > [22m[2mDigitalHeadhunterAgent[2m > [22m[2mCandidate Matching[2m > [22m[2mshould match candidates to positions
[22m[39m[STATUS] [DigitalHeadhunter] working - HR screening: {"position":"DevOps Engineer","requiredSkills":["D...
[INFO] [DigitalHeadhunter] Starting CV screening pipeline...
[INFO] [DigitalHeadhunter] Screening for: undefined, Skills: Docker, Kubernetes, AWS
[INFO] [DigitalHeadhunter] Parsing CVs...

[90mstdout[2m | test/digitalHeadhunterAgent.test.ts[2m > [22m[2mDigitalHeadhunterAgent[2m > [22m[2mCandidate Matching[2m > [22m[2mshould match candidates to positions
[22m[39m[INFO] [DigitalHeadhunter] Enriching with LinkedIn data...

[90mstdout[2m | test/digitalHeadhunterAgent.test.ts[2m > [22m[2mDigitalHeadhunterAgent[2m > [22m[2mCandidate Matching[2m > [22m[2mshould match candidates to positions
[22m[39m[INFO] [DigitalHeadhunter] Ôťů Screening complete: 1/3 recommended for interview
[STATUS] [DigitalHeadhunter] idle

[90mstdout[2m | test/digitalHeadhunterAgent.test.ts[2m > [22m[2mDigitalHeadhunterAgent[2m > [22m[2mCandidate Matching[2m > [22m[2mshould prioritize high-match candidates
[22m[39m[STATUS] [DigitalHeadhunter] working - HR screening: {"position":"Data Scientist","requiredSkills":["Py...
[INFO] [DigitalHeadhunter] Starting CV screening pipeline...
[INFO] [DigitalHeadhunter] Screening for: undefined, Skills: Python, Machine Learning, SQL
[INFO] [DigitalHeadhunter] Parsing CVs...

[90mstdout[2m | test/digitalHeadhunterAgent.test.ts[2m > [22m[2mDigitalHeadhunterAgent[2m > [22m[2mCandidate Matching[2m > [22m[2mshould prioritize high-match candidates
[22m[39m[INFO] [DigitalHeadhunter] Enriching with LinkedIn data...

[90mstdout[2m | test/digitalHeadhunterAgent.test.ts[2m > [22m[2mDigitalHeadhunterAgent[2m > [22m[2mCandidate Matching[2m > [22m[2mshould prioritize high-match candidates
[22m[39m[INFO] [DigitalHeadhunter] Ôťů Screening complete: 2/3 recommended for interview
[STATUS] [DigitalHeadhunter] idle

[90mstdout[2m | test/digitalHeadhunterAgent.test.ts[2m > [22m[2mDigitalHeadhunterAgent[2m > [22m[2mInterview Scheduling[2m > [22m[2mshould suggest interview slots
[22m[39m[STATUS] [DigitalHeadhunter] working - HR screening: {"candidateEmail":"candidate@example.com","positio...
[INFO] [DigitalHeadhunter] Starting CV screening pipeline...
[INFO] [DigitalHeadhunter] Screening for: Senior Full-Stack Developer (TypeScript, React, Node.js), Skills: TypeScript, React, Node.js
[INFO] [DigitalHeadhunter] Parsing CVs...

[90mstdout[2m | test/digitalHeadhunterAgent.test.ts[2m > [22m[2mDigitalHeadhunterAgent[2m > [22m[2mInterview Scheduling[2m > [22m[2mshould suggest interview slots
[22m[39m[INFO] [DigitalHeadhunter] Enriching with LinkedIn data...

[90mstdout[2m | test/digitalHeadhunterAgent.test.ts[2m > [22m[2mDigitalHeadhunterAgent[2m > [22m[2mInterview Scheduling[2m > [22m[2mshould suggest interview slots
[22m[39m[INFO] [DigitalHeadhunter] Ôťů Screening complete: 1/3 recommended for interview
[STATUS] [DigitalHeadhunter] idle

[90mstdout[2m | test/digitalHeadhunterAgent.test.ts[2m > [22m[2mDigitalHeadhunterAgent[2m > [22m[2mInterview Scheduling[2m > [22m[2mshould generate interview invitation email
[22m[39m[STATUS] [DigitalHeadhunter] working - HR screening: {"candidateName":"Jane Doe","position":"UX Designe...
[INFO] [DigitalHeadhunter] Starting CV screening pipeline...
[INFO] [DigitalHeadhunter] Screening for: Senior Full-Stack Developer (TypeScript, React, Node.js), Skills: TypeScript, React, Node.js
[INFO] [DigitalHeadhunter] Parsing CVs...

[90mstdout[2m | test/digitalHeadhunterAgent.test.ts[2m > [22m[2mDigitalHeadhunterAgent[2m > [22m[2mInterview Scheduling[2m > [22m[2mshould generate interview invitation email
[22m[39m[INFO] [DigitalHeadhunter] Enriching with LinkedIn data...

[90mstdout[2m | test/digitalHeadhunterAgent.test.ts[2m > [22m[2mDigitalHeadhunterAgent[2m > [22m[2mInterview Scheduling[2m > [22m[2mshould generate interview invitation email
[22m[39m[INFO] [DigitalHeadhunter] Ôťů Screening complete: 1/3 recommended for interview
[STATUS] [DigitalHeadhunter] idle

[90mstdout[2m | test/digitalHeadhunterAgent.test.ts[2m > [22m[2mDigitalHeadhunterAgent[2m > [22m[2mLinkedIn Integration[2m > [22m[2mshould search LinkedIn for candidates
[22m[39m[STATUS] [DigitalHeadhunter] working - HR screening: {"position":"Marketing Manager","location":"Budape...
[INFO] [DigitalHeadhunter] Starting CV screening pipeline...
[INFO] [DigitalHeadhunter] Screening for: Senior Full-Stack Developer (TypeScript, React, Node.js), Skills: TypeScript, React, Node.js
[INFO] [DigitalHeadhunter] Parsing CVs...

[90mstdout[2m | test/digitalHeadhunterAgent.test.ts[2m > [22m[2mDigitalHeadhunterAgent[2m > [22m[2mLinkedIn Integration[2m > [22m[2mshould search LinkedIn for candidates
[22m[39m[INFO] [DigitalHeadhunter] Enriching with LinkedIn data...

[90mstdout[2m | test/digitalHeadhunterAgent.test.ts[2m > [22m[2mDigitalHeadhunterAgent[2m > [22m[2mLinkedIn Integration[2m > [22m[2mshould search LinkedIn for candidates
[22m[39m[INFO] [DigitalHeadhunter] Ôťů Screening complete: 1/3 recommended for interview
[STATUS] [DigitalHeadhunter] idle

[90mstdout[2m | test/digitalHeadhunterAgent.test.ts[2m > [22m[2mDigitalHeadhunterAgent[2m > [22m[2mError Handling[2m > [22m[2mshould handle missing CV file
[22m[39m[STATUS] [DigitalHeadhunter] working - HR screening: {"cvPath":"/nonexistent.pdf"}...
[INFO] [DigitalHeadhunter] Starting CV screening pipeline...
[INFO] [DigitalHeadhunter] Screening for: Senior Full-Stack Developer (TypeScript, React, Node.js), Skills: TypeScript, React, Node.js
[INFO] [DigitalHeadhunter] Parsing CVs...

[90mstdout[2m | test/digitalHeadhunterAgent.test.ts[2m > [22m[2mDigitalHeadhunterAgent[2m > [22m[2mError Handling[2m > [22m[2mshould handle missing CV file
[22m[39m[INFO] [DigitalHeadhunter] Enriching with LinkedIn data...

[90mstdout[2m | test/digitalHeadhunterAgent.test.ts[2m > [22m[2mDigitalHeadhunterAgent[2m > [22m[2mError Handling[2m > [22m[2mshould handle missing CV file
[22m[39m[INFO] [DigitalHeadhunter] Ôťů Screening complete: 1/3 recommended for interview
[STATUS] [DigitalHeadhunter] idle

 [32mÔťô[39m test/digitalHeadhunterAgent.test.ts [2m([22m[2m10 tests[22m[2m)[22m[32m 14[2mms[22m[39m
stderr | test/rbac/agentPermissions.test.ts > EnhancedPermissionManager > should deny RESEARCHER write access
[WARN] [[RBAC]] VIOLATION [medium] ResearcherAgent: Missing permission: write_file

stderr | test/rbac/agentPermissions.test.ts > EnhancedPermissionManager > should default unknown agents to READONLY
[WARN] [[RBAC]] VIOLATION [medium] UnknownAgent42: Missing permission: write_file

stderr | test/rbac/agentPermissions.test.ts > EnhancedPermissionManager > should deny DEVELOPER unauthorized tools
[WARN] [[RBAC]] VIOLATION [medium] DeveloperAgent: Tool "browser_navigate" not in allowed list for DEVELOPER

stderr | test/rbac/agentPermissions.test.ts > EnhancedPermissionManager > should deny READONLY most tools
[WARN] [[RBAC]] VIOLATION [medium] SomeRandomAgent: Tool "write_file" not in allowed list for READONLY

stderr | test/rbac/agentPermissions.test.ts > EnhancedPermissionManager > should deny DEVELOPER unauthorized domains
[WARN] [[RBAC]] VIOLATION [high] DeveloperAgent: Domain "random-site.com" not allowed for DEVELOPER

stderr | test/rbac/agentPermissions.test.ts > EnhancedPermissionManager > should deny READONLY all network
[WARN] [[RBAC]] VIOLATION [high] SomeAgent: Domain "google.com" not allowed for READONLY

stderr | test/rbac/agentPermissions.test.ts > EnhancedPermissionManager > should track costs and enforce limits
[WARN] [[RBAC]] VIOLATION [high] SomeAgent: Daily cost limit exceeded: 0.1400 > 0.1

stderr | test/rbac/agentPermissions.test.ts > EnhancedPermissionManager > should allow high costs for ADMIN
[WARN] [[RBAC]] VIOLATION [high] Orchestrator: Daily cost limit exceeded: 51.0000 > 50

[90mstdout[2m | test/rbac/agentPermissions.test.ts[2m > [22m[2mEnhancedPermissionManager[2m > [22m[2mshould reset daily costs
[22m[39m[INFO] [[RBAC]] Daily cost counters reset

stderr | test/rbac/agentPermissions.test.ts > EnhancedPermissionManager > should record violations
[WARN] [[RBAC]] VIOLATION [medium] TestAgent: Missing permission: delete_file

stderr | test/rbac/agentPermissions.test.ts > EnhancedPermissionManager > should provide violation statistics
[WARN] [[RBAC]] VIOLATION [medium] AgentA: Missing permission: delete_file
[WARN] [[RBAC]] VIOLATION [medium] AgentA: Missing permission: write_file
[WARN] [[RBAC]] VIOLATION [high] DeveloperAgent: Domain "bad-domain.com" not allowed for DEVELOPER

 [32mÔťô[39m test/rbac/agentPermissions.test.ts [2m([22m[2m21 tests[22m[2m)[22m[32m 13[2mms[22m[39m
 [32mÔťô[39m test/aiGateway.test.ts [2m([22m[2m13 tests[22m[2m)[22m[32m 14[2mms[22m[39m
[90mstdout[2m | test/logisticsDispatcherAgent.test.ts
[22m[39m[INFO] [AIGateway] Ôťů AI Gateway v3.0 initialized: CF Workers AI (@cf/meta/llama-3.1-8b-instruct)

[90mstdout[2m | test/logisticsDispatcherAgent.test.ts
[22m[39m[INFO] [GlobalDb] Database opened: F:\mcp-brunella-core\data\brunella.db
[INFO] [GlobalDb] Schema initialized
[INFO] [StructuredMemory] Structured memory DB initialized

[90mstdout[2m | test/logisticsDispatcherAgent.test.ts[2m > [22m[2mLogisticsDispatcherAgent[2m > [22m[2mShipment Tracking[2m > [22m[2mshould track shipment status
[22m[39m[STATUS] [LogisticsDispatcher] working - Logistics: {"trackingNumber":"SHIP-2026-001","carrier":"GLS"}...
[INFO] [LogisticsDispatcher] Starting logistics tracking pipeline...
[INFO] [LogisticsDispatcher] Fetching shipment status...

[90mstdout[2m | test/logisticsDispatcherAgent.test.ts[2m > [22m[2mLogisticsDispatcherAgent[2m > [22m[2mShipment Tracking[2m > [22m[2mshould track shipment status
[22m[39m[INFO] [LogisticsDispatcher] Predicting delays...
[INFO] [LogisticsDispatcher] Generating 1 complaint emails...
[INFO] [LogisticsDispatcher] ­čôž Would send 1 complaint emails

[90mstdout[2m | test/logisticsDispatcherAgent.test.ts[2m > [22m[2mLogisticsDispatcherAgent[2m > [22m[2mShipment Tracking[2m > [22m[2mshould track shipment status
[22m[39m[INFO] [LogisticsDispatcher] Ôťů Tracking complete: 1/3 delayed, 1 complaints
[STATUS] [LogisticsDispatcher] idle

[90mstdout[2m | test/logisticsDispatcherAgent.test.ts[2m > [22m[2mLogisticsDispatcherAgent[2m > [22m[2mShipment Tracking[2m > [22m[2mshould handle multiple shipments
[22m[39m[STATUS] [LogisticsDispatcher] working - Logistics: {"trackingNumbers":["SHIP-001","SHIP-002","SHIP-00...
[INFO] [LogisticsDispatcher] Starting logistics tracking pipeline...
[INFO] [LogisticsDispatcher] Fetching shipment status...

[90mstdout[2m | test/logisticsDispatcherAgent.test.ts[2m > [22m[2mLogisticsDispatcherAgent[2m > [22m[2mShipment Tracking[2m > [22m[2mshould handle multiple shipments
[22m[39m[INFO] [LogisticsDispatcher] Predicting delays...
[INFO] [LogisticsDispatcher] Generating 1 complaint emails...
[INFO] [LogisticsDispatcher] ­čôž Would send 1 complaint emails

[90mstdout[2m | test/logisticsDispatcherAgent.test.ts[2m > [22m[2mLogisticsDispatcherAgent[2m > [22m[2mShipment Tracking[2m > [22m[2mshould handle multiple shipments
[22m[39m[INFO] [LogisticsDispatcher] Ôťů Tracking complete: 1/3 delayed, 1 complaints
[STATUS] [LogisticsDispatcher] idle

[90mstdout[2m | test/logisticsDispatcherAgent.test.ts[2m > [22m[2mLogisticsDispatcherAgent[2m > [22m[2mRoute Optimization[2m > [22m[2mshould optimize delivery routes
[22m[39m[STATUS] [LogisticsDispatcher] working - Logistics: {"destinations":[{"city":"Budapest","address":"V├íc...
[INFO] [LogisticsDispatcher] Starting logistics tracking pipeline...
[INFO] [LogisticsDispatcher] Fetching shipment status...

[90mstdout[2m | test/logisticsDispatcherAgent.test.ts[2m > [22m[2mLogisticsDispatcherAgent[2m > [22m[2mRoute Optimization[2m > [22m[2mshould optimize delivery routes
[22m[39m[INFO] [LogisticsDispatcher] Predicting delays...
[INFO] [LogisticsDispatcher] Generating 1 complaint emails...
[INFO] [LogisticsDispatcher] ­čôž Would send 1 complaint emails

[90mstdout[2m | test/logisticsDispatcherAgent.test.ts[2m > [22m[2mLogisticsDispatcherAgent[2m > [22m[2mRoute Optimization[2m > [22m[2mshould optimize delivery routes
[22m[39m[INFO] [LogisticsDispatcher] Ôťů Tracking complete: 1/3 delayed, 1 complaints
[STATUS] [LogisticsDispatcher] idle

[90mstdout[2m | test/logisticsDispatcherAgent.test.ts[2m > [22m[2mLogisticsDispatcherAgent[2m > [22m[2mRoute Optimization[2m > [22m[2mshould minimize delivery time
[22m[39m[STATUS] [LogisticsDispatcher] working - Logistics: {"destinations":[{"city":"P├ęcs"},{"city":"Gy┼Ĺr"}],...
[INFO] [LogisticsDispatcher] Starting logistics tracking pipeline...
[INFO] [LogisticsDispatcher] Fetching shipment status...

[90mstdout[2m | test/logisticsDispatcherAgent.test.ts[2m > [22m[2mLogisticsDispatcherAgent[2m > [22m[2mRoute Optimization[2m > [22m[2mshould minimize delivery time
[22m[39m[INFO] [LogisticsDispatcher] Predicting delays...
[INFO] [LogisticsDispatcher] Generating 1 complaint emails...
[INFO] [LogisticsDispatcher] ­čôž Would send 1 complaint emails

[90mstdout[2m | test/logisticsDispatcherAgent.test.ts[2m > [22m[2mLogisticsDispatcherAgent[2m > [22m[2mRoute Optimization[2m > [22m[2mshould minimize delivery time
[22m[39m[INFO] [LogisticsDispatcher] Ôťů Tracking complete: 1/3 delayed, 1 complaints
[STATUS] [LogisticsDispatcher] idle

[90mstdout[2m | test/logisticsDispatcherAgent.test.ts[2m > [22m[2mLogisticsDispatcherAgent[2m > [22m[2mCarrier Coordination[2m > [22m[2mshould coordinate with multiple carriers
[22m[39m[STATUS] [LogisticsDispatcher] working - Logistics: {"shipmentType":"fragile","weight":50,"destination...
[INFO] [LogisticsDispatcher] Starting logistics tracking pipeline...
[INFO] [LogisticsDispatcher] Fetching shipment status...

[90mstdout[2m | test/logisticsDispatcherAgent.test.ts[2m > [22m[2mLogisticsDispatcherAgent[2m > [22m[2mCarrier Coordination[2m > [22m[2mshould coordinate with multiple carriers
[22m[39m[INFO] [LogisticsDispatcher] Predicting delays...
[INFO] [LogisticsDispatcher] Generating 1 complaint emails...
[INFO] [LogisticsDispatcher] ­čôž Would send 1 complaint emails

[90mstdout[2m | test/logisticsDispatcherAgent.test.ts[2m > [22m[2mLogisticsDispatcherAgent[2m > [22m[2mCarrier Coordination[2m > [22m[2mshould coordinate with multiple carriers
[22m[39m[INFO] [LogisticsDispatcher] Ôťů Tracking complete: 1/3 delayed, 1 complaints
[STATUS] [LogisticsDispatcher] idle

[90mstdout[2m | test/logisticsDispatcherAgent.test.ts[2m > [22m[2mLogisticsDispatcherAgent[2m > [22m[2mCarrier Coordination[2m > [22m[2mshould compare carrier prices
[22m[39m[STATUS] [LogisticsDispatcher] working - Logistics: {"shipmentType":"standard","weight":20,"destinatio...
[INFO] [LogisticsDispatcher] Starting logistics tracking pipeline...
[INFO] [LogisticsDispatcher] Fetching shipment status...

[90mstdout[2m | test/logisticsDispatcherAgent.test.ts[2m > [22m[2mLogisticsDispatcherAgent[2m > [22m[2mCarrier Coordination[2m > [22m[2mshould compare carrier prices
[22m[39m[INFO] [LogisticsDispatcher] Predicting delays...
[INFO] [LogisticsDispatcher] Generating 1 complaint emails...
[INFO] [LogisticsDispatcher] ­čôž Would send 1 complaint emails

[90mstdout[2m | test/logisticsDispatcherAgent.test.ts[2m > [22m[2mLogisticsDispatcherAgent[2m > [22m[2mCarrier Coordination[2m > [22m[2mshould compare carrier prices
[22m[39m[INFO] [LogisticsDispatcher] Ôťů Tracking complete: 1/3 delayed, 1 complaints
[STATUS] [LogisticsDispatcher] idle

[90mstdout[2m | test/logisticsDispatcherAgent.test.ts[2m > [22m[2mLogisticsDispatcherAgent[2m > [22m[2mDelay Prediction[2m > [22m[2mshould predict potential delays
[22m[39m[STATUS] [LogisticsDispatcher] working - Logistics: {"trackingNumber":"SHIP-DELAYED-001","carrier":"MP...
[INFO] [LogisticsDispatcher] Starting logistics tracking pipeline...
[INFO] [LogisticsDispatcher] Fetching shipment status...

[90mstdout[2m | test/logisticsDispatcherAgent.test.ts[2m > [22m[2mLogisticsDispatcherAgent[2m > [22m[2mDelay Prediction[2m > [22m[2mshould predict potential delays
[22m[39m[INFO] [LogisticsDispatcher] Predicting delays...
[INFO] [LogisticsDispatcher] Generating 1 complaint emails...
[INFO] [LogisticsDispatcher] ­čôž Would send 1 complaint emails

[90mstdout[2m | test/logisticsDispatcherAgent.test.ts[2m > [22m[2mLogisticsDispatcherAgent[2m > [22m[2mDelay Prediction[2m > [22m[2mshould predict potential delays
[22m[39m[INFO] [LogisticsDispatcher] Ôťů Tracking complete: 1/3 delayed, 1 complaints
[STATUS] [LogisticsDispatcher] idle

[90mstdout[2m | test/logisticsDispatcherAgent.test.ts[2m > [22m[2mLogisticsDispatcherAgent[2m > [22m[2mError Handling[2m > [22m[2mshould handle invalid tracking number
[22m[39m[STATUS] [LogisticsDispatcher] working - Logistics: {"trackingNumber":"INVALID"}...
[INFO] [LogisticsDispatcher] Starting logistics tracking pipeline...
[INFO] [LogisticsDispatcher] Fetching shipment status...

[90mstdout[2m | test/logisticsDispatcherAgent.test.ts[2m > [22m[2mLogisticsDispatcherAgent[2m > [22m[2mError Handling[2m > [22m[2mshould handle invalid tracking number
[22m[39m[INFO] [LogisticsDispatcher] Predicting delays...
[INFO] [LogisticsDispatcher] Generating 1 complaint emails...
[INFO] [LogisticsDispatcher] ­čôž Would send 1 complaint emails

[90mstdout[2m | test/logisticsDispatcherAgent.test.ts[2m > [22m[2mLogisticsDispatcherAgent[2m > [22m[2mError Handling[2m > [22m[2mshould handle invalid tracking number
[22m[39m[INFO] [LogisticsDispatcher] Ôťů Tracking complete: 1/3 delayed, 1 complaints
[STATUS] [LogisticsDispatcher] idle

 [32mÔťô[39m test/logisticsDispatcherAgent.test.ts [2m([22m[2m10 tests[22m[2m)[22m[32m 13[2mms[22m[39m
 [32mÔťô[39m test/llmPlanner.test.ts [2m([22m[2m17 tests[22m[2m)[22m[32m 14[2mms[22m[39m
 [32mÔťô[39m test/coverage_analysis.test.ts [2m([22m[2m11 tests[22m[2m)[22m[32m 9[2mms[22m[39m
[90mstdout[2m | test/phase4_software_genesis.test.ts
[22m[39m[INFO] [AIGateway] Ôťů AI Gateway v3.0 initialized: CF Workers AI (@cf/meta/llama-3.1-8b-instruct)

[90mstdout[2m | test/phase4_software_genesis.test.ts
[22m[39m[INFO] [GlobalDb] Database opened: F:\mcp-brunella-core\data\brunella.db
[INFO] [GlobalDb] Schema initialized
[INFO] [StructuredMemory] Structured memory DB initialized

[90mstdout[2m | test/phase4_software_genesis.test.ts
[22m[39m[INFO] [EventBus] Singleton connected to F:\mcp-brunella-core\data\brunella.db

[90mstdout[2m | test/phase4_software_genesis.test.ts
[22m[39m[INFO] [SwarmManager] Colony created: Triad (triad-default)
[INFO] [System] Triad colony initialized: researcher, DataScientist, Developer

[90mstdout[2m | test/phase4_software_genesis.test.ts[2m > [22m[2mSoftware Genesis Phase 4 - End-to-End Flow[2m > [22m[2mUXDesignerAgent generates design spec from blueprint
[22m[39m[STATUS] [UXDesigner] working - generate design spec
[INFO] [UXDesigner] ­čÄĘ UX Design feladat: generate design spec...
[INFO] [UXDesigner] Ôťů Design spec gener├ílva: 6 component
[STATUS] [UXDesigner] idle

[90mstdout[2m | test/phase4_software_genesis.test.ts[2m > [22m[2mSoftware Genesis Phase 4 - End-to-End Flow[2m > [22m[2mUXDesignerAgent generates design spec from blueprint
[22m[39mÔťů UX Design: 6 components, dashboard layout

[90mstdout[2m | test/phase4_software_genesis.test.ts[2m > [22m[2mSoftware Genesis Phase 4 - End-to-End Flow[2m > [22m[2mUXDesignerAgent provides accessibility audit
[22m[39m[STATUS] [UXDesigner] working - accessibility audit
[INFO] [UXDesigner] ­čÄĘ UX Design feladat: accessibility audit...
[STATUS] [UXDesigner] idle

[90mstdout[2m | test/phase4_software_genesis.test.ts[2m > [22m[2mSoftware Genesis Phase 4 - End-to-End Flow[2m > [22m[2mUXDesignerAgent provides accessibility audit
[22m[39mÔÖ┐ A11y audit: 5 checks, WCAG AA

[90mstdout[2m | test/phase4_software_genesis.test.ts[2m > [22m[2mSoftware Genesis Phase 4 - End-to-End Flow[2m > [22m[2mDevOpsAgent generates .env template
[22m[39m[STATUS] [DevOps] working - generate environment template
[INFO] [DevOps] DevOps task: generate environment template
[INFO] [DevOps] Deploying "unnamed-project" to vercel (production)

[90mstdout[2m | test/phase4_software_genesis.test.ts[2m > [22m[2mSoftware Genesis Phase 4 - End-to-End Flow[2m > [22m[2mDevOpsAgent generates .env template
[22m[39m[INFO] [DevOps] Deployment config ready: 4 config files
[STATUS] [DevOps] idle

[90mstdout[2m | test/phase4_software_genesis.test.ts[2m > [22m[2mSoftware Genesis Phase 4 - End-to-End Flow[2m > [22m[2mDevOpsAgent generates .env template
[22m[39m­čöĹ Environment template generated

[90mstdout[2m | test/phase4_software_genesis.test.ts[2m > [22m[2mSoftware Genesis Phase 4 - End-to-End Flow[2m > [22m[2mDevOpsAgent generates deployment config for Vercel
[22m[39m[STATUS] [DevOps] working - deploy project: TaskMaster Pro platform: vercel
[INFO] [DevOps] DevOps task: deploy project: TaskMaster Pro platform: vercel
[INFO] [DevOps] Deploying "TaskMaster Pro" to vercel (production)

[90mstdout[2m | test/phase4_software_genesis.test.ts[2m > [22m[2mSoftware Genesis Phase 4 - End-to-End Flow[2m > [22m[2mDevOpsAgent generates deployment config for Vercel
[22m[39m[INFO] [DevOps] Deployment config ready: 4 config files
[STATUS] [DevOps] idle

[90mstdout[2m | test/phase4_software_genesis.test.ts[2m > [22m[2mSoftware Genesis Phase 4 - End-to-End Flow[2m > [22m[2mDevOpsAgent generates deployment config for Vercel
[22m[39m­čÜÇ Deployment config: 4 files

[90mstdout[2m | test/phase4_software_genesis.test.ts[2m > [22m[2mSoftware Genesis Phase 4 - End-to-End Flow[2m > [22m[2mEnd-to-End Genesis Flow: Blueprint Ôćĺ Design Ôćĺ DevOps Ôćĺ Release
[22m[39m[STATUS] [UXDesigner] working - generate design spec
[INFO] [UXDesigner] ­čÄĘ UX Design feladat: generate design spec...
[INFO] [UXDesigner] Ôťů Design spec gener├ílva: 5 component
[STATUS] [UXDesigner] idle

[90mstdout[2m | test/phase4_software_genesis.test.ts[2m > [22m[2mSoftware Genesis Phase 4 - End-to-End Flow[2m > [22m[2mEnd-to-End Genesis Flow: Blueprint Ôćĺ Design Ôćĺ DevOps Ôćĺ Release
[22m[39m[STATUS] [DevOps] working - deploy project: Genesis Test App platform: vercel
[INFO] [DevOps] DevOps task: deploy project: Genesis Test App platform: vercel
[INFO] [DevOps] Deploying "Genesis Test App" to vercel (production)

[90mstdout[2m | test/phase4_software_genesis.test.ts[2m > [22m[2mSoftware Genesis Phase 4 - End-to-End Flow[2m > [22m[2mEnd-to-End Genesis Flow: Blueprint Ôćĺ Design Ôćĺ DevOps Ôćĺ Release
[22m[39m[INFO] [DevOps] Deployment config ready: 4 config files
[STATUS] [DevOps] idle

[90mstdout[2m | test/phase4_software_genesis.test.ts[2m > [22m[2mSoftware Genesis Phase 4 - End-to-End Flow[2m > [22m[2mEnd-to-End Genesis Flow: Blueprint Ôćĺ Design Ôćĺ DevOps Ôćĺ Release
[22m[39m
Ôťů E2E Genesis Flow Complete:
  - Blueprint: Genesis Test App
  - Design: 5 components
  - Deployment: Vercel (4 config files)
    

[90mstdout[2m | test/phase4_software_genesis.test.ts[2m > [22m[2mSoftware Genesis Phase 4 - End-to-End Flow[2m > [22m[2mGenesisOrchestrator can orchestrate full workflow (mock)
[22m[39m[STATUS] [GenesisOrchestrator] working - Genesis orchestrating...
[INFO] [GenesisOrchestrator] ­čÜÇ Genesis ind├şt├ísa: undefined
[INFO] [GenesisOrchestrator]    ├ľsszesen undefined task v├ír v├ęgrehajt├ísra.

[90mstdout[2m | test/phase4_software_genesis.test.ts[2m > [22m[2mSoftware Genesis Phase 4 - End-to-End Flow[2m > [22m[2mGenesisOrchestrator can orchestrate full workflow (mock)
[22m[39m[STATUS] [GenesisOrchestrator] idle

stderr | test/phase4_software_genesis.test.ts > Software Genesis Phase 4 - End-to-End Flow > GenesisOrchestrator can orchestrate full workflow (mock)
[ERROR] [GenesisOrchestrator] queue is not iterable

[90mstdout[2m | test/phase4_software_genesis.test.ts[2m > [22m[2mSoftware Genesis Phase 4 - End-to-End Flow[2m > [22m[2mGenesisOrchestrator can orchestrate full workflow (mock)
[22m[39m­čÄş Orchestrator invoked (spec: Orchestrated App)

 [32mÔťô[39m test/phase4_software_genesis.test.ts [2m([22m[2m6 tests[22m[2m)[22m[32m 11[2mms[22m[39m
 [32mÔťô[39m test/EdgeProxyAgent.test.ts [2m([22m[2m2 tests[22m[2m)[22m[32m 6[2mms[22m[39m
[90mstdout[2m | test/golden-dataset-tools.vitest.ts[2m > [22m[2mtoolRunCapture[2m > [22m[2mwrapToolHandler ÔÇö success path[2m > [22m[2mshould call original handler and record a successful run
[22m[39m[INFO] [ToolRunCapture] my_tool completed in 0ms (success=true)

stderr | test/golden-dataset-tools.vitest.ts > toolRunCapture > wrapToolHandler ÔÇö failure path > should record a failed run and re-throw the error
[ERROR] [ToolRunCapture] bad_tool failed after 0ms: boom

 [32mÔťô[39m test/golden-dataset-tools.vitest.ts [2m([22m[2m12 tests[22m[2m)[22m[32m 11[2mms[22m[39m
 [32mÔťô[39m test/cloudflare_integration.test.ts [2m([22m[2m4 tests[22m[2m)[22m[32m 9[2mms[22m[39m
 [32mÔťô[39m test/paiosOrchestrator.test.ts [2m([22m[2m14 tests[22m[2m)[22m[32m 8[2mms[22m[39m
[90mstdout[2m | test/conflictMediatorAgent.test.ts[2m > [22m[2mConflictMediatorAgent[2m > [22m[2mConflict Detection[2m > [22m[2mshould detect conflicts in messages
[22m[39m[STATUS] [ConflictMediator] working - {"message":"This is completely unacceptable! You n
[INFO] [ConflictMediator] Feladat ind├şt├ísa: {"message":"This is completely unaccepta...
[STATUS] [ConflictMediator] idle

[90mstdout[2m | test/conflictMediatorAgent.test.ts[2m > [22m[2mConflictMediatorAgent[2m > [22m[2mConflict Detection[2m > [22m[2mshould not flag normal communication
[22m[39m[STATUS] [ConflictMediator] working - {"message":"Thanks for the update, looks good!","f
[INFO] [ConflictMediator] Feladat ind├şt├ísa: {"message":"Thanks for the update, looks...
[STATUS] [ConflictMediator] idle

[90mstdout[2m | test/conflictMediatorAgent.test.ts[2m > [22m[2mConflictMediatorAgent[2m > [22m[2mSentiment Analysis[2m > [22m[2mshould analyze negative sentiment
[22m[39m[STATUS] [ConflictMediator] working - {"message":"I am extremely frustrated with this si
[INFO] [ConflictMediator] Feladat ind├şt├ísa: {"message":"I am extremely frustrated wi...
[STATUS] [ConflictMediator] idle

[90mstdout[2m | test/conflictMediatorAgent.test.ts[2m > [22m[2mConflictMediatorAgent[2m > [22m[2mSentiment Analysis[2m > [22m[2mshould analyze positive sentiment
[22m[39m[STATUS] [ConflictMediator] working - {"message":"Great work everyone! This is amazing p
[INFO] [ConflictMediator] Feladat ind├şt├ísa: {"message":"Great work everyone! This is...
[STATUS] [ConflictMediator] idle

[90mstdout[2m | test/conflictMediatorAgent.test.ts[2m > [22m[2mConflictMediatorAgent[2m > [22m[2mResolution Suggestions[2m > [22m[2mshould suggest conflict resolution steps
[22m[39m[STATUS] [ConflictMediator] working - {"conflictType":"deadline_dispute","parties":["Tea
[INFO] [ConflictMediator] Feladat ind├şt├ísa: {"conflictType":"deadline_dispute","part...
[STATUS] [ConflictMediator] idle

[90mstdout[2m | test/conflictMediatorAgent.test.ts[2m > [22m[2mConflictMediatorAgent[2m > [22m[2mHR Notification[2m > [22m[2mshould notify HR for severe conflicts
[22m[39m[STATUS] [ConflictMediator] working - {"conflictSeverity":"high","message":"Serious work
[INFO] [ConflictMediator] Feladat ind├şt├ísa: {"conflictSeverity":"high","message":"Se...
[STATUS] [ConflictMediator] idle

[90mstdout[2m | test/conflictMediatorAgent.test.ts[2m > [22m[2mConflictMediatorAgent[2m > [22m[2mHR Notification[2m > [22m[2mshould not notify HR for minor issues
[22m[39m[STATUS] [ConflictMediator] working - {"conflictSeverity":"low","message":"Minor schedul
[INFO] [ConflictMediator] Feladat ind├şt├ísa: {"conflictSeverity":"low","message":"Min...
[STATUS] [ConflictMediator] idle

[90mstdout[2m | test/conflictMediatorAgent.test.ts[2m > [22m[2mConflictMediatorAgent[2m > [22m[2mError Handling[2m > [22m[2mshould handle empty messages
[22m[39m[STATUS] [ConflictMediator] working - {"message":""}
[INFO] [ConflictMediator] Feladat ind├şt├ísa: {"message":""}...
[INFO] [ConflictMediator] Kommunik├íci├│ hangulatelemz├ęse...
[INFO] [ConflictMediator] Szervezeti hangulat: 6%

[90mstdout[2m | test/conflictMediatorAgent.test.ts[2m > [22m[2mConflictMediatorAgent[2m > [22m[2mError Handling[2m > [22m[2mshould handle empty messages
[22m[39m[STATUS] [ConflictMediator] idle

 [32mÔťô[39m test/conflictMediatorAgent.test.ts [2m([22m[2m10 tests[22m[2m)[22m[32m 10[2mms[22m[39m
 [32mÔťô[39m test/phase6-integration.test.ts [2m([22m[2m19 tests[22m[2m)[22m[32m 9[2mms[22m[39m
 [32mÔťô[39m test/agentStateMachine.test.ts [2m([22m[2m8 tests[22m[2m)[22m[32m 9[2mms[22m[39m
 [32mÔťô[39m test/code_scaffold.test.ts [2m([22m[2m9 tests[22m[2m)[22m[32m 9[2mms[22m[39m
 [32mÔťô[39m test/skills_loader.test.ts [2m([22m[2m3 tests[22m[2m)[22m[32m 12[2mms[22m[39m
 [32mÔťô[39m test/cli_config.test.ts [2m([22m[2m8 tests[22m[2m)[22m[32m 12[2mms[22m[39m
 [32mÔťô[39m test/context_builder.test.ts [2m([22m[2m17 tests[22m[2m)[22m[32m 12[2mms[22m[39m
 [32mÔťô[39m test/swarm_coordinator.test.ts [2m([22m[2m14 tests[22m[2m)[22m[32m 8[2mms[22m[39m
 [32mÔťô[39m test/dev_commands.test.ts [2m([22m[2m4 tests[22m[2m)[22m[32m 7[2mms[22m[39m
 [32mÔťô[39m test/registryValidation.test.ts [2m([22m[2m2 tests[22m[2m)[22m[32m 9[2mms[22m[39m
stderr | test/guardrails/redaction.test.ts > safeRedactAgentOutput() > returns redacted object for valid input
[WARN] [Redactor] [TestAgent] PII/secret tal├ílat redakt├ílva: email(1)

 [32mÔťô[39m test/guardrails/redaction.test.ts [2m([22m[2m14 tests[22m[2m)[22m[32m 8[2mms[22m[39m
[90mstdout[2m | test/robotkez-pro/bridge.test.ts[2m > [22m[2mRobotkezBridge[2m > [22m[2mshould handle generic messages
[22m[39m[INFO] [RobotkezBridge] Received message: Hello robot!

[90mstdout[2m | test/robotkez-pro/bridge.test.ts[2m > [22m[2mRobotkezBridge[2m > [22m[2mshould handle navigation command and call python API
[22m[39m[INFO] [RobotkezBridge] Received message: menj a google oldalra

[90mstdout[2m | test/robotkez-pro/bridge.test.ts[2m > [22m[2mRobotkezBridge[2m > [22m[2mshould handle fetch errors gracefully
[22m[39m[INFO] [RobotkezBridge] Received message: menj a google oldalra

stderr | test/robotkez-pro/bridge.test.ts > RobotkezBridge > should handle fetch errors gracefully
[ERROR] [RobotkezBridge] Action failed: API error: 500 Internal Server Error

 [32mÔťô[39m test/robotkez-pro/bridge.test.ts [2m([22m[2m3 tests[22m[2m)[22m[32m 7[2mms[22m[39m
 [32mÔťô[39m test/phase43-e2e.test.ts [2m([22m[2m21 tests[22m[2m)[22m[32m 7[2mms[22m[39m
 [32mÔťô[39m test/swarm/colonyPersistence.test.ts [2m([22m[2m10 tests[22m[2m)[22m[32m 9[2mms[22m[39m
 [32mÔťô[39m test/monitor.test.ts [2m([22m[2m1 test[22m[2m)[22m[32m 7[2mms[22m[39m
[90mstdout[2m | test/swarm/dynamicResizer.test.ts[2m > [22m[2mDynamic Resizer[2m > [22m[2mcheckAgentHealth[2m > [22m[2mdetects timed-out agent and recommends respawn
[22m[39m[INFO] [DynamicResizer] Respawning agent a1 (attempt 1)

stderr | test/swarm/dynamicResizer.test.ts > Dynamic Resizer > checkAgentHealth > excludes agent after max respawn attempts
[WARN] [DynamicResizer] Agent a1 excluded after 3 respawn attempts

[90mstdout[2m | test/swarm/dynamicResizer.test.ts[2m > [22m[2mDynamic Resizer[2m > [22m[2mgetResizeSummary[2m > [22m[2mreports unhealthy agents
[22m[39m[INFO] [DynamicResizer] Respawning agent agent-0 (attempt 2)

 [32mÔťô[39m test/swarm/dynamicResizer.test.ts [2m([22m[2m11 tests[22m[2m)[22m[32m 11[2mms[22m[39m
 [32mÔťô[39m test/checkpoint.test.ts [2m([22m[2m7 tests[22m[2m)[22m[32m 8[2mms[22m[39m
[90mstdout[2m | test/socketService.test.ts
[22m[39m[INFO] [EventBus] Singleton connected to F:\mcp-brunella-core\data\brunella.db

 [32mÔťô[39m test/socketService.test.ts [2m([22m[2m5 tests[22m[2m)[22m[32m 6[2mms[22m[39m
 [32mÔťô[39m test/activity_feed.test.ts [2m([22m[2m5 tests[22m[2m)[22m[32m 7[2mms[22m[39m
 [32mÔťô[39m test/DeveloperAgent.test.ts [2m([22m[2m5 tests[22m[2m)[22m[32m 6[2mms[22m[39m
 [32mÔťô[39m test/grant_outreach.test.ts [2m([22m[2m2 tests[22m[2m)[22m[32m 11[2mms[22m[39m
[90mstdout[2m | test/enterpriseOrchestratorAgent.test.ts
[22m[39m[INFO] [EventBus] Singleton connected to F:\mcp-brunella-core\data\brunella.db

[90mstdout[2m | test/enterpriseOrchestratorAgent.test.ts
[22m[39m[INFO] [SwarmManager] Colony created: Triad (triad-default)
[INFO] [System] Triad colony initialized: researcher, DataScientist, Developer

[90mstdout[2m | test/enterpriseOrchestratorAgent.test.ts
[22m[39m[INFO] [AIGateway] Ôťů AI Gateway v3.0 initialized: CF Workers AI (@cf/meta/llama-3.1-8b-instruct)

[90mstdout[2m | test/enterpriseOrchestratorAgent.test.ts
[22m[39m[INFO] [BifrostGateway] Enabled providers: ollama, gemini, github, anthropic, cloudflare
[INFO] [BifrostGateway] Initialized with 5 provider adapters (Ollama, Gemini, GitHub, Anthropic, Cloudflare)

 [32mÔťô[39m test/enterpriseOrchestratorAgent.test.ts [2m([22m[2m10 tests[22m[2m)[22m[32m 7[2mms[22m[39m
[90mstdout[2m | test/deploymentAnalyzer.test.ts[2m > [22m[2mDeploymentAnalyzer[2m > [22m[2mshould detect TypeScript build errors
[22m[39m[INFO] [DeploymentAnalyzer] Analyzing workflow logs
[INFO] [DeploymentAnalyzer] Detected build error with 90% confidence

[90mstdout[2m | test/deploymentAnalyzer.test.ts[2m > [22m[2mDeploymentAnalyzer[2m > [22m[2mshould detect syntax errors
[22m[39m[INFO] [DeploymentAnalyzer] Analyzing workflow logs
[INFO] [DeploymentAnalyzer] Detected build error with 90% confidence

[90mstdout[2m | test/deploymentAnalyzer.test.ts[2m > [22m[2mDeploymentAnalyzer[2m > [22m[2mshould detect test failures
[22m[39m[INFO] [DeploymentAnalyzer] Analyzing workflow logs
[INFO] [DeploymentAnalyzer] Detected test error with 80% confidence

 [32mÔťô[39m test/deploymentAnalyzer.test.ts [2m([22m[2m4 tests[22m[2m)[22m[32m 6[2mms[22m[39m
 [32mÔťô[39m test/mcp/toolComposition.test.ts [2m([22m[2m7 tests[22m[2m)[22m[32m 7[2mms[22m[39m
 [32mÔťô[39m test/robotkez_v2_integration.test.ts [2m([22m[2m3 tests[22m[2m)[22m[32m 7[2mms[22m[39m
[90mstdout[2m | test/phase42-costopt.test.ts[2m > [22m[2mPhase 4.2 - Cost Optimization[2m > [22m[2mSummary Report[2m > [22m[2mshould print cost optimization summary
[22m[39m
­čôŐ PHASE 4.2 COST OPTIMIZATION SUMMARY:
ÔöťÔöÇ Baseline: $0.001000 per 100 pipelines
ÔöťÔöÇ Optimized: $0.000750 per 100 pipelines
ÔöťÔöÇ Total Savings: 25%
ÔöťÔöÇ Monthly Impact: $0.75 (3000 tests)
ÔööÔöÇ Status: Ôťů Phase 4.2 Complete

 [32mÔťô[39m test/phase42-costopt.test.ts [2m([22m[2m28 tests[22m[2m)[22m[32m 6[2mms[22m[39m
[90mstdout[2m | test/swarmManager.test.ts
[22m[39m[INFO] [EventBus] Singleton connected to F:\mcp-brunella-core\data\brunella.db

[90mstdout[2m | test/swarmManager.test.ts
[22m[39m[INFO] [SwarmManager] Colony created: Triad (triad-default)
[INFO] [System] Triad colony initialized: researcher, DataScientist, Developer

[90mstdout[2m | test/swarmManager.test.ts[2m > [22m[2mSwarmManager[2m > [22m[2mpauseAllColonies sets all active colonies to paused
[22m[39m[INFO] [SwarmManager] Colony created: Alpha (c1)
[INFO] [SwarmManager] Colony created: Beta (c2)
[INFO] [SwarmManager] Colony c1 paused
[INFO] [SwarmManager] Colony c2 paused

[90mstdout[2m | test/swarmManager.test.ts[2m > [22m[2mSwarmManager[2m > [22m[2mresumeAllColonies restores paused colonies to active
[22m[39m[INFO] [SwarmManager] Colony created: Alpha (c1)
[INFO] [SwarmManager] Colony c1 resumed

[90mstdout[2m | test/swarmManager.test.ts[2m > [22m[2mSwarmManager[2m > [22m[2mdissolved colony is not affected by pause/resume
[22m[39m[INFO] [SwarmManager] Colony created: Alpha (c1)

 [32mÔťô[39m test/swarmManager.test.ts [2m([22m[2m5 tests[22m[2m)[22m[32m 5[2mms[22m[39m
[90mstdout[2m | test/cloudflareBrowser.test.ts[2m > [22m[2mCloudflareBrowser adapter[2m > [22m[2mshould send command and cache screenshot
[22m[39m[INFO] [CloudflareBrowser] Sending command to CF Browser API: screenshot

[90mstdout[2m | test/cloudflareBrowser.test.ts[2m > [22m[2mCloudflareBrowser adapter[2m > [22m[2mshould return error status when worker request fails
[22m[39m[INFO] [CloudflareBrowser] Sending command to CF Browser API: navigate

stderr | test/cloudflareBrowser.test.ts > CloudflareBrowser adapter > should return error status when worker request fails
[ERROR] [CloudflareBrowser] Command failed: boom

 [32mÔťô[39m test/cloudflareBrowser.test.ts [2m([22m[2m4 tests[22m[2m)[22m[32m 7[2mms[22m[39m
[90mstdout[2m | test/chromeDevToolsAgent.test.ts[2m > [22m[2mChromeDevToolsAgent[2m > [22m[2mshould return error when URL is missing
[22m[39m[STATUS] [ChromeDevTools] working - Debug the page
[STATUS] [ChromeDevTools] idle

 [32mÔťô[39m test/chromeDevToolsAgent.test.ts [2m([22m[2m16 tests[22m[2m | [22m[33m8 skipped[39m[2m)[22m[32m 6[2mms[22m[39m
[90mstdout[2m | test/FinanceGuardian_Sheets.test.ts
[22m[39m[INFO] [AIGateway] Ôťů AI Gateway v3.0 initialized: CF Workers AI (@cf/meta/llama-3.1-8b-instruct)

[90mstdout[2m | test/FinanceGuardian_Sheets.test.ts
[22m[39m[INFO] [GlobalDb] Database opened: F:\mcp-brunella-core\data\brunella.db
[INFO] [GlobalDb] Schema initialized
[INFO] [StructuredMemory] Structured memory DB initialized

[90mstdout[2m | test/FinanceGuardian_Sheets.test.ts[2m > [22m[2mFinanceGuardian - Google Sheets Export[2m > [22m[2mshould successfully export invoice data to Google Sheets
[22m[39m[INFO] [FinanceGuardian] Invoice INV-002 exported to Google Sheet.

 [32mÔťô[39m test/FinanceGuardian_Sheets.test.ts [2m([22m[2m2 tests[22m[2m)[22m[32m 6[2mms[22m[39m
 [32mÔťô[39m test/pythonBridge.test.ts [2m([22m[2m12 tests[22m[2m)[22m[32m 8[2mms[22m[39m
[90mstdout[2m | test/browserCopilotSessionService.test.ts
[22m[39m[INFO] [AIGateway] Ôťů AI Gateway v3.0 initialized: CF Workers AI (@cf/meta/llama-3.1-8b-instruct)

[90mstdout[2m | test/browserCopilotSessionService.test.ts
[22m[39m[INFO] [GlobalDb] Database opened: F:\mcp-brunella-core\data\brunella.db
[INFO] [GlobalDb] Schema initialized
[INFO] [StructuredMemory] Structured memory DB initialized

[90mstdout[2m | test/browserCopilotSessionService.test.ts
[22m[39m[INFO] [EventBus] Singleton connected to F:\mcp-brunella-core\data\brunella.db

 [32mÔťô[39m test/browserCopilotSessionService.test.ts [2m([22m[2m3 tests[22m[2m)[22m[32m 8[2mms[22m[39m
[90mstdout[2m | test/FinanceGuardian_Gmail.test.ts
[22m[39m[INFO] [AIGateway] Ôťů AI Gateway v3.0 initialized: CF Workers AI (@cf/meta/llama-3.1-8b-instruct)

[90mstdout[2m | test/FinanceGuardian_Gmail.test.ts
[22m[39m[INFO] [GlobalDb] Database opened: F:\mcp-brunella-core\data\brunella.db
[INFO] [GlobalDb] Schema initialized
[INFO] [StructuredMemory] Structured memory DB initialized

[90mstdout[2m | test/FinanceGuardian_Gmail.test.ts[2m > [22m[2mFinanceGuardian - Gmail PDF Download[2m > [22m[2mshould successfully search and download PDF invoices from Gmail
[22m[39m[INFO] [FinanceGuardian] Searching Gmail for invoices with query: "from:billing@company.com"

[90mstdout[2m | test/FinanceGuardian_Gmail.test.ts[2m > [22m[2mFinanceGuardian - Gmail PDF Download[2m > [22m[2mshould successfully search and download PDF invoices from Gmail
[22m[39m[INFO] [FinanceGuardian] Downloaded invoice: invoice.pdf to F:\mcp-brunella-core\_br_temp\invoices\msg123_invoice.pdf

[90mstdout[2m | test/FinanceGuardian_Gmail.test.ts[2m > [22m[2mFinanceGuardian - Gmail PDF Download[2m > [22m[2mshould handle no results from Gmail
[22m[39m[INFO] [FinanceGuardian] Searching Gmail for invoices with query: "has:attachment filename:pdf "sz├ímla" OR "invoice""

 [32mÔťô[39m test/FinanceGuardian_Gmail.test.ts [2m([22m[2m2 tests[22m[2m)[22m[32m 6[2mms[22m[39m
 [32mÔťô[39m test/input_sanitization.test.ts [2m([22m[2m15 tests[22m[2m)[22m[32m 6[2mms[22m[39m
 [32mÔťô[39m test/trackTodoParser.test.ts [2m([22m[2m14 tests[22m[2m)[22m[32m 8[2mms[22m[39m
[90mstdout[2m | test/FinanceGuardian_Duplicates.test.ts
[22m[39m[INFO] [AIGateway] Ôťů AI Gateway v3.0 initialized: CF Workers AI (@cf/meta/llama-3.1-8b-instruct)

[90mstdout[2m | test/FinanceGuardian_Duplicates.test.ts
[22m[39m[INFO] [GlobalDb] Database opened: F:\mcp-brunella-core\data\brunella.db
[INFO] [GlobalDb] Schema initialized
[INFO] [StructuredMemory] Structured memory DB initialized

[90mstdout[2m | test/FinanceGuardian_Duplicates.test.ts[2m > [22m[2mFinanceGuardian - Invoice Processing & Duplicate Detection[2m > [22m[2mshould detect and skip a duplicate invoice
[22m[39m[INFO] [FinanceGuardian] Duplicate invoice ignored: INV-001

 [32mÔťô[39m test/FinanceGuardian_Duplicates.test.ts [2m([22m[2m2 tests[22m[2m)[22m[32m 5[2mms[22m[39m
[90mstdout[2m | test/eventBus.test.ts
[22m[39m[INFO] [EventBus] Singleton connected to F:\mcp-brunella-core\data\brunella.db

 [32mÔťô[39m test/eventBus.test.ts [2m([22m[2m3 tests[22m[2m)[22m[32m 5[2mms[22m[39m
[90mstdout[2m | test/innovation_bridge_swarm.test.ts
[22m[39m[INFO] [GlobalDb] Database opened: F:\mcp-brunella-core\data\brunella.db
[INFO] [GlobalDb] Schema initialized
[INFO] [StructuredMemory] Structured memory DB initialized

[90mstdout[2m | test/innovation_bridge_swarm.test.ts[2m > [22m[2mInnovationBridgeAgent - Swarm Orchestration[2m > [22m[2mshould launch parallel research tasks for each principle
[22m[39m[INFO] [InnovationBridge] Starting innovation process for: Improve cooling efficiency.

 [32mÔťô[39m test/innovation_bridge_swarm.test.ts [2m([22m[2m1 test[22m[2m)[22m[32m 6[2mms[22m[39m
 [32mÔťô[39m test/dagSort.test.ts [2m([22m[2m8 tests[22m[2m)[22m[32m 8[2mms[22m[39m
[90mstdout[2m | test/innovation_bridge_persistence.test.ts
[22m[39m[INFO] [GlobalDb] Database opened: F:\mcp-brunella-core\data\brunella.db
[INFO] [GlobalDb] Schema initialized
[INFO] [StructuredMemory] Structured memory DB initialized

[90mstdout[2m | test/innovation_bridge_persistence.test.ts[2m > [22m[2mInnovationBridgeAgent - Persistence[2m > [22m[2mshould return analogy from memory if confidence is high
[22m[39m[INFO] [InnovationBridge] Starting innovation process for: Known problem

[90mstdout[2m | test/innovation_bridge_persistence.test.ts[2m > [22m[2mInnovationBridgeAgent - Persistence[2m > [22m[2mshould store new results to memory
[22m[39m[INFO] [InnovationBridge] Starting innovation process for: New problem

 [32mÔťô[39m test/innovation_bridge_persistence.test.ts [2m([22m[2m2 tests[22m[2m)[22m[32m 9[2mms[22m[39m
stderr | test/notificationService.test.ts > NotificationService > returns false when SMTP config missing
[WARN] [NotificationService] SMTP config missing, skipping email

[90mstdout[2m | test/notificationService.test.ts[2m > [22m[2mNotificationService[2m > [22m[2msends email when SMTP config present
[22m[39m[INFO] [NotificationService] Critical TODO email sent to to@test.dev

 [32mÔťô[39m test/notificationService.test.ts [2m([22m[2m2 tests[22m[2m)[22m[32m 5[2mms[22m[39m
 [32mÔťô[39m test/orchestratorChain.test.ts [2m([22m[2m4 tests[22m[2m)[22m[32m 5[2mms[22m[39m
 [32mÔťô[39m test/structured_output.test.ts [2m([22m[2m5 tests[22m[2m)[22m[32m 7[2mms[22m[39m
 [32mÔťô[39m test/swarm/votingProtocol.test.ts [2m([22m[2m8 tests[22m[2m)[22m[32m 6[2mms[22m[39m
 [32mÔťô[39m test/agents/permissions_audit.test.ts [2m([22m[2m2 tests[22m[2m)[22m[32m 4[2mms[22m[39m
 [32mÔťô[39m test/triz_data.test.ts [2m([22m[2m4 tests[22m[2m)[22m[32m 7[2mms[22m[39m
[90mstdout[2m | test/codebaseIndexer.test.ts
[22m[39m[INFO] [AIGateway] Ôťů AI Gateway v3.0 initialized: CF Workers AI (@cf/meta/llama-3.1-8b-instruct)

 [32mÔťô[39m test/codebaseIndexer.test.ts [2m([22m[2m8 tests[22m[2m)[22m[32m 5[2mms[22m[39m
[90mstdout[2m | test/agents/MachineHunter.test.ts
[22m[39m[INFO] [AIGateway] Ôťů AI Gateway v3.0 initialized: CF Workers AI (@cf/meta/llama-3.1-8b-instruct)

[90mstdout[2m | test/agents/MachineHunter.test.ts
[22m[39m[INFO] [GlobalDb] Database opened: F:\mcp-brunella-core\data\brunella.db
[INFO] [GlobalDb] Schema initialized
[INFO] [StructuredMemory] Structured memory DB initialized

[90mstdout[2m | test/agents/MachineHunter.test.ts
[22m[39m[INFO] [EventBus] Singleton connected to F:\mcp-brunella-core\data\brunella.db

[90mstdout[2m | test/agents/MachineHunter.test.ts
[22m[39m[INFO] [SwarmManager] Colony created: Triad (triad-default)
[INFO] [System] Triad colony initialized: researcher, DataScientist, Developer

[90mstdout[2m | test/agents/MachineHunter.test.ts[2m > [22m[2mMarketIntelAgent - Machine Hunter[2m > [22m[2mshould successfully execute a full machine hunt with outreach
[22m[39m[STATUS] [MarketIntel] working - Piaci h├şrszerz├ęs: machine hunt...
[INFO] [MarketIntel] ­čÜÇ Starting Machine Hunt for: CNC machine
[INFO] [MarketIntel] Scraping machines for: CNC machine...

[90mstdout[2m | test/agents/MachineHunter.test.ts[2m > [22m[2mMarketIntelAgent - Machine Hunter[2m > [22m[2mshould successfully execute a full machine hunt with outreach
[22m[39m[INFO] [MarketIntel] Valuing: CNC Pro 3000

[90mstdout[2m | test/agents/MachineHunter.test.ts[2m > [22m[2mMarketIntelAgent - Machine Hunter[2m > [22m[2mshould successfully execute a full machine hunt with outreach
[22m[39m[INFO] [MarketIntel] ­čöą High potential found! Triggering outreach for: CNC Pro 3000
[INFO] [MarketIntel] Generating outreach for: CNC Pro 3000

[90mstdout[2m | test/agents/MachineHunter.test.ts[2m > [22m[2mMarketIntelAgent - Machine Hunter[2m > [22m[2mshould skip outreach if potential is low
[22m[39m[STATUS] [MarketIntel] working - Piaci h├şrszerz├ęs: machine hunt...
[INFO] [MarketIntel] ­čÜÇ Starting Machine Hunt for: machine hunt
[INFO] [MarketIntel] Scraping machines for: machine hunt...

[90mstdout[2m | test/agents/MachineHunter.test.ts[2m > [22m[2mMarketIntelAgent - Machine Hunter[2m > [22m[2mshould skip outreach if potential is low
[22m[39m[INFO] [MarketIntel] Valuing: Old Lathe

 [32mÔťô[39m test/agents/MachineHunter.test.ts [2m([22m[2m2 tests[22m[2m)[22m[32m 6[2mms[22m[39m
 [32mÔťô[39m test/taskDecomposerCore.test.ts [2m([22m[2m4 tests[22m[2m)[22m[32m 4[2mms[22m[39m
 [32mÔťô[39m test/guardrails/confidenceScoring.test.ts [2m([22m[2m6 tests[22m[2m)[22m[32m 4[2mms[22m[39m
 [32mÔťô[39m test/telemetry.test.ts [2m([22m[2m1 test[22m[2m)[22m[32m 4[2mms[22m[39m
 [32mÔťô[39m test/observability/telemetry.test.ts [2m([22m[2m5 tests[22m[2m)[22m[32m 6[2mms[22m[39m
[90mstdout[2m | test/CampaignGeneratorAgent.test.ts
[22m[39m[INFO] [AIGateway] Ôťů AI Gateway v3.0 initialized: CF Workers AI (@cf/meta/llama-3.1-8b-instruct)

[90mstdout[2m | test/CampaignGeneratorAgent.test.ts
[22m[39m[INFO] [GlobalDb] Database opened: F:\mcp-brunella-core\data\brunella.db
[INFO] [GlobalDb] Schema initialized
[INFO] [StructuredMemory] Structured memory DB initialized

[90mstdout[2m | test/CampaignGeneratorAgent.test.ts[2m > [22m[2mCampaignGeneratorAgent[2m > [22m[2mshould orchestrate a full campaign generation
[22m[39m[INFO] [CampaignGenerator] Kamp├íny gener├íl├ísa indult: Cserszegtomaj AI turizmus

[90mstdout[2m | test/CampaignGeneratorAgent.test.ts[2m > [22m[2mCampaignGeneratorAgent[2m > [22m[2mshould orchestrate a full campaign generation
[22m[39m[INFO] [CampaignGenerator] Lead gener├íl├ís k├ęsz: 1 lead.

[90mstdout[2m | test/CampaignGeneratorAgent.test.ts[2m > [22m[2mCampaignGeneratorAgent[2m > [22m[2mshould orchestrate a full campaign generation
[22m[39m[INFO] [CampaignGenerator] Social media posztok elk├ęsz├╝ltek.

[90mstdout[2m | test/CampaignGeneratorAgent.test.ts[2m > [22m[2mCampaignGeneratorAgent[2m > [22m[2mshould orchestrate a full campaign generation
[22m[39m[INFO] [CampaignGenerator] Landing oldal terv elk├ęsz├╝lt.

[90mstdout[2m | test/CampaignGeneratorAgent.test.ts[2m > [22m[2mCampaignGeneratorAgent[2m > [22m[2mshould handle failures in sub-agents
[22m[39m[INFO] [CampaignGenerator] Kamp├íny gener├íl├ísa indult: Fail

stderr | test/CampaignGeneratorAgent.test.ts > CampaignGeneratorAgent > should handle failures in sub-agents
[ERROR] [CampaignGenerator] Kamp├íny gener├íl├ís hiba: Lead gener├íl├ís sikertelen.

 [32mÔťô[39m test/CampaignGeneratorAgent.test.ts [2m([22m[2m2 tests[22m[2m)[22m[32m 5[2mms[22m[39m
 [32mÔťô[39m test/agentLoader.test.ts [2m([22m[2m4 tests[22m[2m)[22m[32m 4[2mms[22m[39m
 [32mÔťô[39m test/dashboard_chat_lib.test.ts [2m([22m[2m4 tests[22m[2m)[22m[32m 4[2mms[22m[39m
[90mstdout[2m | test/ironCladBackend.test.ts[2m > [22m[2mIron Clad Backend - Integration Tests
[22m[39m[SKIP] Iron Clad integration tests disabled. Enable with: RUN_IRONCLAD_INTEGRATION=1 npm test

 [32mÔťô[39m test/ironCladBackend.test.ts [2m([22m[2m11 tests[22m[2m)[22m[32m 4[2mms[22m[39m
 [32mÔťô[39m test/agentRouting.test.ts [2m([22m[2m2 tests[22m[2m)[22m[32m 3[2mms[22m[39m
 [32mÔťô[39m test/ev_hunter_research.test.ts [2m([22m[2m4 tests[22m[2m)[22m[32m 5[2mms[22m[39m
 [32mÔťô[39m test/swagger_spec.test.ts [2m([22m[2m2 tests[22m[2m)[22m[32m 2[2mms[22m[39m
 [32mÔťô[39m test/hooks.test.ts [2m([22m[2m7 tests[22m[2m)[22m[32m 4[2mms[22m[39m
 [32mÔťô[39m test/agent_template.test.ts [2m([22m[2m1 test[22m[2m)[22m[32m 3[2mms[22m[39m
[90mstdout[2m | test/agents/LeadMiningAgent.test.ts
[22m[39m[INFO] [AIGateway] Ôťů AI Gateway v3.0 initialized: CF Workers AI (@cf/meta/llama-3.1-8b-instruct)

[90mstdout[2m | test/agents/LeadMiningAgent.test.ts
[22m[39m[INFO] [GlobalDb] Database opened: F:\mcp-brunella-core\data\brunella.db
[INFO] [GlobalDb] Schema initialized
[INFO] [StructuredMemory] Structured memory DB initialized

 [32mÔťô[39m test/agents/LeadMiningAgent.test.ts [2m([22m[2m1 test[22m[2m)[22m[32m 3[2mms[22m[39m
 [2m[90mÔćô[39m[22m test/n8n_automation.test.ts [2m([22m[2m2 tests[22m[2m | [22m[33m2 skipped[39m[2m)[22m

ÔÄ»ÔÄ»ÔÄ»ÔÄ»ÔÄ»ÔÄ»ÔÄ» Failed Tests 2 ÔÄ»ÔÄ»ÔÄ»ÔÄ»ÔÄ»ÔÄ»ÔÄ»

 FAIL  test/cli-e2e.vitest.ts > CLI E2E ÔÇö ├ërv├ęnytelen Input > ismeretlen parancs non-zero exit code-dal t├ęr vissza
Error: Test timed out in 15000ms.
If this is a long-running test, pass a timeout value as the last argument or configure it globally with "testTimeout".
 ÔŁ» test/cli-e2e.vitest.ts:247:3
    245| 
    246| describe('CLI E2E ÔÇö ├ërv├ęnytelen Input', () => {
    247|   it('ismeretlen parancs non-zero exit code-dal t├ęr vissza', async () ÔÇŽ
       |   ^
    248|     const { exitCode } = await runCli(['xyz-ismeretlen-parancs-123']);
    249|     expect(exitCode).not.toBe(0);

ÔÄ»ÔÄ»ÔÄ»ÔÄ»ÔÄ»ÔÄ»ÔÄ»ÔÄ»ÔÄ»ÔÄ»ÔÄ»ÔÄ»ÔÄ»ÔÄ»ÔÄ»ÔÄ»ÔÄ»ÔÄ»ÔÄ»ÔÄ»ÔÄ»ÔÄ»ÔÄ»ÔÄ»[1/2]ÔÄ»

 FAIL  test/cli-e2e.vitest.ts > CLI E2E ÔÇö ├ërv├ęnytelen Input > ismeretlen parancs tartalmaz hiba├╝zenetet
Error: Test timed out in 15000ms.
If this is a long-running test, pass a timeout value as the last argument or configure it globally with "testTimeout".
 ÔŁ» test/cli-e2e.vitest.ts:252:3
    250|   });
    251| 
    252|   it('ismeretlen parancs tartalmaz hiba├╝zenetet', async () => {
       |   ^
    253|     const { stdout, stderr } = await runCli(['xyz-ismeretlen-parancs-1ÔÇŽ
    254|     const output = stdout + stderr;

ÔÄ»ÔÄ»ÔÄ»ÔÄ»ÔÄ»ÔÄ»ÔÄ»ÔÄ»ÔÄ»ÔÄ»ÔÄ»ÔÄ»ÔÄ»ÔÄ»ÔÄ»ÔÄ»ÔÄ»ÔÄ»ÔÄ»ÔÄ»ÔÄ»ÔÄ»ÔÄ»ÔÄ»[2/2]ÔÄ»


[2m Test Files [22m [1m[31m1 failed[39m[22m[2m | [22m[1m[32m193 passed[39m[22m[2m | [22m[33m1 skipped[39m[90m (195)[39m
[2m      Tests [22m [1m[31m2 failed[39m[22m[2m | [22m[1m[32m2054 passed[39m[22m[2m | [22m[33m43 skipped[39m[90m (2099)[39m
[2m   Start at [22m 07:43:41
[2m   Duration [22m 492.88s[2m (transform 5.42s, setup 2.23s, collect 56.76s, tests 368.70s, environment 39ms, prepare 27.80s)[22m

